2025-11-28 17:54:20+0700: Running with following config:
allowResignation = true
lagBuffer = 0.0
logAllGTPCommunication = true
logDir = gtp_logs
logSearchInfo = true
logSearchInfoForChosenMove = false
logToStderr = false
maxPlayouts = 500
maxPlayoutsPondering = 3000
maxTime = 0.5
maxTimePondering = 60.0
maxVisits = 300
maxVisitsPondering = 5000
numSearchThreads = 16
ponderingEnabled = false
resignConsecTurns = 3
resignThreshold = -0.90
rules = tromp-taylor
searchFactorAfterOnePass = 0.50
searchFactorAfterTwoPass = 0.25
searchFactorWhenWinning = 0.40
searchFactorWhenWinningThreshold = 0.95

2025-11-28 17:54:20+0700: GTP Engine starting...
2025-11-28 17:54:20+0700: KataGo v1.14.0
2025-11-28 17:54:20+0700: Using TrompTaylor rules initially, unless GTP/GUI overrides this
2025-11-28 17:54:20+0700: Using 16 CPU thread(s) for search
2025-11-28 17:54:20+0700: nnRandSeed0 = 5026440236379471078
2025-11-28 17:54:20+0700: After dedups: nnModelFile0 = model.gz useFP16 auto useNHWC auto
2025-11-28 17:54:20+0700: Initializing neural net buffer to be size 19 * 19 exactly
2025-11-28 17:54:20+0700: Eigen (CPU) backend thread 1: Model version 8
2025-11-28 17:54:20+0700: Eigen (CPU) backend thread 1: Model name: b6c96-s1995008-d1329786
2025-11-28 17:54:20+0700: Eigen (CPU) backend thread 2: Model version 8
2025-11-28 17:54:20+0700: Eigen (CPU) backend thread 2: Model name: b6c96-s1995008-d1329786
2025-11-28 17:54:20+0700: Eigen (CPU) backend thread 3: Model version 8
2025-11-28 17:54:20+0700: Eigen (CPU) backend thread 3: Model name: b6c96-s1995008-d1329786
2025-11-28 17:54:20+0700: Eigen (CPU) backend thread 4: Model version 8
2025-11-28 17:54:20+0700: Eigen (CPU) backend thread 4: Model name: b6c96-s1995008-d1329786
2025-11-28 17:54:20+0700: Eigen (CPU) backend thread 5: Model version 8
2025-11-28 17:54:20+0700: Eigen (CPU) backend thread 5: Model name: b6c96-s1995008-d1329786
2025-11-28 17:54:20+0700: Eigen (CPU) backend thread 6: Model version 8
2025-11-28 17:54:20+0700: Eigen (CPU) backend thread 6: Model name: b6c96-s1995008-d1329786
2025-11-28 17:54:20+0700: Eigen (CPU) backend thread 7: Model version 8
2025-11-28 17:54:20+0700: Eigen (CPU) backend thread 7: Model name: b6c96-s1995008-d1329786
2025-11-28 17:54:20+0700: Eigen (CPU) backend thread 0: Model version 8
2025-11-28 17:54:20+0700: Eigen (CPU) backend thread 0: Model name: b6c96-s1995008-d1329786
2025-11-28 17:54:20+0700: Loaded neural net with nnXLen 19 nnYLen 19
2025-11-28 17:54:20+0700: Initializing board with boardXSize 19 boardYSize 19
2025-11-28 17:54:20+0700: Loaded config default_gtp.cfg
2025-11-28 17:54:20+0700: Loaded model model.gz
2025-11-28 17:54:20+0700: Model name: b6c96-s1995008-d1329786
2025-11-28 17:54:20+0700: GTP ready, beginning main protocol loop
2025-11-28 17:54:20+0700: Controller: version
2025-11-28 17:54:20+0700: = 1.14.0
2025-11-28 17:54:20+0700: Controller: genmove b
2025-11-28 17:54:21+0700: MoveNum: 0 HASH: CDCBC1F514D7E680FACD226074256633
   A B C D E F G H J K L M N O P Q R S T
19 . . . . . . . . . . . . . . . . . . .
18 . . . . . . . . . . . . . . . . . . .
17 . . . . . . . . . . . . . . . . . . .
16 . . . . . . . . . . . . . . . . . . .
15 . . . . . . . . . . . . . . . . . . .
14 . . . . . . . . . . . . . @ . . . . .
13 . . . . . . . . . . . . . . . . . . .
12 . . . . . . . . . . . . . . . . . . .
11 . . . . . . . . . . . . . . . . . . .
10 . . . . . . . . . . . . . . . . . . .
 9 . . . . . . . . . . . . . . . . . . .
 8 . . . . . . . . . . . . . . . . . . .
 7 . . . . . . . . . . . . . . . . . . .
 6 . . . . . . . . . . . . . . . . . . .
 5 . . . . . . . . . . . . . . . . . . .
 4 . . . . . . . . . . . . . . . . . . .
 3 . . . . . . . . . . . . . . . . . . .
 2 . . . . . . . . . . . . . . . . . . .
 1 . . . . . . . . . . . . . . . . . . .

koPOSITIONALscoreAREAtaxNONEsui1komi7.5
Time taken: 0.563
Root visits: 118
New playouts: 118
NN rows: 118
NN batches: 78
NN avg batch size: 1.51282
PV: T10 T9 S9
Tree:
: T   0.64c W   6.01c S   1.94c ( +7.7 L  -2.5) N     118  --  T10 T9 S9
---Black(^)---
T10 : T  -5.62c W  -1.50c S   0.67c ( +4.2 L  -3.2) LCB  -93.33c P  0.28% WF   3.9 PSV       5 N       4  --  T10 T9 S9
T13 : T  -5.59c W  -1.46c S   0.65c ( +4.1 L  -3.2) LCB  -93.44c P  0.28% WF   3.9 PSV       4 N       4  --  T13 T12 S12
R12 : T  -1.81c W   4.17c S   1.16c ( +5.5 L  -3.4) LCB  -94.43c P  0.28% WF   4.0 PSV       4 N       4  --  R12 Q12 pass
T14 : T  -5.67c W   2.18c S   1.31c ( +5.9 L  -2.8) LCB -128.60c P  0.28% WF   3.0 PSV       3 N       3  --  T14 A18 pass
T15 : T  -5.56c W   2.38c S   1.40c ( +6.2 L  -2.8) LCB -128.95c P  0.28% WF   3.0 PSV       3 N       3  --  T15 S1 pass
T11 : T  -5.85c W   1.96c S   1.20c ( +5.6 L  -2.8) LCB -127.97c P  0.28% WF   3.0 PSV       3 N       3  --  T11 B19 pass
T12 : T  -5.52c W   2.27c S   1.34c ( +6.0 L  -2.8) LCB -128.23c P  0.28% WF   3.0 PSV       3 N       3  --  T12 A2 pass
R10 : T  -3.44c W   4.05c S   1.72c ( +7.0 L  -2.7) LCB -126.38c P  0.28% WF   3.0 PSV       3 N       3  --  R10 A18 pass
R11 : T  -3.04c W   4.18c S   1.70c ( +7.0 L  -2.7) LCB -125.06c P  0.28% WF   3.0 PSV       3 N       3  --  R11 A18 pass
R13 : T  -3.80c W   3.75c S   1.62c ( +6.8 L  -2.7) LCB -126.83c P  0.28% WF   3.0 PSV       3 N       3  --  R13 B1 pass

2025-11-28 17:54:21+0700: = O14
2025-11-28 17:54:21+0700: Controller: genmove b
2025-11-28 17:54:21+0700: MoveNum: 0 HASH: D5BED43F3639EBFBA10B39DF391D7784
   A B C D E F G H J K L M N O P Q R S T
19 . . . . . . . . . . . . . . . . . . .
18 . . . . . . . . . . . . . . . . . . .
17 . . . . . . . . . . . . . . . . . . .
16 . . . . . . . . . . . . . . . . . . .
15 . . . . . . . . . . . . . . . . . . .
14 . . . . . . . . . . . . . X . . . . .
13 . . . . . . . . . . . . . . . . . . .
12 . . . . . . . . . . . . . . . . . . .
11 . . . . . . . . . . . . . . . . . . .
10 . . . . . . . . . . . . . . . . . . .
 9 . . . . . . . . . . . . . . . . . . .
 8 . . . . . . . . . . . . . . . . . . .
 7 . . . . . . . . . . . . . . . . . . .
 6 . . . . . . . . . . . . . . . . . . .
 5 . . . . . . . . . . . . . . . . . . .
 4 . . . . . . . . . . . @ . . . . . . .
 3 . . . . . . . . . . . . . . . . . . .
 2 . . . . . . . . . . . . . . . . . . .
 1 . . . . . . . . . . . . . . . . . . .

koPOSITIONALscoreAREAtaxNONEsui1komi7.5
Time taken: 0.547
Root visits: 128
New playouts: 128
NN rows: 128
NN batches: 85
NN avg batch size: 1.50588
PV: O13
Tree:
: T  31.73c W  38.44c S  -6.74c (+28.4 L  +2.0) N     128  --  O13
---Black(^)---
O13 : T  32.22c W  38.83c S  -6.60c (+28.7 L  +2.0) LCB -317.78c P  0.29% WF   1.0 PSV       1 N       1  --  O13
pss : T  28.82c W  36.12c S  -7.30c (+26.5 L  +1.6) LCB -321.18c P  0.58% WF   1.0 PSV       1 N       1  --  pass
P14 : T  32.15c W  38.76c S  -6.61c (+28.7 L  +2.0) LCB -317.85c P  0.31% WF   1.0 PSV       1 N       1  --  P14
N13 : T  31.99c W  38.70c S  -6.71c (+28.4 L  +1.9) LCB -318.01c P  0.30% WF   1.0 PSV       1 N       1  --  N13
N12 : T  31.74c W  38.49c S  -6.74c (+28.3 L  +1.9) LCB -318.26c P  0.30% WF   1.0 PSV       1 N       1  --  N12
P15 : T  31.79c W  38.52c S  -6.73c (+28.3 L  +1.9) LCB -318.21c P  0.30% WF   1.0 PSV       1 N       1  --  P15
O12 : T  32.04c W  38.71c S  -6.67c (+28.5 L  +1.9) LCB -317.96c P  0.29% WF   1.0 PSV       1 N       1  --  O12
M12 : T  31.72c W  38.49c S  -6.77c (+28.2 L  +2.0) LCB -318.28c P  0.29% WF   1.0 PSV       1 N       1  --  M12
O11 : T  31.86c W  38.59c S  -6.74c (+28.4 L  +1.9) LCB -318.14c P  0.29% WF   1.0 PSV       1 N       1  --  O11
P11 : T  31.55c W  38.34c S  -6.79c (+28.2 L  +1.9) LCB -318.45c P  0.29% WF   1.0 PSV       1 N       1  --  P11

2025-11-28 17:54:21+0700: = M4
2025-11-28 17:54:21+0700: Controller: genmove b
2025-11-28 17:54:22+0700: MoveNum: 0 HASH: 89ACFB6E3FF4D2FE474C2060DD30E5D3
   A B C D E F G H J K L M N O P Q R S T
19 . . . . . . . . . . . . . . . . . . .
18 . . . . . . . . . . . . . . . . . . .
17 . . . . . . . . . . . . . . . . . . .
16 . . . . . . . . . . . . . . . . . . .
15 . . . . . . . . . . . . . . . . . . .
14 . . . . . . . . . . . . . X . . . . .
13 . . . . . . . . . . . . . . . . . . .
12 . . . . . . . . . . . . . . . . . . .
11 . . . . . . . . . . . . . . . @ . . .
10 . . . . . . . . . . . . . . . . . . .
 9 . . . . . . . . . . . . . . . . . . .
 8 . . . . . . . . . . . . . . . . . . .
 7 . . . . . . . . . . . . . . . . . . .
 6 . . . . . . . . . . . . . . . . . . .
 5 . . . . . . . . . . . . . . . . . . .
 4 . . . . . . . . . . . X . . . . . . .
 3 . . . . . . . . . . . . . . . . . . .
 2 . . . . . . . . . . . . . . . . . . .
 1 . . . . . . . . . . . . . . . . . . .

koPOSITIONALscoreAREAtaxNONEsui1komi7.5
Time taken: 0.531
Root visits: 124
New playouts: 124
NN rows: 124
NN batches: 84
NN avg batch size: 1.47619
PlayoutDoublingAdvantage: -0.5
PV: N15
Tree:
: T  26.49c W  35.06c S  -8.60c (+25.1 L  +4.1) N     124  --  N15
---Black(^)---
N15 : T  26.56c W  35.15c S  -8.59c (+25.0 L  +4.1) LCB -323.44c P  0.29% WF   1.0 PSV       1 N       1  --  N15
pss : T  23.75c W  32.90c S  -9.14c (+23.5 L  +3.9) LCB -326.25c P  0.60% WF   1.0 PSV       1 N       1  --  pass
N14 : T  26.39c W  35.00c S  -8.61c (+24.9 L  +4.1) LCB -323.61c P  0.31% WF   1.0 PSV       1 N       1  --  N14
L4  : T  26.10c W  34.71c S  -8.61c (+24.8 L  +4.0) LCB -323.90c P  0.30% WF   1.0 PSV       1 N       1  --  L4
P14 : T  26.24c W  34.87c S  -8.63c (+24.8 L  +4.0) LCB -323.76c P  0.30% WF   1.0 PSV       1 N       1  --  P14
O5  : T  26.07c W  34.75c S  -8.68c (+24.8 L  +4.0) LCB -323.93c P  0.30% WF   1.0 PSV       1 N       1  --  O5
P15 : T  26.38c W  35.01c S  -8.63c (+24.9 L  +4.1) LCB -323.62c P  0.30% WF   1.0 PSV       1 N       1  --  P15
N13 : T  26.53c W  35.14c S  -8.61c (+24.9 L  +4.0) LCB -323.47c P  0.30% WF   1.0 PSV       1 N       1  --  N13
Q15 : T  26.04c W  34.71c S  -8.66c (+24.8 L  +4.1) LCB -323.96c P  0.30% WF   1.0 PSV       1 N       1  --  Q15
N4  : T  26.00c W  34.65c S  -8.65c (+24.8 L  +4.1) LCB -324.00c P  0.30% WF   1.0 PSV       1 N       1  --  N4

2025-11-28 17:54:22+0700: = Q11
2025-11-28 17:54:22+0700: Controller: genmove b
2025-11-28 17:54:22+0700: MoveNum: 0 HASH: 6748D2928A198191FC4BE2384DCD83ED
   A B C D E F G H J K L M N O P Q R S T
19 . . . . . . . . . . . . . . . . . . .
18 . . . . . . . . . . . . . . . . . . .
17 . . . . . . . . . . . . . . . . . . .
16 . . . . . . . . . . . . . . . . . . .
15 . . . . . . . . . . . . . . . . . . .
14 . . . . . . . . . . . . . X . . . . .
13 . . . . . . . . . . . . . . . . . . .
12 . . . . . . . . . . . . . . . . . . .
11 . . . . . . . . . . . . . . . X . . @
10 . . . . . . . . . . . . . . . . . . .
 9 . . . . . . . . . . . . . . . . . . .
 8 . . . . . . . . . . . . . . . . . . .
 7 . . . . . . . . . . . . . . . . . . .
 6 . . . . . . . . . . . . . . . . . . .
 5 . . . . . . . . . . . . . . . . . . .
 4 . . . . . . . . . . . X . . . . . . .
 3 . . . . . . . . . . . . . . . . . . .
 2 . . . . . . . . . . . . . . . . . . .
 1 . . . . . . . . . . . . . . . . . . .

koPOSITIONALscoreAREAtaxNONEsui1komi7.5
Time taken: 0.547
Root visits: 130
New playouts: 130
NN rows: 130
NN batches: 89
NN avg batch size: 1.46067
PlayoutDoublingAdvantage: -1.125
PV: O13
Tree:
: T  23.99c W  32.12c S  -8.15c (+24.8 L  +4.9) N     130  --  O13
---Black(^)---
O13 : T  24.42c W  32.52c S  -8.10c (+24.9 L  +4.9) LCB -325.58c P  0.31% WF   1.0 PSV       1 N       1  --  O13
pss : T  21.01c W  29.76c S  -8.75c (+23.0 L  +4.6) LCB -328.99c P  0.62% WF   1.0 PSV       1 N       1  --  pass
P13 : T  24.14c W  32.22c S  -8.08c (+24.8 L  +5.0) LCB -325.86c P  0.32% WF   1.0 PSV       1 N       1  --  P13
O12 : T  24.34c W  32.50c S  -8.16c (+24.8 L  +4.9) LCB -325.66c P  0.31% WF   1.0 PSV       1 N       1  --  O12
Q13 : T  24.13c W  32.24c S  -8.10c (+24.8 L  +4.9) LCB -325.87c P  0.31% WF   1.0 PSV       1 N       1  --  Q13
Q10 : T  23.96c W  32.16c S  -8.20c (+24.6 L  +4.9) LCB -326.04c P  0.30% WF   1.0 PSV       1 N       1  --  Q10
R12 : T  23.33c W  31.56c S  -8.23c (+24.4 L  +4.8) LCB -326.67c P  0.30% WF   1.0 PSV       1 N       1  --  R12
O15 : T  24.19c W  32.32c S  -8.13c (+24.8 L  +4.9) LCB -325.81c P  0.30% WF   1.0 PSV       1 N       1  --  O15
P12 : T  24.22c W  32.33c S  -8.11c (+24.8 L  +4.9) LCB -325.78c P  0.30% WF   1.0 PSV       1 N       1  --  P12
N15 : T  23.90c W  32.10c S  -8.21c (+24.6 L  +4.9) LCB -326.10c P  0.30% WF   1.0 PSV       1 N       1  --  N15

2025-11-28 17:54:22+0700: = T11
2025-11-28 17:54:22+0700: Controller: genmove b
2025-11-28 17:54:23+0700: MoveNum: 0 HASH: FCEE6F27D8F0F01B282F2F40E42DC1D5
   A B C D E F G H J K L M N O P Q R S T
19 . . . . . . . . . . . . . . . . . . .
18 . . . . . . . . . . . . . . . . . . .
17 . . . . . . . . . . . . . . . . . . .
16 . . . . . . . . . . . . . . . . . . .
15 . . . . . . . . . . . . . . . . . . .
14 . . . . . . . . . . . . . X . . . . .
13 . . . . . . . . . . . . . . . . . . .
12 . . . . . . . . . . . . . . . . . . .
11 . . . . . . . . . . . . . @ . X . . X
10 . . . . . . . . . . . . . . . . . . .
 9 . . . . . . . . . . . . . . . . . . .
 8 . . . . . . . . . . . . . . . . . . .
 7 . . . . . . . . . . . . . . . . . . .
 6 . . . . . . . . . . . . . . . . . . .
 5 . . . . . . . . . . . . . . . . . . .
 4 . . . . . . . . . . . X . . . . . . .
 3 . . . . . . . . . . . . . . . . . . .
 2 . . . . . . . . . . . . . . . . . . .
 1 . . . . . . . . . . . . . . . . . . .

koPOSITIONALscoreAREAtaxNONEsui1komi7.5
Time taken: 0.515
Root visits: 122
New playouts: 122
NN rows: 122
NN batches: 87
NN avg batch size: 1.4023
PlayoutDoublingAdvantage: -1.875
PV: N13
Tree:
: T  17.29c W  25.36c S  -8.09c (+21.9 L  +5.8) N     122  --  N13
---Black(^)---
N13 : T  18.58c W  26.44c S  -7.86c (+22.4 L  +5.8) LCB -331.42c P  0.30% WF   1.0 PSV       1 N       1  --  N13
pss : T  14.27c W  22.97c S  -8.70c (+20.0 L  +5.5) LCB -335.73c P  0.63% WF   1.0 PSV       1 N       1  --  pass
R10 : T  15.13c W  23.59c S  -8.45c (+20.8 L  +5.6) LCB -334.87c P  0.31% WF   1.0 PSV       1 N       1  --  R10
R12 : T  17.08c W  25.25c S  -8.17c (+21.6 L  +5.8) LCB -332.92c P  0.31% WF   1.0 PSV       1 N       1  --  R12
P13 : T  17.71c W  25.72c S  -8.01c (+21.9 L  +5.9) LCB -332.29c P  0.31% WF   1.0 PSV       1 N       1  --  P13
Q12 : T  15.95c W  24.25c S  -8.30c (+21.2 L  +5.7) LCB -334.05c P  0.31% WF   1.0 PSV       1 N       1  --  Q12
M5  : T  17.77c W  25.84c S  -8.07c (+22.0 L  +5.9) LCB -332.23c P  0.30% WF   1.0 PSV       1 N       1  --  M5
O15 : T  18.00c W  26.00c S  -8.01c (+22.1 L  +5.8) LCB -332.00c P  0.30% WF   1.0 PSV       1 N       1  --  O15
N12 : T  18.15c W  26.13c S  -7.98c (+22.2 L  +5.8) LCB -331.85c P  0.30% WF   1.0 PSV       1 N       1  --  N12
S10 : T  15.01c W  23.43c S  -8.42c (+20.7 L  +5.7) LCB -334.99c P  0.30% WF   1.0 PSV       1 N       1  --  S10

2025-11-28 17:54:23+0700: = O11
2025-11-28 17:54:23+0700: Controller: genmove b
2025-11-28 17:54:23+0700: MoveNum: 0 HASH: 740FEECF255D6C0271D7B94569FB97A6
   A B C D E F G H J K L M N O P Q R S T
19 . . . . . . . . . . . . . . . . . . .
18 . . . . . . . . . . . . . . . . . . .
17 . . . . . . . . . . . . . . . . . . .
16 . . . . . . . . . . . . . . . . . . .
15 . . . . . . . . . . . . . . . . . . .
14 . . . . . . . . . . . . . X . . . . .
13 . . . . . . . . . . . . . . . . . . .
12 . . . . . . . . . . . . . . . . . . .
11 . . . . . . . . . . . . . X . X . . X
10 . . . . . . . . . . . . . . . . . . .
 9 . . . . . . . . . . . . . . . . . . .
 8 . . . . . . . . . . . . . . . . . @ .
 7 . . . . . . . . . . . . . . . . . . .
 6 . . . . . . . . . . . . . . . . . . .
 5 . . . . . . . . . . . . . . . . . . .
 4 . . . . . . . . . . . X . . . . . . .
 3 . . . . . . . . . . . . . . . . . . .
 2 . . . . . . . . . . . . . . . . . . .
 1 . . . . . . . . . . . . . . . . . . .

koPOSITIONALscoreAREAtaxNONEsui1komi7.5
Time taken: 0.563
Root visits: 119
New playouts: 119
NN rows: 119
NN batches: 80
NN avg batch size: 1.4875
PlayoutDoublingAdvantage: -2.5
PV: P12
Tree:
: T  15.48c W  22.72c S  -7.27c (+21.4 L  +6.8) N     119  --  P12
---Black(^)---
P12 : T  17.11c W  24.07c S  -6.95c (+22.0 L  +6.9) LCB -332.89c P  0.33% WF   1.0 PSV       1 N       1  --  P12
pss : T  12.28c W  20.20c S  -7.92c (+19.4 L  +6.4) LCB -337.72c P  0.65% WF   1.0 PSV       1 N       1  --  pass
P11 : T  16.48c W  23.59c S  -7.10c (+21.8 L  +6.8) LCB -333.52c P  0.32% WF   1.0 PSV       1 N       1  --  P11
R11 : T  12.96c W  20.57c S  -7.61c (+20.1 L  +6.5) LCB -337.04c P  0.31% WF   1.0 PSV       1 N       1  --  R11
N12 : T  16.51c W  23.67c S  -7.16c (+21.8 L  +6.8) LCB -333.49c P  0.31% WF   1.0 PSV       1 N       1  --  N12
P14 : T  15.82c W  23.04c S  -7.22c (+21.4 L  +6.8) LCB -334.18c P  0.31% WF   1.0 PSV       1 N       1  --  P14
S11 : T  14.96c W  22.32c S  -7.36c (+20.9 L  +6.6) LCB -335.04c P  0.31% WF   1.0 PSV       1 N       1  --  S11
O10 : T  14.36c W  21.78c S  -7.43c (+20.8 L  +6.6) LCB -335.64c P  0.31% WF   1.0 PSV       1 N       1  --  O10
P15 : T  15.70c W  22.95c S  -7.26c (+21.4 L  +6.7) LCB -334.30c P  0.30% WF   1.0 PSV       1 N       1  --  P15
N5  : T  15.71c W  22.97c S  -7.26c (+21.5 L  +6.8) LCB -334.29c P  0.30% WF   1.0 PSV       1 N       1  --  N5

2025-11-28 17:54:23+0700: = S8
2025-11-28 17:54:23+0700: Controller: genmove b
2025-11-28 17:54:24+0700: MoveNum: 0 HASH: BCEC555C66104AC6C1C2AEB227E36509
   A B C D E F G H J K L M N O P Q R S T
19 . . . . . . . . . . . . . . . . . . .
18 . . . . . . . . . . . . . . . . . . .
17 . . . . . . . . . . . . . . . . . . .
16 . . . . . . . . . . . . . . . . . . .
15 . . . . . . . . . . . . . . . . . . .
14 . . . . . . . . . . . . . X . . . . .
13 . . . . . . . . . . . . . . . . . . .
12 . . . . . . . . . . . . . . . . . . .
11 . . . . . . . . . . . . . X . X . . X
10 . . . . . . . . . . . . . . . . . . .
 9 . . . . . . . . . . . . . . . . . . .
 8 . . . . . . . . . . @ . . . . . . X .
 7 . . . . . . . . . . . . . . . . . . .
 6 . . . . . . . . . . . . . . . . . . .
 5 . . . . . . . . . . . . . . . . . . .
 4 . . . . . . . . . . . X . . . . . . .
 3 . . . . . . . . . . . . . . . . . . .
 2 . . . . . . . . . . . . . . . . . . .
 1 . . . . . . . . . . . . . . . . . . .

koPOSITIONALscoreAREAtaxNONEsui1komi7.5
Time taken: 0.547
Root visits: 126
New playouts: 126
NN rows: 126
NN batches: 84
NN avg batch size: 1.5
PlayoutDoublingAdvantage: -2.75
PV: N14
Tree:
: T  16.00c W  22.73c S  -6.75c (+22.1 L  +7.2) N     126  --  N14
---Black(^)---
N14 : T  17.95c W  24.31c S  -6.36c (+23.1 L  +7.2) LCB -332.05c P  0.30% WF   1.0 PSV       1 N       1  --  N14
pss : T  13.93c W  21.11c S  -7.18c (+20.7 L  +6.9) LCB -336.07c P  0.65% WF   1.0 PSV       1 N       1  --  pass
P12 : T  17.00c W  23.66c S  -6.65c (+22.4 L  +7.3) LCB -333.00c P  0.33% WF   1.0 PSV       1 N       1  --  P12
P11 : T  17.14c W  23.71c S  -6.57c (+22.6 L  +7.3) LCB -332.86c P  0.32% WF   1.0 PSV       1 N       1  --  P11
R11 : T  16.32c W  23.04c S  -6.72c (+22.1 L  +7.3) LCB -333.68c P  0.32% WF   1.0 PSV       1 N       1  --  R11
S11 : T  15.95c W  22.72c S  -6.77c (+21.8 L  +7.1) LCB -334.05c P  0.31% WF   1.0 PSV       1 N       1  --  S11
N12 : T  15.80c W  22.67c S  -6.87c (+21.8 L  +7.2) LCB -334.20c P  0.31% WF   1.0 PSV       1 N       1  --  N12
P14 : T  14.73c W  21.64c S  -6.92c (+21.4 L  +7.1) LCB -335.27c P  0.31% WF   1.0 PSV       1 N       1  --  P14
O10 : T  14.88c W  21.76c S  -6.88c (+21.6 L  +7.1) LCB -335.12c P  0.31% WF   1.0 PSV       1 N       1  --  O10
P15 : T  16.30c W  23.06c S  -6.76c (+22.1 L  +7.2) LCB -333.70c P  0.31% WF   1.0 PSV       1 N       1  --  P15

2025-11-28 17:54:24+0700: = L8
2025-11-28 17:54:24+0700: Controller: genmove b
2025-11-28 17:54:24+0700: MoveNum: 0 HASH: F7CBE91BF0ED706ABC34AAFA124D3B1E
   A B C D E F G H J K L M N O P Q R S T
19 . . . . . . . . . . . . . . . . . . .
18 . . . . . . . . . . . . . . . . . . .
17 . . . . . . . . . . . . . . . . . . .
16 . . . . . . . . . . . . . . . . . . .
15 . . . . . . . . . . . . . . . . . . .
14 . . . . . . . . . . . . . X . . . . .
13 . . . . . . . . . . . . . . . . . . .
12 . . . . . . . . . . . . . . . . . . .
11 . . . . . . . . . . . . . X . X . . X
10 . . . . . . . . . . . . . . . . . . .
 9 . . . . . . . . . . . . . . . . . . .
 8 . . . . . . . . . . X . . . . . . X .
 7 . . . . . . . . . . . . . . . . . . .
 6 . . . . . . . . . . . . . . . . . . .
 5 . . . . . . . . . . @ . . . . . . . .
 4 . . . . . . . . . . . X . . . . . . .
 3 . . . . . . . . . . . . . . . . . . .
 2 . . . . . . . . . . . . . . . . . . .
 1 . . . . . . . . . . . . . . . . . . .

koPOSITIONALscoreAREAtaxNONEsui1komi7.5
Time taken: 0.515
Root visits: 125
New playouts: 125
NN rows: 125
NN batches: 83
NN avg batch size: 1.50602
PlayoutDoublingAdvantage: -2.75
PV: P11
Tree:
: T  18.56c W  25.14c S  -6.60c (+23.9 L  +7.5) N     125  --  P11
---Black(^)---
P11 : T  20.68c W  26.87c S  -6.19c (+25.0 L  +7.6) LCB -329.32c P  0.32% WF   1.0 PSV       1 N       1  --  P11
pss : T  15.86c W  23.02c S  -7.16c (+22.1 L  +7.3) LCB -334.14c P  0.67% WF   1.0 PSV       1 N       1  --  pass
P12 : T  17.54c W  24.28c S  -6.74c (+23.3 L  +7.4) LCB -332.46c P  0.33% WF   1.0 PSV       1 N       1  --  P12
R9  : T  17.64c W  24.49c S  -6.84c (+23.2 L  +7.5) LCB -332.36c P  0.32% WF   1.0 PSV       1 N       1  --  R9
R10 : T  18.01c W  24.77c S  -6.75c (+23.4 L  +7.5) LCB -331.99c P  0.32% WF   1.0 PSV       1 N       1  --  R10
N11 : T  17.50c W  24.25c S  -6.74c (+23.4 L  +7.4) LCB -332.50c P  0.31% WF   1.0 PSV       1 N       1  --  N11
N12 : T  19.59c W  26.03c S  -6.45c (+24.3 L  +7.6) LCB -330.41c P  0.31% WF   1.0 PSV       1 N       1  --  N12
R11 : T  18.97c W  25.57c S  -6.60c (+23.9 L  +7.7) LCB -331.03c P  0.31% WF   1.0 PSV       1 N       1  --  R11
S11 : T  18.42c W  25.05c S  -6.63c (+23.5 L  +7.5) LCB -331.58c P  0.31% WF   1.0 PSV       1 N       1  --  S11
N14 : T  19.20c W  25.72c S  -6.52c (+24.1 L  +7.6) LCB -330.80c P  0.31% WF   1.0 PSV       1 N       1  --  N14

2025-11-28 17:54:24+0700: = L5
2025-11-28 17:54:24+0700: Controller: genmove b
2025-11-28 17:54:25+0700: MoveNum: 0 HASH: 7362C04A11CB3EAB0E4B1C8CBDDD342C
   A B C D E F G H J K L M N O P Q R S T
19 . . . . . . . . . . . . . . . . . . .
18 . . . . . . . . . . . . . . . . . . .
17 . . . . . . . . . . . . . . . . . . .
16 . . . . . . . . . . . . . . . . . . .
15 . . . . . . . . . . . . . . . . . . .
14 . . . . . . . . . . . . . X . . . @ .
13 . . . . . . . . . . . . . . . . . . .
12 . . . . . . . . . . . . . . . . . . .
11 . . . . . . . . . . . . . X . X . . X
10 . . . . . . . . . . . . . . . . . . .
 9 . . . . . . . . . . . . . . . . . . .
 8 . . . . . . . . . . X . . . . . . X .
 7 . . . . . . . . . . . . . . . . . . .
 6 . . . . . . . . . . . . . . . . . . .
 5 . . . . . . . . . . X . . . . . . . .
 4 . . . . . . . . . . . X . . . . . . .
 3 . . . . . . . . . . . . . . . . . . .
 2 . . . . . . . . . . . . . . . . . . .
 1 . . . . . . . . . . . . . . . . . . .

koPOSITIONALscoreAREAtaxNONEsui1komi7.5
Time taken: 0.531
Root visits: 123
New playouts: 123
NN rows: 123
NN batches: 84
NN avg batch size: 1.46429
PlayoutDoublingAdvantage: -2.75
PV: N12
Tree:
: T  21.71c W  27.78c S  -6.09c (+25.9 L  +7.9) N     123  --  N12
---Black(^)---
N12 : T  23.73c W  29.43c S  -5.71c (+27.0 L  +8.0) LCB -326.27c P  0.31% WF   1.0 PSV       1 N       1  --  N12
pss : T  18.81c W  25.51c S  -6.69c (+24.0 L  +7.6) LCB -331.19c P  0.66% WF   1.0 PSV       1 N       1  --  pass
P12 : T  23.24c W  29.05c S  -5.81c (+26.6 L  +8.0) LCB -326.76c P  0.33% WF   1.0 PSV       1 N       1  --  P12
P11 : T  20.65c W  26.87c S  -6.22c (+25.4 L  +7.7) LCB -329.35c P  0.32% WF   1.0 PSV       1 N       1  --  P11
R11 : T  21.76c W  27.87c S  -6.11c (+25.8 L  +8.0) LCB -328.24c P  0.32% WF   1.0 PSV       1 N       1  --  R11
N5  : T  23.57c W  29.35c S  -5.77c (+26.8 L  +8.0) LCB -326.43c P  0.32% WF   1.0 PSV       1 N       1  --  N5
M8  : T  23.55c W  29.27c S  -5.73c (+27.0 L  +8.0) LCB -326.45c P  0.31% WF   1.0 PSV       1 N       1  --  M8
S11 : T  21.15c W  27.45c S  -6.30c (+25.3 L  +7.9) LCB -328.85c P  0.31% WF   1.0 PSV       1 N       1  --  S11
M9  : T  22.92c W  28.83c S  -5.92c (+26.4 L  +7.9) LCB -327.08c P  0.31% WF   1.0 PSV       1 N       1  --  M9
N4  : T  22.42c W  28.36c S  -5.94c (+26.3 L  +8.0) LCB -327.58c P  0.31% WF   1.0 PSV       1 N       1  --  N4

2025-11-28 17:54:25+0700: = S14
2025-11-28 17:54:25+0700: Controller: genmove b
2025-11-28 17:54:25+0700: MoveNum: 0 HASH: 335039623E9064CBEE46B793CDA622B6
   A B C D E F G H J K L M N O P Q R S T
19 . . . . . . . . . . . . . . . . . . .
18 . . . . . . . . . . . . . . . . . . .
17 . . . . . . . . . . . . . . . . . . .
16 . . . . . . . . . . . . . . . . . . .
15 . . . . . . . . . . . . . . . . . . .
14 . . . . . . . . . . . . . X . . . X .
13 . . . . . . . . . . . . . . . . . . .
12 . . . . . . . . . . . . . . . . . . .
11 . . . . . . . . . . . . . X . X . . X
10 . . . . . . . . . . . . . . . . . . .
 9 . . . . . . . . . @ . . . . . . . . .
 8 . . . . . . . . . . X . . . . . . X .
 7 . . . . . . . . . . . . . . . . . . .
 6 . . . . . . . . . . . . . . . . . . .
 5 . . . . . . . . . . X . . . . . . . .
 4 . . . . . . . . . . . X . . . . . . .
 3 . . . . . . . . . . . . . . . . . . .
 2 . . . . . . . . . . . . . . . . . . .
 1 . . . . . . . . . . . . . . . . . . .

koPOSITIONALscoreAREAtaxNONEsui1komi7.5
Time taken: 0.547
Root visits: 126
New playouts: 126
NN rows: 126
NN batches: 82
NN avg batch size: 1.53659
PlayoutDoublingAdvantage: -2.75
PV: O10
Tree:
: T  23.51c W  29.53c S  -6.04c (+27.4 L  +8.2) N     126  --  O10
---Black(^)---
O10 : T  25.64c W  31.25c S  -5.62c (+28.6 L  +8.3) LCB -324.36c P  0.30% WF   1.0 PSV       1 N       1  --  O10
pss : T  18.66c W  25.57c S  -6.91c (+24.6 L  +7.6) LCB -331.34c P  0.69% WF   1.0 PSV       1 N       1  --  pass
P12 : T  22.08c W  28.32c S  -6.24c (+26.6 L  +8.0) LCB -327.92c P  0.33% WF   1.0 PSV       1 N       1  --  P12
R9  : T  21.06c W  27.41c S  -6.35c (+26.2 L  +7.9) LCB -328.94c P  0.32% WF   1.0 PSV       1 N       1  --  R9
R10 : T  23.03c W  29.20c S  -6.17c (+26.9 L  +8.2) LCB -326.97c P  0.32% WF   1.0 PSV       1 N       1  --  R10
P11 : T  23.99c W  30.02c S  -6.02c (+27.4 L  +8.2) LCB -326.01c P  0.32% WF   1.0 PSV       1 N       1  --  P11
R11 : T  20.96c W  27.31c S  -6.35c (+26.2 L  +7.9) LCB -329.04c P  0.32% WF   1.0 PSV       1 N       1  --  R11
N5  : T  23.59c W  29.69c S  -6.09c (+27.2 L  +8.2) LCB -326.41c P  0.32% WF   1.0 PSV       1 N       1  --  N5
R14 : T  21.10c W  27.46c S  -6.35c (+26.2 L  +7.8) LCB -328.90c P  0.32% WF   1.0 PSV       1 N       1  --  R14
Q14 : T  23.00c W  29.20c S  -6.20c (+26.9 L  +8.2) LCB -327.00c P  0.31% WF   1.0 PSV       1 N       1  --  Q14

2025-11-28 17:54:25+0700: = K9
2025-11-28 17:54:28+0700: Controller: genmove b
2025-11-28 17:54:28+0700: MoveNum: 0 HASH: 3B2850F05DED661408239E71613AE503
   A B C D E F G H J K L M N O P Q R S T
19 . . . . . . . . . . . . . . . . . . .
18 . . . . . . . . . . . . . . . . . . .
17 . . . . . . . . . . . . . . . . . . .
16 . . . . . . . . . . . . . . . . . . .
15 . . . . . . . . . . . . . . . . . . .
14 . . . . . . . . . . . . . X . . . X .
13 . . . . . . . . . . . . . . . . . . .
12 . . . . . . . . . . . . . . . . . . .
11 . . . . . . . . . . . . . X . X . . X
10 . . . . . . . . . . . . . . . . . . .
 9 . . . . . . . . . X . . . . . . . . .
 8 . . . . . . . . . . X . . . . . . X .
 7 . . . . . . . . . . . . . . . . . . .
 6 . . . . . . . . . . . . . . . . . . .
 5 . . . . . . . . . . X . . . . . . . .
 4 . . . . . . . . . . . X . . . . . . .
 3 . . . . . . . . . . . . @ . . . . . .
 2 . . . . . . . . . . . . . . . . . . .
 1 . . . . . . . . . . . . . . . . . . .

koPOSITIONALscoreAREAtaxNONEsui1komi7.5
Time taken: 0.531
Root visits: 126
New playouts: 126
NN rows: 126
NN batches: 84
NN avg batch size: 1.5
PlayoutDoublingAdvantage: -2.75
PV: L10
Tree:
: T  26.83c W  32.50c S  -5.70c (+29.7 L  +8.6) N     126  --  L10
---Black(^)---
L10 : T  28.78c W  34.16c S  -5.37c (+30.6 L  +8.7) LCB -321.22c P  0.30% WF   1.0 PSV       1 N       1  --  L10
pss : T  23.77c W  30.16c S  -6.39c (+27.5 L  +8.2) LCB -326.23c P  0.69% WF   1.0 PSV       1 N       1  --  pass
P10 : T  27.28c W  32.97c S  -5.69c (+29.7 L  +8.7) LCB -322.72c P  0.33% WF   1.0 PSV       1 N       1  --  P10
P11 : T  27.60c W  33.19c S  -5.59c (+30.0 L  +8.7) LCB -322.40c P  0.32% WF   1.0 PSV       1 N       1  --  P11
R13 : T  26.34c W  32.18c S  -5.84c (+29.2 L  +8.6) LCB -323.66c P  0.32% WF   1.0 PSV       1 N       1  --  R13
R12 : T  23.95c W  30.10c S  -6.15c (+28.2 L  +8.3) LCB -326.05c P  0.32% WF   1.0 PSV       1 N       1  --  R12
N10 : T  27.24c W  32.93c S  -5.69c (+29.7 L  +8.7) LCB -322.76c P  0.32% WF   1.0 PSV       1 N       1  --  N10
P13 : T  25.10c W  31.01c S  -5.91c (+28.8 L  +8.4) LCB -324.90c P  0.32% WF   1.0 PSV       1 N       1  --  P13
R11 : T  25.81c W  31.68c S  -5.87c (+29.0 L  +8.7) LCB -324.19c P  0.32% WF   1.0 PSV       1 N       1  --  R11
J8  : T  27.65c W  33.30c S  -5.64c (+29.9 L  +8.7) LCB -322.35c P  0.32% WF   1.0 PSV       1 N       1  --  J8

2025-11-28 17:54:28+0700: = N3
2025-11-28 17:54:30+0700: Controller: genmove b
2025-11-28 17:54:31+0700: MoveNum: 0 HASH: 3933DEE910E4A6F04BFE1AABF1A5E7C4
   A B C D E F G H J K L M N O P Q R S T
19 . . . . . . . . . . . . . . . . . . .
18 . . . . . . . . . . . . . . . . . . .
17 . . . . . . . . . . . . . . . . . . .
16 . . . . . . . . . . . . . . . . . . .
15 . . . . . . . . . . . . . . . . . . .
14 . . . . . . . . . . . . . X . . . X .
13 . . . . . . . . . . . . . . . . . . .
12 . . . . . . . . . . . . . . . . . . .
11 . . . . . . . . . . . . . X . X . . X
10 . . . . . . . . . . . . . . . . . . .
 9 . . . . . . . . . X . . . . . @ . . .
 8 . . . . . . . . . . X . . . . . . X .
 7 . . . . . . . . . . . . . . . . . . .
 6 . . . . . . . . . . . . . . . . . . .
 5 . . . . . . . . . . X . . . . . . . .
 4 . . . . . . . . . . . X . . . . . . .
 3 . . . . . . . . . . . . X . . . . . .
 2 . . . . . . . . . . . . . . . . . . .
 1 . . . . . . . . . . . . . . . . . . .

koPOSITIONALscoreAREAtaxNONEsui1komi7.5
Time taken: 0.547
Root visits: 126
New playouts: 126
NN rows: 126
NN batches: 82
NN avg batch size: 1.53659
PlayoutDoublingAdvantage: -2.75
PV: L9
Tree:
: T  29.01c W  34.46c S  -5.48c (+31.4 L  +8.9) N     126  --  L9
---Black(^)---
L9  : T  31.06c W  36.15c S  -5.09c (+32.4 L  +9.1) LCB -318.94c P  0.30% WF   1.0 PSV       1 N       1  --  L9
pss : T  25.83c W  32.08c S  -6.25c (+29.0 L  +8.6) LCB -324.17c P  0.70% WF   1.0 PSV       1 N       1  --  pass
P10 : T  27.86c W  33.50c S  -5.63c (+30.8 L  +8.7) LCB -322.14c P  0.33% WF   1.0 PSV       1 N       1  --  P10
P11 : T  30.75c W  35.84c S  -5.09c (+32.4 L  +9.0) LCB -319.25c P  0.32% WF   1.0 PSV       1 N       1  --  P11
R12 : T  27.91c W  33.65c S  -5.74c (+30.6 L  +8.9) LCB -322.09c P  0.32% WF   1.0 PSV       1 N       1  --  R12
R13 : T  30.14c W  35.45c S  -5.31c (+31.8 L  +8.9) LCB -319.86c P  0.32% WF   1.0 PSV       1 N       1  --  R13
K4  : T  29.21c W  34.73c S  -5.52c (+31.1 L  +9.0) LCB -320.79c P  0.32% WF   1.0 PSV       1 N       1  --  K4
N10 : T  28.04c W  33.63c S  -5.59c (+30.9 L  +8.8) LCB -321.96c P  0.32% WF   1.0 PSV       1 N       1  --  N10
P13 : T  27.61c W  33.29c S  -5.68c (+30.7 L  +8.6) LCB -322.39c P  0.32% WF   1.0 PSV       1 N       1  --  P13
K5  : T  28.61c W  34.17c S  -5.56c (+31.1 L  +8.9) LCB -321.39c P  0.32% WF   1.0 PSV       1 N       1  --  K5

2025-11-28 17:54:31+0700: = Q9
2025-11-28 17:54:31+0700: Controller: genmove b
2025-11-28 17:54:32+0700: MoveNum: 0 HASH: 0E5C447F005A0F3A6EFD237C0DB03FB4
   A B C D E F G H J K L M N O P Q R S T
19 . . . . . . . . . . . . . . . . . . .
18 . . . . . . . . . . . . . . . . . . .
17 . . . . . . . . . . . . . . . . . . .
16 . . . . . . . . . . . . . . . . . . .
15 . . . . . . . . . . . . . . . . . . .
14 . . . . . . . . . . . . . X . . . X .
13 . . . . . . . . . . . . . . . . . . .
12 . . . . . . . . . . . . . . . . . . .
11 . . . . . . . . . . . . . X . X . . X
10 . . . . . . . . . . . . . . . . . . .
 9 . . . . . . . . . X . . . . . X . . .
 8 . . . . . . . . . . X . . . . . . X .
 7 . . . . . . . . . . . . . . . . . . .
 6 . . . . . . . . . . . . . . . . . . .
 5 . . . . . . . . . . X . @ . . . . . .
 4 . . . . . . . . . . . X . . . . . . .
 3 . . . . . . . . . . . . X . . . . . .
 2 . . . . . . . . . . . . . . . . . . .
 1 . . . . . . . . . . . . . . . . . . .

koPOSITIONALscoreAREAtaxNONEsui1komi7.5
Time taken: 0.547
Root visits: 128
New playouts: 128
NN rows: 128
NN batches: 85
NN avg batch size: 1.50588
PlayoutDoublingAdvantage: -2.75
PV: L7
Tree:
: T  32.36c W  37.31c S  -4.98c (+33.7 L  +9.4) N     128  --  L7
---Black(^)---
L7  : T  34.60c W  39.14c S  -4.55c (+35.0 L  +9.7) LCB -315.40c P  0.29% WF   1.0 PSV       1 N       1  --  L7
pss : T  29.46c W  35.17c S  -5.71c (+31.5 L  +9.1) LCB -320.54c P  0.71% WF   1.0 PSV       1 N       1  --  pass
R11 : T  32.49c W  37.51c S  -5.02c (+33.6 L  +9.7) LCB -317.51c P  0.33% WF   1.0 PSV       1 N       1  --  R11
P11 : T  33.23c W  38.13c S  -4.90c (+33.9 L  +9.7) LCB -316.77c P  0.33% WF   1.0 PSV       1 N       1  --  P11
P10 : T  30.31c W  35.58c S  -5.27c (+32.5 L  +9.2) LCB -319.69c P  0.33% WF   1.0 PSV       1 N       1  --  P10
R12 : T  32.37c W  37.43c S  -5.06c (+33.4 L  +9.7) LCB -317.63c P  0.33% WF   1.0 PSV       1 N       1  --  R12
N10 : T  33.73c W  38.41c S  -4.68c (+34.6 L  +9.6) LCB -316.27c P  0.33% WF   1.0 PSV       1 N       1  --  N10
R8  : T  30.90c W  36.20c S  -5.30c (+32.7 L  +9.3) LCB -319.10c P  0.32% WF   1.0 PSV       1 N       1  --  R8
R13 : T  32.74c W  37.55c S  -4.81c (+34.0 L  +9.2) LCB -317.26c P  0.32% WF   1.0 PSV       1 N       1  --  R13
P9  : T  32.32c W  37.36c S  -5.04c (+33.5 L  +9.6) LCB -317.68c P  0.32% WF   1.0 PSV       1 N       1  --  P9

2025-11-28 17:54:32+0700: = N5
2025-11-28 17:54:32+0700: Controller: genmove b
2025-11-28 17:54:32+0700: MoveNum: 0 HASH: 0C643632B835BC9E4942D16840B415FA
   A B C D E F G H J K L M N O P Q R S T
19 . . . . . . . . . . . . . . . . . . .
18 . . . . . . . . . . . . . . . . . . .
17 . . . . . . . . . . . . . . . . . . .
16 . . . . . . . . . . . . . . . . . . .
15 . . . . . . . . . . @ . . . . . . . .
14 . . . . . . . . . . . . . X . . . X .
13 . . . . . . . . . . . . . . . . . . .
12 . . . . . . . . . . . . . . . . . . .
11 . . . . . . . . . . . . . X . X . . X
10 . . . . . . . . . . . . . . . . . . .
 9 . . . . . . . . . X . . . . . X . . .
 8 . . . . . . . . . . X . . . . . . X .
 7 . . . . . . . . . . . . . . . . . . .
 6 . . . . . . . . . . . . . . . . . . .
 5 . . . . . . . . . . X . X . . . . . .
 4 . . . . . . . . . . . X . . . . . . .
 3 . . . . . . . . . . . . X . . . . . .
 2 . . . . . . . . . . . . . . . . . . .
 1 . . . . . . . . . . . . . . . . . . .

koPOSITIONALscoreAREAtaxNONEsui1komi7.5
Time taken: 0.546
Root visits: 126
New playouts: 126
NN rows: 126
NN batches: 84
NN avg batch size: 1.5
PlayoutDoublingAdvantage: -2.75
PV: P10
Tree:
: T  36.06c W  40.43c S  -4.40c (+36.4 L +10.3) N     126  --  P10
---Black(^)---
P10 : T  38.36c W  42.28c S  -3.93c (+37.8 L +10.7) LCB -311.64c P  0.33% WF   1.0 PSV       1 N       1  --  P10
pss : T  30.31c W  35.82c S  -5.51c (+32.7 L  +9.2) LCB -319.69c P  0.72% WF   1.0 PSV       1 N       1  --  pass
P11 : T  35.61c W  40.08c S  -4.47c (+36.1 L +10.3) LCB -314.39c P  0.33% WF   1.0 PSV       1 N       1  --  P11
R11 : T  32.38c W  37.36c S  -4.98c (+34.4 L  +9.5) LCB -317.62c P  0.33% WF   1.0 PSV       1 N       1  --  R11
K4  : T  33.40c W  38.24c S  -4.84c (+34.8 L  +9.8) LCB -316.60c P  0.33% WF   1.0 PSV       1 N       1  --  K4
O4  : T  36.53c W  40.89c S  -4.36c (+36.4 L +10.6) LCB -313.47c P  0.33% WF   1.0 PSV       1 N       1  --  O4
R12 : T  34.50c W  39.26c S  -4.76c (+35.3 L +10.2) LCB -315.50c P  0.33% WF   1.0 PSV       1 N       1  --  R12
R8  : T  36.26c W  40.60c S  -4.33c (+36.6 L +10.1) LCB -313.74c P  0.33% WF   1.0 PSV       1 N       1  --  R8
N10 : T  35.72c W  40.21c S  -4.48c (+36.2 L +10.3) LCB -314.28c P  0.33% WF   1.0 PSV       1 N       1  --  N10
O5  : T  33.61c W  38.41c S  -4.80c (+35.0 L  +9.8) LCB -316.39c P  0.33% WF   1.0 PSV       1 N       1  --  O5

2025-11-28 17:54:32+0700: = L15
2025-11-28 17:54:32+0700: Controller: genmove b
2025-11-28 17:54:33+0700: MoveNum: 0 HASH: 0BA1B852789E90270E66782EE742EF12
   A B C D E F G H J K L M N O P Q R S T
19 . . . . . . . . . . . . . . . . . . .
18 . . . . . . . . . . . . . . . . . . .
17 . . . . . . . . . . . . . . . . . . .
16 . . . . . . . . . . . . . . . . . . .
15 . . . . . . . . . . X . . . . . . . .
14 . . . . . . . . . . . . . X . . . X .
13 . . . . . . . . . . . . . . . . . . .
12 . . . . . . . . . . . . . . . . . . .
11 . . . . . . . . . . . . . X . X . . X
10 . . . . . . . . . . . . . . . . . . .
 9 . . . . . . . . . X . . . . . X . . .
 8 . . . . . . . . . . X . . . . . . X .
 7 . . . . . . . . . . . . . . . . . . .
 6 . . . . . . . . . . . . . . . . . . .
 5 . . . . . . . . @ . X . X . . . . . .
 4 . . . . . . . . . . . X . . . . . . .
 3 . . . . . . . . . . . . X . . . . . .
 2 . . . . . . . . . . . . . . . . . . .
 1 . . . . . . . . . . . . . . . . . . .

koPOSITIONALscoreAREAtaxNONEsui1komi7.5
Time taken: 0.547
Root visits: 127
New playouts: 127
NN rows: 127
NN batches: 86
NN avg batch size: 1.47674
PlayoutDoublingAdvantage: -2.75
PV: K10
Tree:
: T  38.69c W  42.86c S  -4.20c (+38.5 L +10.7) N     127  --  K10
---Black(^)---
K10 : T  41.01c W  44.72c S  -3.71c (+40.0 L +11.1) LCB -308.99c P  0.32% WF   1.0 PSV       1 N       1  --  K10
pss : T  35.46c W  40.46c S  -5.00c (+36.0 L +10.3) LCB -314.54c P  0.71% WF   1.0 PSV       1 N       1  --  pass
R10 : T  39.98c W  43.91c S  -3.93c (+39.4 L +11.0) LCB -310.02c P  0.35% WF   1.0 PSV       1 N       1  --  R10
L6  : T  39.38c W  43.53c S  -4.15c (+38.8 L +11.0) LCB -310.62c P  0.34% WF   1.0 PSV       1 N       1  --  L6
R12 : T  37.88c W  42.29c S  -4.42c (+37.9 L +10.7) LCB -312.12c P  0.34% WF   1.0 PSV       1 N       1  --  R12
O12 : T  38.66c W  43.00c S  -4.34c (+38.3 L +10.8) LCB -311.34c P  0.33% WF   1.0 PSV       1 N       1  --  O12
M6  : T  39.46c W  43.56c S  -4.10c (+38.8 L +11.1) LCB -310.54c P  0.33% WF   1.0 PSV       1 N       1  --  M6
Q10 : T  39.87c W  43.76c S  -3.89c (+39.5 L +10.8) LCB -310.13c P  0.33% WF   1.0 PSV       1 N       1  --  Q10
K7  : T  38.32c W  42.60c S  -4.28c (+38.3 L +10.8) LCB -311.68c P  0.33% WF   1.0 PSV       1 N       1  --  K7
P10 : T  40.02c W  43.91c S  -3.89c (+39.4 L +11.0) LCB -309.98c P  0.33% WF   1.0 PSV       1 N       1  --  P10

2025-11-28 17:54:33+0700: = J5
2025-11-28 17:54:33+0700: Controller: genmove b
2025-11-28 17:54:33+0700: MoveNum: 0 HASH: FB1B9C20F7AFC0C64461492BD12FC3DE
   A B C D E F G H J K L M N O P Q R S T
19 . . . . . . . . . . . . . . . . . . .
18 . . . . . . . . . . . . . . . . . . .
17 . . . . . . . . . . . . . . . . . . .
16 . . . . . . . . . . . . . . . . . . .
15 . . . . . . . . . . X . . . . . . . .
14 . . . . . . . . . . . . . X . . . X .
13 . . . . . . . . . . . . . . @ . . . .
12 . . . . . . . . . . . . . . . . . . .
11 . . . . . . . . . . . . . X . X . . X
10 . . . . . . . . . . . . . . . . . . .
 9 . . . . . . . . . X . . . . . X . . .
 8 . . . . . . . . . . X . . . . . . X .
 7 . . . . . . . . . . . . . . . . . . .
 6 . . . . . . . . . . . . . . . . . . .
 5 . . . . . . . . X . X . X . . . . . .
 4 . . . . . . . . . . . X . . . . . . .
 3 . . . . . . . . . . . . X . . . . . .
 2 . . . . . . . . . . . . . . . . . . .
 1 . . . . . . . . . . . . . . . . . . .

koPOSITIONALscoreAREAtaxNONEsui1komi7.5
Time taken: 0.532
Root visits: 125
New playouts: 125
NN rows: 125
NN batches: 85
NN avg batch size: 1.47059
PlayoutDoublingAdvantage: -2.75
PV: M14
Tree:
: T  41.81c W  45.51c S  -3.73c (+40.9 L +11.4) N     125  --  M14
---Black(^)---
M14 : T  44.59c W  47.79c S  -3.20c (+42.5 L +11.8) LCB -305.41c P  0.30% WF   1.0 PSV       1 N       1  --  M14
pss : T  38.06c W  42.72c S  -4.66c (+38.0 L +10.8) LCB -311.94c P  0.71% WF   1.0 PSV       1 N       1  --  pass
L6  : T  41.50c W  45.30c S  -3.80c (+40.6 L +11.6) LCB -308.50c P  0.35% WF   1.0 PSV       1 N       1  --  L6
R12 : T  39.01c W  43.16c S  -4.15c (+39.4 L +10.8) LCB -310.99c P  0.34% WF   1.0 PSV       1 N       1  --  R12
K6  : T  43.13c W  46.53c S  -3.40c (+41.8 L +11.7) LCB -306.87c P  0.33% WF   1.0 PSV       1 N       1  --  K6
O12 : T  42.34c W  46.12c S  -3.79c (+40.9 L +11.5) LCB -307.66c P  0.33% WF   1.0 PSV       1 N       1  --  O12
K7  : T  44.04c W  47.27c S  -3.23c (+42.3 L +11.7) LCB -305.96c P  0.33% WF   1.0 PSV       1 N       1  --  K7
M6  : T  41.48c W  45.30c S  -3.82c (+40.5 L +11.6) LCB -308.52c P  0.33% WF   1.0 PSV       1 N       1  --  M6
Q10 : T  39.66c W  43.71c S  -4.05c (+39.8 L +11.0) LCB -310.34c P  0.33% WF   1.0 PSV       1 N       1  --  Q10
J7  : T  41.69c W  45.55c S  -3.87c (+40.5 L +11.3) LCB -308.31c P  0.33% WF   1.0 PSV       1 N       1  --  J7

2025-11-28 17:54:33+0700: = P13
2025-11-28 17:54:33+0700: GPU -1 finishing, processed 262 rows 171 batches
2025-11-28 17:54:33+0700: GPU -1 finishing, processed 243 rows 161 batches
2025-11-28 17:54:33+0700: GPU -1 finishing, processed 255 rows 169 batches
2025-11-28 17:54:33+0700: GPU -1 finishing, processed 242 rows 162 batches
2025-11-28 17:54:33+0700: GPU -1 finishing, processed 261 rows 176 batches
2025-11-28 17:54:33+0700: GPU -1 finishing, processed 259 rows 174 batches
2025-11-28 17:54:33+0700: GPU -1 finishing, processed 239 rows 164 batches
2025-11-28 17:54:33+0700: GPU -1 finishing, processed 238 rows 165 batches
2025-11-28 17:54:33+0700: All cleaned up, quitting
