2025-11-28 15:47:56+0700: Running with following config:
allowResignation = true
lagBuffer = 0.0
logAllGTPCommunication = true
logDir = gtp_logs
logSearchInfo = true
logSearchInfoForChosenMove = false
logToStderr = false
maxPlayouts = 500
maxPlayoutsPondering = 3000
maxTime = 0.5
maxTimePondering = 60.0
maxVisits = 300
maxVisitsPondering = 5000
numSearchThreads = 16
ponderingEnabled = false
resignConsecTurns = 3
resignThreshold = -0.90
rules = tromp-taylor
searchFactorAfterOnePass = 0.50
searchFactorAfterTwoPass = 0.25
searchFactorWhenWinning = 0.40
searchFactorWhenWinningThreshold = 0.95

2025-11-28 15:47:56+0700: GTP Engine starting...
2025-11-28 15:47:56+0700: KataGo v1.14.0
2025-11-28 15:47:56+0700: Using TrompTaylor rules initially, unless GTP/GUI overrides this
2025-11-28 15:47:56+0700: Using 16 CPU thread(s) for search
2025-11-28 15:47:56+0700: nnRandSeed0 = 17526934227192460448
2025-11-28 15:47:56+0700: After dedups: nnModelFile0 = model.gz useFP16 auto useNHWC auto
2025-11-28 15:47:56+0700: Initializing neural net buffer to be size 19 * 19 exactly
2025-11-28 15:47:56+0700: Eigen (CPU) backend thread 3: Model version 8
2025-11-28 15:47:56+0700: Eigen (CPU) backend thread 3: Model name: b6c96-s1995008-d1329786
2025-11-28 15:47:56+0700: Eigen (CPU) backend thread 4: Model version 8
2025-11-28 15:47:56+0700: Eigen (CPU) backend thread 4: Model name: b6c96-s1995008-d1329786
2025-11-28 15:47:56+0700: Eigen (CPU) backend thread 5: Model version 8
2025-11-28 15:47:56+0700: Eigen (CPU) backend thread 5: Model name: b6c96-s1995008-d1329786
2025-11-28 15:47:56+0700: Eigen (CPU) backend thread 6: Model version 8
2025-11-28 15:47:56+0700: Eigen (CPU) backend thread 6: Model name: b6c96-s1995008-d1329786
2025-11-28 15:47:56+0700: Eigen (CPU) backend thread 2: Model version 8
2025-11-28 15:47:56+0700: Eigen (CPU) backend thread 2: Model name: b6c96-s1995008-d1329786
2025-11-28 15:47:56+0700: Eigen (CPU) backend thread 1: Model version 8
2025-11-28 15:47:56+0700: Eigen (CPU) backend thread 1: Model name: b6c96-s1995008-d1329786
2025-11-28 15:47:56+0700: Eigen (CPU) backend thread 7: Model version 8
2025-11-28 15:47:56+0700: Eigen (CPU) backend thread 7: Model name: b6c96-s1995008-d1329786
2025-11-28 15:47:56+0700: Eigen (CPU) backend thread 0: Model version 8
2025-11-28 15:47:56+0700: Eigen (CPU) backend thread 0: Model name: b6c96-s1995008-d1329786
2025-11-28 15:47:56+0700: Loaded neural net with nnXLen 19 nnYLen 19
2025-11-28 15:47:56+0700: Initializing board with boardXSize 19 boardYSize 19
2025-11-28 15:47:56+0700: Loaded config default_gtp.cfg
2025-11-28 15:47:56+0700: Loaded model model.gz
2025-11-28 15:47:56+0700: Model name: b6c96-s1995008-d1329786
2025-11-28 15:47:56+0700: GTP ready, beginning main protocol loop
2025-11-28 15:47:58+0700: Controller: genmove w
2025-11-28 15:47:59+0700: MoveNum: 0 HASH: CDCBC1F514D7E680FACD226074256633
   A B C D E F G H J K L M N O P Q R S T
19 . . . . . . . . . . . . . . . . . . .
18 . . . . . . . . . . . . . . . . . . .
17 . . . . . . . . . . . . . . . . . . .
16 . . . . . . . . . . . . . . . . . . .
15 . . . . . . . . . . . . . . . . . . .
14 . . . . . . . . . . . . . . . . . . .
13 . . . . . . . . . . . . . . . . . . .
12 . . . . . . . . . . . . . . . . . . .
11 . . . . . . . . . . . . . . . . . . .
10 . . . . . . . . . . . . . . . . . . .
 9 . . . . . . . . . . . . . . . . . . .
 8 . . . . . . . . . . . . . . . . . . .
 7 . . . . . . . . . . . . . . . . . . .
 6 . . . . . . . . . . . . . . . . . . .
 5 . . . @ . . . . . . . . . . . . . . .
 4 . . . . . . . . . . . . . . . . . . .
 3 . . . . . . . . . . . . . . . . . . .
 2 . . . . . . . . . . . . . . . . . . .
 1 . . . . . . . . . . . . . . . . . . .

koPOSITIONALscoreAREAtaxNONEsui1komi7.5
Time taken: 0.547
Root visits: 135
New playouts: 135
NN rows: 135
NN batches: 91
NN avg batch size: 1.48352
PV: A6 A5 B4
Tree:
: T  10.08c W   9.26c S   2.46c ( +6.5 L  +5.6) N     135  --  A6 A5 B4
---White(^)---
A6  : T   6.79c W   5.73c S   1.77c ( +4.5 L  +6.3) LCB  -46.17c P  0.29% WF  10.9 PSV      11 N      11  --  A6 A5 B4
A7  : T  11.09c W   9.59c S   2.41c ( +6.3 L  +6.7) LCB  -52.30c P  0.29% WF   9.1 PSV       9 N       9  --  A7 S1 pass
A1  : T  11.74c W  10.35c S   2.43c ( +6.4 L  +7.0) LCB  -59.52c P  0.29% WF   8.1 PSV       8 N       8  --  A1 T18 pass
E5  : T   6.51c W   6.32c S   1.98c ( +5.1 L  +5.2) LCB  -58.30c P  0.27% WF   5.0 PSV       5 N       5  --  E5 F5 F4
D5  : T   6.57c W   6.42c S   1.97c ( +5.1 L  +5.1) LCB  -58.03c P  0.27% WF   5.0 PSV       5 N       5  --  D5 D4 E5
E7  : T   6.57c W   6.52c S   1.98c ( +5.1 L  +5.1) LCB  -58.32c P  0.27% WF   5.0 PSV       5 N       5  --  E7 E6 D6
F6  : T   6.94c W   6.72c S   2.06c ( +5.3 L  +5.2) LCB  -57.56c P  0.27% WF   5.0 PSV       5 N       5  --  F6 F5 E5
E6  : T   6.35c W   6.24c S   1.96c ( +5.1 L  +5.2) LCB  -58.74c P  0.27% WF   5.0 PSV       4 N       5  --  E6 E5 F5
E10 : T   6.45c W   6.42c S   1.96c ( +5.1 L  +5.2) LCB  -58.62c P  0.27% WF   5.0 PSV       4 N       5  --  E10 E11 D11
A8  : T   7.91c W   8.15c S   2.11c ( +5.5 L  +5.4) LCB  -73.31c P  0.29% WF   4.0 PSV       4 N       4  --  A8 B8 B9

2025-11-28 15:47:59+0700: = D5
2025-11-28 15:48:15+0700: Controller: genmove b
2025-11-28 15:48:16+0700: MoveNum: 1 HASH: 8E7431E28478A4B21F30BEC8B183C383
   A B C D E F G H J K L M N O P Q R S T
19 . . . . . . . . . . . . . . . . . . .
18 . . . . . . . . . . . . . . . . . . .
17 . . . . . . . . . . . . . . . . . . .
16 . . . . . . . . . . . . . . . . . . .
15 . . . . . . . . . . . . . . . . . . .
14 . . . . . . . . . . . . . . . . . . .
13 . . . . . . . . . . . . . . . . . . .
12 . . . . . . . . . . . . . . . . . . .
11 . . . . . . . . . . . . . . . . . . .
10 . . . . . . . . . . . . . . . . . . .
 9 . . . . . . . . . . . . . . . . . . .
 8 . . . . . . . . . . . . . . . . . . .
 7 . . . . . . . . . . . . . . . . . . .
 6 . . . . . . . . . . . . . . . . . . .
 5 . . . O1. . . . . . . . . . . . . . .
 4 . . . @ . . . . . . . . . . . . . . .
 3 . . . . . . . . . . . . . . . . . . .
 2 . . . . . . . . . . . . . . . . . . .
 1 . . . . . . . . . . . . . . . . . . .

koPOSITIONALscoreAREAtaxNONEsui1komi7.5
Time taken: 0.531
Root visits: 145
New playouts: 140
NN rows: 141
NN batches: 96
NN avg batch size: 1.46875
PV: D4 E5
Tree:
: T  10.21c W   7.46c S   2.10c ( +2.4 L  -4.7) N     145  --  D4 E5
---Black(^)---
D4  : T  11.75c W   9.23c S   2.33c ( +3.0 L  -4.8) LCB   10.25c P  0.30% WF  46.3 PSV      46 N      46  --  D4 E5
E5  : T  11.40c W   8.45c S   2.30c ( +2.9 L  -4.7) LCB    5.77c P  0.31% WF  14.0 PSV       3 N      14  --  E5 F5
E6  : T  11.00c W   8.21c S   2.20c ( +2.7 L  -4.7) LCB    6.24c P  0.29% WF  16.0 PSV       1 N      16  --  E6 E5
D7  : T  10.68c W   7.40c S   2.22c ( +2.7 L  -4.6) LCB   -0.22c P  0.30% WF   9.0 PSV       1 N       9  --  D7 E6
E4  : T  10.35c W   7.47c S   2.11c ( +2.4 L  -4.6) LCB    3.53c P  0.29% WF  12.0 PSV       0 N      12  --  E4 D4
C4  : T  10.18c W   7.16c S   2.15c ( +2.6 L  -4.7) LCB    2.16c P  0.30% WF  11.0 PSV       0 N      11  --  C4 D4
B5  : T  10.31c W   7.25c S   2.22c ( +2.7 L  -4.7) LCB    2.42c P  0.29% WF  11.0 PSV       0 N      11  --  B5 D6
S19 : T   7.61c W   4.77c S   1.79c ( +1.6 L  -4.8) LCB   -3.05c P  0.27% WF   8.9 PSV       0 N       9  --  S19 D6
B19 : T   8.28c W   5.17c S   1.92c ( +2.0 L  -4.9) LCB   -4.73c P  0.28% WF   7.9 PSV       0 N       8  --  B19 D6
F6  : T  10.04c W   6.76c S   2.10c ( +2.4 L  -4.6) LCB   -3.04c P  0.28% WF   8.0 PSV       0 N       8  --  F6 D6

2025-11-28 15:48:16+0700: = D4
