2025-11-30 22:45:21+0700: Running with following config:
allowResignation = true
lagBuffer = 0.0
logAllGTPCommunication = true
logDir = gtp_logs
logSearchInfo = true
logSearchInfoForChosenMove = false
logToStderr = false
maxPlayouts = 500
maxPlayoutsPondering = 3000
maxTime = 3
maxTimePondering = 60.0
maxVisits = 300
maxVisitsPondering = 5000
numSearchThreads = 16
ponderingEnabled = false
resignConsecTurns = 3
resignThreshold = -0.90
rules = tromp-taylor
searchFactorAfterOnePass = 0.50
searchFactorAfterTwoPass = 0.25
searchFactorWhenWinning = 0.40
searchFactorWhenWinningThreshold = 0.95

2025-11-30 22:45:21+0700: GTP Engine starting...
2025-11-30 22:45:21+0700: KataGo v1.14.0
2025-11-30 22:45:21+0700: Using TrompTaylor rules initially, unless GTP/GUI overrides this
2025-11-30 22:45:21+0700: Using 16 CPU thread(s) for search
2025-11-30 22:45:21+0700: nnRandSeed0 = 10627733127545464334
2025-11-30 22:45:21+0700: After dedups: nnModelFile0 = model.gz useFP16 auto useNHWC auto
2025-11-30 22:45:21+0700: Initializing neural net buffer to be size 19 * 19 exactly
2025-11-30 22:45:21+0700: Eigen (CPU) backend thread 7: Model version 8
2025-11-30 22:45:21+0700: Eigen (CPU) backend thread 7: Model name: b6c96-s20302336-d3388395
2025-11-30 22:45:21+0700: Eigen (CPU) backend thread 0: Model version 8
2025-11-30 22:45:21+0700: Eigen (CPU) backend thread 0: Model name: b6c96-s20302336-d3388395
2025-11-30 22:45:21+0700: Eigen (CPU) backend thread 4: Model version 8
2025-11-30 22:45:21+0700: Eigen (CPU) backend thread 4: Model name: b6c96-s20302336-d3388395
2025-11-30 22:45:21+0700: Eigen (CPU) backend thread 5: Model version 8
2025-11-30 22:45:21+0700: Eigen (CPU) backend thread 5: Model name: b6c96-s20302336-d3388395
2025-11-30 22:45:21+0700: Eigen (CPU) backend thread 6: Model version 8
2025-11-30 22:45:21+0700: Eigen (CPU) backend thread 6: Model name: b6c96-s20302336-d3388395
2025-11-30 22:45:21+0700: Eigen (CPU) backend thread 3: Model version 8
2025-11-30 22:45:21+0700: Eigen (CPU) backend thread 2: Model version 8
2025-11-30 22:45:21+0700: Eigen (CPU) backend thread 1: Model version 8
2025-11-30 22:45:21+0700: Eigen (CPU) backend thread 1: Model name: b6c96-s20302336-d3388395
2025-11-30 22:45:21+0700: Eigen (CPU) backend thread 3: Model name: b6c96-s20302336-d3388395
2025-11-30 22:45:21+0700: Eigen (CPU) backend thread 2: Model name: b6c96-s20302336-d3388395
2025-11-30 22:45:21+0700: Loaded neural net with nnXLen 19 nnYLen 19
2025-11-30 22:45:21+0700: Initializing board with boardXSize 19 boardYSize 19
2025-11-30 22:45:21+0700: Loaded config default_gtp.cfg
2025-11-30 22:45:21+0700: Loaded model model.gz
2025-11-30 22:45:21+0700: Model name: b6c96-s20302336-d3388395
2025-11-30 22:45:21+0700: GTP ready, beginning main protocol loop
2025-11-30 22:45:44+0700: Controller: set_position w J8 w H8 b G8 w J7 b J6 b K7 w H6 b J9 w K8 b F7 w H9 b G6 w H5 b H7
2025-11-30 22:45:44+0700: = 
2025-11-30 22:45:47+0700: Controller: genmove w
2025-11-30 22:45:48+0700: MoveNum: 0 HASH: 8CD15855C88B54984FF29A41F3652860
   A B C D E F G H J K L M N O P Q R S T
19 . . . . . . . . . . . . . . . . . . .
18 . . . . . . . . . . . . . . . . . . .
17 . . . . . . . . . . . . . . . . . . .
16 . . . . . . . . . . . . . . . . . . .
15 . . . . . . . . . . . . . . . . . . .
14 . . . . . . . . . . . . . . . . . . .
13 . . . . . . . . . . . . . . . . . . .
12 . . . . . . . . . . . . . . . . . . .
11 . . . . . . . . . . . . . . . . . . .
10 . . . . . . . . . . . . . . . . . . .
 9 . . . . . . @ O X . . . . . . . . . .
 8 . . . . . . X O O O . . . . . . . . .
 7 . . . . . X . X O X . . . . . . . . .
 6 . . . . . . X O X . . . . . . . . . .
 5 . . . . . . . O . . . . . . . . . . .
 4 . . . . . . . . . . . . . . . . . . .
 3 . . . . . . . . . . . . . . . . . . .
 2 . . . . . . . . . . . . . . . . . . .
 1 . . . . . . . . . . . . . . . . . . .

koPOSITIONALscoreAREAtaxNONEsui1komi7.5
Time taken: 1.203
Root visits: 315
New playouts: 315
NN rows: 315
NN batches: 201
NN avg batch size: 1.56716
PV: G9 F9 G7
Tree:
: T  17.24c W  18.48c S  -1.27c (+10.3 L +37.1) N     315  --  G9 F9 G7
---White(^)---
G9  : T  39.68c W  38.41c S   2.06c (+16.3 L +42.7) LCB   21.73c P  7.53% WF  27.4 PSV     168 N      27  --  G9 F9 G7
G7  : T  29.81c W  28.63c S   0.51c (+13.6 L +43.2) LCB    8.24c P 11.38% WF  85.1 PSV      80 N      86  --  G7 E8 G5 L8
K6  : T  20.45c W  21.38c S  -0.96c (+10.9 L +32.7) LCB   -3.32c P  6.29% WF   9.0 PSV       8 N       9  --  K6 G5
J10 : T  38.36c W  36.06c S   2.20c (+16.5 L +33.5) LCB   -9.62c P  4.30% WF   6.3 PSV       6 N       6  --  J10 G5
pss : T   0.52c W   8.58c S  -5.03c ( +3.4 L  +3.5) LCB  -47.85c P  6.67% WF   6.5 PSV       3 N       7  --  pass G7 pass
K9  : T -18.62c W -12.20c S  -6.42c ( +0.4 L +36.5) LCB -368.62c P  3.81% WF   0.9 PSV       1 N       1  --  K9
L7  : T  -3.38c W   0.67c S  -4.05c ( +5.1 L +45.0) LCB -353.38c P  2.89% WF   0.9 PSV       1 N       1  --  L7
G5  : T  -2.59c W   1.46c S  -4.06c ( +4.9 L +51.0) LCB -352.59c P  2.60% WF   0.9 PSV       1 N       1  --  G5
J5  : T  -8.77c W  -4.08c S  -4.69c ( +3.6 L +51.2) LCB -358.77c P  2.58% WF   0.9 PSV       1 N       1  --  J5
Q3  : T  22.58c W  23.50c S  -0.37c (+12.0 L +31.4) LCB   -3.73c P  0.15% WF  15.1 PSV       0 N      15  --  Q3 G9 P4

2025-11-30 22:45:48+0700: = G9
2025-11-30 22:46:02+0700: Controller: genmove b
2025-11-30 22:46:03+0700: MoveNum: 1 HASH: 12BE2D62A97CB1A796C0BD5B9552F414
   A B C D E F G H J K L M N O P Q R S T
19 . . . . . . . . . . . . . . . . . . .
18 . . . . . . . . . . . . . . . . . . .
17 . . . . . . . . . . . . . . . . . . .
16 . . . . . . . . . . . . . . . . . . .
15 . . . . . . . . . . . . . . . . . . .
14 . . . . . . . . . . . . . . . . . . .
13 . . . . . . . . . . . . . . . . . . .
12 . . . . . . . . . . . . . . . . . . .
11 . . . . . . . . . . . . . . . . . . .
10 . . . . . . . . . . . . . . . . . . .
 9 . . . . . . O1O X . . . . . . . . . .
 8 . . . . . . X O O O . . . . . . . . .
 7 . . . . . X . X O X . . . . . . . . .
 6 . . . . . . X O X . . . . . . . . . .
 5 . . . . . @ . O . . . . . . . . . . .
 4 . . . . . . . . . . . . . . . . . . .
 3 . . . . . . . . . . . . . . . . . . .
 2 . . . . . . . . . . . . . . . . . . .
 1 . . . . . . . . . . . . . . . . . . .

koPOSITIONALscoreAREAtaxNONEsui1komi7.5
Time taken: 1.078
Root visits: 315
New playouts: 288
NN rows: 288
NN batches: 186
NN avg batch size: 1.54839
PV: G5 H4 F9
Tree:
: T -23.78c W -23.02c S  -0.51c (-11.5 L -39.5) N     315  --  G5 H4 F9
---Black(^)---
G5  : T  -1.20c W  -2.51c S   3.10c ( -4.9 L -33.6) LCB  -26.46c P  3.90% WF  37.9 PSV     101 N      40  --  G5 H4 F9
F5  : T -10.58c W -11.02c S   1.21c ( -8.4 L -36.5) LCB  -33.39c P  1.27% WF  70.6 PSV      67 N      73  --  F5 E6 E4
F9  : T -12.36c W -13.26c S   1.09c ( -8.6 L -38.7) LCB  -32.25c P  8.91% WF  60.4 PSV      58 N      59  --  F9 G7 F8 F10
G7  : T -15.56c W -18.05c S   0.02c (-10.5 L -35.8) LCB  -47.37c P  7.76% WF  17.3 PSV      17 N      17  --  G7 G5 F5 F4
L8  : T   9.29c W   2.13c S   4.05c ( -3.0 L -44.8) LCB  -17.39c P  4.04% WF   9.7 PSV       9 N       9  --  L8 pass
H10 : T -64.70c W -57.94c S  -6.76c (-22.5 L -46.8) LCB -414.70c P  4.77% WF   0.9 PSV       1 N       1  --  H10
G10 : T -55.73c W -50.21c S  -5.53c (-20.5 L -45.5) LCB -405.73c P  3.99% WF   0.9 PSV       1 N       1  --  G10
J5  : T -50.15c W -45.36c S  -4.79c (-19.0 L -43.2) LCB -400.15c P  3.84% WF   0.9 PSV       1 N       1  --  J5
K9  : T -63.88c W -57.22c S  -6.66c (-22.4 L -50.8) LCB -413.88c P  3.13% WF   0.9 PSV       1 N       1  --  K9
E8  : T -37.13c W -34.01c S  -3.12c (-15.9 L -34.8) LCB -387.13c P  2.29% WF   1.0 PSV       1 N       1  --  E8

2025-11-30 22:46:03+0700: = F5
2025-11-30 22:46:09+0700: Controller: genmove w
2025-11-30 22:46:10+0700: MoveNum: 2 HASH: A6B09E9D8C3ED0E96A6C191726F49985
   A B C D E F G H J K L M N O P Q R S T
19 . . . . . . . . . . . . . . . . . . .
18 . . . . . . . . . . . . . . . . . . .
17 . . . . . . . . . . . . . . . . . . .
16 . . . . . . . . . . . . . . . . . . .
15 . . . . . . . . . . . . . . . . . . .
14 . . . . . . . . . . . . . . . . . . .
13 . . . . . . . . . . . . . . . . . . .
12 . . . . . . . . . . . . . . . . . . .
11 . . . . . . . . . . . . . . . . . . .
10 . . . . . . . . . . . . . . . . . . .
 9 . . . . . . O1O X . . . . . . . . . .
 8 . . . . . . X O O O . . . . . . . . .
 7 . . . . . X . X O X . . . . . . . . .
 6 . . . . . . X O X . . . . . . . . . .
 5 . . . @ . X2. O . . . . . . . . . . .
 4 . . . . . . . . . . . . . . . . . . .
 3 . . . . . . . . . . . . . . . . . . .
 2 . . . . . . . . . . . . . . . . . . .
 1 . . . . . . . . . . . . . . . . . . .

koPOSITIONALscoreAREAtaxNONEsui1komi7.5
Time taken: 1.078
Root visits: 313
New playouts: 240
NN rows: 239
NN batches: 155
NN avg batch size: 1.54194
PV: D5 L8 E4 K9 G7
Tree:
: T  11.70c W  10.49c S   1.28c ( +7.8 L +35.6) N     313  --  D5 L8 E4 K9 G7
---White(^)---
D5  : T  26.76c W  22.58c S   3.84c (+12.2 L +37.3) LCB    6.63c P  0.39% WF  44.4 PSV      99 N      42  --  D5 L8 E4 K9 G7
G7  : T  21.46c W  18.51c S   2.87c (+10.6 L +40.9) LCB    2.69c P 14.36% WF  76.6 PSV      73 N      93  --  G7 F3 F8 G4 G5
pss : T  17.37c W  17.16c S   0.70c ( +6.7 L +14.2) LCB   -9.01c P  8.06% WF  21.2 PSV      18 N      22  --  pass H4 pass
E6  : T  18.72c W  16.57c S   2.32c ( +9.6 L +35.5) LCB   -3.70c P  1.20% WF  49.0 PSV       3 N      48  --  E6 F9 D5
G5  : T   5.05c W   6.47c S   0.82c ( +6.9 L +34.1) LCB  -44.71c P  3.17% WF  10.5 PSV       2 N      11  --  G5 E6 F4
E5  : T  12.40c W  11.99c S   1.38c ( +7.9 L +26.5) LCB  -24.21c P  1.06% WF  12.0 PSV       1 N      13  --  E5 E6 F4
F8  : T -30.56c W -25.87c S  -4.69c ( -3.1 L +41.4) LCB -380.56c P  5.30% WF   0.9 PSV       1 N       1  --  F8
J10 : T -29.93c W -24.75c S  -5.18c ( -3.9 L +31.1) LCB -379.93c P  3.18% WF   0.9 PSV       0 N       1  --  J10
K6  : T -43.06c W -37.13c S  -5.93c ( -5.7 L +41.6) LCB -393.06c P  2.74% WF   0.8 PSV       0 N       1  --  K6
H10 : T -29.87c W -25.09c S  -4.78c ( -3.2 L +36.9) LCB -379.87c P  2.51% WF   0.9 PSV       0 N       1  --  H10

2025-11-30 22:46:10+0700: = D5
