2025-11-28 17:37:44+0700: Running with following config:
allowResignation = true
lagBuffer = 0.0
logAllGTPCommunication = true
logDir = gtp_logs
logSearchInfo = true
logSearchInfoForChosenMove = false
logToStderr = false
maxPlayouts = 500
maxPlayoutsPondering = 3000
maxTime = 0.5
maxTimePondering = 60.0
maxVisits = 300
maxVisitsPondering = 5000
numSearchThreads = 16
ponderingEnabled = false
resignConsecTurns = 3
resignThreshold = -0.90
rules = tromp-taylor
searchFactorAfterOnePass = 0.50
searchFactorAfterTwoPass = 0.25
searchFactorWhenWinning = 0.40
searchFactorWhenWinningThreshold = 0.95

2025-11-28 17:37:44+0700: GTP Engine starting...
2025-11-28 17:37:44+0700: KataGo v1.14.0
2025-11-28 17:37:44+0700: Using TrompTaylor rules initially, unless GTP/GUI overrides this
2025-11-28 17:37:44+0700: Using 16 CPU thread(s) for search
2025-11-28 17:37:44+0700: nnRandSeed0 = 3903828331458993753
2025-11-28 17:37:44+0700: After dedups: nnModelFile0 = model.gz useFP16 auto useNHWC auto
2025-11-28 17:37:44+0700: Initializing neural net buffer to be size 19 * 19 exactly
2025-11-28 17:37:45+0700: Eigen (CPU) backend thread 2: Model version 8
2025-11-28 17:37:45+0700: Eigen (CPU) backend thread 2: Model name: b6c96-s1995008-d1329786
2025-11-28 17:37:45+0700: Eigen (CPU) backend thread 1: Model version 8
2025-11-28 17:37:45+0700: Eigen (CPU) backend thread 1: Model name: b6c96-s1995008-d1329786
2025-11-28 17:37:45+0700: Eigen (CPU) backend thread 3: Model version 8
2025-11-28 17:37:45+0700: Eigen (CPU) backend thread 3: Model name: b6c96-s1995008-d1329786
2025-11-28 17:37:45+0700: Eigen (CPU) backend thread 4: Model version 8
2025-11-28 17:37:45+0700: Eigen (CPU) backend thread 4: Model name: b6c96-s1995008-d1329786
2025-11-28 17:37:45+0700: Eigen (CPU) backend thread 5: Model version 8
2025-11-28 17:37:45+0700: Eigen (CPU) backend thread 5: Model name: b6c96-s1995008-d1329786
2025-11-28 17:37:45+0700: Eigen (CPU) backend thread 6: Model version 8
2025-11-28 17:37:45+0700: Eigen (CPU) backend thread 6: Model name: b6c96-s1995008-d1329786
2025-11-28 17:37:45+0700: Eigen (CPU) backend thread 7: Model version 8
2025-11-28 17:37:45+0700: Eigen (CPU) backend thread 7: Model name: b6c96-s1995008-d1329786
2025-11-28 17:37:45+0700: Eigen (CPU) backend thread 0: Model version 8
2025-11-28 17:37:45+0700: Eigen (CPU) backend thread 0: Model name: b6c96-s1995008-d1329786
2025-11-28 17:37:45+0700: Loaded neural net with nnXLen 19 nnYLen 19
2025-11-28 17:37:45+0700: Initializing board with boardXSize 19 boardYSize 19
2025-11-28 17:37:45+0700: Loaded config default_gtp.cfg
2025-11-28 17:37:45+0700: Loaded model model.gz
2025-11-28 17:37:45+0700: Model name: b6c96-s1995008-d1329786
2025-11-28 17:37:45+0700: GTP ready, beginning main protocol loop
2025-11-28 17:37:45+0700: Controller: version
2025-11-28 17:37:45+0700: = 1.14.0
2025-11-28 17:37:45+0700: Controller: genmove b
2025-11-28 17:37:45+0700: MoveNum: 0 HASH: CDCBC1F514D7E680FACD226074256633
   A B C D E F G H J K L M N O P Q R S T
19 . . . . . . . . . . . . . . . . . . .
18 . . . . . . . . . . . . . . . . . . .
17 . . . . . . . . . . . . . . . . . . .
16 . . . . . . . . . . . . . . . . . . .
15 . . . . . . . . . . . . . . . . . . .
14 . . . . . . . . . . . . . . . . . . .
13 . . . . . . . . . . . . . . . . . . .
12 . . . . . . . . . . . . . . . . . . .
11 . . . . . . . . . . . @ . . . . . . .
10 . . . . . . . . . . . . . . . . . . .
 9 . . . . . . . . . . . . . . . . . . .
 8 . . . . . . . . . . . . . . . . . . .
 7 . . . . . . . . . . . . . . . . . . .
 6 . . . . . . . . . . . . . . . . . . .
 5 . . . . . . . . . . . . . . . . . . .
 4 . . . . . . . . . . . . . . . . . . .
 3 . . . . . . . . . . . . . . . . . . .
 2 . . . . . . . . . . . . . . . . . . .
 1 . . . . . . . . . . . . . . . . . . .

koPOSITIONALscoreAREAtaxNONEsui1komi7.5
Time taken: 0.547
Root visits: 124
New playouts: 124
NN rows: 124
NN batches: 81
NN avg batch size: 1.53086
PV: Q12 B1 pass
Tree:
: T   0.10c W   5.91c S   1.97c ( +7.8 L  -2.5) N     124  --  Q12 B1 pass
---Black(^)---
Q12 : T  -3.07c W   4.42c S   1.79c ( +7.3 L  -2.6) LCB -126.14c P  0.27% WF   3.0 PSV       3 N       3  --  Q12 B1 pass
T19 : T  -6.86c W   1.08c S   1.12c ( +5.4 L  -3.0) LCB -129.33c P  0.30% WF   3.0 PSV       3 N       3  --  T19 B1 pass
T18 : T  -7.13c W   0.83c S   1.05c ( +5.2 L  -3.0) LCB -131.14c P  0.30% WF   3.0 PSV       3 N       3  --  T18 S18 pass
T17 : T  -6.76c W   1.38c S   1.13c ( +5.4 L  -2.8) LCB -130.49c P  0.29% WF   3.0 PSV       3 N       3  --  T17 A18 pass
T16 : T  -6.26c W   1.70c S   1.23c ( +5.7 L  -2.9) LCB -129.44c P  0.28% WF   3.0 PSV       3 N       3  --  T16 A2 pass
T10 : T  -6.33c W   1.79c S   1.25c ( +5.8 L  -2.9) LCB -129.56c P  0.28% WF   3.0 PSV       3 N       3  --  T10 B1 pass
T11 : T  -6.23c W   1.61c S   1.16c ( +5.5 L  -2.8) LCB -128.89c P  0.28% WF   3.0 PSV       3 N       3  --  T11 B1 pass
T12 : T  -6.24c W   1.50c S   1.16c ( +5.5 L  -2.9) LCB -129.74c P  0.28% WF   3.0 PSV       3 N       3  --  T12 A2 pass
T13 : T  -5.84c W   2.06c S   1.29c ( +5.8 L  -2.7) LCB -128.13c P  0.28% WF   3.0 PSV       3 N       3  --  T13 B1 pass
T15 : T  -5.81c W   2.12c S   1.34c ( +6.0 L  -2.8) LCB -128.06c P  0.28% WF   3.0 PSV       3 N       3  --  T15 B19 pass

2025-11-28 17:37:45+0700: = M11
2025-11-28 17:37:45+0700: Controller: genmove b
2025-11-28 17:37:46+0700: MoveNum: 0 HASH: FE178B26861FBC0EE6DB9EAB6006626C
   A B C D E F G H J K L M N O P Q R S T
19 . . . . . . . . . . . . . . . . . . .
18 . . . . . . . . . . . . . . . . . . .
17 . . . . . . . . . . . . . . . . . . .
16 . . . . . . . . . . . . . . . . . . .
15 . . . . . . . . . . . . . . . . . . .
14 . . . . . . . . . . . . . . . . . . .
13 . . . . . . . . . . . @ . . . . . . .
12 . . . . . . . . . . . . . . . . . . .
11 . . . . . . . . . . . X . . . . . . .
10 . . . . . . . . . . . . . . . . . . .
 9 . . . . . . . . . . . . . . . . . . .
 8 . . . . . . . . . . . . . . . . . . .
 7 . . . . . . . . . . . . . . . . . . .
 6 . . . . . . . . . . . . . . . . . . .
 5 . . . . . . . . . . . . . . . . . . .
 4 . . . . . . . . . . . . . . . . . . .
 3 . . . . . . . . . . . . . . . . . . .
 2 . . . . . . . . . . . . . . . . . . .
 1 . . . . . . . . . . . . . . . . . . .

koPOSITIONALscoreAREAtaxNONEsui1komi7.5
Time taken: 0.531
Root visits: 134
New playouts: 134
NN rows: 134
NN batches: 88
NN avg batch size: 1.52273
PV: N12
Tree:
: T  31.74c W  38.43c S  -6.72c (+28.4 L  +2.0) N     134  --  N12
---Black(^)---
N12 : T  32.45c W  39.05c S  -6.60c (+28.7 L  +2.0) LCB -317.55c P  0.30% WF   1.0 PSV       1 N       1  --  N12
pss : T  28.95c W  36.22c S  -7.27c (+26.6 L  +1.6) LCB -321.05c P  0.58% WF   1.0 PSV       1 N       1  --  pass
M12 : T  32.10c W  38.71c S  -6.62c (+28.6 L  +2.0) LCB -317.90c P  0.31% WF   1.0 PSV       1 N       1  --  M12
L10 : T  32.11c W  38.79c S  -6.68c (+28.4 L  +1.9) LCB -317.89c P  0.30% WF   1.0 PSV       1 N       1  --  L10
M9  : T  32.22c W  38.87c S  -6.65c (+28.5 L  +2.0) LCB -317.78c P  0.30% WF   1.0 PSV       1 N       1  --  M9
M10 : T  32.37c W  38.94c S  -6.57c (+28.7 L  +2.0) LCB -317.63c P  0.30% WF   1.0 PSV       1 N       1  --  M10
N10 : T  32.09c W  38.77c S  -6.68c (+28.4 L  +1.9) LCB -317.91c P  0.30% WF   1.0 PSV       1 N       1  --  N10
K10 : T  32.19c W  38.81c S  -6.61c (+28.6 L  +1.9) LCB -317.81c P  0.30% WF   1.0 PSV       1 N       1  --  K10
L9  : T  31.94c W  38.63c S  -6.69c (+28.4 L  +1.9) LCB -318.06c P  0.30% WF   1.0 PSV       1 N       1  --  L9
L11 : T  32.38c W  38.95c S  -6.57c (+28.7 L  +2.0) LCB -317.62c P  0.29% WF   1.0 PSV       1 N       1  --  L11

2025-11-28 17:37:46+0700: = M13
2025-11-28 17:37:46+0700: Controller: genmove b
2025-11-28 17:37:46+0700: MoveNum: 0 HASH: ED53E863E40EAEF06D75E92D28999C1A
   A B C D E F G H J K L M N O P Q R S T
19 . . . . . . . . . . . . . . . . . . .
18 . . . . . . . . . . . . . . . . . . .
17 . . . . . . . . . . . . . . . . . . .
16 . . . . . . . . . . . . . . . . . . .
15 . . . . . . . . . @ . . . . . . . . .
14 . . . . . . . . . . . . . . . . . . .
13 . . . . . . . . . . . X . . . . . . .
12 . . . . . . . . . . . . . . . . . . .
11 . . . . . . . . . . . X . . . . . . .
10 . . . . . . . . . . . . . . . . . . .
 9 . . . . . . . . . . . . . . . . . . .
 8 . . . . . . . . . . . . . . . . . . .
 7 . . . . . . . . . . . . . . . . . . .
 6 . . . . . . . . . . . . . . . . . . .
 5 . . . . . . . . . . . . . . . . . . .
 4 . . . . . . . . . . . . . . . . . . .
 3 . . . . . . . . . . . . . . . . . . .
 2 . . . . . . . . . . . . . . . . . . .
 1 . . . . . . . . . . . . . . . . . . .

koPOSITIONALscoreAREAtaxNONEsui1komi7.5
Time taken: 0.531
Root visits: 136
New playouts: 136
NN rows: 136
NN batches: 93
NN avg batch size: 1.46237
PlayoutDoublingAdvantage: -0.5
PV: M12
Tree:
: T  27.23c W  35.56c S  -8.36c (+25.5 L  +4.1) N     136  --  M12
---Black(^)---
M12 : T  27.56c W  35.78c S  -8.21c (+25.7 L  +4.2) LCB -322.44c P  0.33% WF   1.0 PSV       1 N       1  --  M12
pss : T  24.41c W  33.30c S  -8.89c (+23.9 L  +3.9) LCB -325.59c P  0.61% WF   1.0 PSV       1 N       1  --  pass
L12 : T  27.28c W  35.57c S  -8.29c (+25.4 L  +4.2) LCB -322.72c P  0.32% WF   1.0 PSV       1 N       1  --  L12
M10 : T  27.09c W  35.43c S  -8.34c (+25.3 L  +4.1) LCB -322.91c P  0.31% WF   1.0 PSV       1 N       1  --  M10
N13 : T  27.32c W  35.62c S  -8.30c (+25.5 L  +4.1) LCB -322.68c P  0.31% WF   1.0 PSV       1 N       1  --  N13
M14 : T  27.22c W  35.54c S  -8.31c (+25.5 L  +4.2) LCB -322.78c P  0.31% WF   1.0 PSV       1 N       1  --  M14
N14 : T  27.21c W  35.56c S  -8.35c (+25.4 L  +4.1) LCB -322.79c P  0.31% WF   1.0 PSV       1 N       1  --  N14
L10 : T  27.35c W  35.68c S  -8.33c (+25.4 L  +4.1) LCB -322.65c P  0.31% WF   1.0 PSV       1 N       1  --  L10
O12 : T  26.87c W  35.25c S  -8.38c (+25.2 L  +4.1) LCB -323.13c P  0.30% WF   1.0 PSV       1 N       1  --  O12
O14 : T  27.29c W  35.65c S  -8.36c (+25.5 L  +4.1) LCB -322.71c P  0.30% WF   1.0 PSV       1 N       1  --  O14

2025-11-28 17:37:46+0700: = K15
2025-11-28 17:37:46+0700: Controller: genmove b
2025-11-28 17:37:47+0700: MoveNum: 0 HASH: 2C380197C80F95F07CA7D485D198ABF0
   A B C D E F G H J K L M N O P Q R S T
19 . . . . . . . . . . . . . . . . . . .
18 . . . . . . . . . . . . . . . . . . .
17 . . . . . . . . . . . . . . . . . . .
16 . . . . . . . . . . . . . . . . . . .
15 . . . . . . . . . X . . . . . . . . .
14 . . . . . . . . . . . . . . . . . . .
13 . . . . . . . . . . . X . . . . . . .
12 . . . . . . . . . . . . . . . . . . .
11 . . . . . . . . . . . X . . . . . . .
10 . . . . . . . . . . . . . . . . . . .
 9 . . . . . . . . . . . . . . . . . . .
 8 . . . . . . . . . . . . @ . . . . . .
 7 . . . . . . . . . . . . . . . . . . .
 6 . . . . . . . . . . . . . . . . . . .
 5 . . . . . . . . . . . . . . . . . . .
 4 . . . . . . . . . . . . . . . . . . .
 3 . . . . . . . . . . . . . . . . . . .
 2 . . . . . . . . . . . . . . . . . . .
 1 . . . . . . . . . . . . . . . . . . .

koPOSITIONALscoreAREAtaxNONEsui1komi7.5
Time taken: 0.547
Root visits: 137
New playouts: 137
NN rows: 137
NN batches: 89
NN avg batch size: 1.53933
PlayoutDoublingAdvantage: -1.125
PV: N13
Tree:
: T  25.14c W  32.95c S  -7.84c (+25.3 L  +5.0) N     137  --  N13
---Black(^)---
N13 : T  25.66c W  33.34c S  -7.69c (+25.6 L  +5.1) LCB -324.34c P  0.32% WF   1.0 PSV       1 N       1  --  N13
pss : T  22.29c W  30.71c S  -8.43c (+23.5 L  +4.8) LCB -327.72c P  0.64% WF   1.0 PSV       1 N       1  --  pass
L12 : T  25.60c W  33.33c S  -7.73c (+25.5 L  +5.1) LCB -324.40c P  0.32% WF   1.0 PSV       1 N       1  --  L12
L11 : T  25.53c W  33.25c S  -7.72c (+25.5 L  +5.1) LCB -324.47c P  0.32% WF   1.0 PSV       1 N       1  --  L11
L15 : T  25.25c W  33.00c S  -7.75c (+25.4 L  +5.0) LCB -324.75c P  0.31% WF   1.0 PSV       1 N       1  --  L15
N11 : T  25.55c W  33.32c S  -7.77c (+25.5 L  +5.1) LCB -324.45c P  0.31% WF   1.0 PSV       1 N       1  --  N11
L13 : T  25.57c W  33.31c S  -7.73c (+25.5 L  +5.1) LCB -324.43c P  0.31% WF   1.0 PSV       1 N       1  --  L13
N14 : T  25.63c W  33.36c S  -7.73c (+25.5 L  +5.1) LCB -324.37c P  0.31% WF   1.0 PSV       1 N       1  --  N14
K12 : T  25.28c W  33.04c S  -7.76c (+25.4 L  +5.1) LCB -324.72c P  0.31% WF   1.0 PSV       1 N       1  --  K12
K11 : T  25.41c W  33.16c S  -7.75c (+25.4 L  +5.1) LCB -324.59c P  0.31% WF   1.0 PSV       1 N       1  --  K11

2025-11-28 17:37:47+0700: = N8
2025-11-28 17:37:47+0700: GPU -1 finishing, processed 65 rows 46 batches
2025-11-28 17:37:47+0700: GPU -1 finishing, processed 66 rows 43 batches
2025-11-28 17:37:47+0700: GPU -1 finishing, processed 65 rows 45 batches
2025-11-28 17:37:47+0700: GPU -1 finishing, processed 66 rows 42 batches
2025-11-28 17:37:47+0700: GPU -1 finishing, processed 66 rows 42 batches
2025-11-28 17:37:47+0700: GPU -1 finishing, processed 68 rows 45 batches
2025-11-28 17:37:47+0700: GPU -1 finishing, processed 69 rows 44 batches
2025-11-28 17:37:47+0700: GPU -1 finishing, processed 66 rows 44 batches
2025-11-28 17:37:47+0700: All cleaned up, quitting
