2025-11-28 16:54:21+0700: Running with following config:
allowResignation = true
lagBuffer = 0.0
logAllGTPCommunication = true
logDir = gtp_logs
logSearchInfo = true
logSearchInfoForChosenMove = false
logToStderr = false
maxPlayouts = 500
maxPlayoutsPondering = 3000
maxTime = 0.5
maxTimePondering = 60.0
maxVisits = 300
maxVisitsPondering = 5000
numSearchThreads = 16
ponderingEnabled = false
resignConsecTurns = 3
resignThreshold = -0.90
rules = tromp-taylor
searchFactorAfterOnePass = 0.50
searchFactorAfterTwoPass = 0.25
searchFactorWhenWinning = 0.40
searchFactorWhenWinningThreshold = 0.95

2025-11-28 16:54:21+0700: GTP Engine starting...
2025-11-28 16:54:21+0700: KataGo v1.14.0
2025-11-28 16:54:21+0700: Using TrompTaylor rules initially, unless GTP/GUI overrides this
2025-11-28 16:54:21+0700: Using 16 CPU thread(s) for search
2025-11-28 16:54:21+0700: nnRandSeed0 = 4961467026134274934
2025-11-28 16:54:21+0700: After dedups: nnModelFile0 = model.gz useFP16 auto useNHWC auto
2025-11-28 16:54:21+0700: Initializing neural net buffer to be size 19 * 19 exactly
2025-11-28 16:54:22+0700: Eigen (CPU) backend thread 4: Model version 8
2025-11-28 16:54:22+0700: Eigen (CPU) backend thread 4: Model name: b6c96-s1995008-d1329786
2025-11-28 16:54:22+0700: Eigen (CPU) backend thread 0: Model version 8
2025-11-28 16:54:22+0700: Eigen (CPU) backend thread 0: Model name: b6c96-s1995008-d1329786
2025-11-28 16:54:22+0700: Eigen (CPU) backend thread 2: Model version 8
2025-11-28 16:54:22+0700: Eigen (CPU) backend thread 2: Model name: b6c96-s1995008-d1329786
2025-11-28 16:54:22+0700: Eigen (CPU) backend thread 3: Model version 8
2025-11-28 16:54:22+0700: Eigen (CPU) backend thread 3: Model name: b6c96-s1995008-d1329786
2025-11-28 16:54:22+0700: Eigen (CPU) backend thread 5: Model version 8
2025-11-28 16:54:22+0700: Eigen (CPU) backend thread 5: Model name: b6c96-s1995008-d1329786
2025-11-28 16:54:22+0700: Eigen (CPU) backend thread 6: Model version 8
2025-11-28 16:54:22+0700: Eigen (CPU) backend thread 6: Model name: b6c96-s1995008-d1329786
2025-11-28 16:54:22+0700: Eigen (CPU) backend thread 7: Model version 8
2025-11-28 16:54:22+0700: Eigen (CPU) backend thread 7: Model name: b6c96-s1995008-d1329786
2025-11-28 16:54:22+0700: Eigen (CPU) backend thread 1: Model version 8
2025-11-28 16:54:22+0700: Eigen (CPU) backend thread 1: Model name: b6c96-s1995008-d1329786
2025-11-28 16:54:22+0700: Loaded neural net with nnXLen 19 nnYLen 19
2025-11-28 16:54:22+0700: Initializing board with boardXSize 19 boardYSize 19
2025-11-28 16:54:22+0700: Loaded config default_gtp.cfg
2025-11-28 16:54:22+0700: Loaded model model.gz
2025-11-28 16:54:22+0700: Model name: b6c96-s1995008-d1329786
2025-11-28 16:54:22+0700: GTP ready, beginning main protocol loop
2025-11-28 16:54:22+0700: Controller: version
2025-11-28 16:54:22+0700: = 1.14.0
2025-11-28 16:54:22+0700: Controller: genmove b
2025-11-28 16:54:22+0700: MoveNum: 0 HASH: CDCBC1F514D7E680FACD226074256633
   A B C D E F G H J K L M N O P Q R S T
19 . . . . . . . . . . . . . . . . . . .
18 . . . . . . . . . . . . . . . . . . .
17 . . . . . . . . . . . . . . . . . . .
16 . . . . . . . . . . . . . . . . . . .
15 . . . . . . . . . . . . . . . @ . . .
14 . . . . . . . . . . . . . . . . . . .
13 . . . . . . . . . . . . . . . . . . .
12 . . . . . . . . . . . . . . . . . . .
11 . . . . . . . . . . . . . . . . . . .
10 . . . . . . . . . . . . . . . . . . .
 9 . . . . . . . . . . . . . . . . . . .
 8 . . . . . . . . . . . . . . . . . . .
 7 . . . . . . . . . . . . . . . . . . .
 6 . . . . . . . . . . . . . . . . . . .
 5 . . . . . . . . . . . . . . . . . . .
 4 . . . . . . . . . . . . . . . . . . .
 3 . . . . . . . . . . . . . . . . . . .
 2 . . . . . . . . . . . . . . . . . . .
 1 . . . . . . . . . . . . . . . . . . .

koPOSITIONALscoreAREAtaxNONEsui1komi7.5
Time taken: 0.547
Root visits: 125
New playouts: 125
NN rows: 125
NN batches: 84
NN avg batch size: 1.4881
PV: T19 pass
Tree:
: T   0.70c W   6.46c S   2.09c ( +8.2 L  -2.3) N     125  --  T19 pass
---Black(^)---
T19 : T  74.60c W  60.45c S  12.54c (+36.8 L +11.2) LCB -112.90c P  0.27% WF   2.3 PSV       4 N       2  --  T19 pass
T17 : T  -7.10c W   0.86c S   1.08c ( +5.3 L  -3.0) LCB -130.67c P  0.28% WF   2.9 PSV       3 N       3  --  T17 S19 pass
T15 : T  -5.49c W   1.91c S   1.20c ( +5.6 L  -2.8) LCB -127.26c P  0.28% WF   3.0 PSV       3 N       3  --  T15 A2 pass
T14 : T  -5.76c W   2.08c S   1.28c ( +5.8 L  -2.8) LCB -128.80c P  0.28% WF   3.0 PSV       3 N       3  --  T14 A18 pass
T13 : T  -6.79c W   1.24c S   1.22c ( +5.7 L  -3.0) LCB -131.88c P  0.28% WF   3.0 PSV       3 N       3  --  T13 T14 pass
T12 : T  -5.67c W   2.25c S   1.34c ( +6.0 L  -2.8) LCB -127.84c P  0.28% WF   3.0 PSV       3 N       3  --  T12 B1 pass
T11 : T  -5.21c W   2.36c S   1.36c ( +6.0 L  -2.9) LCB -126.31c P  0.28% WF   3.0 PSV       3 N       3  --  T11 B19 pass
T10 : T  -6.39c W   1.71c S   1.23c ( +5.7 L  -2.9) LCB -129.64c P  0.28% WF   3.0 PSV       3 N       3  --  T10 B19 pass
T16 : T  -6.56c W   1.43c S   1.17c ( +5.5 L  -3.0) LCB -130.39c P  0.28% WF   3.0 PSV       3 N       3  --  T16 S19 pass
O14 : T  -5.71c W   2.12c S   1.22c ( +5.7 L  -2.9) LCB -132.76c P  0.28% WF   3.0 PSV       3 N       3  --  O14 O13 pass

2025-11-28 16:54:22+0700: = Q15
2025-11-28 16:54:22+0700: Controller: genmove b
2025-11-28 16:54:23+0700: MoveNum: 0 HASH: C478D0215E567B538C6B37669143E019
   A B C D E F G H J K L M N O P Q R S T
19 . . . . . . . . . . . . . . . . . . .
18 . . . . . . . . . . . . . . . . . . .
17 . . . . . . . . . . . . . . . @ . . .
16 . . . . . . . . . . . . . . . . . . .
15 . . . . . . . . . . . . . . . X . . .
14 . . . . . . . . . . . . . . . . . . .
13 . . . . . . . . . . . . . . . . . . .
12 . . . . . . . . . . . . . . . . . . .
11 . . . . . . . . . . . . . . . . . . .
10 . . . . . . . . . . . . . . . . . . .
 9 . . . . . . . . . . . . . . . . . . .
 8 . . . . . . . . . . . . . . . . . . .
 7 . . . . . . . . . . . . . . . . . . .
 6 . . . . . . . . . . . . . . . . . . .
 5 . . . . . . . . . . . . . . . . . . .
 4 . . . . . . . . . . . . . . . . . . .
 3 . . . . . . . . . . . . . . . . . . .
 2 . . . . . . . . . . . . . . . . . . .
 1 . . . . . . . . . . . . . . . . . . .

koPOSITIONALscoreAREAtaxNONEsui1komi7.5
Time taken: 0.531
Root visits: 142
New playouts: 142
NN rows: 142
NN batches: 95
NN avg batch size: 1.49474
PV: P14
Tree:
: T  31.05c W  37.86c S  -6.83c (+28.1 L  +1.9) N     142  --  P14
---Black(^)---
P14 : T  31.96c W  38.67c S  -6.72c (+28.4 L  +1.9) LCB -318.04c P  0.30% WF   1.0 PSV       1 N       1  --  P14
pss : T  28.31c W  35.66c S  -7.35c (+26.3 L  +1.6) LCB -321.69c P  0.57% WF   1.0 PSV       1 N       1  --  pass
Q14 : T  31.25c W  38.02c S  -6.78c (+28.1 L  +1.9) LCB -318.75c P  0.30% WF   1.0 PSV       1 N       1  --  Q14
Q16 : T  30.75c W  37.57c S  -6.81c (+27.9 L  +1.9) LCB -319.25c P  0.30% WF   1.0 PSV       1 N       1  --  Q16
Q17 : T  30.21c W  37.13c S  -6.92c (+27.6 L  +1.9) LCB -319.79c P  0.30% WF   1.0 PSV       1 N       1  --  Q17
P16 : T  31.05c W  37.86c S  -6.81c (+28.0 L  +1.8) LCB -318.95c P  0.30% WF   1.0 PSV       1 N       1  --  P16
R16 : T  30.74c W  37.61c S  -6.87c (+27.8 L  +1.9) LCB -319.26c P  0.29% WF   1.0 PSV       1 N       1  --  R16
P17 : T  30.61c W  37.49c S  -6.88c (+27.8 L  +1.8) LCB -319.39c P  0.29% WF   1.0 PSV       1 N       1  --  P17
R17 : T  30.04c W  37.04c S  -7.00c (+27.4 L  +1.9) LCB -319.96c P  0.29% WF   1.0 PSV       1 N       1  --  R17
O14 : T  31.33c W  38.08c S  -6.75c (+28.2 L  +1.8) LCB -318.67c P  0.29% WF   1.0 PSV       1 N       1  --  O14

2025-11-28 16:54:23+0700: = Q17
2025-11-28 16:54:23+0700: Controller: genmove b
2025-11-28 16:54:23+0700: MoveNum: 0 HASH: B0908BE907333E49FCA2E1D94E48122C
   A B C D E F G H J K L M N O P Q R S T
19 . . . . . . . . . . . . . . . . . . .
18 . . . . . . . . . . . . . . @ . . . .
17 . . . . . . . . . . . . . . . X . . .
16 . . . . . . . . . . . . . . . . . . .
15 . . . . . . . . . . . . . . . X . . .
14 . . . . . . . . . . . . . . . . . . .
13 . . . . . . . . . . . . . . . . . . .
12 . . . . . . . . . . . . . . . . . . .
11 . . . . . . . . . . . . . . . . . . .
10 . . . . . . . . . . . . . . . . . . .
 9 . . . . . . . . . . . . . . . . . . .
 8 . . . . . . . . . . . . . . . . . . .
 7 . . . . . . . . . . . . . . . . . . .
 6 . . . . . . . . . . . . . . . . . . .
 5 . . . . . . . . . . . . . . . . . . .
 4 . . . . . . . . . . . . . . . . . . .
 3 . . . . . . . . . . . . . . . . . . .
 2 . . . . . . . . . . . . . . . . . . .
 1 . . . . . . . . . . . . . . . . . . .

koPOSITIONALscoreAREAtaxNONEsui1komi7.5
Time taken: 0.531
Root visits: 137
New playouts: 137
NN rows: 137
NN batches: 91
NN avg batch size: 1.50549
PlayoutDoublingAdvantage: -0.5
PV: P14
Tree:
: T  25.68c W  34.28c S  -8.63c (+24.9 L  +4.0) N     137  --  P14
---Black(^)---
P14 : T  26.21c W  34.75c S  -8.54c (+25.1 L  +4.1) LCB -323.79c P  0.31% WF   1.0 PSV       1 N       1  --  P14
pss : T  23.14c W  32.20c S  -9.07c (+23.6 L  +3.9) LCB -326.86c P  0.60% WF   1.0 PSV       1 N       1  --  pass
Q16 : T  25.13c W  33.77c S  -8.64c (+24.7 L  +3.8) LCB -324.87c P  0.31% WF   1.0 PSV       1 N       1  --  Q16
P15 : T  25.61c W  34.19c S  -8.58c (+24.9 L  +3.9) LCB -324.39c P  0.31% WF   1.0 PSV       1 N       1  --  P15
Q14 : T  25.43c W  34.06c S  -8.63c (+24.9 L  +4.0) LCB -324.57c P  0.31% WF   1.0 PSV       1 N       1  --  Q14
O14 : T  25.88c W  34.53c S  -8.65c (+24.9 L  +4.1) LCB -324.12c P  0.31% WF   1.0 PSV       1 N       1  --  O14
P13 : T  26.13c W  34.73c S  -8.60c (+25.1 L  +4.1) LCB -323.87c P  0.30% WF   1.0 PSV       1 N       1  --  P13
Q13 : T  25.90c W  34.44c S  -8.54c (+25.1 L  +4.0) LCB -324.10c P  0.30% WF   1.0 PSV       1 N       1  --  Q13
R14 : T  25.61c W  34.24c S  -8.63c (+24.9 L  +4.0) LCB -324.39c P  0.30% WF   1.0 PSV       1 N       1  --  R14
Q18 : T  24.69c W  33.44c S  -8.75c (+24.4 L  +4.0) LCB -325.31c P  0.30% WF   1.0 PSV       1 N       1  --  Q18

2025-11-28 16:54:23+0700: = P18
2025-11-28 16:54:23+0700: Controller: genmove b
2025-11-28 16:54:24+0700: MoveNum: 0 HASH: 177CBDFDA3A69961B2A2A087F3C525B1
   A B C D E F G H J K L M N O P Q R S T
19 . . . . . @ . . . . . . . . . . . . .
18 . . . . . . . . . . . . . . X . . . .
17 . . . . . . . . . . . . . . . X . . .
16 . . . . . . . . . . . . . . . . . . .
15 . . . . . . . . . . . . . . . X . . .
14 . . . . . . . . . . . . . . . . . . .
13 . . . . . . . . . . . . . . . . . . .
12 . . . . . . . . . . . . . . . . . . .
11 . . . . . . . . . . . . . . . . . . .
10 . . . . . . . . . . . . . . . . . . .
 9 . . . . . . . . . . . . . . . . . . .
 8 . . . . . . . . . . . . . . . . . . .
 7 . . . . . . . . . . . . . . . . . . .
 6 . . . . . . . . . . . . . . . . . . .
 5 . . . . . . . . . . . . . . . . . . .
 4 . . . . . . . . . . . . . . . . . . .
 3 . . . . . . . . . . . . . . . . . . .
 2 . . . . . . . . . . . . . . . . . . .
 1 . . . . . . . . . . . . . . . . . . .

koPOSITIONALscoreAREAtaxNONEsui1komi7.5
Time taken: 0.547
Root visits: 140
New playouts: 140
NN rows: 140
NN batches: 92
NN avg batch size: 1.52174
PlayoutDoublingAdvantage: -1.125
PV: P13
Tree:
: T  21.84c W  30.16c S  -8.35c (+23.8 L  +4.7) N     140  --  P13
---Black(^)---
P13 : T  23.10c W  31.23c S  -8.12c (+24.4 L  +4.8) LCB -326.90c P  0.30% WF   1.0 PSV       1 N       1  --  P13
pss : T  18.79c W  27.77c S  -8.98c (+21.8 L  +4.3) LCB -331.21c P  0.63% WF   1.0 PSV       1 N       1  --  pass
Q16 : T  21.36c W  29.78c S  -8.42c (+23.5 L  +4.6) LCB -328.64c P  0.32% WF   1.0 PSV       1 N       1  --  Q16
P15 : T  21.51c W  29.92c S  -8.41c (+23.5 L  +4.6) LCB -328.49c P  0.32% WF   1.0 PSV       1 N       1  --  P15
O16 : T  23.02c W  31.05c S  -8.04c (+24.4 L  +4.8) LCB -326.98c P  0.31% WF   1.0 PSV       1 N       1  --  O16
P16 : T  21.52c W  29.93c S  -8.41c (+23.4 L  +4.7) LCB -328.48c P  0.31% WF   1.0 PSV       1 N       1  --  P16
P14 : T  22.42c W  30.61c S  -8.19c (+24.1 L  +4.7) LCB -327.58c P  0.31% WF   1.0 PSV       1 N       1  --  P14
Q14 : T  22.33c W  30.63c S  -8.30c (+23.9 L  +4.6) LCB -327.67c P  0.31% WF   1.0 PSV       1 N       1  --  Q14
P17 : T  21.98c W  30.26c S  -8.28c (+23.9 L  +4.9) LCB -328.02c P  0.31% WF   1.0 PSV       1 N       1  --  P17
O14 : T  22.41c W  30.74c S  -8.33c (+23.9 L  +4.9) LCB -327.59c P  0.31% WF   1.0 PSV       1 N       1  --  O14

2025-11-28 16:54:24+0700: = F19
2025-11-28 16:54:24+0700: GPU -1 finishing, processed 69 rows 45 batches
2025-11-28 16:54:24+0700: GPU -1 finishing, processed 69 rows 46 batches
2025-11-28 16:54:24+0700: GPU -1 finishing, processed 68 rows 47 batches
2025-11-28 16:54:24+0700: GPU -1 finishing, processed 67 rows 47 batches
2025-11-28 16:54:24+0700: GPU -1 finishing, processed 66 rows 42 batches
2025-11-28 16:54:24+0700: GPU -1 finishing, processed 70 rows 46 batches
2025-11-28 16:54:24+0700: GPU -1 finishing, processed 67 rows 44 batches
2025-11-28 16:54:24+0700: GPU -1 finishing, processed 68 rows 45 batches
2025-11-28 16:54:24+0700: All cleaned up, quitting
