2025-11-28 19:53:56+0700: Running with following config:
allowResignation = true
lagBuffer = 0.0
logAllGTPCommunication = true
logDir = gtp_logs
logSearchInfo = true
logSearchInfoForChosenMove = false
logToStderr = false
maxPlayouts = 500
maxPlayoutsPondering = 3000
maxTime = 0.5
maxTimePondering = 60.0
maxVisits = 300
maxVisitsPondering = 5000
numSearchThreads = 16
ponderingEnabled = false
resignConsecTurns = 3
resignThreshold = -0.90
rules = tromp-taylor
searchFactorAfterOnePass = 0.50
searchFactorAfterTwoPass = 0.25
searchFactorWhenWinning = 0.40
searchFactorWhenWinningThreshold = 0.95

2025-11-28 19:53:56+0700: GTP Engine starting...
2025-11-28 19:53:56+0700: KataGo v1.14.0
2025-11-28 19:53:56+0700: Using TrompTaylor rules initially, unless GTP/GUI overrides this
2025-11-28 19:53:56+0700: Using 16 CPU thread(s) for search
2025-11-28 19:53:56+0700: nnRandSeed0 = 2061239438702620846
2025-11-28 19:53:56+0700: After dedups: nnModelFile0 = model.gz useFP16 auto useNHWC auto
2025-11-28 19:53:56+0700: Initializing neural net buffer to be size 19 * 19 exactly
2025-11-28 19:53:56+0700: Eigen (CPU) backend thread 1: Model version 8
2025-11-28 19:53:56+0700: Eigen (CPU) backend thread 1: Model name: b6c96-s1995008-d1329786
2025-11-28 19:53:56+0700: Eigen (CPU) backend thread 3: Model version 8
2025-11-28 19:53:56+0700: Eigen (CPU) backend thread 3: Model name: b6c96-s1995008-d1329786
2025-11-28 19:53:56+0700: Eigen (CPU) backend thread 4: Model version 8
2025-11-28 19:53:56+0700: Eigen (CPU) backend thread 4: Model name: b6c96-s1995008-d1329786
2025-11-28 19:53:56+0700: Eigen (CPU) backend thread 5: Model version 8
2025-11-28 19:53:56+0700: Eigen (CPU) backend thread 5: Model name: b6c96-s1995008-d1329786
2025-11-28 19:53:56+0700: Eigen (CPU) backend thread 6: Model version 8
2025-11-28 19:53:56+0700: Eigen (CPU) backend thread 6: Model name: b6c96-s1995008-d1329786
2025-11-28 19:53:56+0700: Eigen (CPU) backend thread 0: Model version 8
2025-11-28 19:53:56+0700: Eigen (CPU) backend thread 0: Model name: b6c96-s1995008-d1329786
2025-11-28 19:53:56+0700: Eigen (CPU) backend thread 7: Model version 8
2025-11-28 19:53:56+0700: Eigen (CPU) backend thread 7: Model name: b6c96-s1995008-d1329786
2025-11-28 19:53:56+0700: Eigen (CPU) backend thread 2: Model version 8
2025-11-28 19:53:56+0700: Eigen (CPU) backend thread 2: Model name: b6c96-s1995008-d1329786
2025-11-28 19:53:56+0700: Loaded neural net with nnXLen 19 nnYLen 19
2025-11-28 19:53:56+0700: Initializing board with boardXSize 19 boardYSize 19
2025-11-28 19:53:56+0700: Loaded config default_gtp.cfg
2025-11-28 19:53:56+0700: Loaded model model.gz
2025-11-28 19:53:56+0700: Model name: b6c96-s1995008-d1329786
2025-11-28 19:53:56+0700: GTP ready, beginning main protocol loop
2025-11-28 19:53:56+0700: Controller: boardsize 2
2025-11-28 19:53:56+0700: GPU -1 finishing, processed 0 rows 0 batches
2025-11-28 19:53:56+0700: GPU -1 finishing, processed 0 rows 0 batches
2025-11-28 19:53:56+0700: GPU -1 finishing, processed 0 rows 0 batches
2025-11-28 19:53:56+0700: GPU -1 finishing, processed 0 rows 0 batches
2025-11-28 19:53:56+0700: GPU -1 finishing, processed 0 rows 0 batches
2025-11-28 19:53:56+0700: GPU -1 finishing, processed 0 rows 0 batches
2025-11-28 19:53:56+0700: GPU -1 finishing, processed 0 rows 0 batches
2025-11-28 19:53:56+0700: GPU -1 finishing, processed 0 rows 0 batches
2025-11-28 19:53:56+0700: Cleaned up old neural net and bot
2025-11-28 19:53:56+0700: nnRandSeed0 = 12523449022050945312
2025-11-28 19:53:56+0700: After dedups: nnModelFile0 = model.gz useFP16 auto useNHWC auto
2025-11-28 19:53:56+0700: Initializing neural net buffer to be size 2 * 2 exactly
2025-11-28 19:53:57+0700: Eigen (CPU) backend thread 1: Model version 8
2025-11-28 19:53:57+0700: Eigen (CPU) backend thread 1: Model name: b6c96-s1995008-d1329786
2025-11-28 19:53:57+0700: Eigen (CPU) backend thread 2: Model version 8
2025-11-28 19:53:57+0700: Eigen (CPU) backend thread 2: Model name: b6c96-s1995008-d1329786
2025-11-28 19:53:57+0700: Eigen (CPU) backend thread 0: Model version 8
2025-11-28 19:53:57+0700: Eigen (CPU) backend thread 0: Model name: b6c96-s1995008-d1329786
2025-11-28 19:53:57+0700: Eigen (CPU) backend thread 3: Model version 8
2025-11-28 19:53:57+0700: Eigen (CPU) backend thread 3: Model name: b6c96-s1995008-d1329786
2025-11-28 19:53:57+0700: Eigen (CPU) backend thread 4: Model version 8
2025-11-28 19:53:57+0700: Eigen (CPU) backend thread 4: Model name: b6c96-s1995008-d1329786
2025-11-28 19:53:57+0700: Eigen (CPU) backend thread 5: Model version 8
2025-11-28 19:53:57+0700: Eigen (CPU) backend thread 5: Model name: b6c96-s1995008-d1329786
2025-11-28 19:53:57+0700: Eigen (CPU) backend thread 6: Model version 8
2025-11-28 19:53:57+0700: Eigen (CPU) backend thread 6: Model name: b6c96-s1995008-d1329786
2025-11-28 19:53:57+0700: Eigen (CPU) backend thread 7: Model version 8
2025-11-28 19:53:57+0700: Eigen (CPU) backend thread 7: Model name: b6c96-s1995008-d1329786
2025-11-28 19:53:57+0700: Loaded neural net with nnXLen 2 nnYLen 2
2025-11-28 19:53:57+0700: Initializing board with boardXSize 2 boardYSize 2
2025-11-28 19:53:57+0700: = 
2025-11-28 19:53:57+0700: Controller: genmove b
2025-11-28 19:53:57+0700: MoveNum: 0 HASH: CEA26448910A5BF5F35A3098A28FEA31
   A B
 2 . @
 1 . .

koPOSITIONALscoreAREAtaxNONEsui1komi7.5
Time taken: 0.047
Root visits: 315
New playouts: 315
NN rows: 89
NN batches: 68
NN avg batch size: 1.30882
PV: B2 A1 A2 pass pass
Tree:
: T -111.91c W -79.29c S -13.06c ( -4.0 L  -4.3) N     315  --  B2 A1 A2 pass pass
---Black(^)---
B2  : T -111.10c W -78.34c S -12.37c ( -3.7 L  -4.0) LCB -125.16c P 20.46% WF 288.6 PSV     286 N     287  --  B2 A1 A2 pass pass
pss : T -126.22c W -93.88c S -27.27c ( -7.1 L  -7.3) LCB -156.13c P 18.35% WF  24.8 PSV      26 N      27  --  pass pass

2025-11-28 19:53:57+0700: = B2
2025-11-28 19:53:57+0700: Controller: genmove w
2025-11-28 19:53:57+0700: MoveNum: 1 HASH: 308FF3323471377AFEF87BE00BC77DFC
   A B
 2 . X1
 1 @ .

koPOSITIONALscoreAREAtaxNONEsui1komi7.5
Time taken: 0
Root visits: 302
New playouts: 30
NN rows: 2
NN batches: 2
NN avg batch size: 1
PV: A1 A2 pass B1 pass pass
Tree:
: T 101.31c W  82.49c S   3.43c ( +3.9 L  +4.1) N     302  --  A1 A2 pass B1 pass pass
---White(^)---
A1  : T 108.15c W  88.58c S   5.28c ( +4.5 L  +4.8) LCB   98.77c P 26.88% WF 282.3 PSV     267 N     268  --  A1 A2 pass B1 pass pass
A2  : T  10.85c W  -0.10c S  -5.66c ( -3.2 L  -2.5) LCB  -57.00c P 24.20% WF   8.3 PSV       5 N      14  --  A2 A1 pass B1 A2
pss : T  -3.55c W -10.80c S  -8.78c ( -5.1 L  -7.8) LCB  -74.22c P 23.92% WF   9.9 PSV       4 N      19  --  pass B1 A2 A1

2025-11-28 19:53:57+0700: = A1
2025-11-28 19:53:57+0700: Controller: genmove b
2025-11-28 19:53:57+0700: MoveNum: 2 HASH: 93B2ECE9EC0448C2C85C593F2893F20E
   A B
 2 . X1
 1 O2@

koPOSITIONALscoreAREAtaxNONEsui1komi7.5
Time taken: 0.015
Root visits: 315
New playouts: 183
NN rows: 5
NN batches: 4
NN avg batch size: 1.25
PV: B1 pass A2 pass pass
Tree:
: T -104.49c W -94.10c S  -4.40c ( -4.2 L  -4.4) N     315  --  B1 pass A2 pass pass
---Black(^)---
B1  : T -102.75c W -94.20c S  -3.57c ( -3.9 L  -4.2) LCB -109.30c P 28.00% WF 287.3 PSV     283 N     283  --  B1 pass A2 pass pass
pss : T -127.57c W -96.81c S -16.22c ( -7.2 L  -7.5) LCB -139.16c P 40.59% WF  26.7 PSV      22 N      31  --  pass pass

2025-11-28 19:53:57+0700: = B1
2025-11-28 19:53:57+0700: Controller: genmove w
2025-11-28 19:53:57+0700: MoveNum: 3 HASH: 09E34D0D550843F5F27EB02CAFDD90E9
   A B
 2 . X1
 1 O2X3

koPOSITIONALscoreAREAtaxNONEsui1komi7.5
Time taken: 0.016
Root visits: 301
New playouts: 18
NN rows: 1
NN batches: 1
NN avg batch size: 1
PV: pass A2 pass pass
Tree:
: T 106.52c W  94.20c S   4.46c ( +3.8 L  +4.0) N     301  --  pass A2 pass pass
---White(^)---
pss : T 109.18c W  98.04c S   5.56c ( +3.6 L  +3.6) LCB  105.24c P 50.03% WF 277.2 PSV     273 N     273  --  pass A2 pass pass
A2  : T  80.55c W  52.87c S   5.53c ( +6.7 L  +9.0) LCB   16.13c P 49.97% WF  22.8 PSV      23 N      27  --  A2 B1 B2 pass pass

2025-11-28 19:53:57+0700: = pass
2025-11-28 19:53:57+0700: Controller: genmove b
2025-11-28 19:53:57+0700: MoveNum: 4 HASH: 09E34D0D550843F5F27EB02CAFDD90E9
   A B
 2 @ X
 1 O1X2

koPOSITIONALscoreAREAtaxNONEsui1komi7.5
Time taken: 0
Root visits: 162
New playouts: 162
NN rows: 12
NN batches: 12
NN avg batch size: 1
PV: A2 pass pass
Tree:
: T -123.07c W -92.16c S -19.14c ( -4.5 L  -4.5) N     162  --  A2 pass pass
---Black(^)---
A2  : T -122.02c W -91.89c S -17.23c ( -3.6 L  -3.5) LCB -136.13c P 46.71% WF 101.8 PSV     101 N     106  --  A2 pass pass
pss : T -127.08c W -94.10c S -24.55c ( -6.4 L  -6.6) LCB -143.39c P 53.29% WF  53.8 PSV      55 N      55  --  pass pass

2025-11-28 19:53:57+0700: = resign
2025-11-28 19:53:57+0700: Controller: genmove w
2025-11-28 19:53:57+0700: MoveNum: 0 HASH: 09E34D0D550843F5F27EB02CAFDD90E9
   A B
 2 . X
 1 O X

koPOSITIONALscoreAREAtaxNONEsui1komi7.5
Time taken: 0.031
Root visits: 315
New playouts: 315
NN rows: 42
NN batches: 37
NN avg batch size: 1.13514
PV: pass A2 A1 B2 pass pass
Tree:
: T 101.48c W  69.21c S  17.95c ( +7.0 L  +7.5) N     315  --  pass A2 A1 B2 pass pass
---White(^)---
pss : T 106.90c W  73.15c S  19.44c ( +7.5 L  +8.0) LCB   91.90c P 50.03% WF 291.6 PSV     278 N     281  --  pass A2 A1 B2 pass pass
A2  : T  19.79c W   9.81c S   4.73c ( -0.4 L  -0.3) LCB  -31.20c P 49.97% WF  17.7 PSV      15 N      33  --  A2 B1 pass B2 pass A1 pass

2025-11-28 19:53:57+0700: = pass
2025-11-28 19:53:57+0700: Controller: genmove b
2025-11-28 19:53:57+0700: MoveNum: 1 HASH: 09E34D0D550843F5F27EB02CAFDD90E9
   A B
 2 @ X
 1 O X

koPOSITIONALscoreAREAtaxNONEsui1komi7.5
Time taken: 0.016
Root visits: 165
New playouts: 165
NN rows: 9
NN batches: 8
NN avg batch size: 1.125
PV: A2 A1 B2 pass pass
Tree:
: T -83.53c W -54.54c S -11.71c ( -6.3 L  -6.5) N     165  --  A2 A1 B2 pass pass
---Black(^)---
A2  : T -79.75c W -51.09c S -11.45c ( -6.4 L  -6.6) LCB -106.51c P 46.71% WF 145.3 PSV     141 N     145  --  A2 A1 B2 pass pass
pss : T -125.41c W -91.06c S -22.67c ( -6.1 L  -6.6) LCB -154.15c P 53.29% WF  14.8 PSV      19 N      19  --  pass pass

2025-11-28 19:53:57+0700: = A2
2025-11-28 19:53:57+0700: GPU -1 finishing, processed 18 rows 13 batches
2025-11-28 19:53:57+0700: GPU -1 finishing, processed 23 rows 20 batches
2025-11-28 19:53:57+0700: GPU -1 finishing, processed 17 rows 15 batches
2025-11-28 19:53:57+0700: GPU -1 finishing, processed 20 rows 15 batches
2025-11-28 19:53:57+0700: GPU -1 finishing, processed 20 rows 18 batches
2025-11-28 19:53:57+0700: GPU -1 finishing, processed 23 rows 18 batches
2025-11-28 19:53:57+0700: GPU -1 finishing, processed 19 rows 17 batches
2025-11-28 19:53:57+0700: GPU -1 finishing, processed 20 rows 16 batches
2025-11-28 19:53:57+0700: All cleaned up, quitting
