2025-11-28 12:27:10+0700: Running with following config:
allowResignation = true
lagBuffer = 0.0
logAllGTPCommunication = true
logDir = gtp_logs
logSearchInfo = true
logSearchInfoForChosenMove = false
logToStderr = false
maxPlayouts = 500
maxPlayoutsPondering = 3000
maxTime = 0.5
maxTimePondering = 60.0
maxVisits = 300
maxVisitsPondering = 5000
numSearchThreads = 16
ponderingEnabled = false
resignConsecTurns = 3
resignThreshold = -0.90
rules = tromp-taylor
searchFactorAfterOnePass = 0.50
searchFactorAfterTwoPass = 0.25
searchFactorWhenWinning = 0.40
searchFactorWhenWinningThreshold = 0.95

2025-11-28 12:27:10+0700: GTP Engine starting...
2025-11-28 12:27:10+0700: KataGo v1.14.0
2025-11-28 12:27:10+0700: Using TrompTaylor rules initially, unless GTP/GUI overrides this
2025-11-28 12:27:10+0700: Using 16 CPU thread(s) for search
2025-11-28 12:27:10+0700: nnRandSeed0 = 11769508149339831772
2025-11-28 12:27:10+0700: After dedups: nnModelFile0 = model.bin.gz useFP16 auto useNHWC auto
2025-11-28 12:27:10+0700: Initializing neural net buffer to be size 19 * 19 exactly
