2025-11-28 19:53:50+0700: Running with following config:
allowResignation = true
lagBuffer = 0.0
logAllGTPCommunication = true
logDir = gtp_logs
logSearchInfo = true
logSearchInfoForChosenMove = false
logToStderr = false
maxPlayouts = 500
maxPlayoutsPondering = 3000
maxTime = 0.5
maxTimePondering = 60.0
maxVisits = 300
maxVisitsPondering = 5000
numSearchThreads = 16
ponderingEnabled = false
resignConsecTurns = 3
resignThreshold = -0.90
rules = tromp-taylor
searchFactorAfterOnePass = 0.50
searchFactorAfterTwoPass = 0.25
searchFactorWhenWinning = 0.40
searchFactorWhenWinningThreshold = 0.95

2025-11-28 19:53:50+0700: GTP Engine starting...
2025-11-28 19:53:50+0700: KataGo v1.14.0
2025-11-28 19:53:50+0700: Using TrompTaylor rules initially, unless GTP/GUI overrides this
2025-11-28 19:53:50+0700: Using 16 CPU thread(s) for search
2025-11-28 19:53:50+0700: nnRandSeed0 = 8407635169314714341
2025-11-28 19:53:50+0700: After dedups: nnModelFile0 = model.gz useFP16 auto useNHWC auto
2025-11-28 19:53:50+0700: Initializing neural net buffer to be size 19 * 19 exactly
2025-11-28 19:53:50+0700: Eigen (CPU) backend thread 1: Model version 8
2025-11-28 19:53:50+0700: Eigen (CPU) backend thread 1: Model name: b6c96-s1995008-d1329786
2025-11-28 19:53:50+0700: Eigen (CPU) backend thread 2: Model version 8
2025-11-28 19:53:50+0700: Eigen (CPU) backend thread 2: Model name: b6c96-s1995008-d1329786
2025-11-28 19:53:50+0700: Eigen (CPU) backend thread 5: Model version 8
2025-11-28 19:53:50+0700: Eigen (CPU) backend thread 5: Model name: b6c96-s1995008-d1329786
2025-11-28 19:53:50+0700: Eigen (CPU) backend thread 3: Model version 8
2025-11-28 19:53:50+0700: Eigen (CPU) backend thread 4: Model version 8
2025-11-28 19:53:50+0700: Eigen (CPU) backend thread 6: Model version 8
2025-11-28 19:53:50+0700: Eigen (CPU) backend thread 6: Model name: b6c96-s1995008-d1329786
2025-11-28 19:53:50+0700: Eigen (CPU) backend thread 3: Model name: b6c96-s1995008-d1329786
2025-11-28 19:53:50+0700: Eigen (CPU) backend thread 4: Model name: b6c96-s1995008-d1329786
2025-11-28 19:53:50+0700: Eigen (CPU) backend thread 7: Model version 8
2025-11-28 19:53:50+0700: Eigen (CPU) backend thread 7: Model name: b6c96-s1995008-d1329786
2025-11-28 19:53:50+0700: Eigen (CPU) backend thread 0: Model version 8
2025-11-28 19:53:50+0700: Eigen (CPU) backend thread 0: Model name: b6c96-s1995008-d1329786
2025-11-28 19:53:50+0700: Loaded neural net with nnXLen 19 nnYLen 19
2025-11-28 19:53:50+0700: Initializing board with boardXSize 19 boardYSize 19
2025-11-28 19:53:50+0700: Loaded config default_gtp.cfg
2025-11-28 19:53:50+0700: Loaded model model.gz
2025-11-28 19:53:50+0700: Model name: b6c96-s1995008-d1329786
2025-11-28 19:53:50+0700: GTP ready, beginning main protocol loop
2025-11-28 19:53:50+0700: Controller: boardsize 2
2025-11-28 19:53:50+0700: GPU -1 finishing, processed 0 rows 0 batches
2025-11-28 19:53:50+0700: GPU -1 finishing, processed 0 rows 0 batches
2025-11-28 19:53:50+0700: GPU -1 finishing, processed 0 rows 0 batches
2025-11-28 19:53:50+0700: GPU -1 finishing, processed 0 rows 0 batches
2025-11-28 19:53:50+0700: GPU -1 finishing, processed 0 rows 0 batches
2025-11-28 19:53:50+0700: GPU -1 finishing, processed 0 rows 0 batches
2025-11-28 19:53:50+0700: GPU -1 finishing, processed 0 rows 0 batches
2025-11-28 19:53:50+0700: GPU -1 finishing, processed 0 rows 0 batches
2025-11-28 19:53:50+0700: Cleaned up old neural net and bot
2025-11-28 19:53:50+0700: nnRandSeed0 = 17691723046339467651
2025-11-28 19:53:50+0700: After dedups: nnModelFile0 = model.gz useFP16 auto useNHWC auto
2025-11-28 19:53:50+0700: Initializing neural net buffer to be size 2 * 2 exactly
2025-11-28 19:53:50+0700: Eigen (CPU) backend thread 2: Model version 8
2025-11-28 19:53:50+0700: Eigen (CPU) backend thread 2: Model name: b6c96-s1995008-d1329786
2025-11-28 19:53:50+0700: Eigen (CPU) backend thread 3: Model version 8
2025-11-28 19:53:50+0700: Eigen (CPU) backend thread 3: Model name: b6c96-s1995008-d1329786
2025-11-28 19:53:50+0700: Eigen (CPU) backend thread 1: Model version 8
2025-11-28 19:53:50+0700: Eigen (CPU) backend thread 1: Model name: b6c96-s1995008-d1329786
2025-11-28 19:53:50+0700: Eigen (CPU) backend thread 0: Model version 8
2025-11-28 19:53:50+0700: Eigen (CPU) backend thread 0: Model name: b6c96-s1995008-d1329786
2025-11-28 19:53:50+0700: Eigen (CPU) backend thread 4: Model version 8
2025-11-28 19:53:50+0700: Eigen (CPU) backend thread 4: Model name: b6c96-s1995008-d1329786
2025-11-28 19:53:50+0700: Eigen (CPU) backend thread 5: Model version 8
2025-11-28 19:53:50+0700: Eigen (CPU) backend thread 5: Model name: b6c96-s1995008-d1329786
2025-11-28 19:53:50+0700: Eigen (CPU) backend thread 6: Model version 8
2025-11-28 19:53:50+0700: Eigen (CPU) backend thread 6: Model name: b6c96-s1995008-d1329786
2025-11-28 19:53:50+0700: Eigen (CPU) backend thread 7: Model version 8
2025-11-28 19:53:50+0700: Eigen (CPU) backend thread 7: Model name: b6c96-s1995008-d1329786
2025-11-28 19:53:50+0700: Loaded neural net with nnXLen 2 nnYLen 2
2025-11-28 19:53:50+0700: Initializing board with boardXSize 2 boardYSize 2
2025-11-28 19:53:50+0700: = 
2025-11-28 19:53:50+0700: Controller: genmove b
2025-11-28 19:53:50+0700: MoveNum: 0 HASH: CEA26448910A5BF5F35A3098A28FEA31
   A B
 2 . @
 1 . .

koPOSITIONALscoreAREAtaxNONEsui1komi7.5
Time taken: 0.047
Root visits: 315
New playouts: 315
NN rows: 89
NN batches: 71
NN avg batch size: 1.25352
PV: B2 A2 A1 pass pass
Tree:
: T -110.77c W -77.30c S -11.27c ( -3.3 L  -3.8) N     315  --  B2 A2 A1 pass pass
---Black(^)---
B2  : T -110.03c W -76.34c S -10.58c ( -3.1 L  -3.5) LCB -123.29c P 20.46% WF 291.0 PSV     289 N     289  --  B2 A2 A1 pass pass
pss : T -125.52c W -93.31c S -26.75c ( -7.1 L  -7.3) LCB -157.96c P 18.35% WF  23.0 PSV      25 N      25  --  pass pass

2025-11-28 19:53:50+0700: = B2
2025-11-28 19:53:50+0700: Controller: genmove w
2025-11-28 19:53:50+0700: MoveNum: 1 HASH: 308FF3323471377AFEF87BE00BC77DFC
   A B
 2 @ X1
 1 . .

koPOSITIONALscoreAREAtaxNONEsui1komi7.5
Time taken: 0
Root visits: 302
New playouts: 31
NN rows: 1
NN batches: 1
NN avg batch size: 1
PV: A2 A1 pass pass
Tree:
: T 103.32c W  81.58c S   2.95c ( +3.3 L  +3.7) N     302  --  A2 A1 pass pass
---White(^)---
A2  : T 110.70c W  89.30c S   4.60c ( +3.6 L  +3.9) LCB  101.55c P 24.20% WF 263.3 PSV     249 N     249  --  A2 A1 pass pass
A1  : T  67.77c W  39.12c S   1.35c ( +3.0 L  +5.0) LCB   22.99c P 26.88% WF  31.7 PSV      12 N      41  --  A1 A2 pass B1 pass pass
pss : T  -9.83c W -15.09c S -11.52c ( -8.4 L -10.2) LCB  -94.70c P 23.92% WF   5.9 PSV       4 N      11  --  pass A2 A1

2025-11-28 19:53:50+0700: = A2
2025-11-28 19:53:50+0700: Controller: genmove b
2025-11-28 19:53:50+0700: MoveNum: 2 HASH: D7BCA7DD2338BA615EFBB9AD2135ED67
   A B
 2 O2X1
 1 @ .

koPOSITIONALscoreAREAtaxNONEsui1komi7.5
Time taken: 0.015
Root visits: 305
New playouts: 56
NN rows: 1
NN batches: 1
NN avg batch size: 1
PV: A1 pass pass
Tree:
: T -107.96c W -91.24c S  -3.83c ( -3.6 L  -3.8) N     305  --  A1 pass pass
---Black(^)---
A1  : T -106.32c W -92.94c S  -1.76c ( -2.8 L  -2.9) LCB -115.28c P 36.71% WF 158.2 PSV     189 N     156  --  A1 pass pass
B1  : T -106.75c W -88.71c S  -4.09c ( -3.9 L  -4.3) LCB -120.18c P 30.73% WF 120.2 PSV     117 N     119  --  B1 pass A1 pass pass
pss : T -128.17c W -96.32c S -18.37c ( -7.2 L  -7.4) LCB -141.40c P 32.57% WF  25.6 PSV      19 N      29  --  pass pass

2025-11-28 19:53:50+0700: = A1
2025-11-28 19:53:50+0700: Controller: genmove w
2025-11-28 19:53:50+0700: MoveNum: 3 HASH: 73DB1F91D52B279698436F10BF897AF3
   A B
 2 .2X1
 1 X3.

koPOSITIONALscoreAREAtaxNONEsui1komi7.5
Time taken: 0
Root visits: 315
New playouts: 160
NN rows: 2
NN batches: 2
NN avg batch size: 1
PV: pass pass
Tree:
: T 114.61c W  96.40c S   5.81c ( +3.2 L  +3.2) N     315  --  pass pass
---White(^)---
pss : T 115.17c W  96.85c S   6.24c ( +3.2 L  +3.3) LCB  110.76c P 100.00% WF 314.0 PSV     314 N     314  --  pass pass

2025-11-28 19:53:50+0700: = pass
2025-11-28 19:53:50+0700: Controller: genmove b
2025-11-28 19:53:50+0700: MoveNum: 4 HASH: 73DB1F91D52B279698436F10BF897AF3
   A B
 2 .1X
 1 X2@

koPOSITIONALscoreAREAtaxNONEsui1komi7.5
Time taken: 0.016
Root visits: 165
New playouts: 165
NN rows: 12
NN batches: 9
NN avg batch size: 1.33333
PV: B1 pass pass
Tree:
: T -126.87c W -93.17c S -30.20c ( -3.2 L  -3.1) N     165  --  B1 pass pass
---Black(^)---
B1  : T -126.31c W -92.41c S -30.08c ( -3.3 L  -3.2) LCB -138.51c P 34.30% WF 109.9 PSV     109 N     110  --  B1 pass pass
pss : T -131.47c W -97.43c S -31.71c ( -3.3 L  -3.2) LCB -139.76c P 44.79% WF  52.8 PSV      54 N      54  --  pass pass

2025-11-28 19:53:50+0700: = resign
2025-11-28 19:53:50+0700: Controller: genmove w
2025-11-28 19:53:50+0700: MoveNum: 0 HASH: 73DB1F91D52B279698436F10BF897AF3
   A B
 2 . X
 1 X .

koPOSITIONALscoreAREAtaxNONEsui1komi7.5
Time taken: 0.031
Root visits: 313
New playouts: 313
NN rows: 81
NN batches: 62
NN avg batch size: 1.30645
PV: pass A2 pass B1 A2 B1 pass B2 A1 B2 B1 pass pass
Tree:
: T  68.94c W  34.16c S  14.42c ( +3.5 L  +3.7) N     313  --  pass A2 pass B1 A2 B1 pass
---White(^)---
pss : T  69.32c W  34.42c S  14.49c ( +3.5 L  +3.8) LCB   52.90c P 100.00% WF 310.8 PSV     311 N     312  --  pass A2 pass B1 A2 B1 pass B2

2025-11-28 19:53:50+0700: = pass
2025-11-28 19:53:50+0700: Controller: genmove b
2025-11-28 19:53:50+0700: MoveNum: 1 HASH: 73DB1F91D52B279698436F10BF897AF3
   A B
 2 . X
 1 X @

koPOSITIONALscoreAREAtaxNONEsui1komi7.5
Time taken: 0
Root visits: 162
New playouts: 162
NN rows: 8
NN batches: 8
NN avg batch size: 1
PV: B1 A2 B1 pass B2 pass pass
Tree:
: T -67.94c W -31.04c S -16.94c ( -3.1 L  -3.1) N     162  --  B1 A2 B1 pass B2 pass pass
---Black(^)---
B1  : T -65.43c W -28.28c S -16.82c ( -3.2 L  -3.3) LCB  -87.46c P 34.30% WF 151.4 PSV     148 N     149  --  B1 A2 B1 pass B2 pass pass
pss : T -125.31c W -87.92c S -29.01c ( -2.8 L  -2.2) LCB -163.10c P 44.79% WF   8.8 PSV      12 N      12  --  pass pass

2025-11-28 19:53:50+0700: = B1
2025-11-28 19:53:51+0700: GPU -1 finishing, processed 24 rows 16 batches
2025-11-28 19:53:51+0700: GPU -1 finishing, processed 22 rows 17 batches
2025-11-28 19:53:51+0700: GPU -1 finishing, processed 24 rows 19 batches
2025-11-28 19:53:51+0700: GPU -1 finishing, processed 26 rows 24 batches
2025-11-28 19:53:51+0700: GPU -1 finishing, processed 26 rows 17 batches
2025-11-28 19:53:51+0700: GPU -1 finishing, processed 26 rows 22 batches
2025-11-28 19:53:51+0700: GPU -1 finishing, processed 22 rows 19 batches
2025-11-28 19:53:51+0700: GPU -1 finishing, processed 24 rows 20 batches
2025-11-28 19:53:51+0700: All cleaned up, quitting
