2025-11-28 17:41:36+0700: Running with following config:
allowResignation = true
lagBuffer = 0.0
logAllGTPCommunication = true
logDir = gtp_logs
logSearchInfo = true
logSearchInfoForChosenMove = false
logToStderr = false
maxPlayouts = 500
maxPlayoutsPondering = 3000
maxTime = 0.5
maxTimePondering = 60.0
maxVisits = 300
maxVisitsPondering = 5000
numSearchThreads = 16
ponderingEnabled = false
resignConsecTurns = 3
resignThreshold = -0.90
rules = tromp-taylor
searchFactorAfterOnePass = 0.50
searchFactorAfterTwoPass = 0.25
searchFactorWhenWinning = 0.40
searchFactorWhenWinningThreshold = 0.95

2025-11-28 17:41:36+0700: GTP Engine starting...
2025-11-28 17:41:36+0700: KataGo v1.14.0
2025-11-28 17:41:36+0700: Using TrompTaylor rules initially, unless GTP/GUI overrides this
2025-11-28 17:41:36+0700: Using 16 CPU thread(s) for search
2025-11-28 17:41:36+0700: nnRandSeed0 = 2288003880195725172
2025-11-28 17:41:36+0700: After dedups: nnModelFile0 = model.gz useFP16 auto useNHWC auto
2025-11-28 17:41:36+0700: Initializing neural net buffer to be size 19 * 19 exactly
2025-11-28 17:41:36+0700: Eigen (CPU) backend thread 1: Model version 8
2025-11-28 17:41:36+0700: Eigen (CPU) backend thread 1: Model name: b6c96-s1995008-d1329786
2025-11-28 17:41:36+0700: Eigen (CPU) backend thread 0: Model version 8
2025-11-28 17:41:36+0700: Eigen (CPU) backend thread 0: Model name: b6c96-s1995008-d1329786
2025-11-28 17:41:36+0700: Eigen (CPU) backend thread 3: Model version 8
2025-11-28 17:41:36+0700: Eigen (CPU) backend thread 3: Model name: b6c96-s1995008-d1329786
2025-11-28 17:41:36+0700: Eigen (CPU) backend thread 4: Model version 8
2025-11-28 17:41:36+0700: Eigen (CPU) backend thread 4: Model name: b6c96-s1995008-d1329786
2025-11-28 17:41:36+0700: Eigen (CPU) backend thread 5: Model version 8
2025-11-28 17:41:36+0700: Eigen (CPU) backend thread 5: Model name: b6c96-s1995008-d1329786
2025-11-28 17:41:36+0700: Eigen (CPU) backend thread 6: Model version 8
2025-11-28 17:41:36+0700: Eigen (CPU) backend thread 6: Model name: b6c96-s1995008-d1329786
2025-11-28 17:41:36+0700: Eigen (CPU) backend thread 7: Model version 8
2025-11-28 17:41:36+0700: Eigen (CPU) backend thread 7: Model name: b6c96-s1995008-d1329786
2025-11-28 17:41:36+0700: Eigen (CPU) backend thread 2: Model version 8
2025-11-28 17:41:36+0700: Eigen (CPU) backend thread 2: Model name: b6c96-s1995008-d1329786
2025-11-28 17:41:36+0700: Loaded neural net with nnXLen 19 nnYLen 19
2025-11-28 17:41:36+0700: Initializing board with boardXSize 19 boardYSize 19
2025-11-28 17:41:36+0700: Loaded config default_gtp.cfg
2025-11-28 17:41:36+0700: Loaded model model.gz
2025-11-28 17:41:36+0700: Model name: b6c96-s1995008-d1329786
2025-11-28 17:41:36+0700: GTP ready, beginning main protocol loop
2025-11-28 17:41:36+0700: Controller: version
2025-11-28 17:41:36+0700: = 1.14.0
2025-11-28 17:41:36+0700: Controller: genmove b
2025-11-28 17:41:37+0700: MoveNum: 0 HASH: CDCBC1F514D7E680FACD226074256633
   A B C D E F G H J K L M N O P Q R S T
19 . . . . . . . . . . . . . . . . . . .
18 . . . . . . . . . . . . . . . . . . .
17 . . . . . . . . . . . . . . . . . . .
16 . . . . . . . . . . . . . . . . . . .
15 . . . . . . . . . . . . . . @ . . . .
14 . . . . . . . . . . . . . . . . . . .
13 . . . . . . . . . . . . . . . . . . .
12 . . . . . . . . . . . . . . . . . . .
11 . . . . . . . . . . . . . . . . . . .
10 . . . . . . . . . . . . . . . . . . .
 9 . . . . . . . . . . . . . . . . . . .
 8 . . . . . . . . . . . . . . . . . . .
 7 . . . . . . . . . . . . . . . . . . .
 6 . . . . . . . . . . . . . . . . . . .
 5 . . . . . . . . . . . . . . . . . . .
 4 . . . . . . . . . . . . . . . . . . .
 3 . . . . . . . . . . . . . . . . . . .
 2 . . . . . . . . . . . . . . . . . . .
 1 . . . . . . . . . . . . . . . . . . .

koPOSITIONALscoreAREAtaxNONEsui1komi7.5
Time taken: 0.547
Root visits: 123
New playouts: 123
NN rows: 123
NN batches: 80
NN avg batch size: 1.5375
PV: Q15 S1 pass
Tree:
: T   0.97c W   6.52c S   2.06c ( +8.1 L  -2.4) N     123  --  Q15 S1 pass
---Black(^)---
Q15 : T  -2.78c W   4.38c S   1.67c ( +6.9 L  -2.6) LCB -124.47c P  0.28% WF   3.0 PSV       3 N       3  --  Q15 S1 pass
T17 : T  -6.30c W   1.65c S   1.21c ( +5.6 L  -2.9) LCB -128.90c P  0.28% WF   3.0 PSV       3 N       3  --  T17 B19 pass
T15 : T  -5.70c W   2.19c S   1.33c ( +6.0 L  -2.8) LCB -128.53c P  0.28% WF   3.0 PSV       3 N       3  --  T15 A2 pass
T10 : T  -6.09c W   1.72c S   1.18c ( +5.6 L  -2.9) LCB -128.50c P  0.28% WF   3.0 PSV       3 N       3  --  T10 B1 pass
T11 : T  -5.49c W   2.42c S   1.38c ( +6.1 L  -2.7) LCB -128.34c P  0.28% WF   3.0 PSV       3 N       3  --  T11 A18 pass
T12 : T  -5.32c W   2.07c S   1.23c ( +5.7 L  -2.8) LCB -127.14c P  0.28% WF   3.0 PSV       3 N       3  --  T12 A18 pass
T13 : T  -5.55c W   2.45c S   1.35c ( +6.0 L  -2.7) LCB -127.64c P  0.28% WF   3.0 PSV       3 N       3  --  T13 B19 pass
R10 : T  -3.37c W   4.19c S   1.75c ( +7.1 L  -2.6) LCB -126.26c P  0.28% WF   3.0 PSV       3 N       3  --  R10 S1 pass
R11 : T  -3.91c W   3.61c S   1.55c ( +6.6 L  -2.6) LCB -127.00c P  0.28% WF   3.0 PSV       3 N       3  --  R11 B1 pass
R12 : T  -3.58c W   4.02c S   1.70c ( +7.0 L  -2.6) LCB -126.78c P  0.28% WF   3.0 PSV       3 N       3  --  R12 A2 pass

2025-11-28 17:41:37+0700: = P15
2025-11-28 17:41:37+0700: Controller: genmove b
2025-11-28 17:41:37+0700: MoveNum: 0 HASH: C0C0FA6E16DE4F2BAC529CFBD5D16673
   A B C D E F G H J K L M N O P Q R S T
19 . . . . . . . . . . . . . . . . . . .
18 . . . . . . . . . . . . . . . . . . .
17 . . . . . . . . . . . . . . . . . . .
16 . . . . . . . . . . . . . . . . . . .
15 . . . . . . . . . . . . . . X . . @ .
14 . . . . . . . . . . . . . . . . . . .
13 . . . . . . . . . . . . . . . . . . .
12 . . . . . . . . . . . . . . . . . . .
11 . . . . . . . . . . . . . . . . . . .
10 . . . . . . . . . . . . . . . . . . .
 9 . . . . . . . . . . . . . . . . . . .
 8 . . . . . . . . . . . . . . . . . . .
 7 . . . . . . . . . . . . . . . . . . .
 6 . . . . . . . . . . . . . . . . . . .
 5 . . . . . . . . . . . . . . . . . . .
 4 . . . . . . . . . . . . . . . . . . .
 3 . . . . . . . . . . . . . . . . . . .
 2 . . . . . . . . . . . . . . . . . . .
 1 . . . . . . . . . . . . . . . . . . .

koPOSITIONALscoreAREAtaxNONEsui1komi7.5
Time taken: 0.531
Root visits: 131
New playouts: 131
NN rows: 131
NN batches: 87
NN avg batch size: 1.50575
PV: O13
Tree:
: T  31.33c W  38.11c S  -6.81c (+28.2 L  +2.0) N     131  --  O13
---Black(^)---
O13 : T  32.10c W  38.73c S  -6.63c (+28.6 L  +1.9) LCB -317.90c P  0.30% WF   1.0 PSV       1 N       1  --  O13
pss : T  28.60c W  35.94c S  -7.33c (+26.4 L  +1.6) LCB -321.40c P  0.58% WF   1.0 PSV       1 N       1  --  pass
O14 : T  31.64c W  38.39c S  -6.76c (+28.3 L  +1.9) LCB -318.36c P  0.30% WF   1.0 PSV       1 N       1  --  O14
P13 : T  31.94c W  38.65c S  -6.71c (+28.4 L  +1.9) LCB -318.06c P  0.30% WF   1.0 PSV       1 N       1  --  P13
P14 : T  31.91c W  38.57c S  -6.66c (+28.5 L  +2.0) LCB -318.09c P  0.30% WF   1.0 PSV       1 N       1  --  P14
Q14 : T  31.45c W  38.23c S  -6.78c (+28.2 L  +1.9) LCB -318.55c P  0.30% WF   1.0 PSV       1 N       1  --  Q14
Q13 : T  31.53c W  38.30c S  -6.77c (+28.2 L  +1.8) LCB -318.47c P  0.29% WF   1.0 PSV       1 N       1  --  Q13
O12 : T  31.50c W  38.31c S  -6.81c (+28.2 L  +1.9) LCB -318.50c P  0.29% WF   1.0 PSV       1 N       1  --  O12
N13 : T  31.54c W  38.33c S  -6.79c (+28.2 L  +1.9) LCB -318.46c P  0.29% WF   1.0 PSV       1 N       1  --  N13
Q16 : T  31.80c W  38.47c S  -6.67c (+28.5 L  +1.9) LCB -318.20c P  0.29% WF   1.0 PSV       1 N       1  --  Q16

2025-11-28 17:41:37+0700: = S15
2025-11-28 17:41:37+0700: Controller: genmove b
2025-11-28 17:41:38+0700: MoveNum: 0 HASH: 5942034E787250AECE31C4E853F83B47
   A B C D E F G H J K L M N O P Q R S T
19 . . . . . . . . . . . . . . . . . . .
18 . . . . . . . . . . . . . . . . . . .
17 . . . . . . . . . . . . . . . . . . .
16 . . . . . . . . . . . . . . . . . . .
15 . . . . . . . . . . . . . . X . . X .
14 . . . . . . . . . . . . . . . . . . .
13 . . . . . . . . . . . . . . . . . . .
12 . . . . . . . . . . . . . . . . . . .
11 . . . . . . . . . . . . . . . . . . .
10 . . . . . . . . . @ . . . . . . . . .
 9 . . . . . . . . . . . . . . . . . . .
 8 . . . . . . . . . . . . . . . . . . .
 7 . . . . . . . . . . . . . . . . . . .
 6 . . . . . . . . . . . . . . . . . . .
 5 . . . . . . . . . . . . . . . . . . .
 4 . . . . . . . . . . . . . . . . . . .
 3 . . . . . . . . . . . . . . . . . . .
 2 . . . . . . . . . . . . . . . . . . .
 1 . . . . . . . . . . . . . . . . . . .

koPOSITIONALscoreAREAtaxNONEsui1komi7.5
Time taken: 0.531
Root visits: 138
New playouts: 138
NN rows: 138
NN batches: 90
NN avg batch size: 1.53333
PlayoutDoublingAdvantage: -0.5
PV: O14
Tree:
: T  25.92c W  34.44c S  -8.55c (+24.9 L  +4.0) N     138  --  O14
---Black(^)---
O14 : T  26.35c W  34.76c S  -8.41c (+25.1 L  +4.0) LCB -323.65c P  0.30% WF   1.0 PSV       1 N       1  --  O14
pss : T  23.12c W  32.15c S  -9.04c (+23.4 L  +3.8) LCB -326.88c P  0.60% WF   1.0 PSV       1 N       1  --  pass
Q15 : T  25.73c W  34.15c S  -8.43c (+24.9 L  +3.9) LCB -324.27c P  0.32% WF   1.0 PSV       1 N       1  --  Q15
O15 : T  25.92c W  34.40c S  -8.47c (+25.0 L  +4.0) LCB -324.08c P  0.30% WF   1.0 PSV       1 N       1  --  O15
N14 : T  25.82c W  34.39c S  -8.57c (+24.8 L  +4.0) LCB -324.18c P  0.30% WF   1.0 PSV       1 N       1  --  N14
R15 : T  25.51c W  34.03c S  -8.52c (+24.8 L  +4.1) LCB -324.49c P  0.30% WF   1.0 PSV       1 N       1  --  R15
O13 : T  26.27c W  34.73c S  -8.46c (+25.0 L  +3.9) LCB -323.73c P  0.30% WF   1.0 PSV       1 N       1  --  O13
N15 : T  26.04c W  34.54c S  -8.50c (+24.9 L  +3.9) LCB -323.96c P  0.30% WF   1.0 PSV       1 N       1  --  N15
P14 : T  26.16c W  34.57c S  -8.41c (+25.0 L  +3.9) LCB -323.84c P  0.30% WF   1.0 PSV       1 N       1  --  P14
O16 : T  25.86c W  34.42c S  -8.56c (+24.8 L  +4.0) LCB -324.14c P  0.30% WF   1.0 PSV       1 N       1  --  O16

2025-11-28 17:41:38+0700: = K10
2025-11-28 17:41:38+0700: Controller: genmove b
2025-11-28 17:41:39+0700: MoveNum: 0 HASH: EF4C84DB638D1721DB6C8C1E960B6519
   A B C D E F G H J K L M N O P Q R S T
19 . . . . . . . . . . . . . . . . . . .
18 . . . . . . . . . . . . . . . . . . .
17 . . . . . . . . . . . . . . . . . . .
16 . . . . . . . . . . . . . . . . . . .
15 . . . . . . . . . . . . . . X . . X .
14 . . . . . . . . . . . . . . . . . . .
13 . . . . . . . . . . . . . . . . . . .
12 . . . . . . . . . . . . . . . . . . .
11 . . . . . . . . . . . . . . . . . . .
10 . . . . . . . . . X . . . . . . . . .
 9 . . . . . . . . . . . . . . . . . . .
 8 . . . . . . . . . . . . . . . . . . .
 7 . . . . . . . . . . . . . . . . . . .
 6 . . . . . . . . @ . . . . . . . . . .
 5 . . . . . . . . . . . . . . . . . . .
 4 . . . . . . . . . . . . . . . . . . .
 3 . . . . . . . . . . . . . . . . . . .
 2 . . . . . . . . . . . . . . . . . . .
 1 . . . . . . . . . . . . . . . . . . .

koPOSITIONALscoreAREAtaxNONEsui1komi7.5
Time taken: 0.547
Root visits: 139
New playouts: 139
NN rows: 139
NN batches: 93
NN avg batch size: 1.49462
PlayoutDoublingAdvantage: -1.125
PV: L11
Tree:
: T  23.33c W  31.51c S  -8.20c (+24.4 L  +4.8) N     139  --  L11
---Black(^)---
L11 : T  24.05c W  32.14c S  -8.09c (+24.7 L  +4.8) LCB -325.95c P  0.29% WF   1.0 PSV       1 N       1  --  L11
pss : T  20.38c W  29.13c S  -8.75c (+22.6 L  +4.5) LCB -329.62c P  0.63% WF   1.0 PSV       1 N       1  --  pass
Q15 : T  23.40c W  31.49c S  -8.08c (+24.4 L  +4.8) LCB -326.60c P  0.32% WF   1.0 PSV       1 N       1  --  Q15
L10 : T  23.45c W  31.66c S  -8.21c (+24.3 L  +4.8) LCB -326.55c P  0.30% WF   1.0 PSV       1 N       1  --  L10
R15 : T  23.12c W  31.33c S  -8.21c (+24.2 L  +4.9) LCB -326.88c P  0.30% WF   1.0 PSV       1 N       1  --  R15
O15 : T  23.70c W  31.85c S  -8.15c (+24.4 L  +4.8) LCB -326.30c P  0.30% WF   1.0 PSV       1 N       1  --  O15
O14 : T  23.19c W  31.43c S  -8.24c (+24.2 L  +4.9) LCB -326.81c P  0.30% WF   1.0 PSV       1 N       1  --  O14
O16 : T  23.20c W  31.46c S  -8.26c (+24.2 L  +4.7) LCB -326.80c P  0.30% WF   1.0 PSV       1 N       1  --  O16
J10 : T  23.66c W  31.80c S  -8.14c (+24.4 L  +4.8) LCB -326.34c P  0.30% WF   1.0 PSV       1 N       1  --  J10
N15 : T  23.49c W  31.70c S  -8.20c (+24.3 L  +4.8) LCB -326.51c P  0.30% WF   1.0 PSV       1 N       1  --  N15

2025-11-28 17:41:39+0700: = J6
2025-11-28 17:41:39+0700: Controller: genmove b
2025-11-28 17:41:39+0700: MoveNum: 0 HASH: 346DF84B9EF862AFBD21DAB969303E46
   A B C D E F G H J K L M N O P Q R S T
19 . . . . . . . . . . . . . . . . . . .
18 . . . . . . . . . . . . . . . . @ . .
17 . . . . . . . . . . . . . . . . . . .
16 . . . . . . . . . . . . . . . . . . .
15 . . . . . . . . . . . . . . X . . X .
14 . . . . . . . . . . . . . . . . . . .
13 . . . . . . . . . . . . . . . . . . .
12 . . . . . . . . . . . . . . . . . . .
11 . . . . . . . . . . . . . . . . . . .
10 . . . . . . . . . X . . . . . . . . .
 9 . . . . . . . . . . . . . . . . . . .
 8 . . . . . . . . . . . . . . . . . . .
 7 . . . . . . . . . . . . . . . . . . .
 6 . . . . . . . . X . . . . . . . . . .
 5 . . . . . . . . . . . . . . . . . . .
 4 . . . . . . . . . . . . . . . . . . .
 3 . . . . . . . . . . . . . . . . . . .
 2 . . . . . . . . . . . . . . . . . . .
 1 . . . . . . . . . . . . . . . . . . .

koPOSITIONALscoreAREAtaxNONEsui1komi7.5
Time taken: 0.547
Root visits: 143
New playouts: 143
NN rows: 143
NN batches: 94
NN avg batch size: 1.52128
PlayoutDoublingAdvantage: -1.875
PV: K12
Tree:
: T  19.06c W  27.07c S  -8.03c (+23.0 L  +6.0) N     143  --  K12
---Black(^)---
K12 : T  19.73c W  27.66c S  -7.94c (+23.2 L  +6.0) LCB -330.27c P  0.29% WF   1.0 PSV       1 N       1  --  K12
pss : T  15.74c W  24.44c S  -8.69c (+21.0 L  +5.6) LCB -334.26c P  0.64% WF   1.0 PSV       1 N       1  --  pass
S16 : T  17.00c W  25.33c S  -8.33c (+21.9 L  +5.7) LCB -333.00c P  0.31% WF   1.0 PSV       1 N       1  --  S16
J7  : T  19.54c W  27.48c S  -7.93c (+23.2 L  +5.9) LCB -330.46c P  0.31% WF   1.0 PSV       1 N       1  --  J7
Q14 : T  19.16c W  27.23c S  -8.07c (+22.8 L  +6.0) LCB -330.84c P  0.31% WF   1.0 PSV       1 N       1  --  Q14
J8  : T  19.72c W  27.63c S  -7.91c (+23.2 L  +5.9) LCB -330.28c P  0.31% WF   1.0 PSV       1 N       1  --  J8
K11 : T  19.66c W  27.57c S  -7.91c (+23.2 L  +6.0) LCB -330.34c P  0.31% WF   1.0 PSV       1 N       1  --  K11
K7  : T  18.50c W  26.70c S  -8.20c (+22.4 L  +5.9) LCB -331.50c P  0.31% WF   1.0 PSV       1 N       1  --  K7
H9  : T  19.36c W  27.32c S  -7.95c (+23.1 L  +6.0) LCB -330.64c P  0.30% WF   1.0 PSV       1 N       1  --  H9
L11 : T  19.12c W  27.22c S  -8.10c (+22.8 L  +6.0) LCB -330.88c P  0.30% WF   1.0 PSV       1 N       1  --  L11

2025-11-28 17:41:39+0700: = R18
2025-11-28 17:41:39+0700: Controller: genmove b
2025-11-28 17:41:40+0700: MoveNum: 0 HASH: 43EB3322B68F55BC8EB308CDFAA5A507
   A B C D E F G H J K L M N O P Q R S T
19 . . . . . . . . . . . . . . . . . . .
18 . . . . . . . . . . . . . . . . X . .
17 . . . . . . . . . . . . . . . @ . . .
16 . . . . . . . . . . . . . . . . . . .
15 . . . . . . . . . . . . . . X . . X .
14 . . . . . . . . . . . . . . . . . . .
13 . . . . . . . . . . . . . . . . . . .
12 . . . . . . . . . . . . . . . . . . .
11 . . . . . . . . . . . . . . . . . . .
10 . . . . . . . . . X . . . . . . . . .
 9 . . . . . . . . . . . . . . . . . . .
 8 . . . . . . . . . . . . . . . . . . .
 7 . . . . . . . . . . . . . . . . . . .
 6 . . . . . . . . X . . . . . . . . . .
 5 . . . . . . . . . . . . . . . . . . .
 4 . . . . . . . . . . . . . . . . . . .
 3 . . . . . . . . . . . . . . . . . . .
 2 . . . . . . . . . . . . . . . . . . .
 1 . . . . . . . . . . . . . . . . . . .

koPOSITIONALscoreAREAtaxNONEsui1komi7.5
Time taken: 0.531
Root visits: 140
New playouts: 140
NN rows: 140
NN batches: 93
NN avg batch size: 1.50538
PlayoutDoublingAdvantage: -2.5
PV: K9
Tree:
: T  13.97c W  21.71c S  -7.76c (+20.7 L  +6.6) N     140  --  K9
---Black(^)---
K9  : T  15.82c W  23.20c S  -7.38c (+21.8 L  +6.7) LCB -334.18c P  0.29% WF   1.0 PSV       1 N       1  --  K9
pss : T  10.27c W  18.72c S  -8.45c (+18.5 L  +6.1) LCB -339.73c P  0.64% WF   1.0 PSV       1 N       1  --  pass
Q15 : T  13.34c W  21.21c S  -7.86c (+20.2 L  +6.5) LCB -336.66c P  0.31% WF   1.0 PSV       1 N       1  --  Q15
Q16 : T  12.98c W  20.95c S  -7.98c (+19.9 L  +6.6) LCB -337.02c P  0.31% WF   1.0 PSV       1 N       1  --  Q16
K6  : T  14.01c W  21.78c S  -7.77c (+20.7 L  +6.5) LCB -335.99c P  0.31% WF   1.0 PSV       1 N       1  --  K6
L10 : T  13.99c W  21.81c S  -7.82c (+20.6 L  +6.7) LCB -336.01c P  0.31% WF   1.0 PSV       1 N       1  --  L10
K7  : T  14.69c W  22.43c S  -7.74c (+20.9 L  +6.7) LCB -335.31c P  0.31% WF   1.0 PSV       1 N       1  --  K7
L11 : T  14.46c W  22.15c S  -7.68c (+21.0 L  +6.6) LCB -335.54c P  0.30% WF   1.0 PSV       1 N       1  --  L11
H7  : T  15.33c W  22.84c S  -7.51c (+21.4 L  +6.6) LCB -334.67c P  0.30% WF   1.0 PSV       1 N       1  --  H7
O16 : T  13.40c W  21.29c S  -7.89c (+20.3 L  +6.4) LCB -336.60c P  0.30% WF   1.0 PSV       1 N       1  --  O16

2025-11-28 17:41:40+0700: = Q17
2025-11-28 17:41:40+0700: Controller: genmove b
2025-11-28 17:41:40+0700: MoveNum: 0 HASH: 370368EAEFEA10A6FE7ADE7225AE5732
   A B C D E F G H J K L M N O P Q R S T
19 . . . . . . . . . . . . . . . . . . .
18 . . . . . . . . . . . . . . . . X . .
17 . . . . . . . . . . . . . . . X . . .
16 . . . . . . . . . . . . . . . . . . .
15 . . . . . . . . . . . . . . X . . X .
14 . . . . . . . . . . . . . . . . . . .
13 . . . . . . . . . . . . . . . . . . .
12 . . . . . . . . . . . . . . . . . . .
11 . . . . . . . . . . . . . . . . . . .
10 . . . . . . . . . X . . . . . . . . .
 9 . . . . . . . . . . . . . . . . . . .
 8 . . . . . . . . . . . . . . . . . . .
 7 . . . . . @ . . . . . . . . . . . . .
 6 . . . . . . . . X . . . . . . . . . .
 5 . . . . . . . . . . . . . . . . . . .
 4 . . . . . . . . . . . . . . . . . . .
 3 . . . . . . . . . . . . . . . . . . .
 2 . . . . . . . . . . . . . . . . . . .
 1 . . . . . . . . . . . . . . . . . . .

koPOSITIONALscoreAREAtaxNONEsui1komi7.5
Time taken: 0.531
Root visits: 137
New playouts: 137
NN rows: 137
NN batches: 92
NN avg batch size: 1.48913
PlayoutDoublingAdvantage: -2.75
PV: G6
Tree:
: T  14.37c W  21.57c S  -7.23c (+21.2 L  +7.1) N     137  --  G6
---Black(^)---
G6  : T  16.46c W  23.25c S  -6.79c (+22.5 L  +7.1) LCB -333.54c P  0.28% WF   1.0 PSV       1 N       1  --  G6
pss : T  11.39c W  19.27c S  -7.89c (+19.2 L  +6.8) LCB -338.61c P  0.68% WF   1.0 PSV       1 N       1  --  pass
R16 : T  14.91c W  21.87c S  -6.96c (+21.6 L  +6.9) LCB -335.09c P  0.32% WF   1.0 PSV       1 N       1  --  R16
P16 : T  15.24c W  22.31c S  -7.07c (+21.5 L  +7.3) LCB -334.76c P  0.32% WF   1.0 PSV       1 N       1  --  P16
Q16 : T  15.21c W  22.13c S  -6.92c (+21.8 L  +7.0) LCB -334.79c P  0.31% WF   1.0 PSV       1 N       1  --  Q16
P14 : T  15.10c W  22.26c S  -7.17c (+21.5 L  +7.3) LCB -334.90c P  0.31% WF   1.0 PSV       1 N       1  --  P14
O14 : T  14.43c W  21.61c S  -7.18c (+21.3 L  +6.9) LCB -335.57c P  0.31% WF   1.0 PSV       1 N       1  --  O14
J9  : T  14.36c W  21.68c S  -7.32c (+21.1 L  +7.2) LCB -335.64c P  0.31% WF   1.0 PSV       1 N       1  --  J9
K9  : T  14.76c W  21.98c S  -7.21c (+21.3 L  +7.2) LCB -335.24c P  0.31% WF   1.0 PSV       1 N       1  --  K9
O16 : T  14.40c W  21.71c S  -7.31c (+21.1 L  +7.2) LCB -335.60c P  0.31% WF   1.0 PSV       1 N       1  --  O16

2025-11-28 17:41:40+0700: = F7
2025-11-28 17:41:40+0700: Controller: genmove b
2025-11-28 17:41:41+0700: MoveNum: 0 HASH: FC5C215F1F06579A07B175AD70A1B1CD
   A B C D E F G H J K L M N O P Q R S T
19 . . . . . . . . . . . . . . . . . . .
18 . . . . . . . . . . . . . . . . X . .
17 . . . . . . . . . . . . . . . X . . .
16 . . . . . . . . . . . . . . . . . . .
15 . . . . . . . . . . . . . . X . . X .
14 . . . . . . . . . . . . . . . . . . .
13 . . . . . . . . . . . . . . . . . . .
12 . . . . . . . . . . . . . . . . . . .
11 . . . . . . . @ . . . . . . . . . . .
10 . . . . . . . . . X . . . . . . . . .
 9 . . . . . . . . . . . . . . . . . . .
 8 . . . . . . . . . . . . . . . . . . .
 7 . . . . . X . . . . . . . . . . . . .
 6 . . . . . . . . X . . . . . . . . . .
 5 . . . . . . . . . . . . . . . . . . .
 4 . . . . . . . . . . . . . . . . . . .
 3 . . . . . . . . . . . . . . . . . . .
 2 . . . . . . . . . . . . . . . . . . .
 1 . . . . . . . . . . . . . . . . . . .

koPOSITIONALscoreAREAtaxNONEsui1komi7.5
Time taken: 0.547
Root visits: 140
New playouts: 140
NN rows: 140
NN batches: 93
NN avg batch size: 1.50538
PlayoutDoublingAdvantage: -2.75
PV: G7
Tree:
: T  17.35c W  24.17c S  -6.85c (+23.2 L  +7.4) N     140  --  G7
---Black(^)---
G7  : T  19.60c W  25.97c S  -6.37c (+24.7 L  +7.5) LCB -330.40c P  0.31% WF   1.0 PSV       1 N       1  --  G7
pss : T  13.84c W  21.43c S  -7.58c (+20.9 L  +7.1) LCB -336.16c P  0.67% WF   1.0 PSV       1 N       1  --  pass
R15 : T  16.32c W  23.30c S  -6.99c (+22.6 L  +7.3) LCB -333.68c P  0.32% WF   1.0 PSV       1 N       1  --  R15
O14 : T  16.59c W  23.60c S  -7.01c (+22.7 L  +7.2) LCB -333.41c P  0.31% WF   1.0 PSV       1 N       1  --  O14
J9  : T  19.52c W  25.92c S  -6.40c (+24.6 L  +7.4) LCB -330.48c P  0.31% WF   1.0 PSV       1 N       1  --  J9
R14 : T  16.25c W  23.27c S  -7.02c (+22.6 L  +7.2) LCB -333.75c P  0.31% WF   1.0 PSV       1 N       1  --  R14
G6  : T  17.63c W  24.50c S  -6.87c (+23.3 L  +7.5) LCB -332.37c P  0.31% WF   1.0 PSV       1 N       1  --  G6
J10 : T  17.38c W  24.23c S  -6.85c (+23.3 L  +7.2) LCB -332.62c P  0.31% WF   1.0 PSV       1 N       1  --  J10
P16 : T  17.48c W  24.43c S  -6.96c (+23.0 L  +7.6) LCB -332.52c P  0.31% WF   1.0 PSV       1 N       1  --  P16
E6  : T  18.02c W  24.70c S  -6.68c (+23.7 L  +7.4) LCB -331.98c P  0.31% WF   1.0 PSV       1 N       1  --  E6

2025-11-28 17:41:41+0700: = H11
2025-11-28 17:41:41+0700: Controller: genmove b
2025-11-28 17:41:41+0700: MoveNum: 0 HASH: 40BD2ED866371EBFD906560098B3FEC4
   A B C D E F G H J K L M N O P Q R S T
19 . . . . . . . . . . . . . . . . . . .
18 . . . . . . . . . . . . . . . @ X . .
17 . . . . . . . . . . . . . . . X . . .
16 . . . . . . . . . . . . . . . . . . .
15 . . . . . . . . . . . . . . X . . X .
14 . . . . . . . . . . . . . . . . . . .
13 . . . . . . . . . . . . . . . . . . .
12 . . . . . . . . . . . . . . . . . . .
11 . . . . . . . X . . . . . . . . . . .
10 . . . . . . . . . X . . . . . . . . .
 9 . . . . . . . . . . . . . . . . . . .
 8 . . . . . . . . . . . . . . . . . . .
 7 . . . . . X . . . . . . . . . . . . .
 6 . . . . . . . . X . . . . . . . . . .
 5 . . . . . . . . . . . . . . . . . . .
 4 . . . . . . . . . . . . . . . . . . .
 3 . . . . . . . . . . . . . . . . . . .
 2 . . . . . . . . . . . . . . . . . . .
 1 . . . . . . . . . . . . . . . . . . .

koPOSITIONALscoreAREAtaxNONEsui1komi7.5
Time taken: 0.531
Root visits: 141
New playouts: 141
NN rows: 141
NN batches: 93
NN avg batch size: 1.51613
PlayoutDoublingAdvantage: -2.75
PV: J11
Tree:
: T  20.04c W  26.76c S  -6.75c (+25.2 L  +7.8) N     141  --  J11
---Black(^)---
J11 : T  22.72c W  28.92c S  -6.20c (+26.9 L  +7.8) LCB -327.28c P  0.29% WF   1.0 PSV       1 N       1  --  J11
pss : T  16.02c W  23.56c S  -7.54c (+22.6 L  +7.2) LCB -333.98c P  0.68% WF   1.0 PSV       1 N       1  --  pass
Q16 : T  19.05c W  26.02c S  -6.97c (+24.4 L  +7.9) LCB -330.95c P  0.34% WF   1.0 PSV       1 N       1  --  Q16
R16 : T  18.98c W  25.93c S  -6.96c (+24.3 L  +7.9) LCB -331.02c P  0.33% WF   1.0 PSV       1 N       1  --  R16
S17 : T  17.33c W  24.62c S  -7.29c (+23.2 L  +7.9) LCB -332.67c P  0.32% WF   1.0 PSV       1 N       1  --  S17
S14 : T  19.48c W  26.22c S  -6.74c (+24.9 L  +7.6) LCB -330.52c P  0.32% WF   1.0 PSV       1 N       1  --  S14
P14 : T  21.02c W  27.50c S  -6.48c (+25.9 L  +7.8) LCB -328.98c P  0.31% WF   1.0 PSV       1 N       1  --  P14
J8  : T  20.26c W  27.01c S  -6.75c (+25.4 L  +7.6) LCB -329.74c P  0.31% WF   1.0 PSV       1 N       1  --  J8
J12 : T  19.57c W  26.51c S  -6.94c (+24.8 L  +7.8) LCB -330.43c P  0.31% WF   1.0 PSV       1 N       1  --  J12
L9  : T  21.97c W  28.32c S  -6.35c (+26.4 L  +7.7) LCB -328.03c P  0.31% WF   1.0 PSV       1 N       1  --  L9

2025-11-28 17:41:41+0700: = Q18
2025-11-28 17:41:41+0700: Controller: genmove b
2025-11-28 17:41:42+0700: MoveNum: 0 HASH: 69507BA854A2713AB682D5A0923A37E4
   A B C D E F G H J K L M N O P Q R S T
19 . . . . . . . . . . . . . . . . . . .
18 . . . . . . . . . . . . . . . X X . .
17 . . . . . . . . . . . . . . . X . . .
16 . . . . . . . . . . . . . . . . . . .
15 . . . . . . . . . . . . . . X . . X .
14 . . . . . . . . . . . . . . . . . . .
13 . . . . . . . . . . . . . . . . . . .
12 . . . . . . . . . . . . . . . . . . .
11 . . . . . . . X . . . . . . . . . . .
10 . . . . . . . . . X . . . . . . . . .
 9 . . . . . . . . . . . . . . . . . . .
 8 . . . . . . . . . @ . . . . . . . . .
 7 . . . . . X . . . . . . . . . . . . .
 6 . . . . . . . . X . . . . . . . . . .
 5 . . . . . . . . . . . . . . . . . . .
 4 . . . . . . . . . . . . . . . . . . .
 3 . . . . . . . . . . . . . . . . . . .
 2 . . . . . . . . . . . . . . . . . . .
 1 . . . . . . . . . . . . . . . . . . .

koPOSITIONALscoreAREAtaxNONEsui1komi7.5
Time taken: 0.516
Root visits: 131
New playouts: 131
NN rows: 131
NN batches: 89
NN avg batch size: 1.47191
PlayoutDoublingAdvantage: -2.75
PV: G7
Tree:
: T  21.63c W  27.86c S  -6.26c (+26.2 L  +8.1) N     131  --  G7
---Black(^)---
G7  : T  22.96c W  28.88c S  -5.93c (+27.2 L  +7.9) LCB -327.04c P  0.30% WF   1.0 PSV       1 N       1  --  G7
pss : T  18.81c W  25.68c S  -6.87c (+24.3 L  +7.8) LCB -331.19c P  0.67% WF   1.0 PSV       1 N       1  --  pass
R16 : T  19.05c W  25.63c S  -6.59c (+24.6 L  +7.8) LCB -330.95c P  0.34% WF   1.0 PSV       1 N       1  --  R16
Q19 : T  19.13c W  25.89c S  -6.76c (+24.3 L  +8.3) LCB -330.87c P  0.33% WF   1.0 PSV       1 N       1  --  Q19
J9  : T  21.01c W  27.37c S  -6.36c (+25.9 L  +7.7) LCB -328.99c P  0.32% WF   1.0 PSV       1 N       1  --  J9
P16 : T  21.94c W  28.14c S  -6.21c (+26.2 L  +8.3) LCB -328.06c P  0.32% WF   1.0 PSV       1 N       1  --  P16
J7  : T  22.10c W  28.39c S  -6.28c (+26.2 L  +8.4) LCB -327.90c P  0.31% WF   1.0 PSV       1 N       1  --  J7
F8  : T  21.43c W  27.76c S  -6.33c (+25.9 L  +7.9) LCB -328.57c P  0.31% WF   1.0 PSV       1 N       1  --  F8
G10 : T  21.17c W  27.65c S  -6.47c (+25.6 L  +8.3) LCB -328.83c P  0.31% WF   1.0 PSV       1 N       1  --  G10
H7  : T  21.22c W  27.63c S  -6.41c (+25.7 L  +8.2) LCB -328.78c P  0.31% WF   1.0 PSV       1 N       1  --  H7

2025-11-28 17:41:42+0700: = K8
2025-11-28 17:41:42+0700: Controller: genmove b
2025-11-28 17:41:42+0700: MoveNum: 0 HASH: 8419E404CAC65211D2BF895FD50C163B
   A B C D E F G H J K L M N O P Q R S T
19 . . . . . . . . . . . . . . . . . . .
18 . . . . . . . . . . . . . . . X X . .
17 . . . . . . . . . . . . . . . X . . .
16 . . . . . . . . . . . . . . . . . . .
15 . . . . . . . . . . . . . . X . . X .
14 . . . . . . . . . . . . . . . . . . .
13 . . . . . . . . . . . . . . . . . . .
12 . . . . . . . . . . . . . . . . . . .
11 . . . . . . . X . @ . . . . . . . . .
10 . . . . . . . . . X . . . . . . . . .
 9 . . . . . . . . . . . . . . . . . . .
 8 . . . . . . . . . X . . . . . . . . .
 7 . . . . . X . . . . . . . . . . . . .
 6 . . . . . . . . X . . . . . . . . . .
 5 . . . . . . . . . . . . . . . . . . .
 4 . . . . . . . . . . . . . . . . . . .
 3 . . . . . . . . . . . . . . . . . . .
 2 . . . . . . . . . . . . . . . . . . .
 1 . . . . . . . . . . . . . . . . . . .

koPOSITIONALscoreAREAtaxNONEsui1komi7.5
Time taken: 0.531
Root visits: 138
New playouts: 138
NN rows: 138
NN batches: 91
NN avg batch size: 1.51648
PlayoutDoublingAdvantage: -2.75
PV: J8
Tree:
: T  24.46c W  30.79c S  -6.35c (+28.5 L  +8.5) N     138  --  J8
---Black(^)---
J8  : T  26.04c W  32.06c S  -6.02c (+29.5 L  +8.4) LCB -323.96c P  0.31% WF   1.0 PSV       1 N       1  --  J8
pss : T  21.61c W  28.46c S  -6.84c (+26.8 L  +7.9) LCB -328.39c P  0.67% WF   1.0 PSV       1 N       1  --  pass
H7  : T  24.52c W  30.84c S  -6.32c (+28.7 L  +8.3) LCB -325.48c P  0.33% WF   1.0 PSV       1 N       1  --  H7
J11 : T  24.53c W  31.02c S  -6.48c (+28.3 L  +8.8) LCB -325.47c P  0.33% WF   1.0 PSV       1 N       1  --  J11
P18 : T  23.16c W  29.82c S  -6.65c (+27.5 L  +8.7) LCB -326.84c P  0.33% WF   1.0 PSV       1 N       1  --  P18
J9  : T  25.25c W  31.58c S  -6.33c (+28.8 L  +8.7) LCB -324.75c P  0.32% WF   1.0 PSV       1 N       1  --  J9
O16 : T  23.44c W  29.97c S  -6.53c (+27.7 L  +8.3) LCB -326.56c P  0.32% WF   1.0 PSV       1 N       1  --  O16
Q15 : T  25.67c W  31.64c S  -5.96c (+29.4 L  +8.4) LCB -324.33c P  0.32% WF   1.0 PSV       1 N       1  --  Q15
P17 : T  24.31c W  30.72c S  -6.41c (+28.3 L  +8.7) LCB -325.69c P  0.32% WF   1.0 PSV       1 N       1  --  P17
L10 : T  25.82c W  31.88c S  -6.07c (+29.4 L  +8.4) LCB -324.18c P  0.32% WF   1.0 PSV       1 N       1  --  L10

2025-11-28 17:41:42+0700: = K11
2025-11-28 17:41:42+0700: Controller: genmove b
2025-11-28 17:41:43+0700: MoveNum: 0 HASH: 4FF375B6844595C23AC6F29FA5D01CFE
   A B C D E F G H J K L M N O P Q R S T
19 . . . . . . . . . . . . . . . . . . .
18 . . . . . . . . . . . . . . . X X . .
17 . . . . . . . . . . . . . @ . X . . .
16 . . . . . . . . . . . . . . . . . . .
15 . . . . . . . . . . . . . . X . . X .
14 . . . . . . . . . . . . . . . . . . .
13 . . . . . . . . . . . . . . . . . . .
12 . . . . . . . . . . . . . . . . . . .
11 . . . . . . . X . X . . . . . . . . .
10 . . . . . . . . . X . . . . . . . . .
 9 . . . . . . . . . . . . . . . . . . .
 8 . . . . . . . . . X . . . . . . . . .
 7 . . . . . X . . . . . . . . . . . . .
 6 . . . . . . . . X . . . . . . . . . .
 5 . . . . . . . . . . . . . . . . . . .
 4 . . . . . . . . . . . . . . . . . . .
 3 . . . . . . . . . . . . . . . . . . .
 2 . . . . . . . . . . . . . . . . . . .
 1 . . . . . . . . . . . . . . . . . . .

koPOSITIONALscoreAREAtaxNONEsui1komi7.5
Time taken: 0.531
Root visits: 141
New playouts: 141
NN rows: 141
NN batches: 93
NN avg batch size: 1.51613
PlayoutDoublingAdvantage: -2.75
PV: K6
Tree:
: T  28.59c W  33.72c S  -5.16c (+30.8 L  +9.0) N     141  --  K6
---Black(^)---
K6  : T  30.26c W  35.02c S  -4.76c (+32.0 L  +8.8) LCB -319.74c P  0.31% WF   1.0 PSV       1 N       1  --  K6
pss : T  25.11c W  30.94c S  -5.84c (+28.7 L  +8.2) LCB -324.89c P  0.69% WF   1.0 PSV       1 N       1  --  pass
J10 : T  29.64c W  34.65c S  -5.00c (+31.3 L  +9.4) LCB -320.36c P  0.35% WF   1.0 PSV       1 N       1  --  J10
L10 : T  28.94c W  33.91c S  -4.98c (+31.3 L  +8.8) LCB -321.06c P  0.34% WF   1.0 PSV       1 N       1  --  L10
J11 : T  28.55c W  33.73c S  -5.18c (+30.7 L  +8.9) LCB -321.45c P  0.34% WF   1.0 PSV       1 N       1  --  J11
J9  : T  28.64c W  33.78c S  -5.14c (+30.8 L  +8.8) LCB -321.36c P  0.33% WF   1.0 PSV       1 N       1  --  J9
H8  : T  29.19c W  34.12c S  -4.93c (+31.5 L  +8.8) LCB -320.81c P  0.33% WF   1.0 PSV       1 N       1  --  H8
G7  : T  29.71c W  34.71c S  -5.00c (+31.5 L  +9.2) LCB -320.29c P  0.33% WF   1.0 PSV       1 N       1  --  G7
R16 : T  26.63c W  32.03c S  -5.40c (+29.7 L  +8.6) LCB -323.37c P  0.32% WF   1.0 PSV       1 N       1  --  R16
L8  : T  29.16c W  34.09c S  -4.93c (+31.5 L  +8.8) LCB -320.84c P  0.32% WF   1.0 PSV       1 N       1  --  L8

2025-11-28 17:41:43+0700: = O17
2025-11-28 17:41:43+0700: Controller: genmove b
2025-11-28 17:41:43+0700: MoveNum: 0 HASH: BC615ECA26D4A0498F3C8A72DF98A014
   A B C D E F G H J K L M N O P Q R S T
19 . . . . . . . . . . . . . . . . . . .
18 . . . . . . . . . . . . . . . X X . .
17 . . . . . . . . . . . . . X . X . . .
16 . . . . . . . . . . . . . . . . . . .
15 . . . . . . . . . . . . . . X . . X .
14 . . . . . . . . . . . . . . . . . . .
13 . . . . . . . . . . . . . . . . . . .
12 . . . . . . . . . . . . . . . . . . .
11 . . . . . . . X . X . . . . . . . . .
10 . . . . . . . . . X . . . . . . . . .
 9 . . . . . . . . . . . . . . . . . . .
 8 . . . . . . . . . X . . . . . . . . .
 7 . . . . . X . . . . . . . . . . . . .
 6 . . . . . . . . X . . . . . . . . . .
 5 . . . . . . . . . . . . . . . . . . .
 4 . . . . . . . @ . . . . . . . . . . .
 3 . . . . . . . . . . . . . . . . . . .
 2 . . . . . . . . . . . . . . . . . . .
 1 . . . . . . . . . . . . . . . . . . .

koPOSITIONALscoreAREAtaxNONEsui1komi7.5
Time taken: 0.531
Root visits: 140
New playouts: 140
NN rows: 140
NN batches: 92
NN avg batch size: 1.52174
PlayoutDoublingAdvantage: -2.75
PV: K7
Tree:
: T  30.30c W  35.56c S  -5.28c (+32.6 L  +9.4) N     140  --  K7
---Black(^)---
K7  : T  32.07c W  36.98c S  -4.90c (+33.8 L  +9.3) LCB -317.93c P  0.33% WF   1.0 PSV       1 N       1  --  K7
pss : T  26.11c W  32.16c S  -6.04c (+30.0 L  +8.5) LCB -323.89c P  0.69% WF   1.0 PSV       1 N       1  --  pass
Q16 : T  30.31c W  35.66c S  -5.35c (+32.3 L  +9.9) LCB -319.69c P  0.36% WF   1.0 PSV       1 N       1  --  Q16
P16 : T  28.85c W  34.37c S  -5.51c (+31.5 L  +9.3) LCB -321.15c P  0.36% WF   1.0 PSV       1 N       1  --  P16
K9  : T  30.38c W  35.75c S  -5.37c (+32.4 L  +9.8) LCB -319.62c P  0.34% WF   1.0 PSV       1 N       1  --  K9
J7  : T  30.92c W  36.24c S  -5.31c (+32.7 L  +9.8) LCB -319.08c P  0.33% WF   1.0 PSV       1 N       1  --  J7
J10 : T  29.55c W  34.91c S  -5.35c (+32.2 L  +9.1) LCB -320.45c P  0.33% WF   1.0 PSV       1 N       1  --  J10
L9  : T  29.64c W  34.98c S  -5.34c (+32.3 L  +9.0) LCB -320.36c P  0.33% WF   1.0 PSV       1 N       1  --  L9
K12 : T  30.47c W  35.78c S  -5.31c (+32.5 L  +9.2) LCB -319.53c P  0.33% WF   1.0 PSV       1 N       1  --  K12
Q14 : T  28.84c W  34.27c S  -5.43c (+31.8 L  +8.9) LCB -321.16c P  0.32% WF   1.0 PSV       1 N       1  --  Q14

2025-11-28 17:41:43+0700: = H4
2025-11-28 17:41:43+0700: Controller: genmove b
2025-11-28 17:41:44+0700: MoveNum: 0 HASH: A1B9AC05F2F4AA19C57A40E27410F8AD
   A B C D E F G H J K L M N O P Q R S T
19 . . . . . . . . . . . . . . . . . . .
18 . . . . . . . . . . . . . . . X X . .
17 . . . . . . . . . . . . . X . X . . .
16 . . . . . . . . . . . . . . . . . . .
15 . . . . . . . . . . . . . . X . . X .
14 . . . . . . . . . . . . . . . . . . .
13 . . . . . . . . . . . . . . . . . . .
12 . . . . . . . . . . . . . . . . . . .
11 . . . . . . . X . X . . . . . . . . .
10 . . . . . . . . . X . . . . . . . . .
 9 . . . . . . . . . . . . . . . . . . .
 8 . . . . . . . . . X . . @ . . . . . .
 7 . . . . . X . . . . . . . . . . . . .
 6 . . . . . . . . X . . . . . . . . . .
 5 . . . . . . . . . . . . . . . . . . .
 4 . . . . . . . X . . . . . . . . . . .
 3 . . . . . . . . . . . . . . . . . . .
 2 . . . . . . . . . . . . . . . . . . .
 1 . . . . . . . . . . . . . . . . . . .

koPOSITIONALscoreAREAtaxNONEsui1komi7.5
Time taken: 0.547
Root visits: 140
New playouts: 140
NN rows: 140
NN batches: 91
NN avg batch size: 1.53846
PlayoutDoublingAdvantage: -2.75
PV: K7
Tree:
: T  32.46c W  37.99c S  -5.55c (+34.7 L  +9.8) N     140  --  K7
---Black(^)---
K7  : T  34.42c W  39.56c S  -5.13c (+36.0 L  +9.9) LCB -315.58c P  0.32% WF   1.0 PSV       1 N       1  --  K7
pss : T  29.76c W  35.96c S  -6.20c (+32.6 L  +9.5) LCB -320.24c P  0.71% WF   1.0 PSV       1 N       1  --  pass
P18 : T  30.26c W  36.24c S  -5.98c (+33.0 L  +9.8) LCB -319.74c P  0.36% WF   1.0 PSV       1 N       1  --  P18
J11 : T  32.78c W  38.34c S  -5.56c (+34.7 L  +9.7) LCB -317.22c P  0.34% WF   1.0 PSV       1 N       1  --  J11
R15 : T  31.07c W  36.89c S  -5.82c (+33.6 L +10.1) LCB -318.93c P  0.34% WF   1.0 PSV       1 N       1  --  R15
H7  : T  32.63c W  38.23c S  -5.60c (+34.6 L  +9.7) LCB -317.37c P  0.34% WF   1.0 PSV       1 N       1  --  H7
R16 : T  31.41c W  37.23c S  -5.82c (+33.7 L +10.5) LCB -318.59c P  0.34% WF   1.0 PSV       1 N       1  --  R16
L9  : T  31.85c W  37.46c S  -5.61c (+34.4 L  +9.5) LCB -318.15c P  0.33% WF   1.0 PSV       1 N       1  --  L9
J12 : T  33.54c W  38.97c S  -5.43c (+35.2 L +10.2) LCB -316.46c P  0.33% WF   1.0 PSV       1 N       1  --  J12
J10 : T  34.07c W  39.39c S  -5.32c (+35.5 L +10.4) LCB -315.93c P  0.33% WF   1.0 PSV       1 N       1  --  J10

2025-11-28 17:41:44+0700: = N8
2025-11-28 17:41:44+0700: Controller: genmove b
2025-11-28 17:41:44+0700: MoveNum: 0 HASH: 0A96DDF2A8D545D16B7996E7FA74E4A2
   A B C D E F G H J K L M N O P Q R S T
19 . . . . . . . . . . . . . . . . . . .
18 . . . . . . . . . . . . . . . X X . .
17 . . . . . . . . . . . . . X . X . . .
16 . . . . . . . . . . . . . . . . . . .
15 . . . . . . . . . . . . . . X . . X .
14 . . . . . . . . . . . . . . . . . . .
13 . . . . . . . @ . . . . . . . . . . .
12 . . . . . . . . . . . . . . . . . . .
11 . . . . . . . X . X . . . . . . . . .
10 . . . . . . . . . X . . . . . . . . .
 9 . . . . . . . . . . . . . . . . . . .
 8 . . . . . . . . . X . . X . . . . . .
 7 . . . . . X . . . . . . . . . . . . .
 6 . . . . . . . . X . . . . . . . . . .
 5 . . . . . . . . . . . . . . . . . . .
 4 . . . . . . . X . . . . . . . . . . .
 3 . . . . . . . . . . . . . . . . . . .
 2 . . . . . . . . . . . . . . . . . . .
 1 . . . . . . . . . . . . . . . . . . .

koPOSITIONALscoreAREAtaxNONEsui1komi7.5
Time taken: 0.531
Root visits: 136
New playouts: 136
NN rows: 136
NN batches: 90
NN avg batch size: 1.51111
PlayoutDoublingAdvantage: -2.75
PV: K7
Tree:
: T  36.46c W  40.84c S  -4.41c (+37.1 L +10.5) N     136  --  K7
---Black(^)---
K7  : T  38.18c W  42.16c S  -3.98c (+38.4 L +10.5) LCB -311.82c P  0.31% WF   1.0 PSV       1 N       1  --  K7
pss : T  32.92c W  38.18c S  -5.27c (+34.4 L +10.2) LCB -317.08c P  0.71% WF   1.0 PSV       1 N       1  --  pass
J10 : T  37.53c W  41.78c S  -4.25c (+37.6 L +11.1) LCB -312.47c P  0.35% WF   1.0 PSV       1 N       1  --  J10
P17 : T  36.41c W  40.82c S  -4.40c (+37.0 L +10.8) LCB -313.59c P  0.34% WF   1.0 PSV       1 N       1  --  P17
L9  : T  37.76c W  41.76c S  -4.01c (+38.3 L +10.3) LCB -312.24c P  0.34% WF   1.0 PSV       1 N       1  --  L9
J8  : T  36.21c W  40.70c S  -4.50c (+36.8 L +10.7) LCB -313.79c P  0.33% WF   1.0 PSV       1 N       1  --  J8
P16 : T  37.46c W  41.52c S  -4.05c (+37.9 L +10.8) LCB -312.54c P  0.33% WF   1.0 PSV       1 N       1  --  P16
R15 : T  34.57c W  39.32c S  -4.76c (+35.7 L +10.6) LCB -315.43c P  0.33% WF   1.0 PSV       1 N       1  --  R15
M8  : T  36.39c W  40.87c S  -4.48c (+36.9 L +10.3) LCB -313.61c P  0.33% WF   1.0 PSV       1 N       1  --  M8
L10 : T  35.29c W  39.85c S  -4.55c (+36.5 L +10.0) LCB -314.71c P  0.33% WF   1.0 PSV       1 N       1  --  L10

2025-11-28 17:41:44+0700: = H13
2025-11-28 17:41:44+0700: Controller: genmove b
2025-11-28 17:41:45+0700: MoveNum: 0 HASH: AAFE724AB9CD95499AE1910487BCFFC9
   A B C D E F G H J K L M N O P Q R S T
19 . . . . . . . . . . . . . . . . . . .
18 . . . . . . . . . . . . . . . X X . .
17 . . . . . . . . . . . . . X . X . . .
16 . . . . . . . . . . . . . . . . . . .
15 . . . . . . . . . . . . . . X . . X .
14 . . . . . . . . . . . . . . . . . . .
13 . . . . . . . X . . . . . . . . . . .
12 . . . . . . . . . . . . . . . . . . .
11 . . . . . . . X . X . . . . . . . . .
10 . . . . . . . . . X @ . . . . . . . .
 9 . . . . . . . . . . . . . . . . . . .
 8 . . . . . . . . . X . . X . . . . . .
 7 . . . . . X . . . . . . . . . . . . .
 6 . . . . . . . . X . . . . . . . . . .
 5 . . . . . . . . . . . . . . . . . . .
 4 . . . . . . . X . . . . . . . . . . .
 3 . . . . . . . . . . . . . . . . . . .
 2 . . . . . . . . . . . . . . . . . . .
 1 . . . . . . . . . . . . . . . . . . .

koPOSITIONALscoreAREAtaxNONEsui1komi7.5
Time taken: 0.531
Root visits: 134
New playouts: 134
NN rows: 134
NN batches: 88
NN avg batch size: 1.52273
PlayoutDoublingAdvantage: -2.75
PV: K6
Tree:
: T  39.04c W  43.45c S  -4.43c (+39.5 L +11.1) N     134  --  K6
---Black(^)---
K6  : T  40.78c W  44.83c S  -4.05c (+40.7 L +11.1) LCB -309.22c P  0.29% WF   1.0 PSV       1 N       1  --  K6
pss : T  36.14c W  41.33c S  -5.19c (+37.1 L +10.8) LCB -313.86c P  0.73% WF   1.0 PSV       1 N       1  --  pass
Q16 : T  38.53c W  42.85c S  -4.32c (+39.6 L +10.8) LCB -311.47c P  0.36% WF   1.0 PSV       1 N       1  --  Q16
J12 : T  40.14c W  44.40c S  -4.26c (+40.0 L +11.7) LCB -309.86c P  0.36% WF   1.0 PSV       1 N       1  --  J12
L9  : T  39.53c W  43.94c S  -4.41c (+39.6 L +11.6) LCB -310.47c P  0.34% WF   1.0 PSV       1 N       1  --  L9
K7  : T  39.83c W  44.18c S  -4.35c (+39.9 L +11.3) LCB -310.17c P  0.34% WF   1.0 PSV       1 N       1  --  K7
J5  : T  40.08c W  44.25c S  -4.17c (+40.4 L +10.8) LCB -309.92c P  0.33% WF   1.0 PSV       1 N       1  --  J5
P16 : T  39.21c W  43.63c S  -4.42c (+39.4 L +11.6) LCB -310.79c P  0.33% WF   1.0 PSV       1 N       1  --  P16
H12 : T  39.33c W  43.74c S  -4.41c (+39.6 L +11.0) LCB -310.67c P  0.33% WF   1.0 PSV       1 N       1  --  H12
J8  : T  39.21c W  43.74c S  -4.54c (+39.3 L +11.5) LCB -310.79c P  0.33% WF   1.0 PSV       1 N       1  --  J8

2025-11-28 17:41:45+0700: = L10
2025-11-28 17:41:45+0700: GPU -1 finishing, processed 276 rows 182 batches
2025-11-28 17:41:45+0700: GPU -1 finishing, processed 270 rows 184 batches
2025-11-28 17:41:45+0700: GPU -1 finishing, processed 274 rows 180 batches
2025-11-28 17:41:45+0700: GPU -1 finishing, processed 267 rows 181 batches
2025-11-28 17:41:45+0700: GPU -1 finishing, processed 277 rows 180 batches
2025-11-28 17:41:45+0700: GPU -1 finishing, processed 279 rows 176 batches
2025-11-28 17:41:45+0700: GPU -1 finishing, processed 272 rows 186 batches
2025-11-28 17:41:45+0700: GPU -1 finishing, processed 277 rows 180 batches
2025-11-28 17:41:45+0700: All cleaned up, quitting
