2025-11-28 17:42:01+0700: Running with following config:
allowResignation = true
lagBuffer = 0.0
logAllGTPCommunication = true
logDir = gtp_logs
logSearchInfo = true
logSearchInfoForChosenMove = false
logToStderr = false
maxPlayouts = 500
maxPlayoutsPondering = 3000
maxTime = 0.5
maxTimePondering = 60.0
maxVisits = 300
maxVisitsPondering = 5000
numSearchThreads = 16
ponderingEnabled = false
resignConsecTurns = 3
resignThreshold = -0.90
rules = tromp-taylor
searchFactorAfterOnePass = 0.50
searchFactorAfterTwoPass = 0.25
searchFactorWhenWinning = 0.40
searchFactorWhenWinningThreshold = 0.95

2025-11-28 17:42:01+0700: GTP Engine starting...
2025-11-28 17:42:01+0700: KataGo v1.14.0
2025-11-28 17:42:01+0700: Using TrompTaylor rules initially, unless GTP/GUI overrides this
2025-11-28 17:42:01+0700: Using 16 CPU thread(s) for search
2025-11-28 17:42:01+0700: nnRandSeed0 = 14744660801247704087
2025-11-28 17:42:01+0700: After dedups: nnModelFile0 = model.gz useFP16 auto useNHWC auto
2025-11-28 17:42:01+0700: Initializing neural net buffer to be size 19 * 19 exactly
2025-11-28 17:42:02+0700: Eigen (CPU) backend thread 1: Model version 8
2025-11-28 17:42:02+0700: Eigen (CPU) backend thread 1: Model name: b6c96-s1995008-d1329786
2025-11-28 17:42:02+0700: Eigen (CPU) backend thread 0: Model version 8
2025-11-28 17:42:02+0700: Eigen (CPU) backend thread 0: Model name: b6c96-s1995008-d1329786
2025-11-28 17:42:02+0700: Eigen (CPU) backend thread 3: Model version 8
2025-11-28 17:42:02+0700: Eigen (CPU) backend thread 3: Model name: b6c96-s1995008-d1329786
2025-11-28 17:42:02+0700: Eigen (CPU) backend thread 5: Model version 8
2025-11-28 17:42:02+0700: Eigen (CPU) backend thread 5: Model name: b6c96-s1995008-d1329786
2025-11-28 17:42:02+0700: Eigen (CPU) backend thread 4: Model version 8
2025-11-28 17:42:02+0700: Eigen (CPU) backend thread 4: Model name: b6c96-s1995008-d1329786
2025-11-28 17:42:02+0700: Eigen (CPU) backend thread 6: Model version 8
2025-11-28 17:42:02+0700: Eigen (CPU) backend thread 6: Model name: b6c96-s1995008-d1329786
2025-11-28 17:42:02+0700: Eigen (CPU) backend thread 7: Model version 8
2025-11-28 17:42:02+0700: Eigen (CPU) backend thread 7: Model name: b6c96-s1995008-d1329786
2025-11-28 17:42:02+0700: Eigen (CPU) backend thread 2: Model version 8
2025-11-28 17:42:02+0700: Eigen (CPU) backend thread 2: Model name: b6c96-s1995008-d1329786
2025-11-28 17:42:02+0700: Loaded neural net with nnXLen 19 nnYLen 19
2025-11-28 17:42:02+0700: Initializing board with boardXSize 19 boardYSize 19
2025-11-28 17:42:02+0700: Loaded config default_gtp.cfg
2025-11-28 17:42:02+0700: Loaded model model.gz
2025-11-28 17:42:02+0700: Model name: b6c96-s1995008-d1329786
2025-11-28 17:42:02+0700: GTP ready, beginning main protocol loop
2025-11-28 17:42:02+0700: Controller: version
2025-11-28 17:42:02+0700: = 1.14.0
2025-11-28 17:42:02+0700: Controller: genmove b
2025-11-28 17:42:02+0700: MoveNum: 0 HASH: CDCBC1F514D7E680FACD226074256633
   A B C D E F G H J K L M N O P Q R S T
19 . . . . . . . . . . . . . . . . . . .
18 . . . . . . . . . . . . . . . . . @ .
17 . . . . . . . . . . . . . . . . . . .
16 . . . . . . . . . . . . . . . . . . .
15 . . . . . . . . . . . . . . . . . . .
14 . . . . . . . . . . . . . . . . . . .
13 . . . . . . . . . . . . . . . . . . .
12 . . . . . . . . . . . . . . . . . . .
11 . . . . . . . . . . . . . . . . . . .
10 . . . . . . . . . . . . . . . . . . .
 9 . . . . . . . . . . . . . . . . . . .
 8 . . . . . . . . . . . . . . . . . . .
 7 . . . . . . . . . . . . . . . . . . .
 6 . . . . . . . . . . . . . . . . . . .
 5 . . . . . . . . . . . . . . . . . . .
 4 . . . . . . . . . . . . . . . . . . .
 3 . . . . . . . . . . . . . . . . . . .
 2 . . . . . . . . . . . . . . . . . . .
 1 . . . . . . . . . . . . . . . . . . .

koPOSITIONALscoreAREAtaxNONEsui1komi7.5
Time taken: 0.547
Root visits: 123
New playouts: 123
NN rows: 123
NN batches: 83
NN avg batch size: 1.48193
PV: T19 S1 R1
Tree:
: T  -1.11c W   4.81c S   1.75c ( +7.2 L  -2.5) N     123  --  T19 S1 R1
---Black(^)---
T19 : T   7.71c W   7.74c S   2.35c ( +8.8 L  -0.3) LCB  -88.26c P  0.30% WF   6.2 PSV       6 N       6  --  T19 S1 R1
P15 : T  26.99c W  22.99c S   4.26c (+14.9 L  -1.7) LCB -131.11c P  0.27% WF   2.1 PSV       2 N       2  --  P15 P14
Q14 : T  26.87c W  22.88c S   4.25c (+14.9 L  -1.7) LCB -131.05c P  0.27% WF   2.1 PSV       2 N       2  --  Q14 P14
Q15 : T  28.03c W  23.81c S   4.48c (+15.4 L  -1.6) LCB -128.56c P  0.27% WF   2.1 PSV       2 N       2  --  Q15 B19
S18 : T  40.70c W  33.56c S   7.14c (+24.8 L  +1.3) LCB -309.30c P  0.27% WF   1.1 PSV       1 N       1  --  S18
R10 : T  43.06c W  35.51c S   7.55c (+26.1 L  +1.6) LCB -306.94c P  0.27% WF   1.1 PSV       1 N       1  --  R10
R11 : T  43.05c W  35.50c S   7.55c (+26.1 L  +1.6) LCB -306.95c P  0.27% WF   1.1 PSV       1 N       1  --  R11
R12 : T  43.03c W  35.49c S   7.55c (+26.2 L  +1.5) LCB -306.97c P  0.27% WF   1.1 PSV       1 N       1  --  R12
R13 : T  43.03c W  35.48c S   7.55c (+26.2 L  +1.5) LCB -306.97c P  0.27% WF   1.1 PSV       1 N       1  --  R13
T12 : T  -5.55c W  -1.47c S   0.69c ( +4.2 L  -3.2) LCB  -93.55c P  0.28% WF   4.0 PSV       0 N       4  --  T12 T13 S13

2025-11-28 17:42:02+0700: = S18
2025-11-28 17:42:02+0700: Controller: genmove b
2025-11-28 17:42:03+0700: MoveNum: 0 HASH: DAF1054139906ED108BF78462BC35A4F
   A B C D E F G H J K L M N O P Q R S T
19 . . . . . . . . . . . . . . . . . . .
18 . . . . . . . . . . . . . . . . . X .
17 . . . . . . . . . . . . . . . . . . .
16 . . . . . . . . . . . . . . . . . . .
15 . . . . . . . . . . . . . . . . . . .
14 . . . . . . . . . . . . . . . . . . .
13 . . . . . . . . . . . . . . . . . . .
12 . . . . . . . . . . . . . . . . . . .
11 . . . . . . . . . . . . . . . . . . .
10 . . . . . . . . . . . . . . . . . . .
 9 . . . . . . . . . . . . . . . @ . . .
 8 . . . . . . . . . . . . . . . . . . .
 7 . . . . . . . . . . . . . . . . . . .
 6 . . . . . . . . . . . . . . . . . . .
 5 . . . . . . . . . . . . . . . . . . .
 4 . . . . . . . . . . . . . . . . . . .
 3 . . . . . . . . . . . . . . . . . . .
 2 . . . . . . . . . . . . . . . . . . .
 1 . . . . . . . . . . . . . . . . . . .

koPOSITIONALscoreAREAtaxNONEsui1komi7.5
Time taken: 0.531
Root visits: 133
New playouts: 133
NN rows: 133
NN batches: 88
NN avg batch size: 1.51136
PV: L10
Tree:
: T  28.74c W  36.23c S  -7.52c (+27.0 L  +1.7) N     133  --  L10
---Black(^)---
L10 : T  29.78c W  37.13c S  -7.36c (+27.6 L  +1.8) LCB -320.22c P  0.28% WF   1.0 PSV       1 N       1  --  L10
pss : T  26.62c W  34.58c S  -7.96c (+25.7 L  +1.6) LCB -323.38c P  0.52% WF   1.0 PSV       1 N       1  --  pass
R15 : T  27.87c W  35.51c S  -7.64c (+26.5 L  +1.7) LCB -322.13c P  0.29% WF   1.0 PSV       1 N       1  --  R15
Q16 : T  27.85c W  35.47c S  -7.62c (+26.4 L  +1.6) LCB -322.15c P  0.29% WF   1.0 PSV       1 N       1  --  Q16
R16 : T  27.07c W  34.89c S  -7.81c (+25.9 L  +1.2) LCB -322.93c P  0.29% WF   1.0 PSV       1 N       1  --  R16
S16 : T  26.77c W  34.66c S  -7.89c (+25.7 L  +1.4) LCB -323.23c P  0.29% WF   1.0 PSV       1 N       1  --  S16
R14 : T  28.63c W  36.16c S  -7.53c (+26.9 L  +1.7) LCB -321.37c P  0.29% WF   1.0 PSV       1 N       1  --  R14
S15 : T  27.02c W  34.89c S  -7.87c (+25.9 L  +1.4) LCB -322.98c P  0.29% WF   1.0 PSV       1 N       1  --  S15
S14 : T  27.46c W  35.25c S  -7.79c (+26.2 L  +1.7) LCB -322.54c P  0.29% WF   1.0 PSV       1 N       1  --  S14
Q15 : T  28.11c W  35.76c S  -7.65c (+26.5 L  +1.4) LCB -321.89c P  0.29% WF   1.0 PSV       1 N       1  --  Q15

2025-11-28 17:42:03+0700: = Q9
2025-11-28 17:42:03+0700: Controller: genmove b
2025-11-28 17:42:03+0700: MoveNum: 0 HASH: ED9E9FD7292EC71B2DBC4191D7D6823F
   A B C D E F G H J K L M N O P Q R S T
19 . . . . . . . . . . . . . . . . . . .
18 . . . . . . . . . . . . . . . . . X .
17 . . . . . . . . . . . . . . . . . . .
16 . . . . . . . . . . . . . . . . . . .
15 . . . . . . . . . . . . . . . . . . .
14 . . . . . . . . . . . . . . . . . . .
13 . . . . . . . . . . . . . . . . . . .
12 . . . . . . . . . . . . . . . . . . .
11 . . . . . . . . . . . . . . . . . . .
10 . . . . . . . . . . . . . . . . . . .
 9 . . . . . . . . . . . @ . . . X . . .
 8 . . . . . . . . . . . . . . . . . . .
 7 . . . . . . . . . . . . . . . . . . .
 6 . . . . . . . . . . . . . . . . . . .
 5 . . . . . . . . . . . . . . . . . . .
 4 . . . . . . . . . . . . . . . . . . .
 3 . . . . . . . . . . . . . . . . . . .
 2 . . . . . . . . . . . . . . . . . . .
 1 . . . . . . . . . . . . . . . . . . .

koPOSITIONALscoreAREAtaxNONEsui1komi7.5
Time taken: 0.531
Root visits: 135
New playouts: 135
NN rows: 135
NN batches: 88
NN avg batch size: 1.53409
PlayoutDoublingAdvantage: -0.5
PV: P8
Tree:
: T  24.97c W  33.61c S  -8.66c (+24.3 L  +4.0) N     135  --  P8
---Black(^)---
P8  : T  25.44c W  33.96c S  -8.51c (+24.6 L  +4.0) LCB -324.56c P  0.30% WF   1.0 PSV       1 N       1  --  P8
pss : T  22.13c W  31.30c S  -9.17c (+22.8 L  +3.6) LCB -327.87c P  0.59% WF   1.0 PSV       1 N       1  --  pass
O10 : T  24.52c W  33.24c S  -8.72c (+24.0 L  +3.7) LCB -325.48c P  0.30% WF   1.0 PSV       1 N       1  --  O10
O9  : T  24.71c W  33.46c S  -8.75c (+24.0 L  +4.0) LCB -325.29c P  0.30% WF   1.0 PSV       1 N       1  --  O9
P9  : T  25.11c W  33.68c S  -8.57c (+24.3 L  +3.9) LCB -324.89c P  0.30% WF   1.0 PSV       1 N       1  --  P9
P10 : T  25.30c W  33.90c S  -8.60c (+24.4 L  +3.9) LCB -324.70c P  0.30% WF   1.0 PSV       1 N       1  --  P10
P11 : T  24.90c W  33.60c S  -8.70c (+24.1 L  +3.7) LCB -325.10c P  0.30% WF   1.0 PSV       1 N       1  --  P11
R9  : T  24.30c W  33.03c S  -8.73c (+23.9 L  +3.7) LCB -325.70c P  0.29% WF   1.0 PSV       1 N       1  --  R9
T17 : T  23.08c W  31.98c S  -8.90c (+23.4 L  +3.7) LCB -326.92c P  0.29% WF   1.0 PSV       1 N       1  --  T17
O8  : T  24.72c W  33.41c S  -8.69c (+24.1 L  +3.7) LCB -325.28c P  0.29% WF   1.0 PSV       1 N       1  --  O8

2025-11-28 17:42:03+0700: = M9
2025-11-28 17:42:03+0700: Controller: genmove b
2025-11-28 17:42:04+0700: MoveNum: 0 HASH: 1EF50792B2F39564A54ADBAFD036D2F2
   A B C D E F G H J K L M N O P Q R S T
19 . . . . . . . . . . . . . . . . . . .
18 . . . . . . . . . . . . . . . . . X .
17 . . . . . . . . . . . . @ . . . . . .
16 . . . . . . . . . . . . . . . . . . .
15 . . . . . . . . . . . . . . . . . . .
14 . . . . . . . . . . . . . . . . . . .
13 . . . . . . . . . . . . . . . . . . .
12 . . . . . . . . . . . . . . . . . . .
11 . . . . . . . . . . . . . . . . . . .
10 . . . . . . . . . . . . . . . . . . .
 9 . . . . . . . . . . . X . . . X . . .
 8 . . . . . . . . . . . . . . . . . . .
 7 . . . . . . . . . . . . . . . . . . .
 6 . . . . . . . . . . . . . . . . . . .
 5 . . . . . . . . . . . . . . . . . . .
 4 . . . . . . . . . . . . . . . . . . .
 3 . . . . . . . . . . . . . . . . . . .
 2 . . . . . . . . . . . . . . . . . . .
 1 . . . . . . . . . . . . . . . . . . .

koPOSITIONALscoreAREAtaxNONEsui1komi7.5
Time taken: 0.547
Root visits: 135
New playouts: 135
NN rows: 135
NN batches: 89
NN avg batch size: 1.51685
PlayoutDoublingAdvantage: -1.125
PV: N9
Tree:
: T  21.66c W  30.29c S  -8.65c (+23.6 L  +4.7) N     135  --  N9
---Black(^)---
N9  : T  22.82c W  31.20c S  -8.38c (+24.3 L  +4.8) LCB -327.18c P  0.31% WF   1.0 PSV       1 N       1  --  N9
pss : T  19.62c W  28.67c S  -9.05c (+22.4 L  +4.5) LCB -330.38c P  0.63% WF   1.0 PSV       1 N       1  --  pass
O9  : T  21.61c W  30.31c S  -8.70c (+23.4 L  +4.8) LCB -328.39c P  0.31% WF   1.0 PSV       1 N       1  --  O9
O8  : T  22.71c W  31.14c S  -8.43c (+24.2 L  +4.8) LCB -327.29c P  0.31% WF   1.0 PSV       1 N       1  --  O8
N10 : T  21.70c W  30.38c S  -8.68c (+23.4 L  +4.8) LCB -328.30c P  0.30% WF   1.0 PSV       1 N       1  --  N10
P8  : T  22.76c W  31.17c S  -8.42c (+24.2 L  +4.8) LCB -327.24c P  0.30% WF   1.0 PSV       1 N       1  --  P8
P10 : T  21.83c W  30.44c S  -8.60c (+23.5 L  +4.5) LCB -328.17c P  0.30% WF   1.0 PSV       1 N       1  --  P10
P9  : T  21.53c W  30.22c S  -8.68c (+23.3 L  +4.8) LCB -328.47c P  0.30% WF   1.0 PSV       1 N       1  --  P9
L9  : T  21.62c W  30.28c S  -8.66c (+23.3 L  +4.5) LCB -328.38c P  0.30% WF   1.0 PSV       1 N       1  --  L9
P7  : T  22.57c W  31.03c S  -8.46c (+24.1 L  +4.8) LCB -327.43c P  0.30% WF   1.0 PSV       1 N       1  --  P7

2025-11-28 17:42:04+0700: = N17
2025-11-28 17:42:04+0700: Controller: genmove b
2025-11-28 17:42:04+0700: MoveNum: 0 HASH: C8FBD0E32B7086AE773F027DC78885F2
   A B C D E F G H J K L M N O P Q R S T
19 . . . . . . . . . . . . . . . . . . .
18 . . . . . . . . . . . . . . . . . X .
17 . . . . . . . . . . . . X . . . . . .
16 . . . . . . . . . . . . . . . . . . .
15 . . . . . . . . . . . . . . . . . . .
14 . . . . . . . . . . . . . . . . . . .
13 . . . . . . . . . . . . . . . . . . .
12 . . . . . . . . . . . . . . . . . . .
11 . . . . . . . . . . . . @ . . . . . .
10 . . . . . . . . . . . . . . . . . . .
 9 . . . . . . . . . . . X . . . X . . .
 8 . . . . . . . . . . . . . . . . . . .
 7 . . . . . . . . . . . . . . . . . . .
 6 . . . . . . . . . . . . . . . . . . .
 5 . . . . . . . . . . . . . . . . . . .
 4 . . . . . . . . . . . . . . . . . . .
 3 . . . . . . . . . . . . . . . . . . .
 2 . . . . . . . . . . . . . . . . . . .
 1 . . . . . . . . . . . . . . . . . . .

koPOSITIONALscoreAREAtaxNONEsui1komi7.5
Time taken: 0.532
Root visits: 134
New playouts: 134
NN rows: 134
NN batches: 89
NN avg batch size: 1.50562
PlayoutDoublingAdvantage: -1.875
PV: M7
Tree:
: T  16.36c W  24.87c S  -8.54c (+21.5 L  +5.8) N     134  --  M7
---Black(^)---
M7  : T  17.42c W  25.75c S  -8.34c (+22.1 L  +5.9) LCB -332.58c P  0.29% WF   1.0 PSV       1 N       1  --  M7
pss : T  13.04c W  22.23c S  -9.19c (+19.5 L  +5.3) LCB -336.96c P  0.64% WF   1.0 PSV       1 N       1  --  pass
N8  : T  16.98c W  25.46c S  -8.48c (+21.6 L  +5.8) LCB -333.02c P  0.31% WF   1.0 PSV       1 N       1  --  N8
M8  : T  16.57c W  25.06c S  -8.50c (+21.4 L  +5.6) LCB -333.43c P  0.31% WF   1.0 PSV       1 N       1  --  M8
Q8  : T  15.67c W  24.37c S  -8.69c (+20.9 L  +5.8) LCB -334.33c P  0.31% WF   1.0 PSV       1 N       1  --  Q8
S17 : T  13.25c W  22.30c S  -9.05c (+19.7 L  +5.3) LCB -336.75c P  0.31% WF   1.0 PSV       1 N       1  --  S17
N16 : T  16.72c W  25.14c S  -8.42c (+21.7 L  +5.8) LCB -333.28c P  0.31% WF   1.0 PSV       1 N       1  --  N16
R8  : T  16.33c W  24.92c S  -8.59c (+21.3 L  +5.8) LCB -333.67c P  0.30% WF   1.0 PSV       1 N       1  --  R8
N10 : T  16.10c W  24.71c S  -8.62c (+21.1 L  +5.6) LCB -333.90c P  0.30% WF   1.0 PSV       1 N       1  --  N10
O16 : T  16.36c W  24.91c S  -8.55c (+21.4 L  +5.8) LCB -333.64c P  0.30% WF   1.0 PSV       1 N       1  --  O16

2025-11-28 17:42:04+0700: = N11
2025-11-28 17:42:04+0700: Controller: genmove b
2025-11-28 17:42:05+0700: MoveNum: 0 HASH: 9653699EB352504C9298C0313FC2271A
   A B C D E F G H J K L M N O P Q R S T
19 . . . . . . . . . . . . . . . . . . .
18 . . . . . . . . . . . . . . . . . X .
17 . . . . . . . . . . . . X . . . . . .
16 . . . . . . . . . . . . . . . . . . .
15 . . . . . . . . . . . . . . . . . . .
14 . . . . . . . . . . . . . . . . . . .
13 . . . . . . . . . . . . . . . . . . .
12 . . . . . . . . . . . . . . . . . . .
11 . . . . . . . . . . . . X . . . . . .
10 . . . . . . . . . . . . . . . . . . .
 9 . . . . . . . . . . . X . . . X . . .
 8 . . . . . . . . . . . . . . . @ . . .
 7 . . . . . . . . . . . . . . . . . . .
 6 . . . . . . . . . . . . . . . . . . .
 5 . . . . . . . . . . . . . . . . . . .
 4 . . . . . . . . . . . . . . . . . . .
 3 . . . . . . . . . . . . . . . . . . .
 2 . . . . . . . . . . . . . . . . . . .
 1 . . . . . . . . . . . . . . . . . . .

koPOSITIONALscoreAREAtaxNONEsui1komi7.5
Time taken: 0.547
Root visits: 140
New playouts: 140
NN rows: 140
NN batches: 92
NN avg batch size: 1.52174
PlayoutDoublingAdvantage: -2.5
PV: M11
Tree:
: T  13.97c W  21.80c S  -7.86c (+20.7 L  +6.6) N     140  --  M11
---Black(^)---
M11 : T  15.43c W  22.99c S  -7.55c (+21.5 L  +6.7) LCB -334.57c P  0.30% WF   1.0 PSV       1 N       1  --  M11
pss : T  10.69c W  19.22c S  -8.53c (+18.6 L  +6.3) LCB -339.31c P  0.66% WF   1.0 PSV       1 N       1  --  pass
N10 : T  14.34c W  22.16c S  -7.83c (+20.6 L  +6.8) LCB -335.66c P  0.32% WF   1.0 PSV       1 N       1  --  N10
O10 : T  14.28c W  22.14c S  -7.87c (+20.6 L  +6.7) LCB -335.72c P  0.32% WF   1.0 PSV       1 N       1  --  O10
M8  : T  14.06c W  21.97c S  -7.90c (+20.5 L  +6.8) LCB -335.94c P  0.31% WF   1.0 PSV       1 N       1  --  M8
Q8  : T  13.84c W  21.78c S  -7.94c (+20.4 L  +6.7) LCB -336.16c P  0.31% WF   1.0 PSV       1 N       1  --  Q8
N8  : T  14.53c W  22.28c S  -7.75c (+20.9 L  +6.5) LCB -335.47c P  0.31% WF   1.0 PSV       1 N       1  --  N8
P10 : T  14.15c W  22.07c S  -7.92c (+20.6 L  +6.7) LCB -335.85c P  0.31% WF   1.0 PSV       1 N       1  --  P10
S17 : T  11.58c W  19.85c S  -8.27c (+19.4 L  +6.2) LCB -338.42c P  0.30% WF   1.0 PSV       1 N       1  --  S17
O12 : T  14.18c W  22.06c S  -7.88c (+20.5 L  +6.7) LCB -335.82c P  0.30% WF   1.0 PSV       1 N       1  --  O12

2025-11-28 17:42:05+0700: = Q8
2025-11-28 17:42:05+0700: Controller: genmove b
2025-11-28 17:42:05+0700: MoveNum: 0 HASH: 69CDB81D52B11C2316CF0E1A8B402710
   A B C D E F G H J K L M N O P Q R S T
19 . . . . . . . . . . . . . . . . . . .
18 . . . . . . . . . . . . . . . . . X .
17 . . . . . . . . . . . . X . . . . . .
16 . . . . . . . . . . . . . . . . . . .
15 . . . . . . . . . . . . . . . . . . .
14 . . . . . . . . . . . . . . . . . . .
13 . . . . . . . . . . . . . . . . . . .
12 . . . . . . . . . . . . . . . . . . .
11 . . . . . . . . . . . . X . . . . . .
10 . . . . . . . . . . . . . . . . . . .
 9 . . . . . . . . . . . X . . . X . . .
 8 . . . . . . . . . . . . . . . X . . .
 7 . . . . . . . . . . . . . . . . . . .
 6 . . . . . . . . . . . . . . . . . . .
 5 . . . . . . . . . . . . . . . . . . .
 4 . . . . . . . . . . . . . . . . . . .
 3 . . . . . . . . . . . . . . . . . . .
 2 . . . . . . . . . . . . . . . . . . .
 1 . . . . . . . . . . . . . . . . . . .

koPOSITIONALscoreAREAtaxNONEsui1komi7.5
Time taken: 0.547
Root visits: 141
New playouts: 141
NN rows: 141
NN batches: 93
NN avg batch size: 1.51613
PlayoutDoublingAdvantage: -2.75
PV: O9
Tree:
: T  15.76c W  22.83c S  -7.10c (+22.1 L  +7.3) N     141  --  O9
---Black(^)---
O9  : T  17.32c W  24.06c S  -6.74c (+23.0 L  +7.4) LCB -332.68c P  0.29% WF   1.0 PSV       1 N       1  --  O9
pss : T  12.34c W  20.15c S  -7.81c (+19.7 L  +7.0) LCB -337.66c P  0.68% WF   1.0 PSV       1 N       1  --  pass
N10 : T  17.30c W  24.05c S  -6.75c (+23.1 L  +7.4) LCB -332.70c P  0.32% WF   1.0 PSV       1 N       1  --  N10
M10 : T  17.27c W  24.02c S  -6.75c (+23.1 L  +7.4) LCB -332.73c P  0.32% WF   1.0 PSV       1 N       1  --  M10
Q10 : T  16.29c W  23.24c S  -6.96c (+22.4 L  +7.2) LCB -333.71c P  0.32% WF   1.0 PSV       1 N       1  --  Q10
P7  : T  15.98c W  23.12c S  -7.14c (+21.9 L  +7.4) LCB -334.02c P  0.31% WF   1.0 PSV       1 N       1  --  P7
O10 : T  16.49c W  23.42c S  -6.92c (+22.4 L  +7.2) LCB -333.51c P  0.31% WF   1.0 PSV       1 N       1  --  O10
S19 : T  13.02c W  20.52c S  -7.50c (+20.6 L  +6.7) LCB -336.98c P  0.31% WF   1.0 PSV       1 N       1  --  S19
N18 : T  14.48c W  21.88c S  -7.40c (+21.1 L  +7.2) LCB -335.52c P  0.31% WF   1.0 PSV       1 N       1  --  N18
N12 : T  16.13c W  23.21c S  -7.07c (+22.0 L  +7.4) LCB -333.87c P  0.31% WF   1.0 PSV       1 N       1  --  N12

2025-11-28 17:42:05+0700: = pass
2025-11-28 17:42:05+0700: Controller: genmove b
2025-11-28 17:42:06+0700: MoveNum: 0 HASH: 69CDB81D52B11C2316CF0E1A8B402710
   A B C D E F G H J K L M N O P Q R S T
19 . . . . . . . . . . . . . . . . . . .
18 . . . . . . . . . . . . . . . . . X .
17 . . . . . . . . . . . . X . . . . . .
16 . . . . . . . . . . . . . . . . . . .
15 . . . . . . . . . . . . . . . . . . .
14 . . . . . . . . . . . . . . . . . . .
13 . . . . . . . . . . . . . . . . . . .
12 . . . . . . . . . . . . . . . . . . .
11 . . . . . . . . . . . . X . . . . . .
10 . . . . . . . . . . . . . . . . . . .
 9 . . . . . . . . . . . X . . . X . . .
 8 . . . . . . . . . . . . . . . X . . .
 7 . . . . . . . . . . . . . . . . . . .
 6 . . . . . . . . . . . . . . . . . . .
 5 . . . . . . . . . . . . . . . . . . .
 4 . . . . . . . . . . . . . . . . . . .
 3 . . . . . . . . . . . . . . . . . . .
 2 . . . . . . . . . . . @ . . . . . . .
 1 . . . . . . . . . . . . . . . . . . .

koPOSITIONALscoreAREAtaxNONEsui1komi7.5
Time taken: 0.531
Root visits: 282
New playouts: 282
NN rows: 141
NN batches: 88
NN avg batch size: 1.60227
PlayoutDoublingAdvantage: -2.75
PV: O9
Tree:
: T  15.26c W  22.44c S  -7.19c (+21.8 L  +7.2) N     282  --  O9
---Black(^)---
O9  : T  17.32c W  24.06c S  -6.74c (+23.0 L  +7.4) LCB -332.68c P  0.29% WF   1.0 PSV       1 N       1  --  O9
pss : T  12.34c W  20.15c S  -7.81c (+19.7 L  +7.0) LCB -337.66c P  0.68% WF   1.0 PSV       1 N       1  --  pass
N10 : T  17.30c W  24.05c S  -6.75c (+23.1 L  +7.4) LCB -332.70c P  0.32% WF   1.0 PSV       1 N       1  --  N10
M10 : T  17.27c W  24.02c S  -6.75c (+23.1 L  +7.4) LCB -332.73c P  0.32% WF   1.0 PSV       1 N       1  --  M10
Q10 : T  16.29c W  23.24c S  -6.96c (+22.4 L  +7.2) LCB -333.71c P  0.32% WF   1.0 PSV       1 N       1  --  Q10
P7  : T  15.98c W  23.12c S  -7.14c (+21.9 L  +7.4) LCB -334.02c P  0.31% WF   1.0 PSV       1 N       1  --  P7
O10 : T  16.49c W  23.42c S  -6.92c (+22.4 L  +7.2) LCB -333.51c P  0.31% WF   1.0 PSV       1 N       1  --  O10
S19 : T  13.02c W  20.52c S  -7.50c (+20.6 L  +6.7) LCB -336.98c P  0.31% WF   1.0 PSV       1 N       1  --  S19
N18 : T  14.48c W  21.88c S  -7.40c (+21.1 L  +7.2) LCB -335.52c P  0.31% WF   1.0 PSV       1 N       1  --  N18
N12 : T  16.13c W  23.21c S  -7.07c (+22.0 L  +7.4) LCB -333.87c P  0.31% WF   1.0 PSV       1 N       1  --  N12

2025-11-28 17:42:06+0700: = M2
2025-11-28 17:42:06+0700: Controller: genmove b
2025-11-28 17:42:06+0700: MoveNum: 0 HASH: E473374A7902FDBBE0C06310F8B56073
   A B C D E F G H J K L M N O P Q R S T
19 . . . . . . . . . . . . . . . . . . .
18 . . . . . . . . . . . . . . . . . X .
17 . . . . . . . . . . . . X . . . . . .
16 . . . . . . . . . . . . . . . . . . .
15 . . . . . . . . . . . . . . . . . . .
14 . . . . . . . . . . . . . . . . . . .
13 . . . . . . . . . . . . . . . . . . .
12 . . . . . . . . . . . . . . . . . . .
11 . . . . . . . . . . . . X . . . . . .
10 . . . . . . . . . . . . . . . . . . .
 9 . . . . . . . . . . . X @ . . X . . .
 8 . . . . . . . . . . . . . . . X . . .
 7 . . . . . . . . . . . . . . . . . . .
 6 . . . . . . . . . . . . . . . . . . .
 5 . . . . . . . . . . . . . . . . . . .
 4 . . . . . . . . . . . . . . . . . . .
 3 . . . . . . . . . . . . . . . . . . .
 2 . . . . . . . . . . . X . . . . . . .
 1 . . . . . . . . . . . . . . . . . . .

koPOSITIONALscoreAREAtaxNONEsui1komi7.5
Time taken: 0.531
Root visits: 131
New playouts: 131
NN rows: 131
NN batches: 86
NN avg batch size: 1.52326
PlayoutDoublingAdvantage: -2.75
PV: P9
Tree:
: T  17.14c W  24.09c S  -6.98c (+23.1 L  +7.4) N     131  --  P9
---Black(^)---
P9  : T  18.59c W  25.27c S  -6.68c (+23.9 L  +7.6) LCB -331.41c P  0.30% WF   1.0 PSV       1 N       1  --  P9
pss : T  13.97c W  21.60c S  -7.63c (+21.1 L  +6.9) LCB -336.03c P  0.67% WF   1.0 PSV       1 N       1  --  pass
O10 : T  18.01c W  24.79c S  -6.78c (+23.5 L  +7.3) LCB -331.99c P  0.34% WF   1.0 PSV       1 N       1  --  O10
O9  : T  17.81c W  24.74c S  -6.93c (+23.3 L  +7.5) LCB -332.19c P  0.33% WF   1.0 PSV       1 N       1  --  O9
O11 : T  17.21c W  24.22c S  -7.01c (+22.8 L  +7.5) LCB -332.79c P  0.32% WF   1.0 PSV       1 N       1  --  O11
R8  : T  16.71c W  23.88c S  -7.17c (+22.6 L  +7.5) LCB -333.29c P  0.32% WF   1.0 PSV       1 N       1  --  R8
P8  : T  18.00c W  24.79c S  -6.79c (+23.5 L  +7.4) LCB -332.00c P  0.32% WF   1.0 PSV       1 N       1  --  P8
N8  : T  17.65c W  24.58c S  -6.93c (+23.1 L  +7.5) LCB -332.35c P  0.32% WF   1.0 PSV       1 N       1  --  N8
P10 : T  17.62c W  24.56c S  -6.94c (+23.3 L  +7.4) LCB -332.38c P  0.32% WF   1.0 PSV       1 N       1  --  P10
N9  : T  17.15c W  24.17c S  -7.02c (+22.9 L  +7.5) LCB -332.85c P  0.31% WF   1.0 PSV       1 N       1  --  N9

2025-11-28 17:42:06+0700: = N9
2025-11-28 17:42:06+0700: Controller: genmove b
