2025-11-28 19:48:24+0700: Running with following config:
allowResignation = true
lagBuffer = 0.0
logAllGTPCommunication = true
logDir = gtp_logs
logSearchInfo = true
logSearchInfoForChosenMove = false
logToStderr = false
maxPlayouts = 500
maxPlayoutsPondering = 3000
maxTime = 0.5
maxTimePondering = 60.0
maxVisits = 300
maxVisitsPondering = 5000
numSearchThreads = 16
ponderingEnabled = false
resignConsecTurns = 3
resignThreshold = -0.90
rules = tromp-taylor
searchFactorAfterOnePass = 0.50
searchFactorAfterTwoPass = 0.25
searchFactorWhenWinning = 0.40
searchFactorWhenWinningThreshold = 0.95

2025-11-28 19:48:24+0700: GTP Engine starting...
2025-11-28 19:48:24+0700: KataGo v1.14.0
2025-11-28 19:48:24+0700: Using TrompTaylor rules initially, unless GTP/GUI overrides this
2025-11-28 19:48:24+0700: Using 16 CPU thread(s) for search
2025-11-28 19:48:24+0700: nnRandSeed0 = 3619718826087490994
2025-11-28 19:48:24+0700: After dedups: nnModelFile0 = model.gz useFP16 auto useNHWC auto
2025-11-28 19:48:24+0700: Initializing neural net buffer to be size 19 * 19 exactly
2025-11-28 19:48:24+0700: Eigen (CPU) backend thread 2: Model version 8
2025-11-28 19:48:24+0700: Eigen (CPU) backend thread 2: Model name: b6c96-s1995008-d1329786
2025-11-28 19:48:24+0700: Eigen (CPU) backend thread 1: Model version 8
2025-11-28 19:48:24+0700: Eigen (CPU) backend thread 1: Model name: b6c96-s1995008-d1329786
2025-11-28 19:48:24+0700: Eigen (CPU) backend thread 3: Model version 8
2025-11-28 19:48:24+0700: Eigen (CPU) backend thread 3: Model name: b6c96-s1995008-d1329786
2025-11-28 19:48:24+0700: Eigen (CPU) backend thread 4: Model version 8
2025-11-28 19:48:24+0700: Eigen (CPU) backend thread 4: Model name: b6c96-s1995008-d1329786
2025-11-28 19:48:24+0700: Eigen (CPU) backend thread 5: Model version 8
2025-11-28 19:48:24+0700: Eigen (CPU) backend thread 5: Model name: b6c96-s1995008-d1329786
2025-11-28 19:48:24+0700: Eigen (CPU) backend thread 7: Model version 8
2025-11-28 19:48:24+0700: Eigen (CPU) backend thread 7: Model name: b6c96-s1995008-d1329786
2025-11-28 19:48:24+0700: Eigen (CPU) backend thread 6: Model version 8
2025-11-28 19:48:24+0700: Eigen (CPU) backend thread 6: Model name: b6c96-s1995008-d1329786
2025-11-28 19:48:24+0700: Eigen (CPU) backend thread 0: Model version 8
2025-11-28 19:48:24+0700: Eigen (CPU) backend thread 0: Model name: b6c96-s1995008-d1329786
2025-11-28 19:48:24+0700: Loaded neural net with nnXLen 19 nnYLen 19
2025-11-28 19:48:24+0700: Initializing board with boardXSize 19 boardYSize 19
2025-11-28 19:48:24+0700: Loaded config default_gtp.cfg
2025-11-28 19:48:24+0700: Loaded model model.gz
2025-11-28 19:48:24+0700: Model name: b6c96-s1995008-d1329786
2025-11-28 19:48:24+0700: GTP ready, beginning main protocol loop
2025-11-28 19:48:24+0700: Controller: boardsize 2
2025-11-28 19:48:24+0700: GPU -1 finishing, processed 0 rows 0 batches
2025-11-28 19:48:24+0700: GPU -1 finishing, processed 0 rows 0 batches
2025-11-28 19:48:24+0700: GPU -1 finishing, processed 0 rows 0 batches
2025-11-28 19:48:24+0700: GPU -1 finishing, processed 0 rows 0 batches
2025-11-28 19:48:24+0700: GPU -1 finishing, processed 0 rows 0 batches
2025-11-28 19:48:24+0700: GPU -1 finishing, processed 0 rows 0 batches
2025-11-28 19:48:24+0700: GPU -1 finishing, processed 0 rows 0 batches
2025-11-28 19:48:24+0700: GPU -1 finishing, processed 0 rows 0 batches
2025-11-28 19:48:24+0700: Cleaned up old neural net and bot
2025-11-28 19:48:24+0700: nnRandSeed0 = 4220374871730558568
2025-11-28 19:48:24+0700: After dedups: nnModelFile0 = model.gz useFP16 auto useNHWC auto
2025-11-28 19:48:24+0700: Initializing neural net buffer to be size 2 * 2 exactly
2025-11-28 19:48:24+0700: Eigen (CPU) backend thread 0: Model version 8
2025-11-28 19:48:24+0700: Eigen (CPU) backend thread 0: Model name: b6c96-s1995008-d1329786
2025-11-28 19:48:24+0700: Eigen (CPU) backend thread 2: Model version 8
2025-11-28 19:48:24+0700: Eigen (CPU) backend thread 2: Model name: b6c96-s1995008-d1329786
2025-11-28 19:48:24+0700: Eigen (CPU) backend thread 4: Model version 8
2025-11-28 19:48:24+0700: Eigen (CPU) backend thread 4: Model name: b6c96-s1995008-d1329786
2025-11-28 19:48:24+0700: Eigen (CPU) backend thread 1: Model version 8
2025-11-28 19:48:24+0700: Eigen (CPU) backend thread 1: Model name: b6c96-s1995008-d1329786
2025-11-28 19:48:24+0700: Eigen (CPU) backend thread 3: Model version 8
2025-11-28 19:48:24+0700: Eigen (CPU) backend thread 3: Model name: b6c96-s1995008-d1329786
2025-11-28 19:48:24+0700: Eigen (CPU) backend thread 5: Model version 8
2025-11-28 19:48:24+0700: Eigen (CPU) backend thread 5: Model name: b6c96-s1995008-d1329786
2025-11-28 19:48:24+0700: Eigen (CPU) backend thread 6: Model version 8
2025-11-28 19:48:24+0700: Eigen (CPU) backend thread 6: Model name: b6c96-s1995008-d1329786
2025-11-28 19:48:24+0700: Eigen (CPU) backend thread 7: Model version 8
2025-11-28 19:48:24+0700: Eigen (CPU) backend thread 7: Model name: b6c96-s1995008-d1329786
2025-11-28 19:48:24+0700: Loaded neural net with nnXLen 2 nnYLen 2
2025-11-28 19:48:24+0700: Initializing board with boardXSize 2 boardYSize 2
2025-11-28 19:48:24+0700: = 
2025-11-28 19:48:24+0700: Controller: genmove b
2025-11-28 19:48:24+0700: MoveNum: 0 HASH: CEA26448910A5BF5F35A3098A28FEA31
   A B
 2 . @
 1 . .

koPOSITIONALscoreAREAtaxNONEsui1komi7.5
Time taken: 0.047
Root visits: 315
New playouts: 315
NN rows: 93
NN batches: 69
NN avg batch size: 1.34783
PV: B2 A2 B1 pass pass
Tree:
: T -105.72c W -73.63c S -10.00c ( -2.8 L  -3.0) N     315  --  B2 A2 B1 pass pass
---Black(^)---
B2  : T -104.79c W -72.57c S  -9.36c ( -2.6 L  -2.7) LCB -119.53c P 20.63% WF 293.4 PSV     291 N     291  --  B2 A2 B1 pass pass
pss : T -124.76c W -92.72c S -26.13c ( -7.1 L  -7.3) LCB -159.91c P 18.35% WF  20.6 PSV      21 N      23  --  pass pass

2025-11-28 19:48:24+0700: = B2
2025-11-28 19:48:24+0700: Controller: genmove w
2025-11-28 19:48:24+0700: MoveNum: 1 HASH: 308FF3323471377AFEF87BE00BC77DFC
   A B
 2 @ X1
 1 . .

koPOSITIONALscoreAREAtaxNONEsui1komi7.5
Time taken: 0
Root visits: 300
New playouts: 13
NN rows: 1
NN batches: 1
NN avg batch size: 1
PV: A2 A1 pass pass
Tree:
: T  98.42c W  74.66c S   2.07c ( +2.7 L  +2.9) N     300  --  A2 A1 pass pass
---White(^)---
A2  : T 111.23c W  87.73c S   5.10c ( +3.6 L  +3.9) LCB  100.32c P 21.72% WF 228.1 PSV     205 N     205  --  A2 A1 pass pass
A1  : T  79.69c W  52.02c S   1.20c ( +2.5 L  +3.6) LCB   42.67c P 30.55% WF  39.3 PSV      21 N      43  --  A1 B1 pass A2 pass pass
pss : T  33.81c W  11.92c S  -6.07c ( -3.5 L  -5.0) LCB   -9.44c P 25.00% WF  31.5 PSV       7 N      51  --  pass A2 B1 A1 pass pass

2025-11-28 19:48:24+0700: = A2
2025-11-28 19:48:24+0700: Controller: genmove b
2025-11-28 19:48:24+0700: MoveNum: 2 HASH: D7BCA7DD2338BA615EFBB9AD2135ED67
   A B
 2 O2X1
 1 @ .

koPOSITIONALscoreAREAtaxNONEsui1komi7.5
Time taken: 0.015
Root visits: 310
New playouts: 105
NN rows: 1
NN batches: 1
NN avg batch size: 1
PV: A1 pass pass
Tree:
: T -107.69c W -91.95c S  -3.88c ( -3.6 L  -3.7) N     310  --  A1 pass pass
---Black(^)---
A1  : T -106.70c W -93.19c S  -2.20c ( -2.9 L  -2.9) LCB -115.25c P 37.76% WF 149.2 PSV     185 N     148  --  A1 pass pass
B1  : T -106.63c W -90.81c S  -4.05c ( -3.8 L  -4.1) LCB -118.31c P 32.21% WF 139.2 PSV     129 N     138  --  B1 pass A1 pass pass
pss : T -127.30c W -95.06c S -15.65c ( -7.1 L  -7.5) LCB -144.71c P 30.03% WF  20.5 PSV      18 N      23  --  pass pass

2025-11-28 19:48:24+0700: = A1
2025-11-28 19:48:24+0700: Controller: genmove w
2025-11-28 19:48:24+0700: MoveNum: 3 HASH: 73DB1F91D52B279698436F10BF897AF3
   A B
 2 .2X1
 1 X3.

koPOSITIONALscoreAREAtaxNONEsui1komi7.5
Time taken: 0
Root visits: 315
New playouts: 167
NN rows: 1
NN batches: 1
NN avg batch size: 1
PV: pass pass
Tree:
: T 114.38c W  96.81c S   6.16c ( +3.2 L  +3.2) N     315  --  pass pass
---White(^)---
pss : T 114.93c W  97.24c S   6.67c ( +3.3 L  +3.3) LCB  111.06c P 100.00% WF 314.0 PSV     314 N     314  --  pass pass

2025-11-28 19:48:24+0700: = pass
2025-11-28 19:48:24+0700: Controller: genmove b
2025-11-28 19:48:24+0700: MoveNum: 4 HASH: 73DB1F91D52B279698436F10BF897AF3
   A B
 2 .1X
 1 X2@

koPOSITIONALscoreAREAtaxNONEsui1komi7.5
Time taken: 0
Root visits: 165
New playouts: 165
NN rows: 12
NN batches: 10
NN avg batch size: 1.2
PV: B1 pass pass
Tree:
: T -126.50c W -92.81c S -30.04c ( -3.2 L  -3.1) N     165  --  B1 pass pass
---Black(^)---
B1  : T -125.54c W -91.63c S -29.78c ( -3.3 L  -3.2) LCB -138.82c P 20.91% WF  98.6 PSV      97 N     108  --  B1 pass pass
pss : T -131.52c W -97.52c S -31.74c ( -3.3 L  -3.2) LCB -139.53c P 44.79% WF  54.6 PSV      56 N      56  --  pass pass

2025-11-28 19:48:24+0700: = resign
2025-11-28 19:48:24+0700: Controller: genmove w
2025-11-28 19:48:24+0700: MoveNum: 0 HASH: 73DB1F91D52B279698436F10BF897AF3
   A B
 2 . X
 1 X .

koPOSITIONALscoreAREAtaxNONEsui1komi7.5
Time taken: 0.032
Root visits: 315
New playouts: 315
NN rows: 75
NN batches: 60
NN avg batch size: 1.25
PV: pass A2 pass B1 A2 B1 pass B2 pass A1 pass pass
Tree:
: T  75.56c W  38.01c S  15.32c ( +4.0 L  +4.4) N     315  --  pass A2 pass B1 A2 B1 pass
---White(^)---
pss : T  75.94c W  38.26c S  15.39c ( +4.0 L  +4.4) LCB   60.50c P 100.00% WF 313.4 PSV     313 N     314  --  pass A2 pass B1 A2 B1 pass B2

2025-11-28 19:48:24+0700: = pass
2025-11-28 19:48:24+0700: Controller: genmove b
2025-11-28 19:48:24+0700: MoveNum: 1 HASH: 73DB1F91D52B279698436F10BF897AF3
   A B
 2 . X
 1 X @

koPOSITIONALscoreAREAtaxNONEsui1komi7.5
Time taken: 0.015
Root visits: 164
New playouts: 164
NN rows: 7
NN batches: 6
NN avg batch size: 1.16667
PV: B1 A2 B1 pass B2 A1 B2 B1 B2
Tree:
: T -67.60c W -33.71c S -17.52c ( -3.5 L  -3.5) N     164  --  B1 A2 B1 pass B2 A1 B2
---Black(^)---
B1  : T -64.81c W -30.85c S -17.38c ( -3.7 L  -3.7) LCB  -87.81c P 20.91% WF 152.7 PSV     149 N     150  --  B1 A2 B1 pass B2 A1 B2 B1
pss : T -126.18c W -89.34c S -29.28c ( -2.8 L  -2.4) LCB -159.84c P 44.79% WF   9.4 PSV      13 N      13  --  pass pass

2025-11-28 19:48:24+0700: = B1
2025-11-28 19:48:24+0700: GPU -1 finishing, processed 21 rows 16 batches
2025-11-28 19:48:24+0700: GPU -1 finishing, processed 24 rows 20 batches
2025-11-28 19:48:24+0700: GPU -1 finishing, processed 24 rows 21 batches
2025-11-28 19:48:24+0700: GPU -1 finishing, processed 24 rows 18 batches
2025-11-28 19:48:24+0700: GPU -1 finishing, processed 21 rows 18 batches
2025-11-28 19:48:24+0700: GPU -1 finishing, processed 27 rows 20 batches
2025-11-28 19:48:24+0700: GPU -1 finishing, processed 25 rows 19 batches
2025-11-28 19:48:24+0700: GPU -1 finishing, processed 24 rows 16 batches
2025-11-28 19:48:24+0700: All cleaned up, quitting
