2025-11-28 19:52:56+0700: Running with following config:
allowResignation = true
lagBuffer = 0.0
logAllGTPCommunication = true
logDir = gtp_logs
logSearchInfo = true
logSearchInfoForChosenMove = false
logToStderr = false
maxPlayouts = 500
maxPlayoutsPondering = 3000
maxTime = 0.5
maxTimePondering = 60.0
maxVisits = 300
maxVisitsPondering = 5000
numSearchThreads = 16
ponderingEnabled = false
resignConsecTurns = 3
resignThreshold = -0.90
rules = tromp-taylor
searchFactorAfterOnePass = 0.50
searchFactorAfterTwoPass = 0.25
searchFactorWhenWinning = 0.40
searchFactorWhenWinningThreshold = 0.95

2025-11-28 19:52:56+0700: GTP Engine starting...
2025-11-28 19:52:56+0700: KataGo v1.14.0
2025-11-28 19:52:56+0700: Using TrompTaylor rules initially, unless GTP/GUI overrides this
2025-11-28 19:52:56+0700: Using 16 CPU thread(s) for search
2025-11-28 19:52:56+0700: nnRandSeed0 = 16373209128819117191
2025-11-28 19:52:56+0700: After dedups: nnModelFile0 = model.gz useFP16 auto useNHWC auto
2025-11-28 19:52:56+0700: Initializing neural net buffer to be size 19 * 19 exactly
2025-11-28 19:52:56+0700: Eigen (CPU) backend thread 0: Model version 8
2025-11-28 19:52:56+0700: Eigen (CPU) backend thread 0: Model name: b6c96-s1995008-d1329786
2025-11-28 19:52:56+0700: Eigen (CPU) backend thread 1: Model version 8
2025-11-28 19:52:56+0700: Eigen (CPU) backend thread 1: Model name: b6c96-s1995008-d1329786
2025-11-28 19:52:56+0700: Eigen (CPU) backend thread 3: Model version 8
2025-11-28 19:52:56+0700: Eigen (CPU) backend thread 3: Model name: b6c96-s1995008-d1329786
2025-11-28 19:52:56+0700: Eigen (CPU) backend thread 4: Model version 8
2025-11-28 19:52:56+0700: Eigen (CPU) backend thread 4: Model name: b6c96-s1995008-d1329786
2025-11-28 19:52:56+0700: Eigen (CPU) backend thread 5: Model version 8
2025-11-28 19:52:56+0700: Eigen (CPU) backend thread 5: Model name: b6c96-s1995008-d1329786
2025-11-28 19:52:56+0700: Eigen (CPU) backend thread 6: Model version 8
2025-11-28 19:52:56+0700: Eigen (CPU) backend thread 6: Model name: b6c96-s1995008-d1329786
2025-11-28 19:52:56+0700: Eigen (CPU) backend thread 7: Model version 8
2025-11-28 19:52:56+0700: Eigen (CPU) backend thread 7: Model name: b6c96-s1995008-d1329786
2025-11-28 19:52:56+0700: Eigen (CPU) backend thread 2: Model version 8
2025-11-28 19:52:56+0700: Eigen (CPU) backend thread 2: Model name: b6c96-s1995008-d1329786
2025-11-28 19:52:56+0700: Loaded neural net with nnXLen 19 nnYLen 19
2025-11-28 19:52:56+0700: Initializing board with boardXSize 19 boardYSize 19
2025-11-28 19:52:56+0700: Loaded config default_gtp.cfg
2025-11-28 19:52:56+0700: Loaded model model.gz
2025-11-28 19:52:56+0700: Model name: b6c96-s1995008-d1329786
2025-11-28 19:52:56+0700: GTP ready, beginning main protocol loop
2025-11-28 19:52:56+0700: Controller: boardsize 2
2025-11-28 19:52:56+0700: GPU -1 finishing, processed 0 rows 0 batches
2025-11-28 19:52:56+0700: GPU -1 finishing, processed 0 rows 0 batches
2025-11-28 19:52:56+0700: GPU -1 finishing, processed 0 rows 0 batches
2025-11-28 19:52:56+0700: GPU -1 finishing, processed 0 rows 0 batches
2025-11-28 19:52:56+0700: GPU -1 finishing, processed 0 rows 0 batches
2025-11-28 19:52:56+0700: GPU -1 finishing, processed 0 rows 0 batches
2025-11-28 19:52:56+0700: GPU -1 finishing, processed 0 rows 0 batches
2025-11-28 19:52:56+0700: GPU -1 finishing, processed 0 rows 0 batches
2025-11-28 19:52:56+0700: Cleaned up old neural net and bot
2025-11-28 19:52:56+0700: nnRandSeed0 = 3889447528531794868
2025-11-28 19:52:56+0700: After dedups: nnModelFile0 = model.gz useFP16 auto useNHWC auto
2025-11-28 19:52:56+0700: Initializing neural net buffer to be size 2 * 2 exactly
2025-11-28 19:52:56+0700: Eigen (CPU) backend thread 4: Model version 8
2025-11-28 19:52:56+0700: Eigen (CPU) backend thread 4: Model name: b6c96-s1995008-d1329786
2025-11-28 19:52:56+0700: Eigen (CPU) backend thread 0: Model version 8
2025-11-28 19:52:56+0700: Eigen (CPU) backend thread 0: Model name: b6c96-s1995008-d1329786
2025-11-28 19:52:56+0700: Eigen (CPU) backend thread 5: Model version 8
2025-11-28 19:52:56+0700: Eigen (CPU) backend thread 5: Model name: b6c96-s1995008-d1329786
2025-11-28 19:52:56+0700: Eigen (CPU) backend thread 3: Model version 8
2025-11-28 19:52:56+0700: Eigen (CPU) backend thread 3: Model name: b6c96-s1995008-d1329786
2025-11-28 19:52:56+0700: Eigen (CPU) backend thread 1: Model version 8
2025-11-28 19:52:56+0700: Eigen (CPU) backend thread 1: Model name: b6c96-s1995008-d1329786
2025-11-28 19:52:56+0700: Eigen (CPU) backend thread 7: Model version 8
2025-11-28 19:52:56+0700: Eigen (CPU) backend thread 7: Model name: b6c96-s1995008-d1329786
2025-11-28 19:52:56+0700: Eigen (CPU) backend thread 6: Model version 8
2025-11-28 19:52:56+0700: Eigen (CPU) backend thread 6: Model name: b6c96-s1995008-d1329786
2025-11-28 19:52:56+0700: Eigen (CPU) backend thread 2: Model version 8
2025-11-28 19:52:56+0700: Eigen (CPU) backend thread 2: Model name: b6c96-s1995008-d1329786
2025-11-28 19:52:56+0700: Loaded neural net with nnXLen 2 nnYLen 2
2025-11-28 19:52:56+0700: Initializing board with boardXSize 2 boardYSize 2
2025-11-28 19:52:56+0700: = 
2025-11-28 19:52:56+0700: Controller: genmove b
2025-11-28 19:52:56+0700: MoveNum: 0 HASH: CEA26448910A5BF5F35A3098A28FEA31
   A B
 2 . @
 1 . .

koPOSITIONALscoreAREAtaxNONEsui1komi7.5
Time taken: 0.047
Root visits: 315
New playouts: 315
NN rows: 87
NN batches: 67
NN avg batch size: 1.29851
PV: B2 B1 A1 pass pass
Tree:
: T -110.05c W -76.61c S -11.35c ( -3.3 L  -3.6) N     315  --  B2 B1 A1 pass pass
---Black(^)---
B2  : T -109.28c W -75.39c S -10.48c ( -3.0 L  -3.2) LCB -123.05c P 19.33% WF 282.1 PSV     280 N     280  --  B2 B1 A1 pass pass
pss : T -120.68c W -90.11c S -23.60c ( -6.6 L  -7.4) LCB -153.24c P 18.35% WF  31.9 PSV      33 N      34  --  pass pass

2025-11-28 19:52:56+0700: = B2
2025-11-28 19:52:56+0700: Controller: genmove w
2025-11-28 19:52:56+0700: MoveNum: 1 HASH: 308FF3323471377AFEF87BE00BC77DFC
   A B
 2 . X1
 1 @ .

koPOSITIONALscoreAREAtaxNONEsui1komi7.5
Time taken: 0.015
Root visits: 315
New playouts: 246
NN rows: 22
NN batches: 18
NN avg batch size: 1.22222
PV: A1 B1 pass A2 pass pass
Tree:
: T  98.40c W  75.34c S   2.58c ( +3.2 L  +3.3) N     315  --  A1 B1 pass A2 pass pass
---White(^)---
A1  : T 105.11c W  82.43c S   4.34c ( +3.8 L  +4.0) LCB   92.31c P 30.55% WF 281.6 PSV     268 N     269  --  A1 B1 pass A2 pass pass
A2  : T  59.34c W  23.86c S  -3.08c ( -0.8 L  -1.3) LCB    9.56c P 22.73% WF  20.8 PSV      11 N      27  --  A2 B1 A1 B2 pass
pss : T   8.23c W  -3.35c S  -8.54c ( -5.5 L  -6.5) LCB  -63.09c P 25.00% WF  10.3 PSV       6 N      18  --  pass B1 A2 pass

2025-11-28 19:52:56+0700: = A1
2025-11-28 19:52:56+0700: Controller: genmove b
2025-11-28 19:52:56+0700: MoveNum: 2 HASH: 93B2ECE9EC0448C2C85C593F2893F20E
   A B
 2 . X1
 1 O2@

koPOSITIONALscoreAREAtaxNONEsui1komi7.5
Time taken: 0.016
Root visits: 315
New playouts: 170
NN rows: 1
NN batches: 1
NN avg batch size: 1
PV: B1 pass A2 pass pass
Tree:
: T -107.00c W -92.93c S  -4.59c ( -3.9 L  -3.9) N     315  --  B1 pass A2 pass pass
---Black(^)---
B1  : T -105.67c W -92.98c S  -3.80c ( -3.6 L  -3.7) LCB -113.69c P 34.03% WF 288.9 PSV     286 N     287  --  B1 pass A2 pass pass
pss : T -127.93c W -96.34c S -16.69c ( -7.2 L  -7.5) LCB -141.36c P 33.84% WF  23.7 PSV      22 N      27  --  pass pass

2025-11-28 19:52:56+0700: = B1
2025-11-28 19:52:56+0700: Controller: genmove w
2025-11-28 19:52:56+0700: MoveNum: 3 HASH: 09E34D0D550843F5F27EB02CAFDD90E9
   A B
 2 . X1
 1 O2X3

koPOSITIONALscoreAREAtaxNONEsui1komi7.5
Time taken: 0
Root visits: 300
New playouts: 14
NN rows: 1
NN batches: 1
NN avg batch size: 1
PV: pass A2 pass pass
Tree:
: T 107.59c W  93.41c S   4.37c ( +3.6 L  +3.7) N     300  --  pass A2 pass pass
---White(^)---
pss : T 111.43c W  97.51c S   6.27c ( +3.6 L  +3.6) LCB  106.65c P 48.79% WF 280.7 PSV     273 N     273  --  pass A2 pass pass
A2  : T  51.89c W  32.08c S   2.27c ( +4.2 L  +5.7) LCB  -15.27c P 51.21% WF  16.9 PSV      12 N      26  --  A2 B1 pass B2 A2 pass

2025-11-28 19:52:56+0700: = pass
2025-11-28 19:52:56+0700: Controller: genmove b
2025-11-28 19:52:56+0700: MoveNum: 4 HASH: 09E34D0D550843F5F27EB02CAFDD90E9
   A B
 2 @ X
 1 O1X2

koPOSITIONALscoreAREAtaxNONEsui1komi7.5
Time taken: 0
Root visits: 165
New playouts: 165
NN rows: 10
NN batches: 9
NN avg batch size: 1.11111
PV: A2 pass pass
Tree:
: T -119.82c W -90.69c S -14.01c ( -4.2 L  -4.1) N     165  --  A2 pass pass
---Black(^)---
A2  : T -117.78c W -89.78c S -11.56c ( -3.2 L  -3.0) LCB -134.88c P 44.68% WF 111.3 PSV     109 N     110  --  A2 pass pass
pss : T -126.26c W -94.14c S -20.88c ( -6.4 L  -6.6) LCB -142.68c P 55.32% WF  52.0 PSV      51 N      54  --  pass pass

2025-11-28 19:52:56+0700: = resign
2025-11-28 19:52:56+0700: Controller: genmove w
2025-11-28 19:52:56+0700: MoveNum: 0 HASH: 09E34D0D550843F5F27EB02CAFDD90E9
   A B
 2 . X
 1 O X

koPOSITIONALscoreAREAtaxNONEsui1komi7.5
Time taken: 0.031
Root visits: 315
New playouts: 315
NN rows: 61
NN batches: 50
NN avg batch size: 1.22
PV: pass A2 pass A1 A1 B2 pass pass
Tree:
: T  80.89c W  49.70c S  12.04c ( +4.4 L  +4.1) N     315  --  pass A2 pass A1 A1 B2 pass
---White(^)---
pss : T  89.31c W  57.52c S  13.92c ( +5.3 L  +5.2) LCB   69.40c P 48.79% WF 258.7 PSV     239 N     240  --  pass A2 pass A1 A1 B2 pass pass
A2  : T  41.34c W  12.39c S   5.15c ( -0.1 L  -1.2) LCB    6.14c P 51.21% WF  52.4 PSV      29 N      74  --  A2 B1 pass B2 pass A1 pass A2

2025-11-28 19:52:56+0700: = pass
2025-11-28 19:52:56+0700: Controller: genmove b
2025-11-28 19:52:56+0700: MoveNum: 1 HASH: 09E34D0D550843F5F27EB02CAFDD90E9
   A B
 2 @ X
 1 O X

koPOSITIONALscoreAREAtaxNONEsui1komi7.5
Time taken: 0
Root visits: 163
New playouts: 163
NN rows: 10
NN batches: 9
NN avg batch size: 1.11111
PV: A2 A1 B1 B2 pass A2 pass pass
Tree:
: T -56.22c W -30.46c S  -5.36c ( -3.9 L  -3.8) N     163  --  A2 A1 B1 B2 pass A2 pass
---Black(^)---
A2  : T -51.24c W -25.96c S  -5.07c ( -3.8 L  -3.7) LCB  -76.81c P 44.68% WF 140.8 PSV     135 N     146  --  A2 A1 B1 B2 pass A2 pass pass
pss : T -127.41c W -92.59c S -20.52c ( -5.9 L  -6.3) LCB -153.17c P 55.32% WF  10.5 PSV      13 N      16  --  pass pass

2025-11-28 19:52:56+0700: = A2
2025-11-28 19:52:57+0700: GPU -1 finishing, processed 23 rows 20 batches
2025-11-28 19:52:57+0700: GPU -1 finishing, processed 20 rows 17 batches
2025-11-28 19:52:57+0700: GPU -1 finishing, processed 31 rows 22 batches
2025-11-28 19:52:57+0700: GPU -1 finishing, processed 24 rows 21 batches
2025-11-28 19:52:57+0700: GPU -1 finishing, processed 28 rows 22 batches
2025-11-28 19:52:57+0700: GPU -1 finishing, processed 19 rows 18 batches
2025-11-28 19:52:57+0700: GPU -1 finishing, processed 25 rows 18 batches
2025-11-28 19:52:57+0700: GPU -1 finishing, processed 22 rows 17 batches
2025-11-28 19:52:57+0700: All cleaned up, quitting
