2025-11-28 17:53:59+0700: Running with following config:
allowResignation = true
lagBuffer = 0.0
logAllGTPCommunication = true
logDir = gtp_logs
logSearchInfo = true
logSearchInfoForChosenMove = false
logToStderr = false
maxPlayouts = 500
maxPlayoutsPondering = 3000
maxTime = 0.5
maxTimePondering = 60.0
maxVisits = 300
maxVisitsPondering = 5000
numSearchThreads = 16
ponderingEnabled = false
resignConsecTurns = 3
resignThreshold = -0.90
rules = tromp-taylor
searchFactorAfterOnePass = 0.50
searchFactorAfterTwoPass = 0.25
searchFactorWhenWinning = 0.40
searchFactorWhenWinningThreshold = 0.95

2025-11-28 17:53:59+0700: GTP Engine starting...
2025-11-28 17:53:59+0700: KataGo v1.14.0
2025-11-28 17:53:59+0700: Using TrompTaylor rules initially, unless GTP/GUI overrides this
2025-11-28 17:53:59+0700: Using 16 CPU thread(s) for search
2025-11-28 17:53:59+0700: nnRandSeed0 = 10204016748717241995
2025-11-28 17:53:59+0700: After dedups: nnModelFile0 = model.gz useFP16 auto useNHWC auto
2025-11-28 17:53:59+0700: Initializing neural net buffer to be size 19 * 19 exactly
2025-11-28 17:53:59+0700: Eigen (CPU) backend thread 3: Model version 8
2025-11-28 17:53:59+0700: Eigen (CPU) backend thread 6: Model version 8
2025-11-28 17:53:59+0700: Eigen (CPU) backend thread 6: Model name: b6c96-s1995008-d1329786
2025-11-28 17:53:59+0700: Eigen (CPU) backend thread 0: Model version 8
2025-11-28 17:53:59+0700: Eigen (CPU) backend thread 0: Model name: b6c96-s1995008-d1329786
2025-11-28 17:53:59+0700: Eigen (CPU) backend thread 7: Model version 8
2025-11-28 17:53:59+0700: Eigen (CPU) backend thread 4: Model version 8
2025-11-28 17:53:59+0700: Eigen (CPU) backend thread 4: Model name: b6c96-s1995008-d1329786
2025-11-28 17:53:59+0700: Eigen (CPU) backend thread 3: Model name: b6c96-s1995008-d1329786
2025-11-28 17:53:59+0700: Eigen (CPU) backend thread 2: Model version 8
2025-11-28 17:53:59+0700: Eigen (CPU) backend thread 2: Model name: b6c96-s1995008-d1329786
2025-11-28 17:53:59+0700: Eigen (CPU) backend thread 1: Model version 8
2025-11-28 17:53:59+0700: Eigen (CPU) backend thread 1: Model name: b6c96-s1995008-d1329786
2025-11-28 17:53:59+0700: Eigen (CPU) backend thread 5: Model version 8
2025-11-28 17:53:59+0700: Eigen (CPU) backend thread 5: Model name: b6c96-s1995008-d1329786
2025-11-28 17:53:59+0700: Eigen (CPU) backend thread 7: Model name: b6c96-s1995008-d1329786
2025-11-28 17:53:59+0700: Loaded neural net with nnXLen 19 nnYLen 19
2025-11-28 17:53:59+0700: Initializing board with boardXSize 19 boardYSize 19
2025-11-28 17:53:59+0700: Loaded config default_gtp.cfg
2025-11-28 17:53:59+0700: Loaded model model.gz
2025-11-28 17:53:59+0700: Model name: b6c96-s1995008-d1329786
2025-11-28 17:53:59+0700: GTP ready, beginning main protocol loop
2025-11-28 17:53:59+0700: Controller: version
2025-11-28 17:53:59+0700: = 1.14.0
2025-11-28 17:53:59+0700: Controller: genmove b
2025-11-28 17:54:00+0700: MoveNum: 0 HASH: CDCBC1F514D7E680FACD226074256633
   A B C D E F G H J K L M N O P Q R S T
19 . . . . . . . . . . . . . . . . . . .
18 . . . . . . . . . . . . . . . . . . .
17 . . . . . . . . . . . . . . . . . . .
16 . . . . . . . . . . . . . . . . . . .
15 . . . . . . . . . . . . . . . . . . .
14 . . . . . . . . . . . . . . . . . . .
13 . . . . . . . . . . . . . . . . . . .
12 . . . . . . . . . . . . . . . . . . .
11 . . . . . . . . . . . . . @ . . . . .
10 . . . . . . . . . . . . . . . . . . .
 9 . . . . . . . . . . . . . . . . . . .
 8 . . . . . . . . . . . . . . . . . . .
 7 . . . . . . . . . . . . . . . . . . .
 6 . . . . . . . . . . . . . . . . . . .
 5 . . . . . . . . . . . . . . . . . . .
 4 . . . . . . . . . . . . . . . . . . .
 3 . . . . . . . . . . . . . . . . . . .
 2 . . . . . . . . . . . . . . . . . . .
 1 . . . . . . . . . . . . . . . . . . .

koPOSITIONALscoreAREAtaxNONEsui1komi7.5
Time taken: 0.547
Root visits: 113
New playouts: 113
NN rows: 113
NN batches: 76
NN avg batch size: 1.48684
PV: S14 A18 pass
Tree:
: T  -0.90c W   5.28c S   1.90c ( +7.6 L  -2.5) N     113  --  S14 A18 pass
---Black(^)---
S14 : T  -4.18c W   3.46c S   1.58c ( +6.6 L  -2.7) LCB -126.85c P  0.28% WF   3.0 PSV       3 N       3  --  S14 A18 pass
T18 : T  -6.81c W   1.29c S   1.11c ( +5.4 L  -3.0) LCB -130.04c P  0.30% WF   3.0 PSV       3 N       3  --  T18 S19 pass
T10 : T  -5.54c W   2.39c S   1.39c ( +6.1 L  -2.8) LCB -128.49c P  0.29% WF   3.0 PSV       3 N       3  --  T10 A18 pass
T12 : T  -5.57c W   2.24c S   1.30c ( +5.9 L  -2.9) LCB -128.29c P  0.29% WF   3.0 PSV       3 N       3  --  T12 A18 pass
T13 : T  -6.16c W   1.71c S   1.18c ( +5.6 L  -2.8) LCB -128.78c P  0.29% WF   3.0 PSV       3 N       3  --  T13 B1 pass
T14 : T  -6.08c W   1.69c S   1.18c ( +5.6 L  -2.8) LCB -128.44c P  0.29% WF   3.0 PSV       3 N       3  --  T14 B19 pass
T15 : T  -6.43c W   1.64c S   1.21c ( +5.6 L  -3.0) LCB -129.53c P  0.29% WF   3.0 PSV       3 N       3  --  T15 B19 pass
T16 : T  -6.00c W   2.03c S   1.33c ( +6.0 L  -2.8) LCB -128.95c P  0.29% WF   3.0 PSV       3 N       3  --  T16 A18 pass
T17 : T  -6.41c W   1.60c S   1.17c ( +5.5 L  -2.9) LCB -129.12c P  0.29% WF   3.0 PSV       3 N       3  --  T17 S19 pass
S15 : T  -4.42c W   2.99c S   1.48c ( +6.4 L  -2.8) LCB -127.34c P  0.28% WF   3.0 PSV       3 N       3  --  S15 T16 pass

2025-11-28 17:54:00+0700: = O11
2025-11-28 17:54:00+0700: Controller: genmove b
2025-11-28 17:54:00+0700: MoveNum: 0 HASH: 452A401DE97A7A99A335B465F9F33040
   A B C D E F G H J K L M N O P Q R S T
19 . . . . . . . . . . . . . . . . . . .
18 . . . . . . . . . . . . . . . . . . .
17 . . . . . . . . . . . . . . . . . . .
16 . . . . . . . . . . . . . . . . . . .
15 . . . . . . . . . . . . . . . . . . .
14 . . . . . . . . . . . . . . . . . . .
13 . . . . . . . . . . . . . . . . . . .
12 . . . . . . . . . . . . . . . . . . .
11 . . . . . . . . . . . . . X . . . . .
10 . . . . . . . @ . . . . . . . . . . .
 9 . . . . . . . . . . . . . . . . . . .
 8 . . . . . . . . . . . . . . . . . . .
 7 . . . . . . . . . . . . . . . . . . .
 6 . . . . . . . . . . . . . . . . . . .
 5 . . . . . . . . . . . . . . . . . . .
 4 . . . . . . . . . . . . . . . . . . .
 3 . . . . . . . . . . . . . . . . . . .
 2 . . . . . . . . . . . . . . . . . . .
 1 . . . . . . . . . . . . . . . . . . .

koPOSITIONALscoreAREAtaxNONEsui1komi7.5
Time taken: 0.516
Root visits: 125
New playouts: 125
NN rows: 125
NN batches: 84
NN avg batch size: 1.4881
PV: N10
Tree:
: T  31.68c W  38.38c S  -6.73c (+28.4 L  +2.0) N     125  --  N10
---Black(^)---
N10 : T  32.43c W  39.04c S  -6.61c (+28.7 L  +2.0) LCB -317.57c P  0.30% WF   1.0 PSV       1 N       1  --  N10
pss : T  28.91c W  36.20c S  -7.28c (+26.6 L  +1.6) LCB -321.09c P  0.58% WF   1.0 PSV       1 N       1  --  pass
O12 : T  32.26c W  38.85c S  -6.59c (+28.7 L  +2.0) LCB -317.74c P  0.31% WF   1.0 PSV       1 N       1  --  O12
O9  : T  32.24c W  38.86c S  -6.62c (+28.6 L  +2.0) LCB -317.76c P  0.30% WF   1.0 PSV       1 N       1  --  O9
O10 : T  32.27c W  38.86c S  -6.59c (+28.7 L  +2.0) LCB -317.73c P  0.30% WF   1.0 PSV       1 N       1  --  O10
M10 : T  32.15c W  38.78c S  -6.63c (+28.6 L  +1.9) LCB -317.85c P  0.30% WF   1.0 PSV       1 N       1  --  M10
N9  : T  31.88c W  38.59c S  -6.71c (+28.4 L  +1.9) LCB -318.12c P  0.30% WF   1.0 PSV       1 N       1  --  N9
P10 : T  32.22c W  38.86c S  -6.64c (+28.6 L  +2.0) LCB -317.78c P  0.30% WF   1.0 PSV       1 N       1  --  P10
P12 : T  31.94c W  38.65c S  -6.71c (+28.4 L  +1.9) LCB -318.06c P  0.30% WF   1.0 PSV       1 N       1  --  P12
N11 : T  32.13c W  38.75c S  -6.62c (+28.6 L  +2.0) LCB -317.87c P  0.29% WF   1.0 PSV       1 N       1  --  N11

2025-11-28 17:54:00+0700: = H10
2025-11-28 17:54:00+0700: Controller: genmove b
2025-11-28 17:54:01+0700: MoveNum: 0 HASH: 5CDABA6EAF2F43172145737D89A2C178
   A B C D E F G H J K L M N O P Q R S T
19 . . . . . . . . . . . . . . . . . . .
18 . . . . . . . . . . . . . . . . . . .
17 . . . . . . . . . . . . . . . . . . .
16 . . . . . . . . . . . . . . . . . . .
15 . . . . . . . . . . . . . . . . . . .
14 . . . . . . . . . . . . . . . . . . .
13 . . . . . . . . . . . . . . . . . . .
12 . . . . . . . . . . . . . . . . . . .
11 . . . . . . . . . . . . . X . . . . .
10 . . . . . . . X . . . . . . . . . . .
 9 . . . . . . . . . . . . . . . . . . .
 8 . . . . . . . . . . . . . . . . . . .
 7 . . . . . . . . . . . . . . . . . . .
 6 . . . . . . . . . . . . @ . . . . . .
 5 . . . . . . . . . . . . . . . . . . .
 4 . . . . . . . . . . . . . . . . . . .
 3 . . . . . . . . . . . . . . . . . . .
 2 . . . . . . . . . . . . . . . . . . .
 1 . . . . . . . . . . . . . . . . . . .

koPOSITIONALscoreAREAtaxNONEsui1komi7.5
Time taken: 0.546
Root visits: 122
New playouts: 122
NN rows: 122
NN batches: 82
NN avg batch size: 1.4878
PlayoutDoublingAdvantage: -0.5
PV: J9
Tree:
: T  26.87c W  35.38c S  -8.55c (+25.2 L  +4.1) N     122  --  J9
---Black(^)---
J9  : T  26.95c W  35.47c S  -8.53c (+25.2 L  +4.1) LCB -323.05c P  0.30% WF   1.0 PSV       1 N       1  --  J9
pss : T  23.95c W  33.07c S  -9.12c (+23.5 L  +3.9) LCB -326.05c P  0.59% WF   1.0 PSV       1 N       1  --  pass
N11 : T  26.75c W  35.30c S  -8.55c (+25.1 L  +4.1) LCB -323.25c P  0.31% WF   1.0 PSV       1 N       1  --  N11
G10 : T  26.50c W  35.10c S  -8.59c (+24.9 L  +4.1) LCB -323.50c P  0.31% WF   1.0 PSV       1 N       1  --  G10
K11 : T  26.66c W  35.25c S  -8.60c (+25.0 L  +4.1) LCB -323.34c P  0.30% WF   1.0 PSV       1 N       1  --  K11
J10 : T  26.56c W  35.14c S  -8.58c (+24.9 L  +4.1) LCB -323.44c P  0.30% WF   1.0 PSV       1 N       1  --  J10
K10 : T  26.84c W  35.39c S  -8.56c (+25.1 L  +4.1) LCB -323.16c P  0.30% WF   1.0 PSV       1 N       1  --  K10
P11 : T  26.64c W  35.21c S  -8.57c (+25.0 L  +4.1) LCB -323.36c P  0.30% WF   1.0 PSV       1 N       1  --  P11
J11 : T  26.78c W  35.34c S  -8.56c (+25.1 L  +4.1) LCB -323.22c P  0.30% WF   1.0 PSV       1 N       1  --  J11
N10 : T  26.78c W  35.36c S  -8.57c (+25.0 L  +4.1) LCB -323.22c P  0.30% WF   1.0 PSV       1 N       1  --  N10

2025-11-28 17:54:01+0700: = N6
2025-11-28 17:54:01+0700: Controller: genmove b
2025-11-28 17:54:01+0700: MoveNum: 0 HASH: D336921547C7271EE0BF375DC16621DE
   A B C D E F G H J K L M N O P Q R S T
19 . . . . . . . . . . . . . . . . . . .
18 . . . . . . . . . . . . . . . . . . .
17 . . . . . . . . . . . . . . . . . . .
16 . . . . . . . . . . . . . . . . . . .
15 . . . . . . . . . . . . . . . . . . .
14 . . . . . . . . . . . . . . . . . . .
13 . . . . . . . . . . . . . . . . . . .
12 . . . . . . . . . . . . . . . . . . .
11 . . . . . . . . . . . . . X . . . . .
10 . . . . . . . X . . . . . . . . . . .
 9 . . . . . . . . . . . . . . . . . . .
 8 . . . . . . . . . . . . . . . . . . .
 7 . . . . . . . . . . . . . . . . . . .
 6 . . . . . . . . . . . . X . . . . . .
 5 . . . . . . . . . . . . . . . . . . .
 4 . . . . . . . . . . . . . @ . . . . .
 3 . . . . . . . . . . . . . . . . . . .
 2 . . . . . . . . . . . . . . . . . . .
 1 . . . . . . . . . . . . . . . . . . .

koPOSITIONALscoreAREAtaxNONEsui1komi7.5
Time taken: 0.532
Root visits: 125
New playouts: 125
NN rows: 125
NN batches: 85
NN avg batch size: 1.47059
PlayoutDoublingAdvantage: -1.125
PV: M7
Tree:
: T  24.75c W  32.82c S  -8.09c (+25.1 L  +5.0) N     125  --  M7
---Black(^)---
M7  : T  25.01c W  33.08c S  -8.07c (+25.1 L  +5.0) LCB -324.99c P  0.29% WF   1.0 PSV       1 N       1  --  M7
pss : T  21.55c W  30.30c S  -8.75c (+23.1 L  +4.7) LCB -328.45c P  0.62% WF   1.0 PSV       1 N       1  --  pass
N7  : T  24.84c W  32.89c S  -8.05c (+25.0 L  +5.0) LCB -325.16c P  0.31% WF   1.0 PSV       1 N       1  --  N7
O9  : T  24.78c W  32.89c S  -8.11c (+25.0 L  +5.0) LCB -325.22c P  0.30% WF   1.0 PSV       1 N       1  --  O9
H11 : T  24.75c W  32.85c S  -8.10c (+25.0 L  +5.0) LCB -325.25c P  0.30% WF   1.0 PSV       1 N       1  --  H11
O12 : T  24.59c W  32.71c S  -8.12c (+24.8 L  +5.0) LCB -325.41c P  0.30% WF   1.0 PSV       1 N       1  --  O12
N9  : T  24.71c W  32.81c S  -8.10c (+25.0 L  +4.9) LCB -325.29c P  0.30% WF   1.0 PSV       1 N       1  --  N9
O7  : T  24.90c W  32.99c S  -8.08c (+25.0 L  +5.0) LCB -325.10c P  0.30% WF   1.0 PSV       1 N       1  --  O7
N10 : T  24.56c W  32.74c S  -8.18c (+24.8 L  +5.0) LCB -325.44c P  0.30% WF   1.0 PSV       1 N       1  --  N10
O10 : T  24.80c W  32.87c S  -8.07c (+25.0 L  +5.0) LCB -325.20c P  0.30% WF   1.0 PSV       1 N       1  --  O10

2025-11-28 17:54:01+0700: = O4
2025-11-28 17:54:01+0700: Controller: genmove b
2025-11-28 17:54:02+0700: MoveNum: 0 HASH: 2FBAF09C39D74D43DE34A78BE76858A8
   A B C D E F G H J K L M N O P Q R S T
19 . . . . . . . . . . . . . . . . . . .
18 . . . . . . . . . . . . . . . . . . .
17 . . . . . . . . . . . . . . . . . . .
16 . . . . . . . . . . . . . . . . . . .
15 . . . . . . . . . . . . . . . . . . .
14 . . . . . . . . . . . . . . . . . . .
13 . . . . . . . . . . . . . . . . . . .
12 . . . . . . . . . . . . . . . . . . .
11 . . . . . . . . . . . @ . X . . . . .
10 . . . . . . . X . . . . . . . . . . .
 9 . . . . . . . . . . . . . . . . . . .
 8 . . . . . . . . . . . . . . . . . . .
 7 . . . . . . . . . . . . . . . . . . .
 6 . . . . . . . . . . . . X . . . . . .
 5 . . . . . . . . . . . . . . . . . . .
 4 . . . . . . . . . . . . . X . . . . .
 3 . . . . . . . . . . . . . . . . . . .
 2 . . . . . . . . . . . . . . . . . . .
 1 . . . . . . . . . . . . . . . . . . .

koPOSITIONALscoreAREAtaxNONEsui1komi7.5
Time taken: 0.547
Root visits: 125
New playouts: 125
NN rows: 125
NN batches: 84
NN avg batch size: 1.4881
PlayoutDoublingAdvantage: -1.875
PV: H8
Tree:
: T  20.65c W  28.23c S  -7.61c (+23.7 L  +6.1) N     125  --  H8
---Black(^)---
H8  : T  21.10c W  28.70c S  -7.60c (+23.8 L  +6.1) LCB -328.90c P  0.29% WF   1.0 PSV       1 N       1  --  H8
pss : T  17.41c W  25.69c S  -8.29c (+21.7 L  +5.7) LCB -332.59c P  0.64% WF   1.0 PSV       1 N       1  --  pass
N5  : T  20.91c W  28.43c S  -7.52c (+23.7 L  +6.2) LCB -329.09c P  0.32% WF   1.0 PSV       1 N       1  --  N5
O10 : T  20.86c W  28.43c S  -7.57c (+23.8 L  +6.1) LCB -329.14c P  0.31% WF   1.0 PSV       1 N       1  --  O10
H9  : T  20.59c W  28.22c S  -7.63c (+23.6 L  +6.1) LCB -329.41c P  0.30% WF   1.0 PSV       1 N       1  --  H9
O6  : T  21.02c W  28.59c S  -7.57c (+23.7 L  +6.1) LCB -328.98c P  0.30% WF   1.0 PSV       1 N       1  --  O6
O3  : T  20.11c W  27.79c S  -7.68c (+23.4 L  +6.1) LCB -329.89c P  0.30% WF   1.0 PSV       1 N       1  --  O3
N10 : T  21.07c W  28.64c S  -7.58c (+23.8 L  +6.2) LCB -328.93c P  0.30% WF   1.0 PSV       1 N       1  --  N10
M5  : T  21.04c W  28.57c S  -7.53c (+23.8 L  +6.1) LCB -328.96c P  0.30% WF   1.0 PSV       1 N       1  --  M5
O7  : T  20.31c W  28.00c S  -7.69c (+23.3 L  +6.1) LCB -329.69c P  0.30% WF   1.0 PSV       1 N       1  --  O7

2025-11-28 17:54:02+0700: = M11
2025-11-28 17:54:02+0700: Controller: genmove b
2025-11-28 17:54:02+0700: MoveNum: 0 HASH: 1C66BA4FAB1F17CDC2221B40F34B5CF7
   A B C D E F G H J K L M N O P Q R S T
19 . . . . . . . . . . . . . . . . . . .
18 . . . . . . . . . . . . . . . . . . .
17 . . . . . . . . . . . . . . . . . . .
16 . . . . . . . . . . . . . . . . . . .
15 . . . . . . . . . . . . . . . . . . .
14 . . . . . . . . . . . . . . . . . . .
13 . . . . . . . . . . . . . . . . . . .
12 . . . . . . . . . . . . . . . . . . .
11 . . . . . . . . . . . X . X . . . . .
10 . . . . . . . X . . . . . . . . . . .
 9 . . . . . . . . . . . . . . . . . . .
 8 . . . . . . . . @ . . . . . . . . . .
 7 . . . . . . . . . . . . . . . . . . .
 6 . . . . . . . . . . . . X . . . . . .
 5 . . . . . . . . . . . . . . . . . . .
 4 . . . . . . . . . . . . . X . . . . .
 3 . . . . . . . . . . . . . . . . . . .
 2 . . . . . . . . . . . . . . . . . . .
 1 . . . . . . . . . . . . . . . . . . .

koPOSITIONALscoreAREAtaxNONEsui1komi7.5
Time taken: 0.546
Root visits: 121
New playouts: 121
NN rows: 121
NN batches: 81
NN avg batch size: 1.49383
PlayoutDoublingAdvantage: -2.5
PV: L9
Tree:
: T  18.48c W  25.36c S  -6.91c (+23.1 L  +7.1) N     121  --  L9
---Black(^)---
L9  : T  19.07c W  25.89c S  -6.81c (+23.4 L  +7.1) LCB -330.93c P  0.29% WF   1.0 PSV       1 N       1  --  L9
pss : T  14.95c W  22.54c S  -7.59c (+21.0 L  +6.6) LCB -335.05c P  0.65% WF   1.0 PSV       1 N       1  --  pass
N5  : T  18.77c W  25.65c S  -6.88c (+23.1 L  +7.0) LCB -331.23c P  0.32% WF   1.0 PSV       1 N       1  --  N5
M10 : T  18.58c W  25.48c S  -6.90c (+23.1 L  +7.0) LCB -331.42c P  0.31% WF   1.0 PSV       1 N       1  --  M10
N12 : T  18.86c W  25.73c S  -6.87c (+23.1 L  +7.1) LCB -331.14c P  0.31% WF   1.0 PSV       1 N       1  --  N12
O10 : T  18.31c W  25.26c S  -6.95c (+22.9 L  +7.0) LCB -331.69c P  0.31% WF   1.0 PSV       1 N       1  --  O10
L10 : T  18.88c W  25.76c S  -6.87c (+23.2 L  +7.1) LCB -331.12c P  0.31% WF   1.0 PSV       1 N       1  --  L10
L12 : T  18.36c W  25.32c S  -6.96c (+22.9 L  +7.1) LCB -331.64c P  0.31% WF   1.0 PSV       1 N       1  --  L12
N8  : T  18.92c W  25.80c S  -6.88c (+23.3 L  +7.1) LCB -331.08c P  0.31% WF   1.0 PSV       1 N       1  --  N8
N10 : T  18.93c W  25.82c S  -6.89c (+23.1 L  +7.0) LCB -331.07c P  0.31% WF   1.0 PSV       1 N       1  --  N10

2025-11-28 17:54:02+0700: = J8
2025-11-28 17:54:02+0700: Controller: genmove b
2025-11-28 17:54:03+0700: MoveNum: 0 HASH: 8DA88CD348A095D449093029463554AE
   A B C D E F G H J K L M N O P Q R S T
19 . . . . . . . . . . . . . . . . . . .
18 . . . . . . . . . . . . . . . . . . .
17 . . . . . . . . . . . . . . . . . . .
16 . . . . . . . . . . . . . . . . . . .
15 . . . . . . . . . . . . . . . . . . .
14 . . . . . . . . . . . . . . . . . . .
13 . . . . . . . . . . . . . . . . . . .
12 . . . . . . . . . . . . . . . . . . .
11 . . . . . . . . . . . X . X . . . . .
10 . . . . . . . X @ . . . . . . . . . .
 9 . . . . . . . . . . . . . . . . . . .
 8 . . . . . . . . X . . . . . . . . . .
 7 . . . . . . . . . . . . . . . . . . .
 6 . . . . . . . . . . . . X . . . . . .
 5 . . . . . . . . . . . . . . . . . . .
 4 . . . . . . . . . . . . . X . . . . .
 3 . . . . . . . . . . . . . . . . . . .
 2 . . . . . . . . . . . . . . . . . . .
 1 . . . . . . . . . . . . . . . . . . .

koPOSITIONALscoreAREAtaxNONEsui1komi7.5
Time taken: 0.532
Root visits: 125
New playouts: 125
NN rows: 125
NN batches: 85
NN avg batch size: 1.47059
PlayoutDoublingAdvantage: -2.75
PV: N10
Tree:
: T  20.17c W  26.41c S  -6.27c (+24.6 L  +7.7) N     125  --  N10
---Black(^)---
N10 : T  20.96c W  27.13c S  -6.18c (+24.8 L  +7.7) LCB -329.04c P  0.31% WF   1.0 PSV       1 N       1  --  N10
pss : T  16.95c W  23.87c S  -6.92c (+22.5 L  +7.3) LCB -333.05c P  0.66% WF   1.0 PSV       1 N       1  --  pass
J9  : T  20.55c W  26.75c S  -6.20c (+24.7 L  +7.7) LCB -329.45c P  0.32% WF   1.0 PSV       1 N       1  --  J9
N5  : T  20.31c W  26.57c S  -6.26c (+24.5 L  +7.7) LCB -329.69c P  0.32% WF   1.0 PSV       1 N       1  --  N5
H9  : T  20.68c W  26.93c S  -6.24c (+24.7 L  +7.6) LCB -329.32c P  0.32% WF   1.0 PSV       1 N       1  --  H9
O5  : T  20.41c W  26.64c S  -6.23c (+24.6 L  +7.6) LCB -329.59c P  0.32% WF   1.0 PSV       1 N       1  --  O5
M7  : T  20.34c W  26.61c S  -6.27c (+24.6 L  +7.7) LCB -329.66c P  0.31% WF   1.0 PSV       1 N       1  --  M7
N7  : T  20.39c W  26.65c S  -6.26c (+24.6 L  +7.7) LCB -329.61c P  0.31% WF   1.0 PSV       1 N       1  --  N7
M12 : T  19.84c W  26.19c S  -6.35c (+24.3 L  +7.6) LCB -330.16c P  0.31% WF   1.0 PSV       1 N       1  --  M12
L10 : T  20.37c W  26.64c S  -6.27c (+24.5 L  +7.7) LCB -329.63c P  0.31% WF   1.0 PSV       1 N       1  --  L10

2025-11-28 17:54:03+0700: = J10
2025-11-28 17:54:03+0700: Controller: genmove b
2025-11-28 17:54:03+0700: MoveNum: 0 HASH: F4A195901B6451C3D2A24E31F73F5D22
   A B C D E F G H J K L M N O P Q R S T
19 . . . . . . . . . . . . . . . . . . .
18 . . . . . . . . . . . . . . . . . . .
17 . . . . . . . . . . . . . . . . . . .
16 . . . . . . . . . . . . . . . . . . .
15 . . . . . . . . . . . . . . . . . . .
14 . . . . . . . . . . . . . . . . . . .
13 . . . . . . . . . . . . . . . . . . .
12 . . . . . . . . . . . . . . . . . . .
11 . . . . . . . . . . . X . X . . . . .
10 . . . . . . . X X . . . . . . . . . .
 9 . . . . . @ . . . . . . . . . . . . .
 8 . . . . . . . . X . . . . . . . . . .
 7 . . . . . . . . . . . . . . . . . . .
 6 . . . . . . . . . . . . X . . . . . .
 5 . . . . . . . . . . . . . . . . . . .
 4 . . . . . . . . . . . . . X . . . . .
 3 . . . . . . . . . . . . . . . . . . .
 2 . . . . . . . . . . . . . . . . . . .
 1 . . . . . . . . . . . . . . . . . . .

koPOSITIONALscoreAREAtaxNONEsui1komi7.5
Time taken: 0.531
Root visits: 125
New playouts: 125
NN rows: 125
NN batches: 83
NN avg batch size: 1.50602
PlayoutDoublingAdvantage: -2.75
PV: J11
Tree:
: T  23.69c W  29.39c S  -5.73c (+26.8 L  +8.1) N     125  --  J11
---Black(^)---
J11 : T  24.56c W  30.12c S  -5.56c (+27.1 L  +8.2) LCB -325.44c P  0.32% WF   1.0 PSV       1 N       1  --  J11
pss : T  20.86c W  27.19c S  -6.32c (+24.9 L  +7.8) LCB -329.14c P  0.68% WF   1.0 PSV       1 N       1  --  pass
J9  : T  24.24c W  29.86c S  -5.61c (+27.0 L  +8.3) LCB -325.76c P  0.34% WF   1.0 PSV       1 N       1  --  J9
K9  : T  24.19c W  29.87c S  -5.68c (+26.9 L  +8.2) LCB -325.81c P  0.34% WF   1.0 PSV       1 N       1  --  K9
M10 : T  23.11c W  28.97c S  -5.86c (+26.5 L  +8.1) LCB -326.89c P  0.32% WF   1.0 PSV       1 N       1  --  M10
H9  : T  24.29c W  29.94c S  -5.66c (+26.9 L  +8.2) LCB -325.71c P  0.32% WF   1.0 PSV       1 N       1  --  H9
N5  : T  23.59c W  29.35c S  -5.75c (+26.8 L  +8.1) LCB -326.41c P  0.32% WF   1.0 PSV       1 N       1  --  N5
K7  : T  23.09c W  28.98c S  -5.89c (+26.3 L  +8.1) LCB -326.91c P  0.32% WF   1.0 PSV       1 N       1  --  K7
O5  : T  23.07c W  28.98c S  -5.92c (+26.4 L  +8.1) LCB -326.93c P  0.32% WF   1.0 PSV       1 N       1  --  O5
J7  : T  24.32c W  29.93c S  -5.61c (+27.1 L  +8.2) LCB -325.68c P  0.31% WF   1.0 PSV       1 N       1  --  J7

2025-11-28 17:54:03+0700: = F9
2025-11-28 17:54:03+0700: Controller: genmove b
2025-11-28 17:54:04+0700: MoveNum: 0 HASH: D9BB4AABF01091E4A8778B5050AF972B
   A B C D E F G H J K L M N O P Q R S T
19 . . . . . . . . . . . . . . . . . . .
18 . . . . . . . . . . . . . . . . . . .
17 . . . . . . . . . . . . . . . . . . .
16 . . . . . . . . . . . . . . . . . . .
15 . . . . . . . . . . . . . . . . . . .
14 . . . . . . . . . . . . . . . . . . .
13 . . . . . . . . . . . . . . . . . . .
12 . . . . . . . @ . . . . . . . . . . .
11 . . . . . . . . . . . X . X . . . . .
10 . . . . . . . X X . . . . . . . . . .
 9 . . . . . X . . . . . . . . . . . . .
 8 . . . . . . . . X . . . . . . . . . .
 7 . . . . . . . . . . . . . . . . . . .
 6 . . . . . . . . . . . . X . . . . . .
 5 . . . . . . . . . . . . . . . . . . .
 4 . . . . . . . . . . . . . X . . . . .
 3 . . . . . . . . . . . . . . . . . . .
 2 . . . . . . . . . . . . . . . . . . .
 1 . . . . . . . . . . . . . . . . . . .

koPOSITIONALscoreAREAtaxNONEsui1komi7.5
Time taken: 0.562
Root visits: 130
New playouts: 130
NN rows: 130
NN batches: 86
NN avg batch size: 1.51163
PlayoutDoublingAdvantage: -2.75
PV: N8
Tree:
: T  26.79c W  32.04c S  -5.28c (+28.9 L  +8.5) N     130  --  N8
---Black(^)---
N8  : T  27.54c W  32.71c S  -5.16c (+29.3 L  +8.5) LCB -322.46c P  0.30% WF   1.0 PSV       1 N       1  --  N8
pss : T  23.39c W  29.32c S  -5.93c (+26.7 L  +8.1) LCB -326.61c P  0.68% WF   1.0 PSV       1 N       1  --  pass
J9  : T  26.91c W  32.17c S  -5.26c (+28.9 L  +8.6) LCB -323.09c P  0.34% WF   1.0 PSV       1 N       1  --  J9
J11 : T  26.69c W  32.00c S  -5.31c (+28.7 L  +8.5) LCB -323.31c P  0.33% WF   1.0 PSV       1 N       1  --  J11
K9  : T  26.92c W  32.22c S  -5.30c (+28.8 L  +8.6) LCB -323.08c P  0.33% WF   1.0 PSV       1 N       1  --  K9
K11 : T  27.03c W  32.27c S  -5.23c (+29.0 L  +8.6) LCB -322.97c P  0.33% WF   1.0 PSV       1 N       1  --  K11
O5  : T  26.47c W  31.80c S  -5.33c (+28.7 L  +8.5) LCB -323.53c P  0.32% WF   1.0 PSV       1 N       1  --  O5
H8  : T  26.49c W  31.83c S  -5.34c (+28.6 L  +8.6) LCB -323.51c P  0.32% WF   1.0 PSV       1 N       1  --  H8
G8  : T  25.86c W  31.35c S  -5.49c (+28.1 L  +8.5) LCB -324.14c P  0.32% WF   1.0 PSV       1 N       1  --  G8
L9  : T  26.46c W  31.79c S  -5.33c (+28.7 L  +8.5) LCB -323.54c P  0.32% WF   1.0 PSV       1 N       1  --  L9

2025-11-28 17:54:04+0700: = H12
2025-11-28 17:54:04+0700: Controller: genmove b
2025-11-28 17:54:05+0700: MoveNum: 0 HASH: 67B339C8D9C0E141A1BE762B764367C3
   A B C D E F G H J K L M N O P Q R S T
19 . . . . . . . . . . . . . . . . . . .
18 . . . . . . . . . . . . . . . . . . .
17 . . . . . . . . . . . . . . . . . . .
16 . . . . . . . . . . . . . . . . . . .
15 . . . . . . . . . . . . . . . . . . .
14 . . . . . . . . . . . . @ . . . . . .
13 . . . . . . . . . . . . . . . . . . .
12 . . . . . . . X . . . . . . . . . . .
11 . . . . . . . . . . . X . X . . . . .
10 . . . . . . . X X . . . . . . . . . .
 9 . . . . . X . . . . . . . . . . . . .
 8 . . . . . . . . X . . . . . . . . . .
 7 . . . . . . . . . . . . . . . . . . .
 6 . . . . . . . . . . . . X . . . . . .
 5 . . . . . . . . . . . . . . . . . . .
 4 . . . . . . . . . . . . . X . . . . .
 3 . . . . . . . . . . . . . . . . . . .
 2 . . . . . . . . . . . . . . . . . . .
 1 . . . . . . . . . . . . . . . . . . .

koPOSITIONALscoreAREAtaxNONEsui1komi7.5
Time taken: 0.547
Root visits: 126
New playouts: 126
NN rows: 126
NN batches: 83
NN avg batch size: 1.51807
PlayoutDoublingAdvantage: -2.75
PV: L8
Tree:
: T  29.87c W  34.68c S  -4.84c (+31.0 L  +9.0) N     126  --  L8
---Black(^)---
L8  : T  30.50c W  35.21c S  -4.71c (+31.3 L  +9.0) LCB -319.50c P  0.30% WF   1.0 PSV       1 N       1  --  L8
pss : T  27.06c W  32.49c S  -5.43c (+29.1 L  +8.5) LCB -322.94c P  0.70% WF   1.0 PSV       1 N       1  --  pass
K10 : T  29.04c W  34.04c S  -5.00c (+30.4 L  +9.0) LCB -320.96c P  0.35% WF   1.0 PSV       1 N       1  --  K10
G9  : T  30.26c W  35.02c S  -4.77c (+31.1 L  +9.0) LCB -319.74c P  0.34% WF   1.0 PSV       1 N       1  --  G9
G10 : T  29.53c W  34.40c S  -4.87c (+30.7 L  +9.1) LCB -320.47c P  0.34% WF   1.0 PSV       1 N       1  --  G10
K11 : T  29.75c W  34.60c S  -4.85c (+30.8 L  +9.1) LCB -320.25c P  0.34% WF   1.0 PSV       1 N       1  --  K11
H9  : T  29.22c W  34.21c S  -4.99c (+30.3 L  +9.2) LCB -320.78c P  0.33% WF   1.0 PSV       1 N       1  --  H9
G11 : T  29.54c W  34.43c S  -4.89c (+30.7 L  +9.0) LCB -320.46c P  0.33% WF   1.0 PSV       1 N       1  --  G11
K9  : T  29.88c W  34.75c S  -4.87c (+30.9 L  +9.1) LCB -320.12c P  0.32% WF   1.0 PSV       1 N       1  --  K9
N12 : T  30.47c W  35.21c S  -4.74c (+31.3 L  +8.9) LCB -319.53c P  0.32% WF   1.0 PSV       1 N       1  --  N12

2025-11-28 17:54:05+0700: = N14
2025-11-28 17:54:05+0700: Controller: genmove b
2025-11-28 17:54:05+0700: MoveNum: 0 HASH: C05E59BAC005FFFA1AE908AEFC366D4B
   A B C D E F G H J K L M N O P Q R S T
19 . . . . . . . . . . . . . . . . . . .
18 . . . . . . . . . . . . . . . . . . .
17 . . . . . . . . . . . . . . . . . . .
16 . . . . . . . . . . . . . . . . . . .
15 . . . . . . . . . . . . . . . . . . .
14 . . . . . . . . . . . . X . . . . . .
13 . . . . @ . . . . . . . . . . . . . .
12 . . . . . . . X . . . . . . . . . . .
11 . . . . . . . . . . . X . X . . . . .
10 . . . . . . . X X . . . . . . . . . .
 9 . . . . . X . . . . . . . . . . . . .
 8 . . . . . . . . X . . . . . . . . . .
 7 . . . . . . . . . . . . . . . . . . .
 6 . . . . . . . . . . . . X . . . . . .
 5 . . . . . . . . . . . . . . . . . . .
 4 . . . . . . . . . . . . . X . . . . .
 3 . . . . . . . . . . . . . . . . . . .
 2 . . . . . . . . . . . . . . . . . . .
 1 . . . . . . . . . . . . . . . . . . .

koPOSITIONALscoreAREAtaxNONEsui1komi7.5
Time taken: 0.532
Root visits: 125
New playouts: 125
NN rows: 125
NN batches: 82
NN avg batch size: 1.52439
PlayoutDoublingAdvantage: -2.75
PV: O6
Tree:
: T  32.77c W  37.21c S  -4.47c (+33.1 L  +9.4) N     125  --  O6
---Black(^)---
O6  : T  33.45c W  37.79c S  -4.34c (+33.5 L  +9.3) LCB -316.55c P  0.29% WF   1.0 PSV       1 N       1  --  O6
pss : T  29.06c W  34.32c S  -5.26c (+30.6 L  +8.9) LCB -320.94c P  0.70% WF   1.0 PSV       1 N       1  --  pass
J9  : T  32.01c W  36.63c S  -4.62c (+32.5 L  +9.4) LCB -317.99c P  0.35% WF   1.0 PSV       1 N       1  --  J9
J11 : T  32.71c W  37.18c S  -4.47c (+33.0 L  +9.5) LCB -317.29c P  0.34% WF   1.0 PSV       1 N       1  --  J11
K9  : T  32.75c W  37.19c S  -4.44c (+33.0 L  +9.5) LCB -317.25c P  0.34% WF   1.0 PSV       1 N       1  --  K9
H11 : T  32.38c W  36.92c S  -4.54c (+32.8 L  +9.4) LCB -317.62c P  0.34% WF   1.0 PSV       1 N       1  --  H11
G8  : T  31.89c W  36.54c S  -4.65c (+32.4 L  +9.5) LCB -318.11c P  0.32% WF   1.0 PSV       1 N       1  --  G8
N12 : T  32.72c W  37.24c S  -4.51c (+33.0 L  +9.3) LCB -317.28c P  0.32% WF   1.0 PSV       1 N       1  --  N12
H8  : T  32.35c W  36.90c S  -4.55c (+32.7 L  +9.5) LCB -317.65c P  0.32% WF   1.0 PSV       1 N       1  --  H8
M10 : T  33.17c W  37.55c S  -4.39c (+33.4 L  +9.4) LCB -316.83c P  0.32% WF   1.0 PSV       1 N       1  --  M10

2025-11-28 17:54:05+0700: = E13
2025-11-28 17:54:05+0700: Controller: genmove b
2025-11-28 17:54:06+0700: MoveNum: 0 HASH: AF5962ADE7DD01E4E5083A5842A2318C
   A B C D E F G H J K L M N O P Q R S T
19 . . . . . . . . . . . . . . . . . . .
18 . . . . . . . . . . . . . . . . . . .
17 . . . . . . . . . . . . . . . . . . .
16 . . . . . . . . . . . . . . . . . . .
15 . . . . . . . . . . . . . . . . . . .
14 . . . . . . . . . . . . X . . . . . .
13 . . . . X . . . . . . . . . . . . . .
12 . . . . . . . X . . . . . . @ . . . .
11 . . . . . . . . . . . X . X . . . . .
10 . . . . . . . X X . . . . . . . . . .
 9 . . . . . X . . . . . . . . . . . . .
 8 . . . . . . . . X . . . . . . . . . .
 7 . . . . . . . . . . . . . . . . . . .
 6 . . . . . . . . . . . . X . . . . . .
 5 . . . . . . . . . . . . . . . . . . .
 4 . . . . . . . . . . . . . X . . . . .
 3 . . . . . . . . . . . . . . . . . . .
 2 . . . . . . . . . . . . . . . . . . .
 1 . . . . . . . . . . . . . . . . . . .

koPOSITIONALscoreAREAtaxNONEsui1komi7.5
Time taken: 0.531
Root visits: 124
New playouts: 124
NN rows: 124
NN batches: 85
NN avg batch size: 1.45882
PlayoutDoublingAdvantage: -2.75
PV: M8
Tree:
: T  35.47c W  39.68c S  -4.24c (+35.2 L  +9.9) N     124  --  M8
---Black(^)---
M8  : T  36.34c W  40.39c S  -4.05c (+35.8 L  +9.9) LCB -313.66c P  0.30% WF   1.0 PSV       1 N       1  --  M8
pss : T  32.37c W  37.28c S  -4.91c (+33.1 L  +9.2) LCB -317.63c P  0.69% WF   1.0 PSV       1 N       1  --  pass
H11 : T  35.70c W  39.89c S  -4.19c (+35.2 L +10.2) LCB -314.30c P  0.35% WF   1.0 PSV       1 N       1  --  H11
G11 : T  35.19c W  39.45c S  -4.26c (+35.0 L +10.0) LCB -314.81c P  0.35% WF   1.0 PSV       1 N       1  --  G11
J9  : T  35.53c W  39.70c S  -4.17c (+35.2 L +10.2) LCB -314.47c P  0.34% WF   1.0 PSV       1 N       1  --  J9
H9  : T  35.24c W  39.51c S  -4.27c (+35.0 L +10.2) LCB -314.76c P  0.34% WF   1.0 PSV       1 N       1  --  H9
J11 : T  35.97c W  40.08c S  -4.11c (+35.5 L +10.3) LCB -314.03c P  0.33% WF   1.0 PSV       1 N       1  --  J11
O12 : T  35.48c W  39.75c S  -4.27c (+35.2 L  +9.8) LCB -314.52c P  0.32% WF   1.0 PSV       1 N       1  --  O12
L10 : T  34.64c W  39.09c S  -4.45c (+34.6 L  +9.8) LCB -315.36c P  0.32% WF   1.0 PSV       1 N       1  --  L10
K8  : T  35.32c W  39.62c S  -4.30c (+35.0 L +10.0) LCB -314.68c P  0.32% WF   1.0 PSV       1 N       1  --  K8

2025-11-28 17:54:06+0700: = P12
2025-11-28 17:54:06+0700: Controller: genmove b
2025-11-28 17:54:06+0700: MoveNum: 0 HASH: 250939AF07BFEBDC85D00CAB145CA95E
   A B C D E F G H J K L M N O P Q R S T
19 . . . . . . . . . . . . . . . . . . .
18 . . . . . . . . . . . . . . . . . . .
17 . . . . . . . . . . . . . . . . . . .
16 . . . . . . . . . . . . . . . . . . .
15 . . . . . . . . . . . . . . . . . . .
14 . . . . . . . . . . . . X . . . . . .
13 . . . . X . . . . . . . . . . . . . .
12 . . . . . . . X . . . . . . X . . . .
11 . . . . . . . . . . . X . X . . . . .
10 . . . . @ . . X X . . . . . . . . . .
 9 . . . . . X . . . . . . . . . . . . .
 8 . . . . . . . . X . . . . . . . . . .
 7 . . . . . . . . . . . . . . . . . . .
 6 . . . . . . . . . . . . X . . . . . .
 5 . . . . . . . . . . . . . . . . . . .
 4 . . . . . . . . . . . . . X . . . . .
 3 . . . . . . . . . . . . . . . . . . .
 2 . . . . . . . . . . . . . . . . . . .
 1 . . . . . . . . . . . . . . . . . . .

koPOSITIONALscoreAREAtaxNONEsui1komi7.5
Time taken: 0.531
Root visits: 121
New playouts: 121
NN rows: 121
NN batches: 84
NN avg batch size: 1.44048
PlayoutDoublingAdvantage: -2.75
PV: N9
Tree:
: T  38.74c W  42.43c S  -3.71c (+37.7 L +10.5) N     121  --  N9
---Black(^)---
N9  : T  39.58c W  43.11c S  -3.53c (+38.3 L +10.5) LCB -310.42c P  0.30% WF   1.0 PSV       1 N       1  --  N9
pss : T  34.90c W  39.47c S  -4.57c (+34.9 L  +9.8) LCB -315.10c P  0.70% WF   1.0 PSV       1 N       1  --  pass
J11 : T  38.41c W  42.25c S  -3.84c (+37.2 L +10.7) LCB -311.59c P  0.36% WF   1.0 PSV       1 N       1  --  J11
J9  : T  37.65c W  41.60c S  -3.95c (+36.9 L +10.4) LCB -312.35c P  0.34% WF   1.0 PSV       1 N       1  --  J9
K9  : T  38.55c W  42.35c S  -3.80c (+37.4 L +10.7) LCB -311.45c P  0.34% WF   1.0 PSV       1 N       1  --  K9
M12 : T  39.12c W  42.76c S  -3.64c (+38.0 L +10.6) LCB -310.88c P  0.33% WF   1.0 PSV       1 N       1  --  M12
G10 : T  38.66c W  42.35c S  -3.69c (+37.6 L +10.5) LCB -311.34c P  0.33% WF   1.0 PSV       1 N       1  --  G10
K11 : T  38.58c W  42.33c S  -3.75c (+37.5 L +10.6) LCB -311.42c P  0.33% WF   1.0 PSV       1 N       1  --  K11
N10 : T  38.69c W  42.48c S  -3.79c (+37.5 L +10.5) LCB -311.31c P  0.32% WF   1.0 PSV       1 N       1  --  N10
F10 : T  37.74c W  41.64c S  -3.90c (+37.0 L +10.5) LCB -312.26c P  0.32% WF   1.0 PSV       1 N       1  --  F10

2025-11-28 17:54:06+0700: = E10
2025-11-28 17:54:06+0700: Controller: genmove b
2025-11-28 17:54:07+0700: MoveNum: 0 HASH: D512AB123811A1B702976A6B7842D945
   A B C D E F G H J K L M N O P Q R S T
19 . . . . . . . . . . . . . . . . . . .
18 . . . . . . . . . . . . . . . . . . .
17 . . . . . . . . . . . . . . . . . . .
16 . . . . . . . . . . . . . . . . . . .
15 . . . . . . . . . . . . . . . . . . .
14 . . . . . . . . . . . . X . . . . . .
13 . . . . X . . . . . . . . . . . . . .
12 . . . . . . . X . . . . . . X . . . .
11 . . . . . . . . . . . X . X . . . @ .
10 . . . . X . . X X . . . . . . . . . .
 9 . . . . . X . . . . . . . . . . . . .
 8 . . . . . . . . X . . . . . . . . . .
 7 . . . . . . . . . . . . . . . . . . .
 6 . . . . . . . . . . . . X . . . . . .
 5 . . . . . . . . . . . . . . . . . . .
 4 . . . . . . . . . . . . . X . . . . .
 3 . . . . . . . . . . . . . . . . . . .
 2 . . . . . . . . . . . . . . . . . . .
 1 . . . . . . . . . . . . . . . . . . .

koPOSITIONALscoreAREAtaxNONEsui1komi7.5
Time taken: 0.531
Root visits: 122
New playouts: 122
NN rows: 122
NN batches: 84
NN avg batch size: 1.45238
PlayoutDoublingAdvantage: -2.75
PV: L6
Tree:
: T  41.84c W  45.12c S  -3.31c (+40.1 L +11.2) N     122  --  L6
---Black(^)---
L6  : T  42.69c W  45.88c S  -3.19c (+40.5 L +11.1) LCB -307.31c P  0.30% WF   1.0 PSV       1 N       1  --  L6
pss : T  38.33c W  42.41c S  -4.08c (+37.6 L +10.4) LCB -311.67c P  0.70% WF   1.0 PSV       1 N       1  --  pass
G9  : T  41.15c W  44.50c S  -3.35c (+39.7 L +11.4) LCB -308.85c P  0.35% WF   1.0 PSV       1 N       1  --  G9
G11 : T  41.45c W  44.80c S  -3.35c (+39.8 L +11.5) LCB -308.55c P  0.34% WF   1.0 PSV       1 N       1  --  G11
F12 : T  41.30c W  44.70c S  -3.39c (+39.7 L +11.2) LCB -308.70c P  0.34% WF   1.0 PSV       1 N       1  --  F12
F13 : T  41.99c W  45.31c S  -3.32c (+40.0 L +11.1) LCB -308.01c P  0.34% WF   1.0 PSV       1 N       1  --  F13
F10 : T  39.63c W  43.31c S  -3.69c (+38.7 L +11.1) LCB -310.37c P  0.33% WF   1.0 PSV       1 N       1  --  F10
H9  : T  41.02c W  44.47c S  -3.45c (+39.5 L +11.5) LCB -308.98c P  0.33% WF   1.0 PSV       1 N       1  --  H9
G10 : T  41.59c W  44.92c S  -3.33c (+39.9 L +11.5) LCB -308.41c P  0.33% WF   1.0 PSV       1 N       1  --  G10
L11 : T  41.96c W  45.25c S  -3.28c (+40.1 L +11.3) LCB -308.04c P  0.33% WF   1.0 PSV       1 N       1  --  L11

2025-11-28 17:54:07+0700: = S11
2025-11-28 17:54:07+0700: Controller: genmove b
2025-11-28 17:54:07+0700: MoveNum: 0 HASH: 45DC5B6CFFBF78F5AE50273899665FBF
   A B C D E F G H J K L M N O P Q R S T
19 . . . . . . . . . . . . . . . . . . .
18 . . . . . . . . . . . . . . . . . . .
17 . . . . . . . . . . . . . . . . . . .
16 . . . . . . . . . . . . . . . . . . .
15 . . . . . . . . . . . . . . . . . . .
14 . . . . . . . . . . . . X . . . . . .
13 . . . . X . . . . . . . . . . . . . .
12 . . . . . . . X . . . . . . X . . . .
11 . . . . . . . . . . . X . X . . . X .
10 . . . . X . . X X . . . . . . . . . .
 9 . . . . . X . . . . . . . . . . . . .
 8 . @ . . . . . . X . . . . . . . . . .
 7 . . . . . . . . . . . . . . . . . . .
 6 . . . . . . . . . . . . X . . . . . .
 5 . . . . . . . . . . . . . . . . . . .
 4 . . . . . . . . . . . . . X . . . . .
 3 . . . . . . . . . . . . . . . . . . .
 2 . . . . . . . . . . . . . . . . . . .
 1 . . . . . . . . . . . . . . . . . . .

koPOSITIONALscoreAREAtaxNONEsui1komi7.5
Time taken: 0.547
Root visits: 126
New playouts: 126
NN rows: 126
NN batches: 85
NN avg batch size: 1.48235
PlayoutDoublingAdvantage: -2.75
PV: N8
Tree:
: T  43.86c W  46.98c S  -3.14c (+41.7 L +11.5) N     126  --  N8
---Black(^)---
N8  : T  45.12c W  48.08c S  -2.96c (+42.3 L +11.6) LCB -304.88c P  0.30% WF   1.0 PSV       1 N       1  --  N8
pss : T  40.38c W  44.30c S  -3.92c (+39.2 L +10.8) LCB -309.62c P  0.71% WF   1.0 PSV       1 N       1  --  pass
G10 : T  43.57c W  46.75c S  -3.18c (+41.4 L +11.9) LCB -306.43c P  0.35% WF   1.0 PSV       1 N       1  --  G10
K9  : T  43.19c W  46.50c S  -3.31c (+41.1 L +11.6) LCB -306.81c P  0.34% WF   1.0 PSV       1 N       1  --  K9
H8  : T  42.71c W  46.09c S  -3.39c (+40.8 L +11.5) LCB -307.29c P  0.34% WF   1.0 PSV       1 N       1  --  H8
K11 : T  43.58c W  46.74c S  -3.16c (+41.5 L +11.5) LCB -306.42c P  0.33% WF   1.0 PSV       1 N       1  --  K11
N12 : T  44.07c W  47.21c S  -3.14c (+41.7 L +11.8) LCB -305.93c P  0.33% WF   1.0 PSV       1 N       1  --  N12
K10 : T  43.47c W  46.70c S  -3.23c (+41.3 L +11.6) LCB -306.53c P  0.33% WF   1.0 PSV       1 N       1  --  K10
G13 : T  43.80c W  46.92c S  -3.12c (+41.7 L +11.5) LCB -306.20c P  0.33% WF   1.0 PSV       1 N       1  --  G13
N11 : T  44.63c W  47.61c S  -2.98c (+42.2 L +11.6) LCB -305.37c P  0.33% WF   1.0 PSV       1 N       1  --  N11

2025-11-28 17:54:07+0700: = B8
2025-11-28 17:54:07+0700: Controller: genmove b
2025-11-28 17:54:08+0700: MoveNum: 0 HASH: 751056801AC90383315BE3C7D9B64663
   A B C D E F G H J K L M N O P Q R S T
19 . . . . . . . . . . . . . . . . . . .
18 . . . . . . . . . . . . . . . . . . .
17 . . . . . . . . . . . . . . . . . . .
16 . . . . . . . . . . . . . . . . . . .
15 . . . . . . . . . . . . . . . . . . .
14 . . . . . . . . . . . . X . . . . . .
13 . . . . X . . . . . . . . . . . . . .
12 . . . @ . . . X . . . . . . X . . . .
11 . . . . . . . . . . . X . X . . . X .
10 . . . . X . . X X . . . . . . . . . .
 9 . . . . . X . . . . . . . . . . . . .
 8 . X . . . . . . X . . . . . . . . . .
 7 . . . . . . . . . . . . . . . . . . .
 6 . . . . . . . . . . . . X . . . . . .
 5 . . . . . . . . . . . . . . . . . . .
 4 . . . . . . . . . . . . . X . . . . .
 3 . . . . . . . . . . . . . . . . . . .
 2 . . . . . . . . . . . . . . . . . . .
 1 . . . . . . . . . . . . . . . . . . .

koPOSITIONALscoreAREAtaxNONEsui1komi7.5
Time taken: 0.531
Root visits: 117
New playouts: 117
NN rows: 117
NN batches: 79
NN avg batch size: 1.48101
PlayoutDoublingAdvantage: -2.75
PV: N7
Tree:
: T  46.23c W  49.04c S  -2.83c (+43.5 L +12.0) N     117  --  N7
---Black(^)---
N7  : T  47.57c W  50.18c S  -2.60c (+44.3 L +12.0) LCB -302.43c P  0.30% WF   1.0 PSV       1 N       1  --  N7
pss : T  42.18c W  45.87c S  -3.69c (+40.7 L +11.3) LCB -307.82c P  0.72% WF   1.0 PSV       1 N       1  --  pass
G9  : T  45.50c W  48.40c S  -2.90c (+43.1 L +12.0) LCB -304.50c P  0.35% WF   1.0 PSV       1 N       1  --  G9
G11 : T  45.65c W  48.54c S  -2.89c (+43.1 L +12.3) LCB -304.35c P  0.34% WF   1.0 PSV       1 N       1  --  G11
F12 : T  45.91c W  48.77c S  -2.86c (+43.3 L +12.1) LCB -304.09c P  0.34% WF   1.0 PSV       1 N       1  --  F12
F13 : T  46.80c W  49.51c S  -2.72c (+43.9 L +12.0) LCB -303.20c P  0.34% WF   1.0 PSV       1 N       1  --  F13
F10 : T  45.74c W  48.65c S  -2.91c (+43.1 L +12.3) LCB -304.26c P  0.33% WF   1.0 PSV       1 N       1  --  F10
H9  : T  44.84c W  47.94c S  -3.10c (+42.5 L +12.1) LCB -305.16c P  0.33% WF   1.0 PSV       1 N       1  --  H9
G10 : T  45.27c W  48.26c S  -2.99c (+42.9 L +11.9) LCB -304.73c P  0.33% WF   1.0 PSV       1 N       1  --  G10
O13 : T  45.85c W  48.81c S  -2.96c (+43.1 L +11.9) LCB -304.15c P  0.33% WF   1.0 PSV       1 N       1  --  O13

2025-11-28 17:54:08+0700: = D12
2025-11-28 17:54:08+0700: GPU -1 finishing, processed 242 rows 164 batches
2025-11-28 17:54:08+0700: GPU -1 finishing, processed 254 rows 169 batches
2025-11-28 17:54:08+0700: GPU -1 finishing, processed 251 rows 173 batches
2025-11-28 17:54:08+0700: GPU -1 finishing, processed 237 rows 164 batches
2025-11-28 17:54:08+0700: GPU -1 finishing, processed 239 rows 161 batches
2025-11-28 17:54:08+0700: GPU -1 finishing, processed 257 rows 171 batches
2025-11-28 17:54:08+0700: GPU -1 finishing, processed 238 rows 156 batches
2025-11-28 17:54:08+0700: GPU -1 finishing, processed 254 rows 170 batches
2025-11-28 17:54:08+0700: All cleaned up, quitting
