2025-11-28 18:00:24+0700: Running with following config:
allowResignation = true
lagBuffer = 0.0
logAllGTPCommunication = true
logDir = gtp_logs
logSearchInfo = true
logSearchInfoForChosenMove = false
logToStderr = false
maxPlayouts = 500
maxPlayoutsPondering = 3000
maxTime = 0.5
maxTimePondering = 60.0
maxVisits = 300
maxVisitsPondering = 5000
numSearchThreads = 16
ponderingEnabled = false
resignConsecTurns = 3
resignThreshold = -0.90
rules = tromp-taylor
searchFactorAfterOnePass = 0.50
searchFactorAfterTwoPass = 0.25
searchFactorWhenWinning = 0.40
searchFactorWhenWinningThreshold = 0.95

2025-11-28 18:00:24+0700: GTP Engine starting...
2025-11-28 18:00:24+0700: KataGo v1.14.0
2025-11-28 18:00:24+0700: Using TrompTaylor rules initially, unless GTP/GUI overrides this
2025-11-28 18:00:24+0700: Using 16 CPU thread(s) for search
2025-11-28 18:00:24+0700: nnRandSeed0 = 864125811077257971
2025-11-28 18:00:24+0700: After dedups: nnModelFile0 = model.gz useFP16 auto useNHWC auto
2025-11-28 18:00:24+0700: Initializing neural net buffer to be size 19 * 19 exactly
2025-11-28 18:00:25+0700: Eigen (CPU) backend thread 2: Model version 8
2025-11-28 18:00:25+0700: Eigen (CPU) backend thread 2: Model name: b6c96-s1995008-d1329786
2025-11-28 18:00:25+0700: Eigen (CPU) backend thread 4: Model version 8
2025-11-28 18:00:25+0700: Eigen (CPU) backend thread 4: Model name: b6c96-s1995008-d1329786
2025-11-28 18:00:25+0700: Eigen (CPU) backend thread 5: Model version 8
2025-11-28 18:00:25+0700: Eigen (CPU) backend thread 5: Model name: b6c96-s1995008-d1329786
2025-11-28 18:00:25+0700: Eigen (CPU) backend thread 6: Model version 8
2025-11-28 18:00:25+0700: Eigen (CPU) backend thread 6: Model name: b6c96-s1995008-d1329786
2025-11-28 18:00:25+0700: Eigen (CPU) backend thread 1: Model version 8
2025-11-28 18:00:25+0700: Eigen (CPU) backend thread 1: Model name: b6c96-s1995008-d1329786
2025-11-28 18:00:25+0700: Eigen (CPU) backend thread 7: Model version 8
2025-11-28 18:00:25+0700: Eigen (CPU) backend thread 7: Model name: b6c96-s1995008-d1329786
2025-11-28 18:00:25+0700: Eigen (CPU) backend thread 0: Model version 8
2025-11-28 18:00:25+0700: Eigen (CPU) backend thread 0: Model name: b6c96-s1995008-d1329786
2025-11-28 18:00:25+0700: Eigen (CPU) backend thread 3: Model version 8
2025-11-28 18:00:25+0700: Eigen (CPU) backend thread 3: Model name: b6c96-s1995008-d1329786
2025-11-28 18:00:25+0700: Loaded neural net with nnXLen 19 nnYLen 19
2025-11-28 18:00:25+0700: Initializing board with boardXSize 19 boardYSize 19
2025-11-28 18:00:25+0700: Loaded config default_gtp.cfg
2025-11-28 18:00:25+0700: Loaded model model.gz
2025-11-28 18:00:25+0700: Model name: b6c96-s1995008-d1329786
2025-11-28 18:00:25+0700: GTP ready, beginning main protocol loop
2025-11-28 18:00:25+0700: Controller: version
2025-11-28 18:00:25+0700: = 1.14.0
2025-11-28 18:00:25+0700: Controller: genmove b
2025-11-28 18:00:25+0700: MoveNum: 0 HASH: CDCBC1F514D7E680FACD226074256633
   A B C D E F G H J K L M N O P Q R S T
19 . . . . . . . . . . . . . . . . . . @
18 . . . . . . . . . . . . . . . . . . .
17 . . . . . . . . . . . . . . . . . . .
16 . . . . . . . . . . . . . . . . . . .
15 . . . . . . . . . . . . . . . . . . .
14 . . . . . . . . . . . . . . . . . . .
13 . . . . . . . . . . . . . . . . . . .
12 . . . . . . . . . . . . . . . . . . .
11 . . . . . . . . . . . . . . . . . . .
10 . . . . . . . . . . . . . . . . . . .
 9 . . . . . . . . . . . . . . . . . . .
 8 . . . . . . . . . . . . . . . . . . .
 7 . . . . . . . . . . . . . . . . . . .
 6 . . . . . . . . . . . . . . . . . . .
 5 . . . . . . . . . . . . . . . . . . .
 4 . . . . . . . . . . . . . . . . . . .
 3 . . . . . . . . . . . . . . . . . . .
 2 . . . . . . . . . . . . . . . . . . .
 1 . . . . . . . . . . . . . . . . . . .

koPOSITIONALscoreAREAtaxNONEsui1komi7.5
Time taken: 0.547
Root visits: 104
New playouts: 104
NN rows: 104
NN batches: 69
NN avg batch size: 1.50725
PV: T19 S19 T18
Tree:
: T  -1.49c W   4.58c S   1.71c ( +7.1 L  -2.5) N     104  --  T19 S19 T18
---Black(^)---
T19 : T   9.57c W  10.62c S   2.84c (+10.0 L  +0.5) LCB -106.66c P  0.28% WF   5.2 PSV       5 N       5  --  T19 S19 T18
N13 : T  26.89c W  22.91c S   4.23c (+14.8 L  -1.7) LCB -131.51c P  0.28% WF   2.1 PSV       2 N       2  --  N13 O13
O10 : T  27.19c W  23.16c S   4.29c (+15.0 L  -1.7) LCB -130.89c P  0.28% WF   2.1 PSV       2 N       2  --  O10 O9
O11 : T  27.02c W  23.01c S   4.27c (+14.9 L  -1.7) LCB -131.24c P  0.28% WF   2.1 PSV       2 N       2  --  O11 O12
O14 : T  43.71c W  36.07c S   7.64c (+26.5 L  +1.6) LCB -306.29c P  0.28% WF   1.1 PSV       1 N       1  --  O14
P10 : T  43.70c W  36.06c S   7.64c (+26.5 L  +1.6) LCB -306.30c P  0.27% WF   1.1 PSV       1 N       1  --  P10
P11 : T  43.68c W  36.04c S   7.64c (+26.5 L  +1.6) LCB -306.32c P  0.27% WF   1.1 PSV       1 N       1  --  P11
T12 : T  -5.80c W  -1.63c S   0.65c ( +4.1 L  -3.2) LCB  -93.10c P  0.29% WF   4.0 PSV       0 N       4  --  T12 T11 S11
T18 : T  -6.52c W   1.37c S   1.11c ( +5.4 L  -3.0) LCB -128.29c P  0.30% WF   3.0 PSV       0 N       3  --  T18 A2 pass
T10 : T  -7.03c W   1.15c S   1.09c ( +5.3 L  -3.0) LCB -132.33c P  0.29% WF   3.0 PSV       0 N       3  --  T10 T9 pass

2025-11-28 18:00:25+0700: = T19
2025-11-28 18:00:25+0700: Controller: genmove b
2025-11-28 18:00:26+0700: MoveNum: 0 HASH: 2DA291FAD7A57B103F15EA00D78BF1D2
   A B C D E F G H J K L M N O P Q R S T
19 . . . . . . . . . . . . . . . . . . X
18 . . . . . . . . . . . . . . . . . . .
17 . . . . . . . . . . . . . . . . . . .
16 . . . . . . . . . . . . . . . . . . .
15 . . . . . . . . . . . . . . . . . . .
14 . . . . . . . . . . . . . . . . . . .
13 . . . . . . . . . . . . . . . . . . .
12 . . . . . . . . . . . . . . . . . . .
11 . . . . . . . . . . . . . . . . . . .
10 . . . . . . . . . . . . . . . . . . .
 9 . . . . . . . . . . . . . . . . . . .
 8 . . . . . . . . . . . . . . . . . . .
 7 . . . . . . . . . . . . . . . . . . .
 6 . . . . . . . . . . . . . . . . . . .
 5 . . . . . . . . . . . . . . . . . . .
 4 . . . . . . . . . . . . . . . . . . .
 3 . . . . . . . . . . . . . . . . . . .
 2 . . . . . . . . . . . . . . . . . . .
 1 . . . . . . . . . . . . . . . . . . .

koPOSITIONALscoreAREAtaxNONEsui1komi7.5
Time taken: 0.546
Root visits: 112
New playouts: 112
NN rows: 112
NN batches: 75
NN avg batch size: 1.49333
PV: J8
Tree:
: T  26.94c W  34.43c S  -7.52c (+25.7 L  +1.7) N     112  --  J8
---Black(^)---
J8  : T  27.69c W  35.13c S  -7.44c (+26.0 L  +1.7) LCB -322.31c P  0.28% WF   1.0 PSV       1 N       1  --  J8
pss : T  24.66c W  32.76c S  -8.10c (+24.2 L  +1.5) LCB -325.34c P  0.51% WF   1.0 PSV       1 N       1  --  pass
R17 : T  25.62c W  33.38c S  -7.76c (+24.9 L  +1.6) LCB -324.38c P  0.30% WF   1.0 PSV       1 N       1  --  R17
S18 : T  24.62c W  32.43c S  -7.81c (+24.5 L  +1.6) LCB -325.38c P  0.29% WF   1.0 PSV       1 N       1  --  S18
T15 : T  24.58c W  32.57c S  -7.98c (+24.3 L  +1.6) LCB -325.42c P  0.29% WF   1.0 PSV       1 N       1  --  T15
T6  : T  24.64c W  32.62c S  -7.98c (+24.3 L  +1.6) LCB -325.36c P  0.29% WF   1.0 PSV       1 N       1  --  T6
T12 : T  24.66c W  32.64c S  -7.98c (+24.4 L  +1.6) LCB -325.34c P  0.29% WF   1.0 PSV       1 N       1  --  T12
T11 : T  24.93c W  32.87c S  -7.94c (+24.4 L  +1.6) LCB -325.07c P  0.29% WF   1.0 PSV       1 N       1  --  T11
T7  : T  24.93c W  32.87c S  -7.94c (+24.4 L  +1.6) LCB -325.07c P  0.29% WF   1.0 PSV       1 N       1  --  T7
T10 : T  24.93c W  32.87c S  -7.94c (+24.4 L  +1.6) LCB -325.07c P  0.29% WF   1.0 PSV       1 N       1  --  T10

2025-11-28 18:00:26+0700: = pass
2025-11-28 18:00:26+0700: Controller: genmove b
2025-11-28 18:00:26+0700: MoveNum: 0 HASH: 2DA291FAD7A57B103F15EA00D78BF1D2
   A B C D E F G H J K L M N O P Q R S T
19 . . . . . . . . . . . . . . . . . . X
18 . . . . . . . . . . . . . . . . . . .
17 . . . . . . . . . . . . . . . . . . .
16 . . . . . . . . . . . . . . . . . . .
15 . . . . . . . . . . . . . . . . . . .
14 . . . . . . . . . . . . . . . . . . .
13 . . . . . . . . . . . . . . . . . . .
12 . . . . . . . . . . . . . . . . . . .
11 . . . . . . . . . . . . . . . . . . .
10 . . . . . . . . . . . . . . . . . . .
 9 . . . . . . . . . . . . . . . . . . .
 8 . . . . . . . . . . . . . . . . . . .
 7 . . . . . . . . . . . . . . . . @ . .
 6 . . . . . . . . . . . . . . . . . . .
 5 . . . . . . . . . . . . . . . . . . .
 4 . . . . . . . . . . . . . . . . . . .
 3 . . . . . . . . . . . . . . . . . . .
 2 . . . . . . . . . . . . . . . . . . .
 1 . . . . . . . . . . . . . . . . . . .

koPOSITIONALscoreAREAtaxNONEsui1komi7.5
Time taken: 0.547
Root visits: 233
New playouts: 233
NN rows: 121
NN batches: 77
NN avg batch size: 1.57143
PV: J9 T18
Tree:
: T  20.81c W  29.83c S  -8.90c (+21.6 L  +0.4) N     233  --  J9 T18
---Black(^)---
J9  : T  12.49c W  23.92c S -11.15c (+15.7 L  -1.8) LCB -144.00c P  0.28% WF   2.0 PSV       2 N       2  --  J9 T18
K9  : T  12.24c W  23.61c S -11.12c (+15.7 L  -1.7) LCB -144.50c P  0.28% WF   1.9 PSV       2 N       2  --  K9 S19
L11 : T  11.94c W  23.37c S -11.17c (+15.5 L  -1.7) LCB -145.09c P  0.28% WF   2.0 PSV       2 N       2  --  L11 T18
H7  : T  12.48c W  23.91c S -11.15c (+15.6 L  -1.8) LCB -144.01c P  0.28% WF   2.0 PSV       2 N       2  --  H7 T18
M10 : T  12.04c W  23.50c S -11.20c (+15.4 L  -1.6) LCB -144.89c P  0.28% WF   2.0 PSV       2 N       2  --  M10 T18
M9  : T  12.04c W  23.50c S -11.19c (+15.4 L  -1.6) LCB -144.89c P  0.28% WF   2.0 PSV       2 N       2  --  M9 S19
N13 : T  11.91c W  23.34c S -11.17c (+15.4 L  -1.7) LCB -145.12c P  0.28% WF   2.0 PSV       2 N       2  --  N13 T18
M5  : T  12.36c W  23.81c S -11.18c (+15.6 L  -1.8) LCB -144.13c P  0.28% WF   2.0 PSV       2 N       2  --  M5 T18
P5  : T  11.94c W  23.38c S -11.17c (+15.4 L  -1.9) LCB -145.04c P  0.28% WF   2.0 PSV       2 N       2  --  P5 A18
Q8  : T  12.31c W  23.61c S -11.07c (+15.7 L  -1.6) LCB -144.14c P  0.28% WF   2.0 PSV       2 N       2  --  Q8 A18

2025-11-28 18:00:26+0700: = R7
2025-11-28 18:00:26+0700: Controller: genmove b
2025-11-28 18:00:27+0700: MoveNum: 0 HASH: DBB483A8E7B9D5CECB648CC710CB36B3
   A B C D E F G H J K L M N O P Q R S T
19 . . . . . . . . . . . . . . . . . . X
18 . . . . . . . . . . . . . . . . . . .
17 . . . . . . . . . . . . . . . . . . .
16 . . . . . . . . . . . . . . . . . . .
15 . . . . . . . . . . . . . . . . . . .
14 . . . . . . . . . . . . . . . . . . .
13 . . . . . . . . . . . . . . . . . . .
12 . . . . . . . . . . . . . . . . . . .
11 . . . . . . . . . . . . . . . . . . .
10 . . . . . . . . . . . . . . . . . . .
 9 . . . . . . . . . . . . . . . . . . .
 8 . . . . . @ . . . . . . . . . . . . .
 7 . . . . . . . . . . . . . . . . X . .
 6 . . . . . . . . . . . . . . . . . . .
 5 . . . . . . . . . . . . . . . . . . .
 4 . . . . . . . . . . . . . . . . . . .
 3 . . . . . . . . . . . . . . . . . . .
 2 . . . . . . . . . . . . . . . . . . .
 1 . . . . . . . . . . . . . . . . . . .

koPOSITIONALscoreAREAtaxNONEsui1komi7.5
Time taken: 0.547
Root visits: 124
New playouts: 124
NN rows: 124
NN batches: 81
NN avg batch size: 1.53086
PlayoutDoublingAdvantage: -0.5
PV: O10
Tree:
: T  22.42c W  31.65c S  -9.26c (+23.3 L  +4.0) N     124  --  O10
---Black(^)---
O10 : T  22.63c W  31.89c S  -9.25c (+23.4 L  +3.9) LCB -327.37c P  0.29% WF   1.0 PSV       1 N       1  --  O10
pss : T  19.93c W  29.62c S  -9.69c (+22.0 L  +3.7) LCB -330.07c P  0.60% WF   1.0 PSV       1 N       1  --  pass
R6  : T  22.44c W  31.58c S  -9.15c (+23.5 L  +3.9) LCB -327.56c P  0.30% WF   1.0 PSV       1 N       1  --  R6
S8  : T  21.36c W  30.72c S  -9.35c (+22.7 L  +3.9) LCB -328.64c P  0.30% WF   1.0 PSV       1 N       1  --  S8
R8  : T  21.86c W  31.14c S  -9.27c (+23.1 L  +3.9) LCB -328.14c P  0.30% WF   1.0 PSV       1 N       1  --  R8
R9  : T  22.03c W  31.39c S  -9.35c (+22.9 L  +3.9) LCB -327.97c P  0.30% WF   1.0 PSV       1 N       1  --  R9
S6  : T  21.40c W  30.76c S  -9.36c (+22.8 L  +3.7) LCB -328.60c P  0.30% WF   1.0 PSV       1 N       1  --  S6
Q9  : T  20.97c W  30.46c S  -9.48c (+22.4 L  +3.9) LCB -329.03c P  0.30% WF   1.0 PSV       1 N       1  --  Q9
P8  : T  22.59c W  31.82c S  -9.23c (+23.4 L  +3.8) LCB -327.41c P  0.30% WF   1.0 PSV       1 N       1  --  P8
Q8  : T  21.04c W  30.43c S  -9.39c (+22.5 L  +4.0) LCB -328.96c P  0.30% WF   1.0 PSV       1 N       1  --  Q8

2025-11-28 18:00:27+0700: = F8
2025-11-28 18:00:27+0700: Controller: genmove b
2025-11-28 18:00:27+0700: MoveNum: 0 HASH: 61B506B636DFFA382450F5187B3C4F56
   A B C D E F G H J K L M N O P Q R S T
19 . . . . . . . . . . . . . . . . . . X
18 . . . . . . . . . . . . . . . . . . .
17 . . . . . . . . . . . . . . . . . . .
16 . . . . . . . . . . . . . . . . . . .
15 . . . . . . . . . . . . . . . . . . .
14 . . . . . . . . . . . . . . . . . . .
13 . . . . . . . . . . . . . . . . . . .
12 . . . . . . . . . . . . . . . . . . .
11 . . . . . . . . . . . . . . . . . . .
10 . . . . . . . . . . . . . . . . . . .
 9 . . . . . . . . . . . . . . . . . . .
 8 . . . . . X . @ . . . . . . . . . . .
 7 . . . . . . . . . . . . . . . . X . .
 6 . . . . . . . . . . . . . . . . . . .
 5 . . . . . . . . . . . . . . . . . . .
 4 . . . . . . . . . . . . . . . . . . .
 3 . . . . . . . . . . . . . . . . . . .
 2 . . . . . . . . . . . . . . . . . . .
 1 . . . . . . . . . . . . . . . . . . .

koPOSITIONALscoreAREAtaxNONEsui1komi7.5
Time taken: 0.547
Root visits: 122
New playouts: 122
NN rows: 122
NN batches: 81
NN avg batch size: 1.50617
PlayoutDoublingAdvantage: -1.125
PV: O7
Tree:
: T  18.87c W  27.89c S  -9.04c (+22.1 L  +4.6) N     122  --  O7
---Black(^)---
O7  : T  19.53c W  28.50c S  -8.97c (+22.3 L  +4.5) LCB -330.47c P  0.29% WF   1.0 PSV       1 N       1  --  O7
pss : T  16.75c W  26.21c S  -9.46c (+20.9 L  +4.3) LCB -333.25c P  0.64% WF   1.0 PSV       1 N       1  --  pass
R6  : T  18.65c W  27.72c S  -9.07c (+21.9 L  +4.5) LCB -331.35c P  0.31% WF   1.0 PSV       1 N       1  --  R6
F7  : T  19.29c W  28.28c S  -8.99c (+22.0 L  +4.6) LCB -330.71c P  0.30% WF   1.0 PSV       1 N       1  --  F7
S8  : T  17.60c W  26.86c S  -9.26c (+21.3 L  +4.4) LCB -332.40c P  0.30% WF   1.0 PSV       1 N       1  --  S8
S6  : T  17.98c W  27.16c S  -9.18c (+21.5 L  +4.4) LCB -332.02c P  0.30% WF   1.0 PSV       1 N       1  --  S6
F9  : T  17.85c W  27.02c S  -9.17c (+21.3 L  +4.7) LCB -332.15c P  0.30% WF   1.0 PSV       1 N       1  --  F9
R9  : T  18.62c W  27.73c S  -9.11c (+21.9 L  +4.6) LCB -331.38c P  0.30% WF   1.0 PSV       1 N       1  --  R9
R8  : T  17.16c W  26.40c S  -9.24c (+21.0 L  +4.6) LCB -332.84c P  0.30% WF   1.0 PSV       1 N       1  --  R8
E10 : T  17.66c W  26.90c S  -9.24c (+21.3 L  +4.7) LCB -332.34c P  0.30% WF   1.0 PSV       1 N       1  --  E10

2025-11-28 18:00:27+0700: = H8
2025-11-28 18:00:27+0700: Controller: genmove b
2025-11-28 18:00:28+0700: MoveNum: 0 HASH: 10EC4D318F4480B20208404A982F214C
   A B C D E F G H J K L M N O P Q R S T
19 . . . . . . . . . . . . . . . . . . X
18 . . . . . . . . . . . . . . . . . . .
17 . . . . . . . . . . . . . . . . . . .
16 . . . . . . . . . . . . . . . . . . .
15 . . . . . . . . . . . . . . . . . . .
14 . . . . . . . . . . . . . . . . . . .
13 . . . . . . . . . . . . . . . . . . .
12 . . . . . . . . . . . . . . . . . . .
11 . . . . . . . . . . . . . . . . . . .
10 . . . . . . . . . . . . . . . . . . .
 9 . . . . . . . . . . . . . . . . . . .
 8 . . . . . X . X . . . . . . . . . . .
 7 . . . . . . . . . . . . . . . . X . .
 6 . . . . . . . . . . . . . . . . . . .
 5 . . . . . . . . . . . . . . . . . . .
 4 . . . . . . . . . . . . . . . . . . .
 3 . . . . . . . . . . . . . . . . . . .
 2 . . . . . @ . . . . . . . . . . . . .
 1 . . . . . . . . . . . . . . . . . . .

koPOSITIONALscoreAREAtaxNONEsui1komi7.5
Time taken: 0.531
Root visits: 119
New playouts: 119
NN rows: 119
NN batches: 79
NN avg batch size: 1.50633
PlayoutDoublingAdvantage: -1.875
PV: E7
Tree:
: T  15.05c W  23.30c S  -8.28c (+20.4 L  +5.8) N     119  --  E7
---Black(^)---
E7  : T  16.40c W  24.47c S  -8.08c (+20.9 L  +5.8) LCB -333.60c P  0.30% WF   1.0 PSV       1 N       1  --  E7
pss : T  12.52c W  21.31c S  -8.80c (+18.8 L  +5.4) LCB -337.48c P  0.66% WF   1.0 PSV       1 N       1  --  pass
G7  : T  15.47c W  23.71c S  -8.24c (+20.3 L  +5.9) LCB -334.53c P  0.32% WF   1.0 PSV       1 N       1  --  G7
G8  : T  14.52c W  22.85c S  -8.33c (+19.9 L  +5.8) LCB -335.48c P  0.32% WF   1.0 PSV       1 N       1  --  G8
E8  : T  14.30c W  22.65c S  -8.35c (+19.8 L  +5.8) LCB -335.70c P  0.31% WF   1.0 PSV       1 N       1  --  E8
H9  : T  15.10c W  23.39c S  -8.29c (+20.1 L  +5.8) LCB -334.90c P  0.31% WF   1.0 PSV       1 N       1  --  H9
Q7  : T  15.02c W  23.29c S  -8.27c (+20.5 L  +5.6) LCB -334.98c P  0.30% WF   1.0 PSV       1 N       1  --  Q7
G10 : T  16.34c W  24.42c S  -8.07c (+20.9 L  +5.8) LCB -333.66c P  0.30% WF   1.0 PSV       1 N       1  --  G10
Q6  : T  13.69c W  22.20c S  -8.51c (+19.5 L  +5.8) LCB -336.31c P  0.30% WF   1.0 PSV       1 N       1  --  Q6
J9  : T  15.00c W  23.36c S  -8.37c (+20.0 L  +5.8) LCB -335.00c P  0.30% WF   1.0 PSV       1 N       1  --  J9

2025-11-28 18:00:28+0700: = F2
2025-11-28 18:00:28+0700: Controller: genmove b
2025-11-28 18:00:28+0700: MoveNum: 0 HASH: FC3933C008D5C0783144459BEB3D080F
   A B C D E F G H J K L M N O P Q R S T
19 . . . . . . . . . . . . . . . . . . X
18 . . . . . . . . . . . . . . . . . . .
17 . . . . . . . . . . . . . . . . . . .
16 . . . . . . . . . . . . . . . . . . .
15 . . . . . . . . . . . . . . . . . . .
14 . . . . . . . . . . . . . . . . . . .
13 . . . . . . . . . . . . . . . . . . .
12 . . . . . . . . . . . . . . . . . . .
11 . . . . . . . . . . . . . . . . . . .
10 . . . . . . . . . . . . . . . . . . .
 9 . . . . . . . . . . . . . @ . . . . .
 8 . . . . . X . X . . . . . . . . . . .
 7 . . . . . . . . . . . . . . . . X . .
 6 . . . . . . . . . . . . . . . . . . .
 5 . . . . . . . . . . . . . . . . . . .
 4 . . . . . . . . . . . . . . . . . . .
 3 . . . . . . . . . . . . . . . . . . .
 2 . . . . . X . . . . . . . . . . . . .
 1 . . . . . . . . . . . . . . . . . . .

koPOSITIONALscoreAREAtaxNONEsui1komi7.5
Time taken: 0.547
Root visits: 121
New playouts: 121
NN rows: 121
NN batches: 80
NN avg batch size: 1.5125
PlayoutDoublingAdvantage: -2.5
PV: G7
Tree:
: T  11.22c W  19.30c S  -8.10c (+19.0 L  +6.5) N     121  --  G7
---Black(^)---
G7  : T  13.13c W  21.00c S  -7.87c (+19.7 L  +6.6) LCB -336.87c P  0.30% WF   1.0 PSV       1 N       1  --  G7
pss : T   9.55c W  18.06c S  -8.51c (+17.8 L  +6.2) LCB -340.45c P  0.66% WF   1.0 PSV       1 N       1  --  pass
G9  : T  11.11c W  19.31c S  -8.20c (+18.7 L  +6.4) LCB -338.89c P  0.32% WF   1.0 PSV       1 N       1  --  G9
G8  : T  12.55c W  20.46c S  -7.91c (+19.6 L  +6.5) LCB -337.45c P  0.32% WF   1.0 PSV       1 N       1  --  G8
J9  : T  10.89c W  19.11c S  -8.22c (+18.6 L  +6.4) LCB -339.11c P  0.31% WF   1.0 PSV       1 N       1  --  J9
S8  : T   9.73c W  18.05c S  -8.31c (+18.1 L  +6.5) LCB -340.27c P  0.31% WF   1.0 PSV       1 N       1  --  S8
J8  : T  11.39c W  19.49c S  -8.10c (+18.7 L  +6.5) LCB -338.61c P  0.31% WF   1.0 PSV       1 N       1  --  J8
F7  : T  12.82c W  20.72c S  -7.91c (+19.6 L  +6.5) LCB -337.18c P  0.31% WF   1.0 PSV       1 N       1  --  F7
G6  : T  11.16c W  19.19c S  -8.03c (+18.8 L  +6.6) LCB -338.84c P  0.30% WF   1.0 PSV       1 N       1  --  G6
E9  : T  11.91c W  19.95c S  -8.04c (+19.3 L  +6.5) LCB -338.09c P  0.30% WF   1.0 PSV       1 N       1  --  E9

2025-11-28 18:00:28+0700: = O9
2025-11-28 18:00:28+0700: Controller: genmove b
2025-11-28 18:00:29+0700: MoveNum: 0 HASH: 55AC8A0F6749E029DB8FD03740D5AF66
   A B C D E F G H J K L M N O P Q R S T
19 . . . . . . . . . . . . . . . . . . X
18 . . . . . . . . . . . . . . . . . . .
17 . . . . . . . . . . . . . . . . . . .
16 . . . . . . . . . . . . . . . . . . .
15 . . . . . . . . . . . . . . . . . . .
14 . . . . . . . . . . . . . . . . . . .
13 . . . . . . . . . . . . . . . . . . .
12 . . . . . . . . . . . . . . . . . . .
11 . . . . . . . . . . . . . . . . . . .
10 . . . . . . . . . . . . . . . . . . .
 9 . . . . . . . . . . . . . X . . . . .
 8 . . . . . X . X . . . . . . . . . . .
 7 . . . . . . . . . . . . . . . . X . .
 6 . . . . . . . . @ . . . . . . . . . .
 5 . . . . . . . . . . . . . . . . . . .
 4 . . . . . . . . . . . . . . . . . . .
 3 . . . . . . . . . . . . . . . . . . .
 2 . . . . . X . . . . . . . . . . . . .
 1 . . . . . . . . . . . . . . . . . . .

koPOSITIONALscoreAREAtaxNONEsui1komi7.5
Time taken: 0.547
Root visits: 120
New playouts: 120
NN rows: 120
NN batches: 82
NN avg batch size: 1.46341
PlayoutDoublingAdvantage: -2.75
PV: N9
Tree:
: T  12.51c W  20.07c S  -7.59c (+20.1 L  +7.1) N     120  --  N9
---Black(^)---
N9  : T  14.42c W  21.72c S  -7.30c (+21.0 L  +7.1) LCB -335.58c P  0.30% WF   1.0 PSV       1 N       1  --  N9
pss : T   9.23c W  17.48c S  -8.25c (+18.1 L  +6.7) LCB -340.77c P  0.67% WF   1.0 PSV       1 N       1  --  pass
G7  : T  13.09c W  20.60c S  -7.51c (+20.1 L  +7.2) LCB -336.91c P  0.32% WF   1.0 PSV       1 N       1  --  G7
G8  : T  12.69c W  20.27c S  -7.59c (+20.1 L  +6.9) LCB -337.31c P  0.31% WF   1.0 PSV       1 N       1  --  G8
E2  : T  10.19c W  18.06c S  -7.87c (+18.9 L  +6.9) LCB -339.81c P  0.31% WF   1.0 PSV       1 N       1  --  E2
E7  : T  11.81c W  19.54c S  -7.72c (+19.7 L  +6.8) LCB -338.19c P  0.31% WF   1.0 PSV       1 N       1  --  E7
P8  : T  11.98c W  19.62c S  -7.64c (+19.7 L  +7.1) LCB -338.02c P  0.31% WF   1.0 PSV       1 N       1  --  P8
N8  : T  12.06c W  19.75c S  -7.69c (+19.8 L  +6.9) LCB -337.94c P  0.31% WF   1.0 PSV       1 N       1  --  N8
Q6  : T  11.92c W  19.61c S  -7.70c (+19.6 L  +7.0) LCB -338.08c P  0.31% WF   1.0 PSV       1 N       1  --  Q6
E8  : T  14.34c W  21.67c S  -7.33c (+20.9 L  +7.1) LCB -335.66c P  0.30% WF   1.0 PSV       1 N       1  --  E8

2025-11-28 18:00:29+0700: = J6
2025-11-28 18:00:29+0700: Controller: genmove b
2025-11-28 18:00:30+0700: MoveNum: 0 HASH: 8E8DF69F9A3C95A7BDC28690BFEEF439
   A B C D E F G H J K L M N O P Q R S T
19 . . . . . . . . . . . . . . . . . . X
18 . . . . . . . . . . . . . . . . . . .
17 . . . . . . . . . . . . . . . . . . .
16 . . . . . . . . . . . . . . . . . . .
15 . . . . . . . . . . . . . . . . . . .
14 . . . . . . . . . . . . . . . . . . .
13 . . . . . . . . . . . . . . . . . . .
12 . . . . . . . . . . . . . . . . . . .
11 . . . . . . . . . . . . . . . . . . .
10 . . . . . . . . . . . . . . . . . . .
 9 . . . . . . . . . . . . . X . . . . .
 8 . . . . . X . X . . . . . . . . . . .
 7 . . . . . . . . . . . . . . . . X . .
 6 . . . . . . . . X . . . . . . . . . .
 5 . . . . . . . . . . . . . . . . . . .
 4 . . . . . . . . . . . . . . . . . . .
 3 . . . . . . . . . . . . . . . . . . .
 2 . . . . . X . . . . . . . . . . . . .
 1 . . . . . . . @ . . . . . . . . . . .

koPOSITIONALscoreAREAtaxNONEsui1komi7.5
Time taken: 0.563
Root visits: 119
New playouts: 119
NN rows: 119
NN batches: 79
NN avg batch size: 1.50633
PlayoutDoublingAdvantage: -2.75
PV: F7
Tree:
: T  15.41c W  22.55c S  -7.17c (+21.9 L  +7.4) N     119  --  F7
---Black(^)---
F7  : T  17.34c W  24.22c S  -6.88c (+22.8 L  +7.4) LCB -332.66c P  0.31% WF   1.0 PSV       1 N       1  --  F7
pss : T  11.74c W  19.64c S  -7.90c (+19.7 L  +6.8) LCB -338.26c P  0.68% WF   1.0 PSV       1 N       1  --  pass
H7  : T  15.67c W  22.85c S  -7.18c (+21.9 L  +7.3) LCB -334.33c P  0.32% WF   1.0 PSV       1 N       1  --  H7
J7  : T  16.80c W  23.76c S  -6.96c (+22.6 L  +7.4) LCB -333.20c P  0.32% WF   1.0 PSV       1 N       1  --  J7
P8  : T  15.32c W  22.50c S  -7.18c (+21.8 L  +7.4) LCB -334.68c P  0.32% WF   1.0 PSV       1 N       1  --  P8
G9  : T  15.51c W  22.70c S  -7.20c (+21.8 L  +7.2) LCB -334.49c P  0.32% WF   1.0 PSV       1 N       1  --  G9
G7  : T  17.21c W  24.08c S  -6.87c (+22.8 L  +7.5) LCB -332.79c P  0.32% WF   1.0 PSV       1 N       1  --  G7
J5  : T  15.13c W  22.33c S  -7.20c (+21.6 L  +7.5) LCB -334.87c P  0.31% WF   1.0 PSV       1 N       1  --  J5
J9  : T  15.04c W  22.26c S  -7.22c (+21.5 L  +7.5) LCB -334.96c P  0.31% WF   1.0 PSV       1 N       1  --  J9
R6  : T  15.67c W  22.76c S  -7.09c (+22.2 L  +7.3) LCB -334.33c P  0.31% WF   1.0 PSV       1 N       1  --  R6

2025-11-28 18:00:30+0700: = H1
2025-11-28 18:00:30+0700: Controller: genmove b
2025-11-28 18:00:30+0700: MoveNum: 0 HASH: 580DE6CA7823D7DD7B2C1CFB748D1860
   A B C D E F G H J K L M N O P Q R S T
19 . . . . . . . . . . . . . . . . . . X
18 . . . . . . . . . . . . . . . . . . .
17 . . . . . . . . . . . . . . . . . . .
16 . . . . . . . . . . . . . . . . . . .
15 . . . . . . . . . . . . . . . . . . .
14 . . . . . . . . . . . . . . . . . . .
13 . . . . . . . . . . . . . . . . . . .
12 . . . . . . . . . . . . . . . . . . .
11 . . . . . . . . . . . . . . . . . . .
10 . . . . . . . . . . . . . . . . . . .
 9 . . . . . . . . . . . . . X . . . . .
 8 . . . . . X . X . . . . . . . . . . .
 7 . . . . . . . . . . . . . . . . X . .
 6 . . . . . . . . X . . . . . . . . . .
 5 . . . . @ . . . . . . . . . . . . . .
 4 . . . . . . . . . . . . . . . . . . .
 3 . . . . . . . . . . . . . . . . . . .
 2 . . . . . X . . . . . . . . . . . . .
 1 . . . . . . . X . . . . . . . . . . .

koPOSITIONALscoreAREAtaxNONEsui1komi7.5
Time taken: 0.546
Root visits: 119
New playouts: 119
NN rows: 119
NN batches: 79
NN avg batch size: 1.50633
PlayoutDoublingAdvantage: -2.75
PV: K7
Tree:
: T  15.58c W  22.81c S  -7.27c (+22.3 L  +7.5) N     119  --  K7
---Black(^)---
K7  : T  17.91c W  24.81c S  -6.89c (+23.5 L  +7.6) LCB -332.09c P  0.30% WF   1.0 PSV       1 N       1  --  K7
pss : T  12.43c W  20.40c S  -7.98c (+20.3 L  +7.0) LCB -337.57c P  0.70% WF   1.0 PSV       1 N       1  --  pass
G7  : T  16.20c W  23.42c S  -7.22c (+22.4 L  +7.3) LCB -333.80c P  0.33% WF   1.0 PSV       1 N       1  --  G7
H5  : T  14.51c W  21.87c S  -7.36c (+21.7 L  +7.4) LCB -335.49c P  0.32% WF   1.0 PSV       1 N       1  --  H5
G8  : T  16.45c W  23.59c S  -7.14c (+22.6 L  +7.3) LCB -333.55c P  0.32% WF   1.0 PSV       1 N       1  --  G8
E2  : T  13.64c W  21.27c S  -7.64c (+21.0 L  +7.4) LCB -336.36c P  0.32% WF   1.0 PSV       1 N       1  --  E2
E7  : T  14.20c W  21.62c S  -7.42c (+21.5 L  +7.4) LCB -335.80c P  0.31% WF   1.0 PSV       1 N       1  --  E7
N8  : T  13.96c W  21.46c S  -7.50c (+21.4 L  +7.4) LCB -336.04c P  0.31% WF   1.0 PSV       1 N       1  --  N8
H9  : T  15.34c W  22.65c S  -7.31c (+21.9 L  +7.6) LCB -334.66c P  0.31% WF   1.0 PSV       1 N       1  --  H9
P8  : T  15.01c W  22.45c S  -7.44c (+21.7 L  +7.6) LCB -334.99c P  0.31% WF   1.0 PSV       1 N       1  --  P8

2025-11-28 18:00:30+0700: = E5
2025-11-28 18:00:30+0700: Controller: genmove b
2025-11-28 18:00:31+0700: MoveNum: 0 HASH: 2DF180EC2CB4D9263B1D9928F8C22E28
   A B C D E F G H J K L M N O P Q R S T
19 . . . . . . . . . . . . . . . . . . X
18 . . . . . . . . . . . . . . . . . . .
17 . . . . . . . . . . . . . . . . . . .
16 . . . . . . . . . . . . . . . . . . .
15 . . . . . . . . . . . . . . . . . . .
14 . . . . . . . . . . . . . . . . . . .
13 . . . . . . . . . . . . . . . . . . .
12 . . . . . . . . . . . . . . . . . . .
11 . . . . . . . . . . . . . . . . . . .
10 . . . . . . . . . . . . . . . . . . .
 9 . . . . . . . . . . . . . X . . . . .
 8 . . . . . X . X . . . @ . . . . . . .
 7 . . . . . . . . . . . . . . . . X . .
 6 . . . . . . . . X . . . . . . . . . .
 5 . . . . X . . . . . . . . . . . . . .
 4 . . . . . . . . . . . . . . . . . . .
 3 . . . . . . . . . . . . . . . . . . .
 2 . . . . . X . . . . . . . . . . . . .
 1 . . . . . . . X . . . . . . . . . . .

koPOSITIONALscoreAREAtaxNONEsui1komi7.5
Time taken: 0.547
Root visits: 118
New playouts: 118
NN rows: 118
NN batches: 80
NN avg batch size: 1.475
PlayoutDoublingAdvantage: -2.75
PV: G7
Tree:
: T  18.79c W  25.57c S  -6.81c (+24.4 L  +7.8) N     118  --  G7
---Black(^)---
G7  : T  21.13c W  27.61c S  -6.48c (+25.4 L  +8.0) LCB -328.87c P  0.31% WF   1.0 PSV       1 N       1  --  G7
pss : T  15.75c W  23.19c S  -7.44c (+22.4 L  +7.2) LCB -334.25c P  0.67% WF   1.0 PSV       1 N       1  --  pass
H7  : T  20.01c W  26.63c S  -6.62c (+24.7 L  +8.0) LCB -329.99c P  0.33% WF   1.0 PSV       1 N       1  --  H7
F4  : T  18.39c W  25.28c S  -6.89c (+24.0 L  +8.0) LCB -331.61c P  0.32% WF   1.0 PSV       1 N       1  --  F4
J7  : T  18.11c W  24.97c S  -6.86c (+23.9 L  +7.9) LCB -331.89c P  0.32% WF   1.0 PSV       1 N       1  --  J7
F6  : T  19.99c W  26.64c S  -6.64c (+24.7 L  +8.0) LCB -330.01c P  0.32% WF   1.0 PSV       1 N       1  --  F6
P8  : T  19.81c W  26.52c S  -6.71c (+24.9 L  +7.9) LCB -330.19c P  0.32% WF   1.0 PSV       1 N       1  --  P8
G9  : T  20.64c W  27.20c S  -6.55c (+25.3 L  +7.9) LCB -329.36c P  0.32% WF   1.0 PSV       1 N       1  --  G9
E4  : T  17.83c W  24.92c S  -7.09c (+23.7 L  +7.7) LCB -332.17c P  0.32% WF   1.0 PSV       1 N       1  --  E4
J5  : T  18.42c W  25.27c S  -6.86c (+24.0 L  +8.0) LCB -331.58c P  0.31% WF   1.0 PSV       1 N       1  --  J5

2025-11-28 18:00:31+0700: = M8
2025-11-28 18:00:31+0700: Controller: genmove b
2025-11-28 18:00:31+0700: MoveNum: 0 HASH: CE0E6D4B70906645BE389D89DFFFD5E2
   A B C D E F G H J K L M N O P Q R S T
19 . . . . . . . . . . . . . . . . . . X
18 . . . . . . . . . . . . . . . . . . .
17 . . . . . . . . . . . . . . . . . . .
16 . . . . . . . . . . . . . . . . . . .
15 . . . . . . . . . . . . . . . . . . .
14 . . . . . . . . . . . . . . . . . . .
13 . . . . . . . . . . . . . . . . . . .
12 . . . . . . . . . . . . . . . . . . .
11 . . . . . . . . . . . . . . . . . . .
10 . . . . . . . . . . . . . . . . . . .
 9 . . . . . . . . . . . . . X . . . . .
 8 . . . . . X . X . @ . X . . . . . . .
 7 . . . . . . . . . . . . . . . . X . .
 6 . . . . . . . . X . . . . . . . . . .
 5 . . . . X . . . . . . . . . . . . . .
 4 . . . . . . . . . . . . . . . . . . .
 3 . . . . . . . . . . . . . . . . . . .
 2 . . . . . X . . . . . . . . . . . . .
 1 . . . . . . . X . . . . . . . . . . .

koPOSITIONALscoreAREAtaxNONEsui1komi7.5
Time taken: 0.547
Root visits: 120
New playouts: 120
NN rows: 120
NN batches: 81
NN avg batch size: 1.48148
PlayoutDoublingAdvantage: -2.75
PV: J7
Tree:
: T  22.24c W  28.49c S  -6.28c (+26.6 L  +8.2) N     120  --  J7
---Black(^)---
J7  : T  24.19c W  30.21c S  -6.02c (+27.4 L  +8.4) LCB -325.81c P  0.30% WF   1.0 PSV       1 N       1  --  J7
pss : T  19.29c W  26.17c S  -6.87c (+24.4 L  +7.9) LCB -330.71c P  0.70% WF   1.0 PSV       1 N       1  --  pass
F7  : T  21.17c W  27.61c S  -6.44c (+25.8 L  +8.3) LCB -328.83c P  0.33% WF   1.0 PSV       1 N       1  --  F7
H7  : T  23.21c W  29.33c S  -6.11c (+26.8 L  +8.4) LCB -326.79c P  0.33% WF   1.0 PSV       1 N       1  --  H7
L7  : T  21.27c W  27.69c S  -6.42c (+26.0 L  +8.2) LCB -328.73c P  0.33% WF   1.0 PSV       1 N       1  --  L7
J5  : T  21.74c W  28.21c S  -6.48c (+26.2 L  +8.1) LCB -328.26c P  0.32% WF   1.0 PSV       1 N       1  --  J5
E7  : T  21.39c W  27.83c S  -6.44c (+25.8 L  +8.3) LCB -328.61c P  0.32% WF   1.0 PSV       1 N       1  --  E7
H5  : T  24.02c W  30.02c S  -6.00c (+27.5 L  +8.4) LCB -325.98c P  0.32% WF   1.0 PSV       1 N       1  --  H5
G9  : T  24.07c W  30.15c S  -6.08c (+27.3 L  +8.3) LCB -325.93c P  0.32% WF   1.0 PSV       1 N       1  --  G9
N10 : T  23.32c W  29.48c S  -6.16c (+27.1 L  +8.2) LCB -326.68c P  0.32% WF   1.0 PSV       1 N       1  --  N10

2025-11-28 18:00:31+0700: = K8
2025-11-28 18:00:31+0700: Controller: genmove b
2025-11-28 18:00:32+0700: MoveNum: 0 HASH: 2347F2E7EEF4456EDA05C17698C9F43D
   A B C D E F G H J K L M N O P Q R S T
19 . . . . . . . . . . . . . . . . . . X
18 . . . . . . . . . . . . . . . . . . .
17 . . . . . . . . . . . . . . . . . . .
16 . . . . . . . . . . . . . . . . . . .
15 . . . . . . . . . . . . . . . . . . .
14 . . . . . . . . . . . . . . . . . . .
13 . . . . . . . . . . . . . . . . . . .
12 . . . . . . . . . . . . . . . . . . .
11 . . . . . . . . . . . . . . . . . . .
10 . . . . . . . . . . . . . . . . . . .
 9 . . . . . . . . . . . . . X . . . . .
 8 . . . . . X . X . X . X . . . . . . .
 7 . . . . . . . . . . . . . . . @ X . .
 6 . . . . . . . . X . . . . . . . . . .
 5 . . . . X . . . . . . . . . . . . . .
 4 . . . . . . . . . . . . . . . . . . .
 3 . . . . . . . . . . . . . . . . . . .
 2 . . . . . X . . . . . . . . . . . . .
 1 . . . . . . . X . . . . . . . . . . .

koPOSITIONALscoreAREAtaxNONEsui1komi7.5
Time taken: 0.547
Root visits: 116
New playouts: 116
NN rows: 116
NN batches: 79
NN avg batch size: 1.46835
PlayoutDoublingAdvantage: -2.75
PV: G8
Tree:
: T  25.39c W  31.33c S  -5.96c (+28.8 L  +8.7) N     116  --  G8
---Black(^)---
G8  : T  27.68c W  33.28c S  -5.60c (+29.9 L  +8.9) LCB -322.32c P  0.32% WF   1.0 PSV       1 N       1  --  G8
pss : T  21.94c W  28.71c S  -6.77c (+26.5 L  +8.2) LCB -328.06c P  0.69% WF   1.0 PSV       1 N       1  --  pass
H7  : T  27.42c W  33.09c S  -5.67c (+29.7 L  +8.9) LCB -322.58c P  0.34% WF   1.0 PSV       1 N       1  --  H7
J9  : T  25.85c W  31.86c S  -6.01c (+28.8 L  +8.7) LCB -324.15c P  0.33% WF   1.0 PSV       1 N       1  --  J9
G9  : T  27.11c W  32.82c S  -5.70c (+29.7 L  +8.8) LCB -322.89c P  0.33% WF   1.0 PSV       1 N       1  --  G9
L9  : T  26.36c W  32.16c S  -5.80c (+29.1 L  +8.8) LCB -323.64c P  0.33% WF   1.0 PSV       1 N       1  --  L9
K7  : T  27.28c W  32.98c S  -5.70c (+29.7 L  +8.9) LCB -322.72c P  0.33% WF   1.0 PSV       1 N       1  --  K7
N9  : T  24.95c W  31.01c S  -6.05c (+28.4 L  +8.9) LCB -325.05c P  0.33% WF   1.0 PSV       1 N       1  --  N9
L8  : T  24.65c W  30.71c S  -6.06c (+28.3 L  +8.8) LCB -325.35c P  0.33% WF   1.0 PSV       1 N       1  --  L8
H6  : T  26.04c W  31.84c S  -5.81c (+29.1 L  +8.6) LCB -323.96c P  0.32% WF   1.0 PSV       1 N       1  --  H6

2025-11-28 18:00:32+0700: = Q7
2025-11-28 18:00:32+0700: Controller: genmove b
2025-11-28 18:00:32+0700: MoveNum: 0 HASH: D637F4A43719A457FABB088DCCEAAD45
   A B C D E F G H J K L M N O P Q R S T
19 . . . . . . . . . . . . . . . . . . X
18 . . . . . . . . . . . . . . . . . . .
17 . . . . . . . . . . . . . . . . . . .
16 . . . . . . . . . . . . . . . . . . .
15 . . . . . . . . . . . . . . . . . . .
14 . . . . . . . . . . . . . . . . . . .
13 . . . . . . . . . . . . . . . . . . .
12 . . . . . . . . . . . . . . . . . . .
11 . . . . . . . . . @ . . . . . . . . .
10 . . . . . . . . . . . . . . . . . . .
 9 . . . . . . . . . . . . . X . . . . .
 8 . . . . . X . X . X . X . . . . . . .
 7 . . . . . . . . . . . . . . . X X . .
 6 . . . . . . . . X . . . . . . . . . .
 5 . . . . X . . . . . . . . . . . . . .
 4 . . . . . . . . . . . . . . . . . . .
 3 . . . . . . . . . . . . . . . . . . .
 2 . . . . . X . . . . . . . . . . . . .
 1 . . . . . . . X . . . . . . . . . . .

koPOSITIONALscoreAREAtaxNONEsui1komi7.5
Time taken: 0.547
Root visits: 117
New playouts: 117
NN rows: 117
NN batches: 78
NN avg batch size: 1.5
PlayoutDoublingAdvantage: -2.75
PV: H9
Tree:
: T  28.16c W  33.82c S  -5.69c (+30.9 L  +9.1) N     117  --  H9
---Black(^)---
H9  : T  30.28c W  35.67c S  -5.39c (+31.9 L  +9.2) LCB -319.72c P  0.32% WF   1.0 PSV       1 N       1  --  H9
pss : T  23.77c W  30.30c S  -6.53c (+28.1 L  +8.6) LCB -326.23c P  0.72% WF   1.0 PSV       1 N       1  --  pass
G7  : T  26.37c W  32.30c S  -5.93c (+29.8 L  +9.1) LCB -323.63c P  0.34% WF   1.0 PSV       1 N       1  --  G7
L7  : T  26.79c W  32.62c S  -5.83c (+30.1 L  +9.1) LCB -323.21c P  0.34% WF   1.0 PSV       1 N       1  --  L7
J7  : T  29.45c W  34.94c S  -5.50c (+31.3 L  +9.4) LCB -320.55c P  0.33% WF   1.0 PSV       1 N       1  --  J7
L8  : T  27.36c W  33.19c S  -5.83c (+30.4 L  +9.2) LCB -322.64c P  0.33% WF   1.0 PSV       1 N       1  --  L8
H5  : T  28.97c W  34.56c S  -5.59c (+31.1 L  +9.2) LCB -321.03c P  0.33% WF   1.0 PSV       1 N       1  --  H5
N8  : T  29.11c W  34.64c S  -5.53c (+31.5 L  +8.9) LCB -320.89c P  0.33% WF   1.0 PSV       1 N       1  --  N8
G8  : T  27.72c W  33.50c S  -5.78c (+30.4 L  +9.3) LCB -322.28c P  0.33% WF   1.0 PSV       1 N       1  --  G8
J8  : T  27.46c W  33.23c S  -5.77c (+30.4 L  +9.2) LCB -322.54c P  0.33% WF   1.0 PSV       1 N       1  --  J8

2025-11-28 18:00:32+0700: = K11
2025-11-28 18:00:32+0700: Controller: genmove b
2025-11-28 18:00:33+0700: MoveNum: 0 HASH: 1DDD6516799A638412C2734DBC36A780
   A B C D E F G H J K L M N O P Q R S T
19 . . . . . . . . . . . . . . . . . . X
18 . . . . . . . . . . . . . . . . . . .
17 . . . . . . . . . . . . . . . . . . .
16 . . . . . . . . . . . . . . . . . . .
15 . . . . . . . . . . . . . . . . . . .
14 . . . . . . . . . . . . . . . . . . .
13 . . . . . . . . . . . . . . . . . . .
12 . . . . . . . . . @ . . . . . . . . .
11 . . . . . . . . . X . . . . . . . . .
10 . . . . . . . . . . . . . . . . . . .
 9 . . . . . . . . . . . . . X . . . . .
 8 . . . . . X . X . X . X . . . . . . .
 7 . . . . . . . . . . . . . . . X X . .
 6 . . . . . . . . X . . . . . . . . . .
 5 . . . . X . . . . . . . . . . . . . .
 4 . . . . . . . . . . . . . . . . . . .
 3 . . . . . . . . . . . . . . . . . . .
 2 . . . . . X . . . . . . . . . . . . .
 1 . . . . . . . X . . . . . . . . . . .

koPOSITIONALscoreAREAtaxNONEsui1komi7.5
Time taken: 0.547
Root visits: 122
New playouts: 122
NN rows: 122
NN batches: 82
NN avg batch size: 1.4878
PlayoutDoublingAdvantage: -2.75
PV: G7
Tree:
: T  31.47c W  36.77c S  -5.33c (+33.3 L  +9.5) N     122  --  G7
---Black(^)---
G7  : T  33.55c W  38.54c S  -4.98c (+34.3 L +10.0) LCB -316.45c P  0.32% WF   1.0 PSV       1 N       1  --  G7
pss : T  28.95c W  34.83c S  -5.88c (+31.5 L  +9.1) LCB -321.05c P  0.73% WF   1.0 PSV       1 N       1  --  pass
J7  : T  29.95c W  35.40c S  -5.45c (+32.4 L  +9.8) LCB -320.05c P  0.35% WF   1.0 PSV       1 N       1  --  J7
K9  : T  30.73c W  36.14c S  -5.42c (+32.7 L  +9.9) LCB -319.27c P  0.34% WF   1.0 PSV       1 N       1  --  K9
K7  : T  31.03c W  36.54c S  -5.51c (+32.7 L  +9.5) LCB -318.97c P  0.33% WF   1.0 PSV       1 N       1  --  K7
L7  : T  30.62c W  36.07c S  -5.45c (+32.7 L  +9.7) LCB -319.38c P  0.33% WF   1.0 PSV       1 N       1  --  L7
J9  : T  29.78c W  35.25c S  -5.47c (+32.4 L  +9.7) LCB -320.22c P  0.33% WF   1.0 PSV       1 N       1  --  J9
F6  : T  29.28c W  34.87c S  -5.59c (+32.0 L  +9.4) LCB -320.72c P  0.33% WF   1.0 PSV       1 N       1  --  F6
H9  : T  31.08c W  36.58c S  -5.49c (+32.8 L  +9.4) LCB -318.92c P  0.33% WF   1.0 PSV       1 N       1  --  H9
E6  : T  31.06c W  36.60c S  -5.54c (+32.8 L  +9.4) LCB -318.94c P  0.33% WF   1.0 PSV       1 N       1  --  E6

2025-11-28 18:00:33+0700: = K12
2025-11-28 18:00:33+0700: Controller: genmove b
2025-11-28 18:00:33+0700: MoveNum: 0 HASH: A02AAA3981A0778E662F4A4FA5BD327B
   A B C D E F G H J K L M N O P Q R S T
19 . . . . . . . . . . . . . . . . . . X
18 . . . . . . . . . . . . . . . . . . .
17 . . . . . . . . . . . . . . . . . . .
16 . . . . . . . . . . . . . . . . . . .
15 . . . . . . . . . . . . . . . . . . .
14 . . . . . . . . . . . . . . . . . . .
13 . . . . . . . . . . . . . . . . . . .
12 . . . . . . . . . X . . . . . . . . .
11 . . . . . . . . . X . . . . . . . . .
10 . . . . . . . . . . . . . . . . . . .
 9 . . . . . . . . @ . . . . X . . . . .
 8 . . . . . X . X . X . X . . . . . . .
 7 . . . . . . . . . . . . . . . X X . .
 6 . . . . . . . . X . . . . . . . . . .
 5 . . . . X . . . . . . . . . . . . . .
 4 . . . . . . . . . . . . . . . . . . .
 3 . . . . . . . . . . . . . . . . . . .
 2 . . . . . X . . . . . . . . . . . . .
 1 . . . . . . . X . . . . . . . . . . .

koPOSITIONALscoreAREAtaxNONEsui1komi7.5
Time taken: 0.547
Root visits: 121
New playouts: 121
NN rows: 121
NN batches: 82
NN avg batch size: 1.47561
PlayoutDoublingAdvantage: -2.75
PV: H5
Tree:
: T  34.90c W  39.46c S  -4.60c (+35.6 L +10.1) N     121  --  H5
---Black(^)---
H5  : T  36.92c W  41.21c S  -4.28c (+36.7 L +10.4) LCB -313.08c P  0.32% WF   1.0 PSV       1 N       1  --  H5
pss : T  29.99c W  35.56c S  -5.58c (+32.4 L  +9.4) LCB -320.01c P  0.71% WF   1.0 PSV       1 N       1  --  pass
L9  : T  35.51c W  39.97c S  -4.46c (+35.9 L +10.2) LCB -314.49c P  0.34% WF   1.0 PSV       1 N       1  --  L9
H7  : T  36.31c W  40.62c S  -4.31c (+36.5 L +10.5) LCB -313.69c P  0.34% WF   1.0 PSV       1 N       1  --  H7
K10 : T  35.46c W  39.94c S  -4.48c (+35.9 L +10.1) LCB -314.54c P  0.34% WF   1.0 PSV       1 N       1  --  K10
J9  : T  36.12c W  40.51c S  -4.38c (+36.3 L +10.5) LCB -313.88c P  0.34% WF   1.0 PSV       1 N       1  --  J9
K7  : T  33.71c W  38.47c S  -4.76c (+34.9 L +10.2) LCB -316.29c P  0.34% WF   1.0 PSV       1 N       1  --  K7
J10 : T  33.88c W  38.64c S  -4.76c (+34.9 L +10.4) LCB -316.12c P  0.33% WF   1.0 PSV       1 N       1  --  J10
F7  : T  35.34c W  39.85c S  -4.51c (+35.9 L  +9.8) LCB -314.66c P  0.33% WF   1.0 PSV       1 N       1  --  F7
G9  : T  35.14c W  39.69c S  -4.55c (+35.8 L +10.0) LCB -314.86c P  0.33% WF   1.0 PSV       1 N       1  --  G9

2025-11-28 18:00:33+0700: = J9
2025-11-28 18:00:33+0700: GPU -1 finishing, processed 231 rows 150 batches
2025-11-28 18:00:33+0700: GPU -1 finishing, processed 229 rows 154 batches
2025-11-28 18:00:33+0700: GPU -1 finishing, processed 248 rows 165 batches
2025-11-28 18:00:33+0700: GPU -1 finishing, processed 215 rows 145 batches
2025-11-28 18:00:33+0700: GPU -1 finishing, processed 250 rows 166 batches
2025-11-28 18:00:33+0700: GPU -1 finishing, processed 247 rows 163 batches
2025-11-28 18:00:33+0700: GPU -1 finishing, processed 225 rows 149 batches
2025-11-28 18:00:33+0700: GPU -1 finishing, processed 250 rows 172 batches
2025-11-28 18:00:33+0700: All cleaned up, quitting
