2025-11-29 09:52:48+0700: Running with following config:
allowResignation = true
lagBuffer = 0.0
logAllGTPCommunication = true
logDir = gtp_logs
logSearchInfo = true
logSearchInfoForChosenMove = false
logToStderr = false
maxPlayouts = 500
maxPlayoutsPondering = 3000
maxTime = 0.5
maxTimePondering = 60.0
maxVisits = 300
maxVisitsPondering = 5000
numSearchThreads = 16
ponderingEnabled = false
resignConsecTurns = 3
resignThreshold = -0.90
rules = tromp-taylor
searchFactorAfterOnePass = 0.50
searchFactorAfterTwoPass = 0.25
searchFactorWhenWinning = 0.40
searchFactorWhenWinningThreshold = 0.95

2025-11-29 09:52:48+0700: GTP Engine starting...
2025-11-29 09:52:48+0700: KataGo v1.14.0
2025-11-29 09:52:48+0700: Using TrompTaylor rules initially, unless GTP/GUI overrides this
2025-11-29 09:52:48+0700: Using 16 CPU thread(s) for search
2025-11-29 09:52:48+0700: nnRandSeed0 = 6888138796941755774
2025-11-29 09:52:48+0700: After dedups: nnModelFile0 = model.gz useFP16 auto useNHWC auto
2025-11-29 09:52:48+0700: Initializing neural net buffer to be size 19 * 19 exactly
2025-11-29 09:52:48+0700: Eigen (CPU) backend thread 3: Model version 8
2025-11-29 09:52:48+0700: Eigen (CPU) backend thread 3: Model name: b6c96-s1995008-d1329786
2025-11-29 09:52:48+0700: Eigen (CPU) backend thread 5: Model version 8
2025-11-29 09:52:48+0700: Eigen (CPU) backend thread 5: Model name: b6c96-s1995008-d1329786
2025-11-29 09:52:48+0700: Eigen (CPU) backend thread 4: Model version 8
2025-11-29 09:52:48+0700: Eigen (CPU) backend thread 4: Model name: b6c96-s1995008-d1329786
2025-11-29 09:52:48+0700: Eigen (CPU) backend thread 2: Model version 8
2025-11-29 09:52:48+0700: Eigen (CPU) backend thread 2: Model name: b6c96-s1995008-d1329786
2025-11-29 09:52:48+0700: Eigen (CPU) backend thread 0: Model version 8
2025-11-29 09:52:48+0700: Eigen (CPU) backend thread 0: Model name: b6c96-s1995008-d1329786
2025-11-29 09:52:48+0700: Eigen (CPU) backend thread 6: Model version 8
2025-11-29 09:52:48+0700: Eigen (CPU) backend thread 6: Model name: b6c96-s1995008-d1329786
2025-11-29 09:52:48+0700: Eigen (CPU) backend thread 7: Model version 8
2025-11-29 09:52:48+0700: Eigen (CPU) backend thread 7: Model name: b6c96-s1995008-d1329786
2025-11-29 09:52:48+0700: Eigen (CPU) backend thread 1: Model version 8
2025-11-29 09:52:48+0700: Eigen (CPU) backend thread 1: Model name: b6c96-s1995008-d1329786
2025-11-29 09:52:48+0700: Loaded neural net with nnXLen 19 nnYLen 19
2025-11-29 09:52:48+0700: Initializing board with boardXSize 19 boardYSize 19
2025-11-29 09:52:48+0700: Loaded config default_gtp.cfg
2025-11-29 09:52:48+0700: Loaded model model.gz
2025-11-29 09:52:48+0700: Model name: b6c96-s1995008-d1329786
2025-11-29 09:52:48+0700: GTP ready, beginning main protocol loop
2025-11-29 09:52:54+0700: Controller: play b T4
2025-11-29 09:52:54+0700: = 
2025-11-29 09:53:00+0700: Controller: genmove w
2025-11-29 09:53:00+0700: MoveNum: 1 HASH: BE72D7AD1BAB79EB2C82C30FBB70DB61
   A B C D E F G H J K L M N O P Q R S T
19 . . . . . . . . . . . . . . . . . . .
18 . . . . . . . . . . . . . . . . . . .
17 . . . . . . . . . . . . . . . . . . .
16 . . . . . . . . . . . . . . . . . . .
15 . . . . . . . . . . . . . . . . . . .
14 . . . . . . . . . . . . . . . . . . .
13 . . . . . . . . . . . . . . . . . . .
12 . . . . . . . . . . . . . . . . . . .
11 . . . . . . . . . . . . . . . . . . .
10 . . . . . . . . . . . . . . . . . . .
 9 . . . . . . . . . . . . . . . . . . .
 8 . . . . . . . . . . . . . . . . . . .
 7 . . . . . . . . . . . . . . . . . . .
 6 . . . . . . . . . . . . . . . . . . .
 5 . . . . . . . . . . . . . . . . . . .
 4 . . . . . . . . . . . . . . . . . . X1
 3 . . . . . . . . . . . . . . . . . . .
 2 . . . . . . . . . . . . . . . . . . .
 1 . . . . . . . . . . . . . @ . . . . .

koPOSITIONALscoreAREAtaxNONEsui1komi7.5
Time taken: 0.516
Root visits: 134
New playouts: 134
NN rows: 134
NN batches: 92
NN avg batch size: 1.45652
PV: E1 A5
Tree:
: T  18.56c W  11.14c S   5.88c ( +0.6 L  +3.9) N     134  --  E1 A5
---White(^)---
E1  : T  19.08c W  11.79c S   5.97c ( +0.9 L  +3.7) LCB    0.12c P  0.30% WF  10.0 PSV      11 N      10  --  E1 A5
Q1  : T  17.78c W  10.80c S   5.78c ( +0.4 L  +4.0) LCB   -1.44c P  0.30% WF  10.0 PSV      10 N      10  --  Q1 A10
J1  : T  18.64c W  11.53c S   5.85c ( +0.6 L  +3.9) LCB   -0.47c P  0.30% WF  10.0 PSV      10 N      10  --  J1 H19
O1  : T  18.83c W  11.55c S   5.95c ( +0.8 L  +4.0) LCB   -2.11c P  0.30% WF   9.0 PSV       9 N       9  --  O1 P1
G1  : T  19.01c W  11.66c S   5.97c ( +0.8 L  +3.9) LCB   -2.42c P  0.30% WF   9.0 PSV       9 N       9  --  G1 F1
K1  : T  18.92c W  11.58c S   5.97c ( +0.9 L  +3.9) LCB   -2.47c P  0.30% WF   9.0 PSV       9 N       9  --  K1 L1
P1  : T  18.85c W  11.53c S   5.95c ( +0.8 L  +3.9) LCB   -3.04c P  0.30% WF   9.0 PSV       9 N       9  --  P1 Q1
F1  : T  19.87c W  12.15c S   6.11c ( +1.2 L  +3.9) LCB   -4.45c P  0.30% WF   8.0 PSV       8 N       8  --  F1 G1
M1  : T  19.21c W  11.61c S   6.06c ( +1.0 L  +4.0) LCB   -5.61c P  0.30% WF   8.0 PSV       8 N       8  --  M1 M19
D1  : T  18.86c W  11.25c S   5.95c ( +0.8 L  +3.9) LCB   -5.10c P  0.30% WF   8.0 PSV       8 N       8  --  D1 E1

2025-11-29 09:53:00+0700: = O1
2025-11-29 09:53:04+0700: Controller: genmove b
2025-11-29 09:53:05+0700: MoveNum: 2 HASH: E8145E3DF9332C4F24C19D04BF448D4F
   A B C D E F G H J K L M N O P Q R S T
19 . . . . . . . @ . . . . . . . . . . .
18 . . . . . . . . . . . . . . . . . . .
17 . . . . . . . . . . . . . . . . . . .
16 . . . . . . . . . . . . . . . . . . .
15 . . . . . . . . . . . . . . . . . . .
14 . . . . . . . . . . . . . . . . . . .
13 . . . . . . . . . . . . . . . . . . .
12 . . . . . . . . . . . . . . . . . . .
11 . . . . . . . . . . . . . . . . . . .
10 . . . . . . . . . . . . . . . . . . .
 9 . . . . . . . . . . . . . . . . . . .
 8 . . . . . . . . . . . . . . . . . . .
 7 . . . . . . . . . . . . . . . . . . .
 6 . . . . . . . . . . . . . . . . . . .
 5 . . . . . . . . . . . . . . . . . . .
 4 . . . . . . . . . . . . . . . . . . X1
 3 . . . . . . . . . . . . . . . . . . .
 2 . . . . . . . . . . . . . . . . . . .
 1 . . . . . . . . . . . . . O2. . . . .

koPOSITIONALscoreAREAtaxNONEsui1komi7.5
Time taken: 0.516
Root visits: 151
New playouts: 142
NN rows: 143
NN batches: 95
NN avg batch size: 1.50526
PV: C9
Tree:
: T  -9.38c W  -9.79c S   0.42c ( +0.7 L  -3.7) N     151  --  C9
---Black(^)---
C9  : T  -7.56c W  -8.28c S   0.72c ( +1.5 L  -3.9) LCB -357.56c P  0.28% WF   1.0 PSV       1 N       1  --  C9
pss : T -44.58c W -39.23c S  -5.35c (-12.2 L  -5.4) LCB -394.58c P  0.35% WF   0.9 PSV       1 N       1  --  pass
N1  : T -10.58c W -10.81c S   0.23c ( +0.1 L  -3.5) LCB -360.58c P  0.31% WF   1.0 PSV       1 N       1  --  N1
T1  : T -14.41c W -13.94c S  -0.47c ( -1.8 L  -3.3) LCB -364.41c P  0.30% WF   1.0 PSV       1 N       1  --  T1
S1  : T -12.52c W -12.37c S  -0.15c ( -0.9 L  -3.3) LCB -362.52c P  0.30% WF   1.0 PSV       1 N       1  --  S1
T6  : T -11.30c W -11.35c S   0.05c ( -0.4 L  -3.5) LCB -361.30c P  0.30% WF   1.0 PSV       1 N       1  --  T6
P1  : T  -8.85c W  -9.40c S   0.55c ( +1.0 L  -3.5) LCB -358.85c P  0.30% WF   1.0 PSV       1 N       1  --  P1
S19 : T -10.99c W -11.13c S   0.14c ( -0.1 L  -3.5) LCB -360.99c P  0.30% WF   1.0 PSV       1 N       1  --  S19
T12 : T  -8.65c W  -9.21c S   0.56c ( +1.1 L  -3.7) LCB -358.65c P  0.30% WF   1.0 PSV       1 N       1  --  T12
T11 : T  -8.41c W  -8.99c S   0.58c ( +1.1 L  -3.6) LCB -358.41c P  0.30% WF   1.0 PSV       1 N       1  --  T11

2025-11-29 09:53:05+0700: = H19
2025-11-29 09:53:08+0700: Controller: genmove w
2025-11-29 09:53:08+0700: MoveNum: 3 HASH: 74D24C9EC3C927FE44027D12133A0D65
   A B C D E F G H J K L M N O P Q R S T
19 . . . . . . . X3. . . . . . . . . . .
18 . . . . . . . . . . . . . . . . . . .
17 . . . . . . . . . . . . . . . . . . .
16 . . . . . . . . . . . . . . . . . . .
15 . . . . . . . . . . . . . . . . . . .
14 . . . . . . . . . . . . . . . . . . .
13 . . . . . . . . . . . . . . . . . . .
12 . . . . . . . . . . . . . . . . . . .
11 . . . . . . . . . . . . . . . . . . .
10 . . . . . . . . . . . . . . . . . . .
 9 @ . . . . . . . . . . . . . . . . . .
 8 . . . . . . . . . . . . . . . . . . .
 7 . . . . . . . . . . . . . . . . . . .
 6 . . . . . . . . . . . . . . . . . . .
 5 . . . . . . . . . . . . . . . . . . .
 4 . . . . . . . . . . . . . . . . . . X1
 3 . . . . . . . . . . . . . . . . . . .
 2 . . . . . . . . . . . . . . . . . . .
 1 . . . . . . . . . . . . . O2. . . . .

koPOSITIONALscoreAREAtaxNONEsui1komi7.5
Time taken: 0.531
Root visits: 140
New playouts: 139
NN rows: 140
NN batches: 95
NN avg batch size: 1.47368
PV: E6
Tree:
: T -10.45c W  -9.27c S  -1.18c ( -3.4 L  +4.9) N     140  --  E6
---White(^)---
E6  : T  -8.66c W  -7.93c S  -0.73c ( -2.2 L  +4.9) LCB -358.66c P  0.27% WF   1.0 PSV       1 N       1  --  E6
pss : T -11.82c W -10.36c S  -1.46c ( -4.1 L  +4.9) LCB -361.82c P  0.36% WF   1.0 PSV       1 N       1  --  pass
N1  : T -10.97c W  -9.66c S  -1.31c ( -3.7 L  +4.7) LCB -360.97c P  0.31% WF   1.0 PSV       1 N       1  --  N1
A19 : T -12.03c W -10.49c S  -1.54c ( -4.4 L  +4.9) LCB -362.03c P  0.31% WF   1.0 PSV       1 N       1  --  A19
G19 : T -11.61c W -10.11c S  -1.51c ( -4.3 L  +5.0) LCB -361.61c P  0.31% WF   1.0 PSV       1 N       1  --  G19
T5  : T -10.63c W  -9.37c S  -1.25c ( -3.6 L  +5.1) LCB -360.63c P  0.30% WF   1.0 PSV       1 N       1  --  T5
H18 : T  -9.48c W  -8.62c S  -0.86c ( -2.5 L  +5.0) LCB -359.48c P  0.30% WF   1.0 PSV       1 N       1  --  H18
O2  : T -11.39c W -10.22c S  -1.17c ( -3.4 L  +4.6) LCB -361.39c P  0.30% WF   1.0 PSV       1 N       1  --  O2
T18 : T -11.55c W -10.14c S  -1.41c ( -4.1 L  +4.9) LCB -361.55c P  0.30% WF   1.0 PSV       1 N       1  --  T18
T2  : T -12.12c W -10.67c S  -1.45c ( -4.1 L  +4.9) LCB -362.12c P  0.30% WF   1.0 PSV       1 N       1  --  T2

2025-11-29 09:53:08+0700: = A9
