2025-11-28 18:01:28+0700: Running with following config:
allowResignation = true
lagBuffer = 0.0
logAllGTPCommunication = true
logDir = gtp_logs
logSearchInfo = true
logSearchInfoForChosenMove = false
logToStderr = false
maxPlayouts = 500
maxPlayoutsPondering = 3000
maxTime = 0.5
maxTimePondering = 60.0
maxVisits = 300
maxVisitsPondering = 5000
numSearchThreads = 16
ponderingEnabled = false
resignConsecTurns = 3
resignThreshold = -0.90
rules = tromp-taylor
searchFactorAfterOnePass = 0.50
searchFactorAfterTwoPass = 0.25
searchFactorWhenWinning = 0.40
searchFactorWhenWinningThreshold = 0.95

2025-11-28 18:01:28+0700: GTP Engine starting...
2025-11-28 18:01:28+0700: KataGo v1.14.0
2025-11-28 18:01:28+0700: Using TrompTaylor rules initially, unless GTP/GUI overrides this
2025-11-28 18:01:28+0700: Using 16 CPU thread(s) for search
2025-11-28 18:01:29+0700: nnRandSeed0 = 3444689753399169257
2025-11-28 18:01:29+0700: After dedups: nnModelFile0 = model.gz useFP16 auto useNHWC auto
2025-11-28 18:01:29+0700: Initializing neural net buffer to be size 19 * 19 exactly
2025-11-28 18:01:29+0700: Eigen (CPU) backend thread 2: Model version 8
2025-11-28 18:01:29+0700: Eigen (CPU) backend thread 5: Model version 8
2025-11-28 18:01:29+0700: Eigen (CPU) backend thread 5: Model name: b6c96-s1995008-d1329786
2025-11-28 18:01:29+0700: Eigen (CPU) backend thread 6: Model version 8
2025-11-28 18:01:29+0700: Eigen (CPU) backend thread 2: Model name: b6c96-s1995008-d1329786
2025-11-28 18:01:29+0700: Eigen (CPU) backend thread 0: Model version 8
2025-11-28 18:01:29+0700: Eigen (CPU) backend thread 7: Model version 8
2025-11-28 18:01:29+0700: Eigen (CPU) backend thread 7: Model name: b6c96-s1995008-d1329786
2025-11-28 18:01:29+0700: Eigen (CPU) backend thread 6: Model name: b6c96-s1995008-d1329786
2025-11-28 18:01:29+0700: Eigen (CPU) backend thread 3: Model version 8
2025-11-28 18:01:29+0700: Eigen (CPU) backend thread 4: Model version 8
2025-11-28 18:01:29+0700: Eigen (CPU) backend thread 4: Model name: b6c96-s1995008-d1329786
2025-11-28 18:01:29+0700: Eigen (CPU) backend thread 1: Model version 8
2025-11-28 18:01:29+0700: Eigen (CPU) backend thread 3: Model name: b6c96-s1995008-d1329786
2025-11-28 18:01:29+0700: Eigen (CPU) backend thread 0: Model name: b6c96-s1995008-d1329786
2025-11-28 18:01:29+0700: Eigen (CPU) backend thread 1: Model name: b6c96-s1995008-d1329786
2025-11-28 18:01:29+0700: Loaded neural net with nnXLen 19 nnYLen 19
2025-11-28 18:01:29+0700: Initializing board with boardXSize 19 boardYSize 19
2025-11-28 18:01:29+0700: Loaded config default_gtp.cfg
2025-11-28 18:01:29+0700: Loaded model model.gz
2025-11-28 18:01:29+0700: Model name: b6c96-s1995008-d1329786
2025-11-28 18:01:29+0700: GTP ready, beginning main protocol loop
2025-11-28 18:01:29+0700: Controller: version
2025-11-28 18:01:29+0700: = 1.14.0
2025-11-28 18:01:29+0700: Controller: genmove b
2025-11-28 18:01:30+0700: MoveNum: 0 HASH: CDCBC1F514D7E680FACD226074256633
   A B C D E F G H J K L M N O P Q R S T
19 . . . . . . . . . . . . . . . . . . .
18 . . . . . . . . . . . . . . . . . . .
17 . . . . . . . . . . . . . . . . . . .
16 . . . . . . . . . . . . . . . . . . .
15 . . . . . . . . . . . . . . . . . . .
14 . . . . . . . . . . . . . . . . . . .
13 . . . . . . . . . . . . . . . . . . .
12 . . . . . . . . . . . . . . . . . . .
11 . . . . . . . . . . . @ . . . . . . .
10 . . . . . . . . . . . . . . . . . . .
 9 . . . . . . . . . . . . . . . . . . .
 8 . . . . . . . . . . . . . . . . . . .
 7 . . . . . . . . . . . . . . . . . . .
 6 . . . . . . . . . . . . . . . . . . .
 5 . . . . . . . . . . . . . . . . . . .
 4 . . . . . . . . . . . . . . . . . . .
 3 . . . . . . . . . . . . . . . . . . .
 2 . . . . . . . . . . . . . . . . . . .
 1 . . . . . . . . . . . . . . . . . . .

koPOSITIONALscoreAREAtaxNONEsui1komi7.5
Time taken: 0.562
Root visits: 108
New playouts: 108
NN rows: 108
NN batches: 73
NN avg batch size: 1.47945
PV: T11 T12 S12
Tree:
: T   0.59c W   6.12c S   2.05c ( +8.1 L  -2.4) N     108  --  T11 T12 S12
---Black(^)---
T11 : T  -5.37c W  -1.32c S   0.69c ( +4.2 L  -3.1) LCB  -92.86c P  0.28% WF   4.0 PSV       5 N       4  --  T11 T12 S12
T10 : T  -5.75c W   2.24c S   1.32c ( +5.9 L  -2.7) LCB -128.99c P  0.28% WF   3.0 PSV       3 N       3  --  T10 A2 pass
T12 : T  -5.70c W   2.17c S   1.34c ( +6.0 L  -2.9) LCB -128.72c P  0.28% WF   3.0 PSV       3 N       3  --  T12 A18 pass
T14 : T  -4.98c W   2.60c S   1.35c ( +6.0 L  -2.8) LCB -126.55c P  0.28% WF   3.0 PSV       3 N       3  --  T14 A2 pass
T15 : T  -5.57c W   2.23c S   1.32c ( +5.9 L  -2.8) LCB -128.06c P  0.28% WF   3.0 PSV       3 N       3  --  T15 A18 pass
R11 : T  -4.01c W   3.33c S   1.54c ( +6.5 L  -2.6) LCB -127.31c P  0.28% WF   3.0 PSV       3 N       3  --  R11 S1 pass
R12 : T  -3.34c W   4.17c S   1.71c ( +7.0 L  -2.7) LCB -126.13c P  0.28% WF   3.0 PSV       3 N       3  --  R12 A18 pass
K10 : T  -5.56c W   2.30c S   1.28c ( +5.9 L  -2.9) LCB -132.58c P  0.28% WF   3.0 PSV       3 N       3  --  K10 K11 pass
M11 : T  -5.48c W   2.36c S   1.33c ( +6.0 L  -2.9) LCB -132.42c P  0.28% WF   3.0 PSV       3 N       3  --  M11 N11 pass
R13 : T  -4.37c W   3.27c S   1.51c ( +6.5 L  -2.7) LCB -128.19c P  0.28% WF   3.0 PSV       3 N       3  --  R13 B19 pass

2025-11-28 18:01:30+0700: = M11
2025-11-28 18:01:30+0700: Controller: genmove b
2025-11-28 18:01:30+0700: MoveNum: 0 HASH: FE178B26861FBC0EE6DB9EAB6006626C
   A B C D E F G H J K L M N O P Q R S T
19 . . . . . . . . . . . . . . . . . . .
18 . . . . . . . . . . . . . . . . . . .
17 . . . . . . . . . . . . . . . . . . .
16 . . . . . . . . . . . . . . . . . . .
15 . . . . . . . . . . . . . . . . . . .
14 . . . . . . . . . . . . . . . . . . .
13 . . . . . . . . . . . . . . . . . . .
12 . . . . . . . . . . . . . . . . . . .
11 . . . . . . . . . . . X . . . . . . .
10 . . . . . . . . . . . . . . . . . . .
 9 . . . . . . . . . . . . . . . . . . .
 8 . . . . . . . . . . . . . . . . . . .
 7 . . . . . . . . . . . . . . . . . . .
 6 . . . . . . . . . . . . . . . . . . .
 5 . . . . . . . . . . . . . . . . . . .
 4 . . . . . . . . . . . . . . . . . . .
 3 . . . . . . . . . . . . . . @ . . . .
 2 . . . . . . . . . . . . . . . . . . .
 1 . . . . . . . . . . . . . . . . . . .

koPOSITIONALscoreAREAtaxNONEsui1komi7.5
Time taken: 0.547
Root visits: 122
New playouts: 122
NN rows: 122
NN batches: 82
NN avg batch size: 1.4878
PV: L12
Tree:
: T  31.78c W  38.46c S  -6.70c (+28.4 L  +2.0) N     122  --  L12
---Black(^)---
L12 : T  32.48c W  39.07c S  -6.59c (+28.7 L  +2.0) LCB -317.52c P  0.29% WF   1.0 PSV       1 N       1  --  L12
pss : T  28.95c W  36.21c S  -7.27c (+26.6 L  +1.6) LCB -321.05c P  0.58% WF   1.0 PSV       1 N       1  --  pass
L11 : T  32.38c W  38.95c S  -6.57c (+28.7 L  +2.0) LCB -317.62c P  0.31% WF   1.0 PSV       1 N       1  --  L11
N12 : T  32.08c W  38.77c S  -6.68c (+28.4 L  +1.9) LCB -317.92c P  0.30% WF   1.0 PSV       1 N       1  --  N12
O11 : T  31.80c W  38.50c S  -6.70c (+28.3 L  +1.9) LCB -318.20c P  0.30% WF   1.0 PSV       1 N       1  --  O11
N11 : T  32.20c W  38.80c S  -6.60c (+28.6 L  +2.0) LCB -317.80c P  0.30% WF   1.0 PSV       1 N       1  --  N11
N10 : T  32.09c W  38.77c S  -6.68c (+28.4 L  +1.9) LCB -317.91c P  0.30% WF   1.0 PSV       1 N       1  --  N10
N13 : T  32.35c W  38.93c S  -6.57c (+28.7 L  +1.9) LCB -317.65c P  0.30% WF   1.0 PSV       1 N       1  --  N13
L10 : T  32.11c W  38.79c S  -6.68c (+28.4 L  +1.9) LCB -317.89c P  0.30% WF   1.0 PSV       1 N       1  --  L10
O12 : T  32.25c W  38.85c S  -6.60c (+28.6 L  +1.9) LCB -317.75c P  0.30% WF   1.0 PSV       1 N       1  --  O12

2025-11-28 18:01:30+0700: = P3
2025-11-28 18:01:30+0700: Controller: genmove b
2025-11-28 18:01:31+0700: MoveNum: 0 HASH: 72105614444BE941F13CFE123CC78E04
   A B C D E F G H J K L M N O P Q R S T
19 . . . . . . . . . . . . . . . . . . .
18 . . . . . . . . . . . . . . . . . . .
17 . . . . . . . . . . . . . . . . . . .
16 . . . . . . . . . . . . . . . . . . .
15 . . . . . . . . . . . . . . . . . . .
14 . . . . . . . . . . . . . . . . . . .
13 . . . . . . . . . . . . . . . . . . .
12 . . . . . . . . . . . . . . . . . . .
11 . . . . . . . . . . . X . . . . . . .
10 . . . . . . . . . . . . . . . . . . .
 9 . . . . . . . . . . . . . . . . . . .
 8 . . . . . . . . . . . . . . . . . . .
 7 . . . . . . . @ . . . . . . . . . . .
 6 . . . . . . . . . . . . . . . . . . .
 5 . . . . . . . . . . . . . . . . . . .
 4 . . . . . . . . . . . . . . . . . . .
 3 . . . . . . . . . . . . . . X . . . .
 2 . . . . . . . . . . . . . . . . . . .
 1 . . . . . . . . . . . . . . . . . . .

koPOSITIONALscoreAREAtaxNONEsui1komi7.5
Time taken: 0.547
Root visits: 120
New playouts: 120
NN rows: 120
NN batches: 83
NN avg batch size: 1.44578
PlayoutDoublingAdvantage: -0.5
PV: L14
Tree:
: T  26.22c W  34.79c S  -8.59c (+25.0 L  +4.1) N     120  --  L14
---Black(^)---
L14 : T  26.20c W  34.89c S  -8.69c (+24.8 L  +4.1) LCB -323.80c P  0.29% WF   1.0 PSV       1 N       1  --  L14
pss : T  23.28c W  32.44c S  -9.16c (+23.3 L  +3.8) LCB -326.72c P  0.59% WF   1.0 PSV       1 N       1  --  pass
M10 : T  26.11c W  34.69c S  -8.59c (+24.8 L  +4.0) LCB -323.89c P  0.31% WF   1.0 PSV       1 N       1  --  M10
M12 : T  26.17c W  34.76c S  -8.59c (+24.8 L  +4.0) LCB -323.83c P  0.30% WF   1.0 PSV       1 N       1  --  M12
L13 : T  25.93c W  34.59c S  -8.66c (+24.7 L  +4.0) LCB -324.07c P  0.30% WF   1.0 PSV       1 N       1  --  L13
M13 : T  25.76c W  34.44c S  -8.68c (+24.6 L  +4.0) LCB -324.24c P  0.30% WF   1.0 PSV       1 N       1  --  M13
O5  : T  26.05c W  34.72c S  -8.66c (+24.8 L  +4.1) LCB -323.95c P  0.30% WF   1.0 PSV       1 N       1  --  O5
L12 : T  26.07c W  34.70c S  -8.64c (+24.8 L  +4.1) LCB -323.93c P  0.30% WF   1.0 PSV       1 N       1  --  L12
N10 : T  26.18c W  34.81c S  -8.62c (+24.8 L  +4.0) LCB -323.82c P  0.30% WF   1.0 PSV       1 N       1  --  N10
P5  : T  25.99c W  34.64c S  -8.65c (+24.8 L  +4.0) LCB -324.01c P  0.30% WF   1.0 PSV       1 N       1  --  P5

2025-11-28 18:01:31+0700: = H7
2025-11-28 18:01:31+0700: Controller: genmove b
2025-11-28 18:01:31+0700: MoveNum: 0 HASH: 9FEC3C543D0BAE5F3B10CBE309E80BAC
   A B C D E F G H J K L M N O P Q R S T
19 . . . . . . . . . . . . . . . . . . .
18 . . . . . . . . . . . . . . . . . . .
17 . . . . . . . . . . . . . . . . . . .
16 . . . . . . . . . . . . . . . . . . .
15 . . . . . . . . . . . . . . . . . . .
14 . . . . . . . . . . . . . . . . . . .
13 . . . . . . . . . . . . . . . . . . .
12 . . . . . . . . . . . . . . . . . . .
11 . . . . . . . . . . . X . . . . . . .
10 . . . . . . . . . . . . . . . . . . .
 9 . . . . . . . . . . . . . . . . . . .
 8 . . . . . . . . . . . . . . . . . . .
 7 . . . . . . . X . . . . . . @ . . . .
 6 . . . . . . . . . . . . . . . . . . .
 5 . . . . . . . . . . . . . . . . . . .
 4 . . . . . . . . . . . . . . . . . . .
 3 . . . . . . . . . . . . . . X . . . .
 2 . . . . . . . . . . . . . . . . . . .
 1 . . . . . . . . . . . . . . . . . . .

koPOSITIONALscoreAREAtaxNONEsui1komi7.5
Time taken: 0.531
Root visits: 119
New playouts: 119
NN rows: 119
NN batches: 80
NN avg batch size: 1.4875
PlayoutDoublingAdvantage: -1.125
PV: G8
Tree:
: T  23.88c W  32.07c S  -8.22c (+24.7 L  +4.9) N     119  --  G8
---Black(^)---
G8  : T  24.36c W  32.54c S  -8.18c (+24.7 L  +4.9) LCB -325.64c P  0.30% WF   1.0 PSV       1 N       1  --  G8
pss : T  20.78c W  29.61c S  -8.82c (+22.8 L  +4.6) LCB -329.22c P  0.61% WF   1.0 PSV       1 N       1  --  pass
M10 : T  24.12c W  32.28c S  -8.15c (+24.7 L  +4.9) LCB -325.88c P  0.30% WF   1.0 PSV       1 N       1  --  M10
H6  : T  23.74c W  31.96c S  -8.22c (+24.5 L  +4.9) LCB -326.26c P  0.30% WF   1.0 PSV       1 N       1  --  H6
P2  : T  22.32c W  30.82c S  -8.51c (+23.8 L  +4.8) LCB -327.68c P  0.30% WF   1.0 PSV       1 N       1  --  P2
H8  : T  24.22c W  32.39c S  -8.17c (+24.7 L  +4.9) LCB -325.78c P  0.30% WF   1.0 PSV       1 N       1  --  H8
H9  : T  24.10c W  32.34c S  -8.24c (+24.6 L  +4.9) LCB -325.90c P  0.30% WF   1.0 PSV       1 N       1  --  H9
M12 : T  24.18c W  32.35c S  -8.18c (+24.6 L  +4.9) LCB -325.82c P  0.30% WF   1.0 PSV       1 N       1  --  M12
G9  : T  23.50c W  31.83c S  -8.33c (+24.3 L  +4.8) LCB -326.50c P  0.30% WF   1.0 PSV       1 N       1  --  G9
L13 : T  23.73c W  32.05c S  -8.32c (+24.4 L  +4.8) LCB -326.27c P  0.30% WF   1.0 PSV       1 N       1  --  L13

2025-11-28 18:01:31+0700: = P7
2025-11-28 18:01:31+0700: Controller: genmove b
2025-11-28 18:01:32+0700: MoveNum: 0 HASH: 6946207A39EE61396103F4253BA79CC5
   A B C D E F G H J K L M N O P Q R S T
19 . . . . . . . . . . . . . . . . . . .
18 . . . . . . . . . . . . . . . . . . .
17 . . . . . . . . . . . . . . . . . . .
16 . . . . . . . . . . . . . . . . . . .
15 . . . . . . . . . . . . . . . . . . .
14 . . . . . . . . . . . . . . . . . . .
13 . . . . . . . . . . . . . . . . . . .
12 . . . . . . . . . . . . . . . . . . .
11 . . . . . . . . . . . X . . . . . . .
10 . . . . . . . . . . . . . . . . . . .
 9 . . . . . . . . . . . . . . . @ . . .
 8 . . . . . . . . . . . . . . . . . . .
 7 . . . . . . . X . . . . . . X . . . .
 6 . . . . . . . . . . . . . . . . . . .
 5 . . . . . . . . . . . . . . . . . . .
 4 . . . . . . . . . . . . . . . . . . .
 3 . . . . . . . . . . . . . . X . . . .
 2 . . . . . . . . . . . . . . . . . . .
 1 . . . . . . . . . . . . . . . . . . .

koPOSITIONALscoreAREAtaxNONEsui1komi7.5
Time taken: 0.563
Root visits: 123
New playouts: 123
NN rows: 123
NN batches: 86
NN avg batch size: 1.43023
PlayoutDoublingAdvantage: -1.875
PV: N11
Tree:
: T  19.88c W  27.66c S  -7.81c (+23.4 L  +6.0) N     123  --  N11
---Black(^)---
N11 : T  20.66c W  28.36c S  -7.71c (+23.6 L  +6.1) LCB -329.34c P  0.29% WF   1.0 PSV       1 N       1  --  N11
pss : T  16.32c W  24.80c S  -8.48c (+21.3 L  +5.7) LCB -333.68c P  0.63% WF   1.0 PSV       1 N       1  --  pass
P4  : T  18.99c W  26.93c S  -7.94c (+22.8 L  +5.9) LCB -331.01c P  0.31% WF   1.0 PSV       1 N       1  --  P4
P8  : T  19.98c W  27.79c S  -7.81c (+23.3 L  +6.0) LCB -330.02c P  0.31% WF   1.0 PSV       1 N       1  --  P8
O8  : T  19.73c W  27.60c S  -7.88c (+23.0 L  +6.0) LCB -330.27c P  0.31% WF   1.0 PSV       1 N       1  --  O8
P5  : T  20.10c W  27.94c S  -7.84c (+23.3 L  +6.1) LCB -329.90c P  0.31% WF   1.0 PSV       1 N       1  --  P5
H8  : T  20.20c W  27.95c S  -7.75c (+23.4 L  +6.1) LCB -329.80c P  0.31% WF   1.0 PSV       1 N       1  --  H8
M12 : T  19.53c W  27.39c S  -7.86c (+23.0 L  +6.0) LCB -330.47c P  0.30% WF   1.0 PSV       1 N       1  --  M12
Q5  : T  19.83c W  27.66c S  -7.83c (+23.2 L  +6.0) LCB -330.17c P  0.30% WF   1.0 PSV       1 N       1  --  Q5
O4  : T  19.72c W  27.59c S  -7.87c (+23.1 L  +6.1) LCB -330.28c P  0.30% WF   1.0 PSV       1 N       1  --  O4

2025-11-28 18:01:32+0700: = Q9
2025-11-28 18:01:32+0700: Controller: genmove b
2025-11-28 18:01:32+0700: MoveNum: 0 HASH: 5E29BAEC2950C8F34400CDF2C7B244B5
   A B C D E F G H J K L M N O P Q R S T
19 . . . . . . . . . . . . . . . . . . .
18 . . . . . . . . . . . . . . . . . . .
17 . . . . . . . . . . . . . . . . . . .
16 . . . . . . . . . . . . . . . . . . .
15 . . . . . . . . . . . . . . . . . . .
14 . . . . . . . . . . . . . . . . . . .
13 . . . . . . . . . . . . . . . . . . .
12 . . . . . . . . . . . . . . . . . . .
11 . . . . . . . . . . . X . . . . . . .
10 . . . . . . . . . . . . . . . . . . .
 9 . . . . . . . . . . . . . . . X . . .
 8 . . . . . . . . . . . . . . . . . . .
 7 . . . . . . . X . . . . . . X . . . .
 6 . . . . . . . . . . . . . . . . . . .
 5 . . . . . . . . . . . . . . . . . . .
 4 . . . . . @ . . . . . . . . . . . . .
 3 . . . . . . . . . . . . . . X . . . .
 2 . . . . . . . . . . . . . . . . . . .
 1 . . . . . . . . . . . . . . . . . . .

koPOSITIONALscoreAREAtaxNONEsui1komi7.5
Time taken: 0.547
Root visits: 122
New playouts: 122
NN rows: 122
NN batches: 80
NN avg batch size: 1.525
PlayoutDoublingAdvantage: -2.5
PV: M7
Tree:
: T  16.92c W  24.15c S  -7.26c (+22.4 L  +6.9) N     122  --  M7
---Black(^)---
M7  : T  17.52c W  24.72c S  -7.21c (+22.6 L  +6.9) LCB -332.48c P  0.29% WF   1.0 PSV       1 N       1  --  M7
pss : T  13.38c W  21.30c S  -7.91c (+20.3 L  +6.5) LCB -336.62c P  0.65% WF   1.0 PSV       1 N       1  --  pass
N10 : T  17.06c W  24.33c S  -7.27c (+22.3 L  +6.8) LCB -332.94c P  0.31% WF   1.0 PSV       1 N       1  --  N10
N11 : T  16.88c W  24.14c S  -7.26c (+22.4 L  +6.9) LCB -333.12c P  0.31% WF   1.0 PSV       1 N       1  --  N11
P8  : T  17.33c W  24.52c S  -7.19c (+22.4 L  +6.9) LCB -332.67c P  0.31% WF   1.0 PSV       1 N       1  --  P8
Q6  : T  16.49c W  23.82c S  -7.32c (+22.1 L  +6.9) LCB -333.51c P  0.31% WF   1.0 PSV       1 N       1  --  Q6
O6  : T  17.00c W  24.29c S  -7.28c (+22.3 L  +6.8) LCB -333.00c P  0.30% WF   1.0 PSV       1 N       1  --  O6
J7  : T  17.21c W  24.46c S  -7.25c (+22.4 L  +6.9) LCB -332.79c P  0.30% WF   1.0 PSV       1 N       1  --  J7
O9  : T  17.13c W  24.41c S  -7.28c (+22.3 L  +6.8) LCB -332.87c P  0.30% WF   1.0 PSV       1 N       1  --  O9
P10 : T  16.94c W  24.28c S  -7.34c (+22.2 L  +6.8) LCB -333.06c P  0.30% WF   1.0 PSV       1 N       1  --  P10

2025-11-28 18:01:32+0700: = F4
2025-11-28 18:01:32+0700: Controller: genmove b
2025-11-28 18:01:33+0700: MoveNum: 0 HASH: 45696EA3B66016ED1A93283564D1B21E
   A B C D E F G H J K L M N O P Q R S T
19 . . . . . . . . . . . . . . . . . . .
18 . . . . . . . . . . . . . . . . . . .
17 . . . . . . . . . . . . . . . . . . .
16 . . . . . . . . . . . . . . . . . . .
15 . . . . . . . . . . . . . . . . . . .
14 . . . . . . . . . . . . . . . . . . .
13 . . . . . . . . . . . . . . . . . . .
12 . . . . . . . . . . . . . . . . . . .
11 . . . . . . . . . . . X . . . . . . .
10 . . . . . . . . . . . . . . . . . . .
 9 . . . . . . . . . . . . . . . X . . .
 8 . . . . . . . . . . . . . . . . . . .
 7 . . . . . . . X . . . . . . X . . . .
 6 . . . . . . . . . . . . . . . . . . .
 5 . . . . . . . . . . . . . . @ . . . .
 4 . . . . . X . . . . . . . . . . . . .
 3 . . . . . . . . . . . . . . X . . . .
 2 . . . . . . . . . . . . . . . . . . .
 1 . . . . . . . . . . . . . . . . . . .

koPOSITIONALscoreAREAtaxNONEsui1komi7.5
Time taken: 0.562
Root visits: 124
New playouts: 124
NN rows: 124
NN batches: 85
NN avg batch size: 1.45882
PlayoutDoublingAdvantage: -2.75
PV: N8
Tree:
: T  17.76c W  24.47c S  -6.74c (+23.4 L  +7.4) N     124  --  N8
---Black(^)---
N8  : T  18.49c W  25.15c S  -6.66c (+23.6 L  +7.4) LCB -331.51c P  0.31% WF   1.0 PSV       1 N       1  --  N8
pss : T  14.29c W  21.71c S  -7.42c (+21.3 L  +7.0) LCB -335.71c P  0.65% WF   1.0 PSV       1 N       1  --  pass
Q8  : T  17.60c W  24.37c S  -6.78c (+23.2 L  +7.4) LCB -332.40c P  0.32% WF   1.0 PSV       1 N       1  --  Q8
P6  : T  17.73c W  24.50c S  -6.77c (+23.3 L  +7.4) LCB -332.27c P  0.31% WF   1.0 PSV       1 N       1  --  P6
N10 : T  17.95c W  24.69c S  -6.73c (+23.3 L  +7.4) LCB -332.05c P  0.31% WF   1.0 PSV       1 N       1  --  N10
P2  : T  16.25c W  23.30c S  -7.05c (+22.5 L  +7.3) LCB -333.75c P  0.31% WF   1.0 PSV       1 N       1  --  P2
M10 : T  17.75c W  24.49c S  -6.74c (+23.4 L  +7.4) LCB -332.25c P  0.31% WF   1.0 PSV       1 N       1  --  M10
J6  : T  17.99c W  24.77c S  -6.77c (+23.3 L  +7.4) LCB -332.01c P  0.31% WF   1.0 PSV       1 N       1  --  J6
Q2  : T  15.59c W  22.64c S  -7.04c (+22.3 L  +7.2) LCB -334.41c P  0.31% WF   1.0 PSV       1 N       1  --  Q2
G5  : T  18.05c W  24.79c S  -6.74c (+23.3 L  +7.4) LCB -331.95c P  0.31% WF   1.0 PSV       1 N       1  --  G5

2025-11-28 18:01:33+0700: = P5
2025-11-28 18:01:33+0700: Controller: genmove b
2025-11-28 18:01:33+0700: MoveNum: 0 HASH: E98688DDA58FF6ED2510D0109BAF9AD7
   A B C D E F G H J K L M N O P Q R S T
19 . . . . . . . . . . . . . . . . . . .
18 . . . . . . . . . . . . . . . . . . .
17 . . . . . . . . . . . . . . . . . . .
16 . . . . . . . . . . . . . . . . . . .
15 . . . . . . . . . . . . . . . . . . .
14 . . . . . . . . . . . . . . . . . . .
13 . . . . . . . . . . . . . . . . . . .
12 . . . . . . . . . . . . . . . . . . .
11 . . . . . . . . . . . X . . . . . . .
10 . . . . . . . . . . . . . . . . . . .
 9 . . . . . . . . . . . . . . . X . . .
 8 . . . . . . @ . . . . . . . . . . . .
 7 . . . . . . . X . . . . . . X . . . .
 6 . . . . . . . . . . . . . . . . . . .
 5 . . . . . . . . . . . . . . X . . . .
 4 . . . . . X . . . . . . . . . . . . .
 3 . . . . . . . . . . . . . . X . . . .
 2 . . . . . . . . . . . . . . . . . . .
 1 . . . . . . . . . . . . . . . . . . .

koPOSITIONALscoreAREAtaxNONEsui1komi7.5
Time taken: 0.563
Root visits: 124
New playouts: 124
NN rows: 124
NN batches: 83
NN avg batch size: 1.49398
PlayoutDoublingAdvantage: -2.75
PV: O8
Tree:
: T  21.17c W  27.41c S  -6.26c (+25.5 L  +7.8) N     124  --  O8
---Black(^)---
O8  : T  22.01c W  28.20c S  -6.19c (+25.7 L  +7.8) LCB -327.99c P  0.29% WF   1.0 PSV       1 N       1  --  O8
pss : T  17.21c W  24.21c S  -7.00c (+23.1 L  +7.4) LCB -332.79c P  0.66% WF   1.0 PSV       1 N       1  --  pass
Q6  : T  21.19c W  27.45c S  -6.26c (+25.4 L  +7.8) LCB -328.81c P  0.32% WF   1.0 PSV       1 N       1  --  Q6
G6  : T  21.19c W  27.52c S  -6.33c (+25.4 L  +7.8) LCB -328.81c P  0.32% WF   1.0 PSV       1 N       1  --  G6
O5  : T  21.19c W  27.46c S  -6.27c (+25.4 L  +7.8) LCB -328.81c P  0.31% WF   1.0 PSV       1 N       1  --  O5
Q4  : T  19.83c W  26.38c S  -6.55c (+24.6 L  +7.7) LCB -330.17c P  0.31% WF   1.0 PSV       1 N       1  --  Q4
O3  : T  20.89c W  27.20c S  -6.31c (+25.3 L  +7.7) LCB -329.11c P  0.31% WF   1.0 PSV       1 N       1  --  O3
O6  : T  21.83c W  27.96c S  -6.13c (+25.8 L  +7.9) LCB -328.17c P  0.31% WF   1.0 PSV       1 N       1  --  O6
R8  : T  20.52c W  26.96c S  -6.43c (+25.0 L  +7.7) LCB -329.48c P  0.31% WF   1.0 PSV       1 N       1  --  R8
P8  : T  21.80c W  28.01c S  -6.21c (+25.7 L  +7.8) LCB -328.20c P  0.31% WF   1.0 PSV       1 N       1  --  P8

2025-11-28 18:01:33+0700: = G8
2025-11-28 18:01:33+0700: Controller: genmove b
2025-11-28 18:01:34+0700: MoveNum: 0 HASH: 1CA05FCA6220D44767B2195D64D0AFBC
   A B C D E F G H J K L M N O P Q R S T
19 . . . . . . . . . . . . . . . . . . .
18 . . . . . . . . . . . . . . . . . . .
17 . . . . . . . . . . . . . . . . . . .
16 . . . . . . . . . . . . . . . . . . .
15 . . . . . . . . . . . . . . . . . . .
14 . . . . . . . . . . . . . . . . . . .
13 . . . . . . . . . . . . . . . . . . .
12 . . . . . . . . . . . . . . . . . . .
11 . . . . . . . . . . . X . . . . . . .
10 . . . . . . . . . . . . . . . . . . .
 9 . . . . . . . . . @ . . . . . X . . .
 8 . . . . . . X . . . . . . . . . . . .
 7 . . . . . . . X . . . . . . X . . . .
 6 . . . . . . . . . . . . . . . . . . .
 5 . . . . . . . . . . . . . . X . . . .
 4 . . . . . X . . . . . . . . . . . . .
 3 . . . . . . . . . . . . . . X . . . .
 2 . . . . . . . . . . . . . . . . . . .
 1 . . . . . . . . . . . . . . . . . . .

koPOSITIONALscoreAREAtaxNONEsui1komi7.5
Time taken: 0.547
Root visits: 122
New playouts: 122
NN rows: 122
NN batches: 81
NN avg batch size: 1.50617
PlayoutDoublingAdvantage: -2.75
PV: H9
Tree:
: T  24.24c W  30.07c S  -5.86c (+27.6 L  +8.2) N     122  --  H9
---Black(^)---
H9  : T  25.11c W  30.79c S  -5.68c (+28.0 L  +8.2) LCB -324.89c P  0.31% WF   1.0 PSV       1 N       1  --  H9
pss : T  21.00c W  27.55c S  -6.54c (+25.4 L  +7.8) LCB -329.00c P  0.67% WF   1.0 PSV       1 N       1  --  pass
Q8  : T  23.59c W  29.59c S  -6.00c (+27.1 L  +8.1) LCB -326.41c P  0.32% WF   1.0 PSV       1 N       1  --  Q8
P6  : T  24.51c W  30.25c S  -5.75c (+27.8 L  +8.3) LCB -325.49c P  0.32% WF   1.0 PSV       1 N       1  --  P6
Q6  : T  24.15c W  30.03c S  -5.88c (+27.4 L  +8.2) LCB -325.85c P  0.32% WF   1.0 PSV       1 N       1  --  Q6
Q4  : T  22.65c W  28.87c S  -6.21c (+26.5 L  +8.0) LCB -327.35c P  0.32% WF   1.0 PSV       1 N       1  --  Q4
P2  : T  22.81c W  28.96c S  -6.14c (+26.6 L  +7.9) LCB -327.19c P  0.31% WF   1.0 PSV       1 N       1  --  P2
Q2  : T  22.14c W  28.40c S  -6.26c (+26.3 L  +8.0) LCB -327.86c P  0.31% WF   1.0 PSV       1 N       1  --  Q2
N10 : T  24.05c W  29.94c S  -5.90c (+27.5 L  +8.2) LCB -325.95c P  0.31% WF   1.0 PSV       1 N       1  --  N10
O5  : T  24.47c W  30.24c S  -5.78c (+27.7 L  +8.2) LCB -325.53c P  0.31% WF   1.0 PSV       1 N       1  --  O5

2025-11-28 18:01:34+0700: = K9
2025-11-28 18:01:34+0700: Controller: genmove b
2025-11-28 18:01:35+0700: MoveNum: 0 HASH: 14D83658015DD69881D730BFC84C6809
   A B C D E F G H J K L M N O P Q R S T
19 . . . . . . . . . . . . . . . . . . .
18 . . . . . . . . . . . . . . . . . . .
17 . . . . . . . . . . . . . . . . . . .
16 . . . . . . . . . . . . . . . . . . .
15 . . . . . . . . . . . . . . . . . . .
14 . . . . . . . . . . . . . . . . . . .
13 . . . . . . . . . . . . . . . . . . .
12 . . . . . . . . . . . . . . . . . . .
11 . . . . . . . . . . . X . . @ . . . .
10 . . . . . . . . . . . . . . . . . . .
 9 . . . . . . . . . X . . . . . X . . .
 8 . . . . . . X . . . . . . . . . . . .
 7 . . . . . . . X . . . . . . X . . . .
 6 . . . . . . . . . . . . . . . . . . .
 5 . . . . . . . . . . . . . . X . . . .
 4 . . . . . X . . . . . . . . . . . . .
 3 . . . . . . . . . . . . . . X . . . .
 2 . . . . . . . . . . . . . . . . . . .
 1 . . . . . . . . . . . . . . . . . . .

koPOSITIONALscoreAREAtaxNONEsui1komi7.5
Time taken: 0.546
Root visits: 123
New playouts: 123
NN rows: 123
NN batches: 80
NN avg batch size: 1.5375
PlayoutDoublingAdvantage: -2.75
PV: G7
Tree:
: T  27.55c W  33.02c S  -5.49c (+29.9 L  +8.6) N     123  --  G7
---Black(^)---
G7  : T  28.19c W  33.49c S  -5.30c (+30.2 L  +8.7) LCB -321.81c P  0.30% WF   1.0 PSV       1 N       1  --  G7
pss : T  23.47c W  29.78c S  -6.31c (+27.3 L  +8.2) LCB -326.53c P  0.68% WF   1.0 PSV       1 N       1  --  pass
Q6  : T  27.33c W  32.88c S  -5.55c (+29.6 L  +8.6) LCB -322.67c P  0.33% WF   1.0 PSV       1 N       1  --  Q6
J8  : T  27.83c W  33.27c S  -5.44c (+29.9 L  +8.7) LCB -322.17c P  0.32% WF   1.0 PSV       1 N       1  --  J8
K10 : T  28.12c W  33.46c S  -5.34c (+30.2 L  +8.7) LCB -321.88c P  0.32% WF   1.0 PSV       1 N       1  --  K10
L10 : T  27.68c W  33.23c S  -5.55c (+29.7 L  +8.6) LCB -322.32c P  0.32% WF   1.0 PSV       1 N       1  --  L10
Q8  : T  26.87c W  32.52c S  -5.65c (+29.4 L  +8.5) LCB -323.13c P  0.32% WF   1.0 PSV       1 N       1  --  Q8
G5  : T  27.56c W  32.99c S  -5.44c (+29.9 L  +8.7) LCB -322.44c P  0.32% WF   1.0 PSV       1 N       1  --  G5
Q4  : T  26.50c W  32.25c S  -5.75c (+29.0 L  +8.5) LCB -323.50c P  0.32% WF   1.0 PSV       1 N       1  --  Q4
P8  : T  27.51c W  33.03c S  -5.51c (+29.8 L  +8.6) LCB -322.49c P  0.32% WF   1.0 PSV       1 N       1  --  P8

2025-11-28 18:01:35+0700: = P11
2025-11-28 18:01:35+0700: Controller: genmove b
2025-11-28 18:01:35+0700: MoveNum: 0 HASH: B4530A9D74F6DFA25CFB096C3117CEA0
   A B C D E F G H J K L M N O P Q R S T
19 . . . . . . . . . . . . . . . . . . .
18 . . . . . . . . . . . . . . . . . . .
17 . . . . . . . . . . . . . . . . . . .
16 . . . . . . . . . . . . . . . . . . .
15 . . . . . . . . . . . . . . . . . . .
14 . . . . . . . . . . . . . . . . . . .
13 . . . . . . . . . . . . . . . . . . .
12 . . . . . . . . . . . . . . . . . . .
11 . . . . . . . . . . . X . . X . . . .
10 . . . . . . . . . . . . . . @ . . . .
 9 . . . . . . . . . X . . . . . X . . .
 8 . . . . . . X . . . . . . . . . . . .
 7 . . . . . . . X . . . . . . X . . . .
 6 . . . . . . . . . . . . . . . . . . .
 5 . . . . . . . . . . . . . . X . . . .
 4 . . . . . X . . . . . . . . . . . . .
 3 . . . . . . . . . . . . . . X . . . .
 2 . . . . . . . . . . . . . . . . . . .
 1 . . . . . . . . . . . . . . . . . . .

koPOSITIONALscoreAREAtaxNONEsui1komi7.5
Time taken: 0.547
Root visits: 123
New playouts: 123
NN rows: 123
NN batches: 83
NN avg batch size: 1.48193
PlayoutDoublingAdvantage: -2.75
PV: K7
Tree:
: T  30.59c W  35.62c S  -5.06c (+32.0 L  +9.0) N     123  --  K7
---Black(^)---
K7  : T  31.39c W  36.32c S  -4.93c (+32.3 L  +9.1) LCB -318.61c P  0.29% WF   1.0 PSV       1 N       1  --  K7
pss : T  27.53c W  33.25c S  -5.73c (+29.9 L  +8.6) LCB -322.47c P  0.69% WF   1.0 PSV       1 N       1  --  pass
Q8  : T  30.33c W  35.40c S  -5.07c (+31.9 L  +9.0) LCB -319.67c P  0.33% WF   1.0 PSV       1 N       1  --  Q8
P6  : T  30.64c W  35.71c S  -5.07c (+31.9 L  +9.0) LCB -319.36c P  0.32% WF   1.0 PSV       1 N       1  --  P6
P10 : T  30.84c W  35.95c S  -5.11c (+31.9 L  +9.0) LCB -319.16c P  0.32% WF   1.0 PSV       1 N       1  --  P10
Q6  : T  30.64c W  35.67c S  -5.03c (+32.0 L  +9.0) LCB -319.36c P  0.32% WF   1.0 PSV       1 N       1  --  Q6
L8  : T  31.35c W  36.31c S  -4.96c (+32.3 L  +9.1) LCB -318.65c P  0.32% WF   1.0 PSV       1 N       1  --  L8
N10 : T  29.97c W  35.22c S  -5.25c (+31.5 L  +9.0) LCB -320.03c P  0.32% WF   1.0 PSV       1 N       1  --  N10
Q10 : T  30.46c W  35.56c S  -5.10c (+31.8 L  +8.9) LCB -319.54c P  0.32% WF   1.0 PSV       1 N       1  --  Q10
Q4  : T  29.48c W  34.78c S  -5.30c (+31.2 L  +8.9) LCB -320.52c P  0.32% WF   1.0 PSV       1 N       1  --  Q4

2025-11-28 18:01:35+0700: = P10
2025-11-28 18:01:35+0700: Controller: genmove b
2025-11-28 18:01:36+0700: MoveNum: 0 HASH: 44409497810A99A419E9956CBA473C7C
   A B C D E F G H J K L M N O P Q R S T
19 . . . . . . . . . . . . . . . . . . .
18 . . . . . . . . . . . . . . . . . . .
17 . . . . . . . . . . . . . . . . . . .
16 . . . . . . . . . . . . . . . . . . .
15 . . . . . . . . . . . . . . . . . . .
14 . . . . . . . . . . . . . . . . . . .
13 . . . . . . . . . . . . . . . . . . .
12 . . . . . . . . . . . . . . . . . . .
11 . . . . . . . . . . . X . . X . . . .
10 . . . . . . . . . . . . . . X . . . .
 9 . . . . . . . . . X . . . . . X . . .
 8 . . . . . . X . . . . . . . . . . . .
 7 . . . . . . . X . . . . . . X . . . .
 6 . . . . . . . . . . . . . . . . . . .
 5 . . . . . . . . . . . . . . X . . . .
 4 . . . . . X . . . . . . . . . . . . .
 3 . . . . . . . . . . . . . @ X . . . .
 2 . . . . . . . . . . . . . . . . . . .
 1 . . . . . . . . . . . . . . . . . . .

koPOSITIONALscoreAREAtaxNONEsui1komi7.5
Time taken: 0.547
Root visits: 124
New playouts: 124
NN rows: 124
NN batches: 84
NN avg batch size: 1.47619
PlayoutDoublingAdvantage: -2.75
PV: K7
Tree:
: T  34.19c W  38.64c S  -4.48c (+34.5 L  +9.6) N     124  --  K7
---Black(^)---
K7  : T  35.12c W  39.45c S  -4.33c (+35.0 L  +9.8) LCB -314.88c P  0.30% WF   1.0 PSV       1 N       1  --  K7
pss : T  30.54c W  35.80c S  -5.26c (+32.0 L  +9.1) LCB -319.46c P  0.70% WF   1.0 PSV       1 N       1  --  pass
P9  : T  33.68c W  38.24c S  -4.56c (+34.1 L  +9.7) LCB -316.32c P  0.34% WF   1.0 PSV       1 N       1  --  P9
Q8  : T  34.04c W  38.54c S  -4.50c (+34.3 L  +9.6) LCB -315.96c P  0.33% WF   1.0 PSV       1 N       1  --  Q8
P6  : T  33.78c W  38.30c S  -4.53c (+34.4 L  +9.5) LCB -316.22c P  0.33% WF   1.0 PSV       1 N       1  --  P6
N10 : T  34.33c W  38.80c S  -4.47c (+34.5 L  +9.7) LCB -315.67c P  0.33% WF   1.0 PSV       1 N       1  --  N10
O8  : T  33.11c W  37.84c S  -4.72c (+33.8 L  +9.4) LCB -316.89c P  0.32% WF   1.0 PSV       1 N       1  --  O8
Q6  : T  33.42c W  38.02c S  -4.61c (+34.1 L  +9.6) LCB -316.58c P  0.32% WF   1.0 PSV       1 N       1  --  Q6
O7  : T  34.59c W  38.90c S  -4.30c (+34.9 L  +9.8) LCB -315.41c P  0.32% WF   1.0 PSV       1 N       1  --  O7
L8  : T  33.44c W  38.09c S  -4.64c (+34.1 L  +9.4) LCB -316.56c P  0.32% WF   1.0 PSV       1 N       1  --  L8

2025-11-28 18:01:36+0700: = O3
2025-11-28 18:01:36+0700: Controller: genmove b
2025-11-28 18:01:36+0700: MoveNum: 0 HASH: 3A1ADCEBCAC0553F7618A6E34418FAFF
   A B C D E F G H J K L M N O P Q R S T
19 . . . . . . . . . . . . . . . . . . .
18 . . . . . . . . . . . . . . . . . . .
17 . . . . . . . . . . . . . . . . . . .
16 . . . . . . . . . . . . . . . . . . .
15 . . . . . . . . . . . . . . . . . . .
14 . . . . . . . . . . . . . . . . . . .
13 . . . . . . . . . . . . . . . . . . .
12 . . . . . . . . . . . . . . . . . . .
11 . . . . . . . . . . . X . . X . . . .
10 . . . . . . . . . . . . . . X . . . .
 9 . . . . . @ . . . X . . . . . X . . .
 8 . . . . . . X . . . . . . . . . . . .
 7 . . . . . . . X . . . . . . X . . . .
 6 . . . . . . . . . . . . . . . . . . .
 5 . . . . . . . . . . . . . . X . . . .
 4 . . . . . X . . . . . . . . . . . . .
 3 . . . . . . . . . . . . . X X . . . .
 2 . . . . . . . . . . . . . . . . . . .
 1 . . . . . . . . . . . . . . . . . . .

koPOSITIONALscoreAREAtaxNONEsui1komi7.5
Time taken: 0.516
Root visits: 120
New playouts: 120
NN rows: 120
NN batches: 83
NN avg batch size: 1.44578
PlayoutDoublingAdvantage: -2.75
PV: F8
Tree:
: T  36.30c W  40.78c S  -4.51c (+36.5 L +10.1) N     120  --  F8
---Black(^)---
F8  : T  37.78c W  42.04c S  -4.26c (+37.3 L +10.2) LCB -312.22c P  0.31% WF   1.0 PSV       1 N       1  --  F8
pss : T  33.48c W  38.56c S  -5.08c (+34.6 L  +9.6) LCB -316.52c P  0.69% WF   1.0 PSV       1 N       1  --  pass
N11 : T  35.83c W  40.35c S  -4.52c (+36.4 L +10.1) LCB -314.17c P  0.35% WF   1.0 PSV       1 N       1  --  N11
N10 : T  36.81c W  41.22c S  -4.41c (+36.7 L +10.3) LCB -313.19c P  0.34% WF   1.0 PSV       1 N       1  --  N10
O10 : T  36.96c W  41.35c S  -4.39c (+36.7 L +10.3) LCB -313.04c P  0.33% WF   1.0 PSV       1 N       1  --  O10
Q10 : T  35.30c W  40.02c S  -4.72c (+35.8 L +10.0) LCB -314.70c P  0.33% WF   1.0 PSV       1 N       1  --  Q10
O9  : T  36.10c W  40.68c S  -4.58c (+36.2 L +10.1) LCB -313.90c P  0.33% WF   1.0 PSV       1 N       1  --  O9
O12 : T  37.15c W  41.55c S  -4.40c (+36.9 L +10.3) LCB -312.85c P  0.32% WF   1.0 PSV       1 N       1  --  O12
O11 : T  36.00c W  40.56c S  -4.56c (+36.2 L +10.1) LCB -314.00c P  0.32% WF   1.0 PSV       1 N       1  --  O11
O6  : T  36.36c W  40.89c S  -4.53c (+36.5 L +10.1) LCB -313.64c P  0.32% WF   1.0 PSV       1 N       1  --  O6

2025-11-28 18:01:36+0700: = F9
2025-11-28 18:01:36+0700: Controller: genmove b
2025-11-28 18:01:37+0700: MoveNum: 0 HASH: 170003D021B495180CCD6382E38830F6
   A B C D E F G H J K L M N O P Q R S T
19 . . . . . . . . . . . . . . . . . . .
18 . . . . . . . . . . . . . . . . . . .
17 . . . . . . . . . . . . . . . . . . .
16 . . . . . . . . . . . . . . . . . . .
15 . . . . . . . . . . . . . . . . . . .
14 . . . . . . . . . . . . . . . . . . .
13 . . . . . . . . . . . . . . . . . . .
12 . . . . . . . . . . . . . . . . . . .
11 . . . . . . . . . . . X . . X . . . .
10 . . . . . . . @ . . . . . . X . . . .
 9 . . . . . X . . . X . . . . . X . . .
 8 . . . . . . X . . . . . . . . . . . .
 7 . . . . . . . X . . . . . . X . . . .
 6 . . . . . . . . . . . . . . . . . . .
 5 . . . . . . . . . . . . . . X . . . .
 4 . . . . . X . . . . . . . . . . . . .
 3 . . . . . . . . . . . . . X X . . . .
 2 . . . . . . . . . . . . . . . . . . .
 1 . . . . . . . . . . . . . . . . . . .

koPOSITIONALscoreAREAtaxNONEsui1komi7.5
Time taken: 0.547
Root visits: 117
New playouts: 117
NN rows: 117
NN batches: 80
NN avg batch size: 1.4625
PlayoutDoublingAdvantage: -2.75
PV: N6
Tree:
: T  39.85c W  43.71c S  -3.88c (+39.1 L +10.7) N     117  --  N6
---Black(^)---
N6  : T  41.44c W  45.09c S  -3.65c (+39.9 L +10.8) LCB -308.56c P  0.31% WF   1.0 PSV       1 N       1  --  N6
pss : T  35.33c W  40.15c S  -4.82c (+36.1 L  +9.9) LCB -314.67c P  0.71% WF   1.0 PSV       1 N       1  --  pass
P8  : T  39.23c W  43.12c S  -3.90c (+38.8 L +10.9) LCB -310.77c P  0.34% WF   1.0 PSV       1 N       1  --  P8
P4  : T  38.86c W  43.05c S  -4.19c (+38.2 L +10.5) LCB -311.14c P  0.34% WF   1.0 PSV       1 N       1  --  P4
Q6  : T  40.39c W  44.18c S  -3.79c (+39.3 L +11.0) LCB -309.61c P  0.33% WF   1.0 PSV       1 N       1  --  Q6
J8  : T  39.33c W  43.42c S  -4.09c (+38.5 L +10.6) LCB -310.67c P  0.33% WF   1.0 PSV       1 N       1  --  J8
L10 : T  40.85c W  44.63c S  -3.78c (+39.5 L +10.9) LCB -309.15c P  0.33% WF   1.0 PSV       1 N       1  --  L10
Q4  : T  38.74c W  42.85c S  -4.11c (+38.3 L +10.7) LCB -311.26c P  0.33% WF   1.0 PSV       1 N       1  --  Q4
K10 : T  39.18c W  43.15c S  -3.97c (+38.8 L +10.6) LCB -310.82c P  0.33% WF   1.0 PSV       1 N       1  --  K10
O9  : T  40.47c W  44.20c S  -3.73c (+39.4 L +11.0) LCB -309.53c P  0.33% WF   1.0 PSV       1 N       1  --  O9

2025-11-28 18:01:37+0700: = H10
2025-11-28 18:01:37+0700: Controller: genmove b
2025-11-28 18:01:37+0700: MoveNum: 0 HASH: 0EF0F9A367E1AC968EBDA49A93D9C1CE
   A B C D E F G H J K L M N O P Q R S T
19 . . . . . . . . . . . . . . . . . . .
18 . . . . . . . . . . . . . . . . . . .
17 . . . . . . . . . . . . . . . . . . .
16 . . . . . . . . . . . . . . . . . . .
15 . . . . . . . . . . . . . . . . . . .
14 . . . . . . . . . . . . . . . . . . .
13 . . . . . . . . . . . . . . . . . . .
12 . . . . . . . . . . . . . . . . . . .
11 . . . . . . . . . . . X . . X . . . .
10 . . . . . . . X . . . . . . X . . . .
 9 . . . . . X . . . X . . . . . X . . .
 8 . . . . . . X . . . . . . . . . . . .
 7 . . . . . . . X . . . . . . X . . . .
 6 . . . . . . . @ . . . . . . . . . . .
 5 . . . . . . . . . . . . . . X . . . .
 4 . . . . . X . . . . . . . . . . . . .
 3 . . . . . . . . . . . . . X X . . . .
 2 . . . . . . . . . . . . . . . . . . .
 1 . . . . . . . . . . . . . . . . . . .

koPOSITIONALscoreAREAtaxNONEsui1komi7.5
Time taken: 0.562
Root visits: 114
New playouts: 114
NN rows: 114
NN batches: 76
NN avg batch size: 1.5
PlayoutDoublingAdvantage: -2.75
PV: J12
Tree:
: T  43.83c W  46.84c S  -3.04c (+41.7 L +11.5) N     114  --  J12
---Black(^)---
J12 : T  45.42c W  48.22c S  -2.80c (+42.5 L +11.6) LCB -304.58c P  0.30% WF   1.0 PSV       1 N       1  --  J12
pss : T  40.68c W  44.35c S  -3.67c (+39.6 L +10.9) LCB -309.32c P  0.71% WF   1.0 PSV       1 N       1  --  pass
J8  : T  44.60c W  47.43c S  -2.83c (+42.3 L +11.9) LCB -305.40c P  0.34% WF   1.0 PSV       1 N       1  --  J8
G6  : T  44.94c W  47.72c S  -2.77c (+42.4 L +11.9) LCB -305.06c P  0.34% WF   1.0 PSV       1 N       1  --  G6
Q8  : T  43.39c W  46.54c S  -3.15c (+41.3 L +11.4) LCB -306.61c P  0.34% WF   1.0 PSV       1 N       1  --  Q8
H9  : T  44.74c W  47.50c S  -2.76c (+42.4 L +12.0) LCB -305.26c P  0.34% WF   1.0 PSV       1 N       1  --  H9
P8  : T  44.72c W  47.61c S  -2.89c (+42.2 L +11.8) LCB -305.28c P  0.33% WF   1.0 PSV       1 N       1  --  P8
K8  : T  44.35c W  47.31c S  -2.96c (+41.9 L +11.6) LCB -305.65c P  0.33% WF   1.0 PSV       1 N       1  --  K8
M10 : T  44.82c W  47.80c S  -2.98c (+42.0 L +11.6) LCB -305.18c P  0.33% WF   1.0 PSV       1 N       1  --  M10
O6  : T  44.11c W  47.19c S  -3.07c (+41.7 L +11.5) LCB -305.89c P  0.33% WF   1.0 PSV       1 N       1  --  O6

2025-11-28 18:01:37+0700: = H6
2025-11-28 18:01:37+0700: Controller: genmove b
2025-11-28 18:01:38+0700: MoveNum: 0 HASH: D5234BE91E4E277AD3A1DA18EF603D5F
   A B C D E F G H J K L M N O P Q R S T
19 . . . . . . . . . . . . . . . . . . .
18 . . . . . . . . . . . . . . . . . . .
17 . . . . . . . . . . . . . . . . . . .
16 . . . . . . . . . . . . . . . . . . .
15 . . . . . . . . . . . . . . . . . . .
14 . . . . . . . . . . . . . . . . . . .
13 . . . . . . . . . . . . . . . . . . .
12 . . . . . . . . . . . . . . . . . . .
11 . . . . . . . . . . . X . . X . . . .
10 . . . . . . . X . . . . . . X . . . .
 9 . . . . . X . . . X . . . . . X . . .
 8 . . . . . . X . . @ . . . . . . . . .
 7 . . . . . . . X . . . . . . X . . . .
 6 . . . . . . . X . . . . . . . . . . .
 5 . . . . . . . . . . . . . . X . . . .
 4 . . . . . X . . . . . . . . . . . . .
 3 . . . . . . . . . . . . . X X . . . .
 2 . . . . . . . . . . . . . . . . . . .
 1 . . . . . . . . . . . . . . . . . . .

koPOSITIONALscoreAREAtaxNONEsui1komi7.5
Time taken: 0.547
Root visits: 108
New playouts: 108
NN rows: 108
NN batches: 75
NN avg batch size: 1.44
PlayoutDoublingAdvantage: -2.75
PV: M6
Tree:
: T  47.63c W  50.20c S  -2.60c (+44.6 L +12.5) N     108  --  M6
---Black(^)---
M6  : T  48.81c W  51.31c S  -2.50c (+45.0 L +12.5) LCB -301.19c P  0.30% WF   1.0 PSV       1 N       1  --  M6
pss : T  44.78c W  48.11c S  -3.34c (+42.3 L +11.8) LCB -305.22c P  0.73% WF   1.0 PSV       1 N       1  --  pass
P8  : T  47.06c W  49.72c S  -2.66c (+44.4 L +12.4) LCB -302.94c P  0.35% WF   1.0 PSV       1 N       1  --  P8
H8  : T  45.23c W  48.18c S  -2.95c (+43.3 L +12.3) LCB -304.77c P  0.34% WF   1.0 PSV       1 N       1  --  H8
G5  : T  46.60c W  49.34c S  -2.73c (+44.1 L +12.4) LCB -303.40c P  0.34% WF   1.0 PSV       1 N       1  --  G5
P4  : T  46.33c W  49.14c S  -2.81c (+43.9 L +12.2) LCB -303.67c P  0.34% WF   1.0 PSV       1 N       1  --  P4
L10 : T  47.92c W  50.54c S  -2.62c (+44.6 L +12.6) LCB -302.08c P  0.34% WF   1.0 PSV       1 N       1  --  L10
G10 : T  47.93c W  50.50c S  -2.58c (+44.7 L +12.6) LCB -302.07c P  0.34% WF   1.0 PSV       1 N       1  --  G10
J8  : T  48.10c W  50.53c S  -2.43c (+45.1 L +12.7) LCB -301.90c P  0.33% WF   1.0 PSV       1 N       1  --  J8
Q6  : T  46.92c W  49.79c S  -2.87c (+43.9 L +12.2) LCB -303.08c P  0.33% WF   1.0 PSV       1 N       1  --  Q6

2025-11-28 18:01:38+0700: = K8
2025-11-28 18:01:38+0700: GPU -1 finishing, processed 238 rows 158 batches
2025-11-28 18:01:38+0700: GPU -1 finishing, processed 233 rows 161 batches
2025-11-28 18:01:38+0700: GPU -1 finishing, processed 244 rows 163 batches
2025-11-28 18:01:38+0700: GPU -1 finishing, processed 244 rows 164 batches
2025-11-28 18:01:38+0700: GPU -1 finishing, processed 233 rows 159 batches
2025-11-28 18:01:38+0700: GPU -1 finishing, processed 241 rows 161 batches
2025-11-28 18:01:38+0700: GPU -1 finishing, processed 238 rows 165 batches
2025-11-28 18:01:38+0700: GPU -1 finishing, processed 242 rows 163 batches
2025-11-28 18:01:38+0700: All cleaned up, quitting
