2025-11-28 17:04:11+0700: Running with following config:
allowResignation = true
lagBuffer = 0.0
logAllGTPCommunication = true
logDir = gtp_logs
logSearchInfo = true
logSearchInfoForChosenMove = false
logToStderr = false
maxPlayouts = 500
maxPlayoutsPondering = 3000
maxTime = 0.5
maxTimePondering = 60.0
maxVisits = 300
maxVisitsPondering = 5000
numSearchThreads = 16
ponderingEnabled = false
resignConsecTurns = 3
resignThreshold = -0.90
rules = tromp-taylor
searchFactorAfterOnePass = 0.50
searchFactorAfterTwoPass = 0.25
searchFactorWhenWinning = 0.40
searchFactorWhenWinningThreshold = 0.95

2025-11-28 17:04:11+0700: GTP Engine starting...
2025-11-28 17:04:11+0700: KataGo v1.14.0
2025-11-28 17:04:11+0700: Using TrompTaylor rules initially, unless GTP/GUI overrides this
2025-11-28 17:04:11+0700: Using 16 CPU thread(s) for search
2025-11-28 17:04:11+0700: nnRandSeed0 = 2296190895576810089
2025-11-28 17:04:11+0700: After dedups: nnModelFile0 = model.gz useFP16 auto useNHWC auto
2025-11-28 17:04:11+0700: Initializing neural net buffer to be size 19 * 19 exactly
2025-11-28 17:04:11+0700: Eigen (CPU) backend thread 1: Model version 8
2025-11-28 17:04:11+0700: Eigen (CPU) backend thread 1: Model name: b6c96-s1995008-d1329786
2025-11-28 17:04:11+0700: Eigen (CPU) backend thread 3: Model version 8
2025-11-28 17:04:11+0700: Eigen (CPU) backend thread 3: Model name: b6c96-s1995008-d1329786
2025-11-28 17:04:11+0700: Eigen (CPU) backend thread 4: Model version 8
2025-11-28 17:04:11+0700: Eigen (CPU) backend thread 4: Model name: b6c96-s1995008-d1329786
2025-11-28 17:04:11+0700: Eigen (CPU) backend thread 5: Model version 8
2025-11-28 17:04:11+0700: Eigen (CPU) backend thread 5: Model name: b6c96-s1995008-d1329786
2025-11-28 17:04:11+0700: Eigen (CPU) backend thread 0: Model version 8
2025-11-28 17:04:11+0700: Eigen (CPU) backend thread 0: Model name: b6c96-s1995008-d1329786
2025-11-28 17:04:11+0700: Eigen (CPU) backend thread 7: Model version 8
2025-11-28 17:04:11+0700: Eigen (CPU) backend thread 7: Model name: b6c96-s1995008-d1329786
2025-11-28 17:04:11+0700: Eigen (CPU) backend thread 6: Model version 8
2025-11-28 17:04:11+0700: Eigen (CPU) backend thread 6: Model name: b6c96-s1995008-d1329786
2025-11-28 17:04:11+0700: Eigen (CPU) backend thread 2: Model version 8
2025-11-28 17:04:11+0700: Eigen (CPU) backend thread 2: Model name: b6c96-s1995008-d1329786
2025-11-28 17:04:11+0700: Loaded neural net with nnXLen 19 nnYLen 19
2025-11-28 17:04:11+0700: Initializing board with boardXSize 19 boardYSize 19
2025-11-28 17:04:11+0700: Loaded config default_gtp.cfg
2025-11-28 17:04:11+0700: Loaded model model.gz
2025-11-28 17:04:11+0700: Model name: b6c96-s1995008-d1329786
2025-11-28 17:04:11+0700: GTP ready, beginning main protocol loop
2025-11-28 17:04:11+0700: Controller: version
2025-11-28 17:04:11+0700: = 1.14.0
2025-11-28 17:04:11+0700: Controller: genmove b
2025-11-28 17:04:12+0700: MoveNum: 0 HASH: CDCBC1F514D7E680FACD226074256633
   A B C D E F G H J K L M N O P Q R S T
19 . . . . . . . . . . . . . . . . . . .
18 . . . . . . . . . . . . . . . . . . .
17 . . . . . . . . . . . . . . . . . . .
16 . . . . . . . . . . . . . . . . . . .
15 . . . . . . . . . . . . . . . . . . .
14 . . . . . . . . . . . . . . . . . . .
13 . . . . . . . . . . . . . . . . . . .
12 . . . . . . . . . . . . . . . . . . .
11 . . . . . . . . . . . . . . . . . . .
10 . . . . . . . . . . . . . . @ . . . .
 9 . . . . . . . . . . . . . . . . . . .
 8 . . . . . . . . . . . . . . . . . . .
 7 . . . . . . . . . . . . . . . . . . .
 6 . . . . . . . . . . . . . . . . . . .
 5 . . . . . . . . . . . . . . . . . . .
 4 . . . . . . . . . . . . . . . . . . .
 3 . . . . . . . . . . . . . . . . . . .
 2 . . . . . . . . . . . . . . . . . . .
 1 . . . . . . . . . . . . . . . . . . .

koPOSITIONALscoreAREAtaxNONEsui1komi7.5
Time taken: 0.531
Root visits: 118
New playouts: 118
NN rows: 118
NN batches: 81
NN avg batch size: 1.45679
PV: T19 S19 S18
Tree:
: T   0.48c W   5.73c S   1.92c ( +7.7 L  -2.5) N     118  --  T19 S19 S18
---Black(^)---
T19 : T   6.95c W   7.12c S   2.32c ( +8.7 L  -0.5) LCB  -89.89c P  0.30% WF   6.2 PSV       6 N       6  --  T19 S19 S18
O11 : T  27.20c W  23.16c S   4.30c (+15.0 L  -1.7) LCB -130.84c P  0.28% WF   2.1 PSV       2 N       2  --  O11 P11
O14 : T  26.49c W  22.62c S   4.14c (+14.5 L  -1.6) LCB -132.26c P  0.28% WF   2.1 PSV       2 N       2  --  O14 O13
P12 : T  26.96c W  22.96c S   4.26c (+14.9 L  -1.7) LCB -131.23c P  0.27% WF   2.1 PSV       2 N       2  --  P12 P11
P11 : T  27.12c W  23.10c S   4.28c (+14.9 L  -1.7) LCB -130.92c P  0.27% WF   2.1 PSV       2 N       2  --  P11 P10
P10 : T  29.02c W  24.62c S   4.64c (+15.9 L  -1.5) LCB -127.12c P  0.27% WF   2.1 PSV       2 N       2  --  P10 A2
P14 : T  43.60c W  35.96c S   7.63c (+26.4 L  +1.6) LCB -306.40c P  0.27% WF   1.1 PSV       1 N       1  --  P14
P15 : T  43.57c W  35.95c S   7.62c (+26.4 L  +1.6) LCB -306.43c P  0.27% WF   1.1 PSV       1 N       1  --  P15
Q12 : T  43.44c W  35.83c S   7.61c (+26.3 L  +1.6) LCB -306.56c P  0.27% WF   1.1 PSV       1 N       1  --  Q12
Q11 : T  43.34c W  35.75c S   7.59c (+26.3 L  +1.6) LCB -306.66c P  0.27% WF   1.1 PSV       1 N       1  --  Q11

2025-11-28 17:04:12+0700: = P10
2025-11-28 17:04:12+0700: Controller: genmove b
2025-11-28 17:04:12+0700: MoveNum: 0 HASH: 3DD85FFFE12BA086BFDFBE60FF7594EF
   A B C D E F G H J K L M N O P Q R S T
19 . . . . . . . . . . . . . . . . . . .
18 . . . . . . . . . . . . . . . . . . .
17 . . . . . . . @ . . . . . . . . . . .
16 . . . . . . . . . . . . . . . . . . .
15 . . . . . . . . . . . . . . . . . . .
14 . . . . . . . . . . . . . . . . . . .
13 . . . . . . . . . . . . . . . . . . .
12 . . . . . . . . . . . . . . . . . . .
11 . . . . . . . . . . . . . . . . . . .
10 . . . . . . . . . . . . . . X . . . .
 9 . . . . . . . . . . . . . . . . . . .
 8 . . . . . . . . . . . . . . . . . . .
 7 . . . . . . . . . . . . . . . . . . .
 6 . . . . . . . . . . . . . . . . . . .
 5 . . . . . . . . . . . . . . . . . . .
 4 . . . . . . . . . . . . . . . . . . .
 3 . . . . . . . . . . . . . . . . . . .
 2 . . . . . . . . . . . . . . . . . . .
 1 . . . . . . . . . . . . . . . . . . .

koPOSITIONALscoreAREAtaxNONEsui1komi7.5
Time taken: 0.531
Root visits: 130
New playouts: 130
NN rows: 130
NN batches: 85
NN avg batch size: 1.52941
PV: O10
Tree:
: T  31.65c W  38.36c S  -6.74c (+28.4 L  +2.0) N     130  --  O10
---Black(^)---
O10 : T  32.22c W  38.82c S  -6.60c (+28.7 L  +2.0) LCB -317.78c P  0.29% WF   1.0 PSV       1 N       1  --  O10
pss : T  28.81c W  36.09c S  -7.28c (+26.5 L  +1.6) LCB -321.19c P  0.57% WF   1.0 PSV       1 N       1  --  pass
P12 : T  32.10c W  38.73c S  -6.63c (+28.6 L  +2.0) LCB -317.90c P  0.30% WF   1.0 PSV       1 N       1  --  P12
Q11 : T  31.96c W  38.61c S  -6.65c (+28.5 L  +1.9) LCB -318.04c P  0.30% WF   1.0 PSV       1 N       1  --  Q11
P11 : T  32.15c W  38.75c S  -6.59c (+28.7 L  +2.0) LCB -317.85c P  0.30% WF   1.0 PSV       1 N       1  --  P11
O11 : T  32.01c W  38.71c S  -6.70c (+28.4 L  +1.9) LCB -317.99c P  0.30% WF   1.0 PSV       1 N       1  --  O11
Q12 : T  31.77c W  38.43c S  -6.66c (+28.4 L  +1.9) LCB -318.23c P  0.30% WF   1.0 PSV       1 N       1  --  Q12
Q10 : T  32.03c W  38.69c S  -6.66c (+28.5 L  +1.9) LCB -317.97c P  0.29% WF   1.0 PSV       1 N       1  --  Q10
O12 : T  31.96c W  38.65c S  -6.70c (+28.4 L  +1.9) LCB -318.04c P  0.29% WF   1.0 PSV       1 N       1  --  O12
R11 : T  31.62c W  38.34c S  -6.72c (+28.3 L  +1.9) LCB -318.38c P  0.29% WF   1.0 PSV       1 N       1  --  R11

2025-11-28 17:04:12+0700: = H17
2025-11-28 17:04:12+0700: Controller: genmove b
2025-11-28 17:04:13+0700: MoveNum: 0 HASH: BA7074985EF6156394AAED3B89A1CE88
   A B C D E F G H J K L M N O P Q R S T
19 . . . . . . . . . . . . . . . . . . .
18 . . . . . . . . . . . . . . . . . . .
17 . . . . . . . X . . . . . . . . . . .
16 . . . . . . . . . . . . . . . . . . .
15 . . . . @ . . . . . . . . . . . . . .
14 . . . . . . . . . . . . . . . . . . .
13 . . . . . . . . . . . . . . . . . . .
12 . . . . . . . . . . . . . . . . . . .
11 . . . . . . . . . . . . . . . . . . .
10 . . . . . . . . . . . . . . X . . . .
 9 . . . . . . . . . . . . . . . . . . .
 8 . . . . . . . . . . . . . . . . . . .
 7 . . . . . . . . . . . . . . . . . . .
 6 . . . . . . . . . . . . . . . . . . .
 5 . . . . . . . . . . . . . . . . . . .
 4 . . . . . . . . . . . . . . . . . . .
 3 . . . . . . . . . . . . . . . . . . .
 2 . . . . . . . . . . . . . . . . . . .
 1 . . . . . . . . . . . . . . . . . . .

koPOSITIONALscoreAREAtaxNONEsui1komi7.5
Time taken: 0.531
Root visits: 137
New playouts: 137
NN rows: 137
NN batches: 89
NN avg batch size: 1.53933
PlayoutDoublingAdvantage: -0.5
PV: P8
Tree:
: T  26.13c W  34.80c S  -8.70c (+25.0 L  +4.1) N     137  --  P8
---Black(^)---
P8  : T  26.22c W  34.91c S  -8.69c (+24.9 L  +4.1) LCB -323.78c P  0.29% WF   1.0 PSV       1 N       1  --  P8
pss : T  23.45c W  32.64c S  -9.19c (+23.5 L  +3.9) LCB -326.55c P  0.59% WF   1.0 PSV       1 N       1  --  pass
P9  : T  26.10c W  34.76c S  -8.67c (+24.9 L  +4.0) LCB -323.90c P  0.31% WF   1.0 PSV       1 N       1  --  P9
H16 : T  25.89c W  34.62c S  -8.73c (+24.8 L  +4.1) LCB -324.11c P  0.30% WF   1.0 PSV       1 N       1  --  H16
P11 : T  25.97c W  34.64c S  -8.67c (+24.8 L  +4.0) LCB -324.03c P  0.30% WF   1.0 PSV       1 N       1  --  P11
P12 : T  26.06c W  34.77c S  -8.71c (+24.8 L  +4.0) LCB -323.94c P  0.30% WF   1.0 PSV       1 N       1  --  P12
O9  : T  26.10c W  34.79c S  -8.70c (+24.9 L  +4.0) LCB -323.90c P  0.30% WF   1.0 PSV       1 N       1  --  O9
Q12 : T  25.98c W  34.73c S  -8.75c (+24.8 L  +4.0) LCB -324.02c P  0.30% WF   1.0 PSV       1 N       1  --  Q12
Q11 : T  25.88c W  34.60c S  -8.72c (+24.7 L  +4.0) LCB -324.12c P  0.30% WF   1.0 PSV       1 N       1  --  Q11
H18 : T  25.09c W  33.90c S  -8.81c (+24.4 L  +3.9) LCB -324.91c P  0.30% WF   1.0 PSV       1 N       1  --  H18

2025-11-28 17:04:13+0700: = E15
2025-11-28 17:04:13+0700: Controller: genmove b
2025-11-28 17:04:14+0700: MoveNum: 0 HASH: 9CC33E5E2291E6114E5FBDD3D800D625
   A B C D E F G H J K L M N O P Q R S T
19 . . . . . . . . . . . . . . . . . . .
18 . . . . . . . . . . . . . . . . . . .
17 . . . . . . . X . . . . . . . . . . .
16 . . . . . . . . . . . . . . . . . . .
15 . . . . X . . @ . . . . . . . . . . .
14 . . . . . . . . . . . . . . . . . . .
13 . . . . . . . . . . . . . . . . . . .
12 . . . . . . . . . . . . . . . . . . .
11 . . . . . . . . . . . . . . . . . . .
10 . . . . . . . . . . . . . . X . . . .
 9 . . . . . . . . . . . . . . . . . . .
 8 . . . . . . . . . . . . . . . . . . .
 7 . . . . . . . . . . . . . . . . . . .
 6 . . . . . . . . . . . . . . . . . . .
 5 . . . . . . . . . . . . . . . . . . .
 4 . . . . . . . . . . . . . . . . . . .
 3 . . . . . . . . . . . . . . . . . . .
 2 . . . . . . . . . . . . . . . . . . .
 1 . . . . . . . . . . . . . . . . . . .

koPOSITIONALscoreAREAtaxNONEsui1komi7.5
Time taken: 0.532
Root visits: 139
New playouts: 139
NN rows: 139
NN batches: 90
NN avg batch size: 1.54444
PlayoutDoublingAdvantage: -1.125
PV: H15
Tree:
: T  23.69c W  31.83c S  -8.16c (+24.6 L  +4.9) N     139  --  H15
---Black(^)---
H15 : T  24.24c W  32.27c S  -8.02c (+24.8 L  +4.9) LCB -325.76c P  0.30% WF   1.0 PSV       1 N       1  --  H15
pss : T  20.69c W  29.44c S  -8.75c (+22.7 L  +4.6) LCB -329.31c P  0.62% WF   1.0 PSV       1 N       1  --  pass
F16 : T  23.54c W  31.70c S  -8.15c (+24.5 L  +4.8) LCB -326.46c P  0.31% WF   1.0 PSV       1 N       1  --  F16
H18 : T  22.68c W  30.92c S  -8.25c (+24.0 L  +4.7) LCB -327.32c P  0.31% WF   1.0 PSV       1 N       1  --  H18
P11 : T  23.96c W  32.10c S  -8.13c (+24.6 L  +4.9) LCB -326.04c P  0.30% WF   1.0 PSV       1 N       1  --  P11
G15 : T  23.96c W  32.04c S  -8.07c (+24.7 L  +4.9) LCB -326.04c P  0.30% WF   1.0 PSV       1 N       1  --  G15
F14 : T  23.99c W  32.14c S  -8.15c (+24.6 L  +4.9) LCB -326.01c P  0.30% WF   1.0 PSV       1 N       1  --  F14
E14 : T  24.09c W  32.13c S  -8.03c (+24.7 L  +4.8) LCB -325.91c P  0.30% WF   1.0 PSV       1 N       1  --  E14
E13 : T  23.44c W  31.66c S  -8.22c (+24.4 L  +4.9) LCB -326.56c P  0.30% WF   1.0 PSV       1 N       1  --  E13
G16 : T  23.75c W  31.88c S  -8.13c (+24.5 L  +4.9) LCB -326.25c P  0.30% WF   1.0 PSV       1 N       1  --  G16

2025-11-28 17:04:14+0700: = H15
2025-11-28 17:04:14+0700: GPU -1 finishing, processed 63 rows 44 batches
2025-11-28 17:04:14+0700: GPU -1 finishing, processed 66 rows 41 batches
2025-11-28 17:04:14+0700: GPU -1 finishing, processed 68 rows 47 batches
2025-11-28 17:04:14+0700: GPU -1 finishing, processed 64 rows 41 batches
2025-11-28 17:04:14+0700: GPU -1 finishing, processed 65 rows 43 batches
2025-11-28 17:04:14+0700: GPU -1 finishing, processed 66 rows 44 batches
2025-11-28 17:04:14+0700: GPU -1 finishing, processed 65 rows 45 batches
2025-11-28 17:04:14+0700: GPU -1 finishing, processed 67 rows 40 batches
2025-11-28 17:04:14+0700: All cleaned up, quitting
