2025-11-28 17:55:28+0700: Running with following config:
allowResignation = true
lagBuffer = 0.0
logAllGTPCommunication = true
logDir = gtp_logs
logSearchInfo = true
logSearchInfoForChosenMove = false
logToStderr = false
maxPlayouts = 500
maxPlayoutsPondering = 3000
maxTime = 0.5
maxTimePondering = 60.0
maxVisits = 300
maxVisitsPondering = 5000
numSearchThreads = 16
ponderingEnabled = false
resignConsecTurns = 3
resignThreshold = -0.90
rules = tromp-taylor
searchFactorAfterOnePass = 0.50
searchFactorAfterTwoPass = 0.25
searchFactorWhenWinning = 0.40
searchFactorWhenWinningThreshold = 0.95

2025-11-28 17:55:28+0700: GTP Engine starting...
2025-11-28 17:55:28+0700: KataGo v1.14.0
2025-11-28 17:55:28+0700: Using TrompTaylor rules initially, unless GTP/GUI overrides this
2025-11-28 17:55:28+0700: Using 16 CPU thread(s) for search
2025-11-28 17:55:28+0700: nnRandSeed0 = 10733687252440373641
2025-11-28 17:55:28+0700: After dedups: nnModelFile0 = model.gz useFP16 auto useNHWC auto
2025-11-28 17:55:28+0700: Initializing neural net buffer to be size 19 * 19 exactly
2025-11-28 17:55:28+0700: Eigen (CPU) backend thread 2: Model version 8
2025-11-28 17:55:28+0700: Eigen (CPU) backend thread 2: Model name: b6c96-s1995008-d1329786
2025-11-28 17:55:28+0700: Eigen (CPU) backend thread 0: Model version 8
2025-11-28 17:55:28+0700: Eigen (CPU) backend thread 0: Model name: b6c96-s1995008-d1329786
2025-11-28 17:55:28+0700: Eigen (CPU) backend thread 3: Model version 8
2025-11-28 17:55:28+0700: Eigen (CPU) backend thread 3: Model name: b6c96-s1995008-d1329786
2025-11-28 17:55:28+0700: Eigen (CPU) backend thread 5: Model version 8
2025-11-28 17:55:28+0700: Eigen (CPU) backend thread 5: Model name: b6c96-s1995008-d1329786
2025-11-28 17:55:28+0700: Eigen (CPU) backend thread 4: Model version 8
2025-11-28 17:55:28+0700: Eigen (CPU) backend thread 4: Model name: b6c96-s1995008-d1329786
2025-11-28 17:55:28+0700: Eigen (CPU) backend thread 6: Model version 8
2025-11-28 17:55:28+0700: Eigen (CPU) backend thread 6: Model name: b6c96-s1995008-d1329786
2025-11-28 17:55:28+0700: Eigen (CPU) backend thread 7: Model version 8
2025-11-28 17:55:28+0700: Eigen (CPU) backend thread 7: Model name: b6c96-s1995008-d1329786
2025-11-28 17:55:28+0700: Eigen (CPU) backend thread 1: Model version 8
2025-11-28 17:55:28+0700: Eigen (CPU) backend thread 1: Model name: b6c96-s1995008-d1329786
2025-11-28 17:55:28+0700: Loaded neural net with nnXLen 19 nnYLen 19
2025-11-28 17:55:28+0700: Initializing board with boardXSize 19 boardYSize 19
2025-11-28 17:55:28+0700: Loaded config default_gtp.cfg
2025-11-28 17:55:28+0700: Loaded model model.gz
2025-11-28 17:55:28+0700: Model name: b6c96-s1995008-d1329786
2025-11-28 17:55:28+0700: GTP ready, beginning main protocol loop
2025-11-28 17:55:28+0700: Controller: version
2025-11-28 17:55:28+0700: = 1.14.0
2025-11-28 17:55:28+0700: Controller: genmove b
2025-11-28 17:55:29+0700: MoveNum: 0 HASH: CDCBC1F514D7E680FACD226074256633
   A B C D E F G H J K L M N O P Q R S T
19 . . . . . . . . . . . . . . . . . . .
18 . . . . . . . . . . . . . . . . . . .
17 . . . . . . . . . . . . . . . . . . .
16 . . . . . . . . . . . . . . . . . . .
15 . . . . . . . . . . . . . . . . . . .
14 . . . . . . . . . . . . . . . . . . .
13 . . . . . . . . . . . . . . . . . . .
12 . . . . . . . . . . . @ . . . . . . .
11 . . . . . . . . . . . . . . . . . . .
10 . . . . . . . . . . . . . . . . . . .
 9 . . . . . . . . . . . . . . . . . . .
 8 . . . . . . . . . . . . . . . . . . .
 7 . . . . . . . . . . . . . . . . . . .
 6 . . . . . . . . . . . . . . . . . . .
 5 . . . . . . . . . . . . . . . . . . .
 4 . . . . . . . . . . . . . . . . . . .
 3 . . . . . . . . . . . . . . . . . . .
 2 . . . . . . . . . . . . . . . . . . .
 1 . . . . . . . . . . . . . . . . . . .

koPOSITIONALscoreAREAtaxNONEsui1komi7.5
Time taken: 0.547
Root visits: 119
New playouts: 119
NN rows: 119
NN batches: 79
NN avg batch size: 1.50633
PV: O10 N10 N9
Tree:
: T  -0.09c W   5.43c S   1.92c ( +7.7 L  -2.5) N     119  --  O10 N10 N9
---Black(^)---
O10 : T  -3.80c W  -0.05c S   0.96c ( +5.0 L  -3.1) LCB  -92.38c P  0.28% WF   4.0 PSV       5 N       4  --  O10 N10 N9
T11 : T  -6.53c W  -2.08c S   0.52c ( +3.7 L  -3.1) LCB  -94.65c P  0.28% WF   3.9 PSV       4 N       4  --  T11 T12 S12
T12 : T  -5.51c W  -1.43c S   0.70c ( +4.3 L  -3.1) LCB  -93.18c P  0.28% WF   4.0 PSV       4 N       4  --  T12 T11 S11
T17 : T  -6.34c W   1.57c S   1.19c ( +5.6 L  -2.9) LCB -129.23c P  0.29% WF   3.0 PSV       3 N       3  --  T17 A18 pass
T16 : T  -5.36c W   2.22c S   1.31c ( +5.9 L  -2.9) LCB -126.85c P  0.28% WF   3.0 PSV       3 N       3  --  T16 A2 pass
T15 : T  -6.60c W   1.27c S   1.12c ( +5.4 L  -3.0) LCB -130.85c P  0.28% WF   3.0 PSV       3 N       3  --  T15 T16 pass
T10 : T  -5.64c W   2.20c S   1.32c ( +6.0 L  -2.8) LCB -128.57c P  0.28% WF   3.0 PSV       3 N       3  --  T10 A18 pass
T18 : T  -6.87c W   1.15c S   1.10c ( +5.4 L  -2.9) LCB -129.31c P  0.28% WF   3.0 PSV       3 N       3  --  T18 A2 pass
P15 : T  -5.68c W   2.22c S   1.28c ( +5.8 L  -2.9) LCB -132.64c P  0.28% WF   3.0 PSV       3 N       3  --  P15 O15 pass
R15 : T  -4.07c W   3.55c S   1.58c ( +6.7 L  -2.7) LCB -127.22c P  0.28% WF   3.0 PSV       3 N       3  --  R15 B1 pass

2025-11-28 17:55:29+0700: = M12
2025-11-28 17:55:29+0700: Controller: genmove b
2025-11-28 17:55:29+0700: MoveNum: 0 HASH: 8EFD79CEA9E8419B802E2A429C58A40F
   A B C D E F G H J K L M N O P Q R S T
19 . . . . . . . . . . . . . . . . . . .
18 . . . . . . . . . . . . . . . . . . .
17 . . . . . . . . . . . . . . . . . . .
16 . . . . . . . . . . . . . . . . . . .
15 . . . . . . . . . . . . . . . . . . .
14 . . . . . . . . . . . . . . . . . . .
13 . . . . . . . . . . . . . . . . . . .
12 . . . . . . . . . . . X . . . . . . .
11 . . . . . . . . . . . . . . . . . . .
10 . . . . . . . . . . . . . . . . . . .
 9 . . . . . . . . . . . . . . . . . . .
 8 . . . . . . . . . . . . . . . . . . .
 7 . . . . . . . . . . . . . . . . @ . .
 6 . . . . . . . . . . . . . . . . . . .
 5 . . . . . . . . . . . . . . . . . . .
 4 . . . . . . . . . . . . . . . . . . .
 3 . . . . . . . . . . . . . . . . . . .
 2 . . . . . . . . . . . . . . . . . . .
 1 . . . . . . . . . . . . . . . . . . .

koPOSITIONALscoreAREAtaxNONEsui1komi7.5
Time taken: 0.531
Root visits: 124
New playouts: 124
NN rows: 124
NN batches: 83
NN avg batch size: 1.49398
PV: L11
Tree:
: T  31.86c W  38.53c S  -6.70c (+28.5 L  +2.0) N     124  --  L11
---Black(^)---
L11 : T  32.48c W  39.07c S  -6.60c (+28.7 L  +2.0) LCB -317.52c P  0.30% WF   1.0 PSV       1 N       1  --  L11
pss : T  28.94c W  36.21c S  -7.27c (+26.6 L  +1.6) LCB -321.06c P  0.58% WF   1.0 PSV       1 N       1  --  pass
N12 : T  32.31c W  38.90c S  -6.59c (+28.7 L  +2.0) LCB -317.69c P  0.31% WF   1.0 PSV       1 N       1  --  N12
L10 : T  31.82c W  38.54c S  -6.72c (+28.3 L  +1.9) LCB -318.18c P  0.30% WF   1.0 PSV       1 N       1  --  L10
N13 : T  32.45c W  39.05c S  -6.60c (+28.7 L  +2.0) LCB -317.55c P  0.30% WF   1.0 PSV       1 N       1  --  N13
M11 : T  32.10c W  38.71c S  -6.62c (+28.6 L  +2.0) LCB -317.90c P  0.29% WF   1.0 PSV       1 N       1  --  M11
M10 : T  32.16c W  38.80c S  -6.64c (+28.5 L  +1.9) LCB -317.84c P  0.29% WF   1.0 PSV       1 N       1  --  M10
O11 : T  31.89c W  38.60c S  -6.71c (+28.4 L  +1.9) LCB -318.11c P  0.29% WF   1.0 PSV       1 N       1  --  O11
N9  : T  31.83c W  38.53c S  -6.71c (+28.4 L  +1.9) LCB -318.17c P  0.29% WF   1.0 PSV       1 N       1  --  N9
O10 : T  31.73c W  38.47c S  -6.74c (+28.2 L  +2.0) LCB -318.27c P  0.29% WF   1.0 PSV       1 N       1  --  O10

2025-11-28 17:55:29+0700: = R7
2025-11-28 17:55:29+0700: Controller: genmove b
2025-11-28 17:55:30+0700: MoveNum: 0 HASH: 78EB6B9C99F4EF45745F4C855B18636E
   A B C D E F G H J K L M N O P Q R S T
19 . . . . . . . . . . . . . . . . . . .
18 . . . . . . . . . . . . . . . . . . .
17 . . . . . . . . . . . . . . . . . . .
16 . . . . . . . . . . . . . . . . . . .
15 . . . . . . . . . . . . . . . . . . .
14 . . . . . . . . . . . . . . . . . . .
13 . . . . . . . . . . . . . . . . . . .
12 . . . . . . . . . . . X . . . . . . .
11 . . . . . . . . @ . . . . . . . . . .
10 . . . . . . . . . . . . . . . . . . .
 9 . . . . . . . . . . . . . . . . . . .
 8 . . . . . . . . . . . . . . . . . . .
 7 . . . . . . . . . . . . . . . . X . .
 6 . . . . . . . . . . . . . . . . . . .
 5 . . . . . . . . . . . . . . . . . . .
 4 . . . . . . . . . . . . . . . . . . .
 3 . . . . . . . . . . . . . . . . . . .
 2 . . . . . . . . . . . . . . . . . . .
 1 . . . . . . . . . . . . . . . . . . .

koPOSITIONALscoreAREAtaxNONEsui1komi7.5
Time taken: 0.547
Root visits: 128
New playouts: 128
NN rows: 128
NN batches: 84
NN avg batch size: 1.52381
PlayoutDoublingAdvantage: -0.5
PV: M10
Tree:
: T  26.30c W  34.86c S  -8.58c (+25.0 L  +4.1) N     128  --  M10
---Black(^)---
M10 : T  26.44c W  35.02c S  -8.58c (+24.9 L  +4.1) LCB -323.56c P  0.29% WF   1.0 PSV       1 N       1  --  M10
pss : T  23.46c W  32.57c S  -9.11c (+23.4 L  +3.9) LCB -326.54c P  0.59% WF   1.0 PSV       1 N       1  --  pass
N12 : T  26.27c W  34.85c S  -8.58c (+24.8 L  +4.0) LCB -323.73c P  0.31% WF   1.0 PSV       1 N       1  --  N12
L12 : T  26.37c W  34.94c S  -8.57c (+24.9 L  +4.0) LCB -323.63c P  0.30% WF   1.0 PSV       1 N       1  --  L12
P8  : T  26.21c W  34.83c S  -8.62c (+24.9 L  +4.1) LCB -323.79c P  0.30% WF   1.0 PSV       1 N       1  --  P8
K13 : T  26.15c W  34.78c S  -8.63c (+24.8 L  +4.0) LCB -323.85c P  0.30% WF   1.0 PSV       1 N       1  --  K13
K12 : T  26.28c W  34.90c S  -8.62c (+24.8 L  +4.1) LCB -323.72c P  0.30% WF   1.0 PSV       1 N       1  --  K12
N11 : T  26.36c W  34.93c S  -8.57c (+24.9 L  +4.0) LCB -323.64c P  0.30% WF   1.0 PSV       1 N       1  --  N11
L13 : T  26.20c W  34.80c S  -8.60c (+24.9 L  +4.1) LCB -323.80c P  0.30% WF   1.0 PSV       1 N       1  --  L13
P7  : T  26.27c W  34.86c S  -8.59c (+24.9 L  +4.0) LCB -323.73c P  0.30% WF   1.0 PSV       1 N       1  --  P7

2025-11-28 17:55:30+0700: = J11
2025-11-28 17:55:30+0700: Controller: genmove b
2025-11-28 17:55:30+0700: MoveNum: 0 HASH: 96FAE236E6B925B30CB10060C2A3496C
   A B C D E F G H J K L M N O P Q R S T
19 . . . . . . . . . . . . . . . . . . .
18 . . . . . . . . . . . . . . . . . . .
17 . . . . . . . . . . . . . . . . . . .
16 . . . . . . . . . . . . . . . . . . .
15 . . . . . . . . . . . . . . . . . . .
14 . . . . . . . . . . . . . . . . . . .
13 . . . . . . . . . . . . . . . . . . .
12 . . . . . . . . . . @ X . . . . . . .
11 . . . . . . . . X . . . . . . . . . .
10 . . . . . . . . . . . . . . . . . . .
 9 . . . . . . . . . . . . . . . . . . .
 8 . . . . . . . . . . . . . . . . . . .
 7 . . . . . . . . . . . . . . . . X . .
 6 . . . . . . . . . . . . . . . . . . .
 5 . . . . . . . . . . . . . . . . . . .
 4 . . . . . . . . . . . . . . . . . . .
 3 . . . . . . . . . . . . . . . . . . .
 2 . . . . . . . . . . . . . . . . . . .
 1 . . . . . . . . . . . . . . . . . . .

koPOSITIONALscoreAREAtaxNONEsui1komi7.5
Time taken: 0.532
Root visits: 126
New playouts: 126
NN rows: 126
NN batches: 87
NN avg batch size: 1.44828
PlayoutDoublingAdvantage: -1.125
PV: L11
Tree:
: T  24.18c W  32.33c S  -8.19c (+24.9 L  +4.9) N     126  --  L11
---Black(^)---
L11 : T  24.66c W  32.75c S  -8.09c (+25.0 L  +5.0) LCB -325.34c P  0.29% WF   1.0 PSV       1 N       1  --  L11
pss : T  21.18c W  29.98c S  -8.79c (+23.0 L  +4.6) LCB -328.82c P  0.63% WF   1.0 PSV       1 N       1  --  pass
M11 : T  24.18c W  32.34c S  -8.15c (+24.8 L  +4.9) LCB -325.82c P  0.31% WF   1.0 PSV       1 N       1  --  M11
J10 : T  23.85c W  32.06c S  -8.21c (+24.7 L  +4.9) LCB -326.15c P  0.31% WF   1.0 PSV       1 N       1  --  J10
R6  : T  22.80c W  31.20c S  -8.41c (+24.2 L  +4.8) LCB -327.20c P  0.30% WF   1.0 PSV       1 N       1  --  R6
J12 : T  24.08c W  32.25c S  -8.17c (+24.8 L  +4.9) LCB -325.92c P  0.30% WF   1.0 PSV       1 N       1  --  J12
M13 : T  24.26c W  32.40c S  -8.14c (+24.8 L  +4.9) LCB -325.74c P  0.30% WF   1.0 PSV       1 N       1  --  M13
K10 : T  24.27c W  32.45c S  -8.17c (+24.8 L  +4.9) LCB -325.73c P  0.30% WF   1.0 PSV       1 N       1  --  K10
J13 : T  23.97c W  32.17c S  -8.20c (+24.7 L  +5.0) LCB -326.03c P  0.30% WF   1.0 PSV       1 N       1  --  J13
K12 : T  24.42c W  32.51c S  -8.10c (+24.9 L  +4.9) LCB -325.58c P  0.30% WF   1.0 PSV       1 N       1  --  K12

2025-11-28 17:55:30+0700: = L12
2025-11-28 17:55:30+0700: Controller: genmove b
2025-11-28 17:55:31+0700: MoveNum: 0 HASH: F74976779FB275637266EEFB9996B078
   A B C D E F G H J K L M N O P Q R S T
19 . . . . . . . . . . . . . . . . . . .
18 . . . . . . . . . . . . . . . . . . .
17 . . . . . . . . . . . . . . . . . . .
16 . . . . . . . . . . . . . . . . . . .
15 . . . . . . . . . . . . . . . . . . .
14 . . . . . . . . . . . . . . @ . . . .
13 . . . . . . . . . . . . . . . . . . .
12 . . . . . . . . . . X X . . . . . . .
11 . . . . . . . . X . . . . . . . . . .
10 . . . . . . . . . . . . . . . . . . .
 9 . . . . . . . . . . . . . . . . . . .
 8 . . . . . . . . . . . . . . . . . . .
 7 . . . . . . . . . . . . . . . . X . .
 6 . . . . . . . . . . . . . . . . . . .
 5 . . . . . . . . . . . . . . . . . . .
 4 . . . . . . . . . . . . . . . . . . .
 3 . . . . . . . . . . . . . . . . . . .
 2 . . . . . . . . . . . . . . . . . . .
 1 . . . . . . . . . . . . . . . . . . .

koPOSITIONALscoreAREAtaxNONEsui1komi7.5
Time taken: 0.547
Root visits: 129
New playouts: 129
NN rows: 129
NN batches: 84
NN avg batch size: 1.53571
PlayoutDoublingAdvantage: -1.875
PV: L11
Tree:
: T  20.78c W  28.24c S  -7.49c (+23.8 L  +6.2) N     129  --  L11
---Black(^)---
L11 : T  21.58c W  28.93c S  -7.35c (+24.1 L  +6.3) LCB -328.42c P  0.31% WF   1.0 PSV       1 N       1  --  L11
pss : T  17.53c W  25.64c S  -8.11c (+21.8 L  +5.8) LCB -332.47c P  0.66% WF   1.0 PSV       1 N       1  --  pass
M11 : T  20.87c W  28.33c S  -7.46c (+23.8 L  +6.3) LCB -329.13c P  0.33% WF   1.0 PSV       1 N       1  --  M11
K10 : T  21.15c W  28.53c S  -7.38c (+23.9 L  +6.2) LCB -328.85c P  0.32% WF   1.0 PSV       1 N       1  --  K10
L14 : T  20.61c W  28.15c S  -7.54c (+23.6 L  +6.1) LCB -329.39c P  0.31% WF   1.0 PSV       1 N       1  --  L14
M13 : T  21.15c W  28.55c S  -7.41c (+23.9 L  +6.3) LCB -328.85c P  0.31% WF   1.0 PSV       1 N       1  --  M13
J10 : T  20.95c W  28.42c S  -7.47c (+23.7 L  +6.2) LCB -329.05c P  0.31% WF   1.0 PSV       1 N       1  --  J10
L13 : T  21.16c W  28.54c S  -7.37c (+23.9 L  +6.3) LCB -328.84c P  0.31% WF   1.0 PSV       1 N       1  --  L13
J13 : T  21.03c W  28.47c S  -7.45c (+23.8 L  +6.2) LCB -328.97c P  0.31% WF   1.0 PSV       1 N       1  --  J13
N11 : T  21.30c W  28.69c S  -7.39c (+23.9 L  +6.3) LCB -328.70c P  0.31% WF   1.0 PSV       1 N       1  --  N11

2025-11-28 17:55:31+0700: = P14
2025-11-28 17:55:31+0700: Controller: genmove b
2025-11-28 17:55:32+0700: MoveNum: 0 HASH: 70E97E38AB461499B1180DA1B90E599A
   A B C D E F G H J K L M N O P Q R S T
19 . . . . . . . . . . . . . . . . . . .
18 . . . . . . . . . . . . . . . . . . .
17 . . . . . . . . . . . . . . . . . . .
16 . . . . . . . . . . . . . . . . . . .
15 . . . . . . . . . . . . . . . . . . .
14 . . . . . . . . . . . . . . X . . . .
13 . . . . . . . . . . . . . . . . . . .
12 . . . . . . . . . . X X . . . . . . .
11 . . . . . . . . X . . . . . . . . . .
10 . . . . . . @ . . . . . . . . . . . .
 9 . . . . . . . . . . . . . . . . . . .
 8 . . . . . . . . . . . . . . . . . . .
 7 . . . . . . . . . . . . . . . . X . .
 6 . . . . . . . . . . . . . . . . . . .
 5 . . . . . . . . . . . . . . . . . . .
 4 . . . . . . . . . . . . . . . . . . .
 3 . . . . . . . . . . . . . . . . . . .
 2 . . . . . . . . . . . . . . . . . . .
 1 . . . . . . . . . . . . . . . . . . .

koPOSITIONALscoreAREAtaxNONEsui1komi7.5
Time taken: 0.547
Root visits: 123
New playouts: 123
NN rows: 123
NN batches: 82
NN avg batch size: 1.5
PlayoutDoublingAdvantage: -2.5
PV: K12
Tree:
: T  18.14c W  25.02c S  -6.91c (+23.0 L  +7.0) N     123  --  K12
---Black(^)---
K12 : T  19.20c W  25.92c S  -6.72c (+23.3 L  +7.1) LCB -330.80c P  0.31% WF   1.0 PSV       1 N       1  --  K12
pss : T  15.04c W  22.58c S  -7.54c (+21.0 L  +6.6) LCB -334.96c P  0.67% WF   1.0 PSV       1 N       1  --  pass
K11 : T  18.52c W  25.33c S  -6.80c (+23.1 L  +7.1) LCB -331.48c P  0.32% WF   1.0 PSV       1 N       1  --  K11
K13 : T  18.20c W  25.13c S  -6.93c (+22.8 L  +7.0) LCB -331.80c P  0.32% WF   1.0 PSV       1 N       1  --  K13
N12 : T  18.05c W  24.99c S  -6.94c (+22.9 L  +7.0) LCB -331.95c P  0.31% WF   1.0 PSV       1 N       1  --  N12
O13 : T  18.69c W  25.56c S  -6.87c (+23.1 L  +7.1) LCB -331.31c P  0.31% WF   1.0 PSV       1 N       1  --  O13
N11 : T  18.86c W  25.68c S  -6.82c (+23.1 L  +7.1) LCB -331.14c P  0.31% WF   1.0 PSV       1 N       1  --  N11
S7  : T  16.98c W  24.09c S  -7.11c (+22.2 L  +6.8) LCB -333.02c P  0.31% WF   1.0 PSV       1 N       1  --  S7
S6  : T  16.89c W  24.07c S  -7.18c (+22.2 L  +6.9) LCB -333.11c P  0.31% WF   1.0 PSV       1 N       1  --  S6
J12 : T  18.79c W  25.62c S  -6.82c (+23.2 L  +7.1) LCB -331.21c P  0.31% WF   1.0 PSV       1 N       1  --  J12

2025-11-28 17:55:32+0700: = G10
2025-11-28 17:55:32+0700: Controller: genmove b
2025-11-28 17:55:32+0700: MoveNum: 0 HASH: EFB14113CAF9C8F70D4C3F60DD0818A6
   A B C D E F G H J K L M N O P Q R S T
19 . . . . . . . . . . . . . . . . . . .
18 . . . . . . . . . . . . . . . . . . .
17 . . . . . . . . . . . . . . . . . . .
16 . . . . . . . . . . . . . . . . . . .
15 . . . . . . . . . . . . . . . . . . .
14 . . . . . . . . . . . . . . X . . . .
13 . . . . . . . . . . . . . . . . . . .
12 . . . . . . . . . . X X . . . . . . .
11 . . . . . . . . X . . . . . . . . . .
10 . . . . . . X . . . . . . . . . . . .
 9 . . . . . . . . . . . . . . . . . . .
 8 . . . . . . . . . . . . . . . . . . .
 7 . . . . . @ . . . . . . . . . . X . .
 6 . . . . . . . . . . . . . . . . . . .
 5 . . . . . . . . . . . . . . . . . . .
 4 . . . . . . . . . . . . . . . . . . .
 3 . . . . . . . . . . . . . . . . . . .
 2 . . . . . . . . . . . . . . . . . . .
 1 . . . . . . . . . . . . . . . . . . .

koPOSITIONALscoreAREAtaxNONEsui1komi7.5
Time taken: 0.531
Root visits: 124
New playouts: 124
NN rows: 124
NN batches: 85
NN avg batch size: 1.45882
PlayoutDoublingAdvantage: -2.75
PV: K13
Tree:
: T  19.81c W  26.07c S  -6.30c (+24.4 L  +7.6) N     124  --  K13
---Black(^)---
K13 : T  20.84c W  26.94c S  -6.10c (+24.8 L  +7.7) LCB -329.16c P  0.32% WF   1.0 PSV       1 N       1  --  K13
pss : T  15.91c W  22.96c S  -7.05c (+22.0 L  +7.2) LCB -334.09c P  0.67% WF   1.0 PSV       1 N       1  --  pass
L11 : T  20.59c W  26.74c S  -6.15c (+24.6 L  +7.7) LCB -329.41c P  0.33% WF   1.0 PSV       1 N       1  --  L11
K11 : T  20.66c W  26.81c S  -6.15c (+24.7 L  +7.7) LCB -329.34c P  0.32% WF   1.0 PSV       1 N       1  --  K11
O13 : T  19.54c W  25.90c S  -6.36c (+24.1 L  +7.6) LCB -330.46c P  0.32% WF   1.0 PSV       1 N       1  --  O13
N13 : T  19.87c W  26.15c S  -6.28c (+24.4 L  +7.7) LCB -330.13c P  0.32% WF   1.0 PSV       1 N       1  --  N13
H12 : T  19.47c W  25.90c S  -6.43c (+23.9 L  +7.6) LCB -330.53c P  0.32% WF   1.0 PSV       1 N       1  --  H12
M14 : T  20.12c W  26.32c S  -6.20c (+24.6 L  +7.7) LCB -329.88c P  0.31% WF   1.0 PSV       1 N       1  --  M14
L13 : T  20.39c W  26.57c S  -6.18c (+24.5 L  +7.7) LCB -329.61c P  0.31% WF   1.0 PSV       1 N       1  --  L13
M13 : T  20.09c W  26.39c S  -6.30c (+24.3 L  +7.7) LCB -329.91c P  0.31% WF   1.0 PSV       1 N       1  --  M13

2025-11-28 17:55:32+0700: = F7
2025-11-28 17:55:32+0700: Controller: genmove b
2025-11-28 17:55:33+0700: MoveNum: 0 HASH: 24EE08A63A158FCBF48794BF8807FE59
   A B C D E F G H J K L M N O P Q R S T
19 . . . . . . . . . . . . . . . . . . .
18 . . . . . . . . . . . . . . . . . . .
17 . . . . . . . . . . . . . . . . . . .
16 . . . . . . . . . . . . . . . . . . .
15 . . . . . . . . . . . . . . . . . . .
14 . . . . . . . . . . . . . . X . . . .
13 . . . . . . . . . . . . . . . . . . .
12 . . . . . . . . . . X X . . . . . . .
11 . . . . . . . . X . . . . . . . . . .
10 . . . . . . X . . . . . . . . . . . .
 9 . . . . . . . . . . . . . . . . . . .
 8 . . . . . . . . . . . . . . . . . . .
 7 . . . . . X . . . . . . . . . . X . .
 6 . . . . . . . . . . . . . . . . . . .
 5 . . . . . . . . . . . . . . . . . . .
 4 . . . . . . . . . . . . . . . . . . .
 3 . . . . . . . . . . . . . . . . . . .
 2 . . . . . . . . @ . . . . . . . . . .
 1 . . . . . . . . . . . . . . . . . . .

koPOSITIONALscoreAREAtaxNONEsui1komi7.5
Time taken: 0.531
Root visits: 126
New playouts: 126
NN rows: 126
NN batches: 83
NN avg batch size: 1.51807
PlayoutDoublingAdvantage: -2.75
PV: H10
Tree:
: T  22.49c W  28.45c S  -5.99c (+26.2 L  +8.0) N     126  --  H10
---Black(^)---
H10 : T  23.37c W  29.28c S  -5.90c (+26.6 L  +8.0) LCB -326.63c P  0.32% WF   1.0 PSV       1 N       1  --  H10
pss : T  19.29c W  25.95c S  -6.66c (+24.1 L  +7.6) LCB -330.71c P  0.67% WF   1.0 PSV       1 N       1  --  pass
L11 : T  22.29c W  28.32c S  -6.02c (+26.0 L  +8.0) LCB -327.71c P  0.33% WF   1.0 PSV       1 N       1  --  L11
F9  : T  21.88c W  28.04c S  -6.16c (+25.9 L  +7.9) LCB -328.12c P  0.32% WF   1.0 PSV       1 N       1  --  F9
K11 : T  22.73c W  28.65c S  -5.91c (+26.3 L  +8.0) LCB -327.27c P  0.32% WF   1.0 PSV       1 N       1  --  K11
O13 : T  22.63c W  28.63c S  -6.00c (+26.2 L  +7.9) LCB -327.37c P  0.32% WF   1.0 PSV       1 N       1  --  O13
N13 : T  23.32c W  29.19c S  -5.86c (+26.5 L  +8.0) LCB -326.68c P  0.32% WF   1.0 PSV       1 N       1  --  N13
H12 : T  21.91c W  28.01c S  -6.09c (+25.9 L  +7.9) LCB -328.09c P  0.32% WF   1.0 PSV       1 N       1  --  H12
G9  : T  22.86c W  28.75c S  -5.90c (+26.4 L  +8.0) LCB -327.14c P  0.32% WF   1.0 PSV       1 N       1  --  G9
K13 : T  22.11c W  28.16c S  -6.05c (+25.9 L  +7.9) LCB -327.89c P  0.32% WF   1.0 PSV       1 N       1  --  K13

2025-11-28 17:55:33+0700: = J2
2025-11-28 17:55:33+0700: Controller: genmove b
2025-11-28 17:55:33+0700: MoveNum: 0 HASH: B5D36280CF5EF46DD0E3C919D1B6C7CB
   A B C D E F G H J K L M N O P Q R S T
19 . . . . . . . . . . . . . . . . . . .
18 . . . . . . . . . . . . . . . . . . .
17 . . . . . . . . . . . . . . . . . . .
16 . . . . . . . . . . . . . . . . . . .
15 . . . . . . . . . . . . . . . . . . .
14 . . . . . . . . . . . . . . X . . . .
13 . . . . . . . . . . . . . . . . . . .
12 . . . . . . . . . . X X . . . . . . .
11 . . . . . . . . X . . . . . . . . . .
10 . . . . . . X . . . . . . . . . . . .
 9 . . . . . . . . . . . . . . . . . . .
 8 . . . . . . . . . . . . . . . . . . .
 7 . . . . . X . . . . . . . . . . X . .
 6 . . . . . . . . . . . . . . . . . . .
 5 . . . . . . . . . . . . . . . . . . .
 4 . . . . . . . . . . . . . . . . . . .
 3 . . . . . . . . @ . . . . . . . . . .
 2 . . . . . . . . X . . . . . . . . . .
 1 . . . . . . . . . . . . . . . . . . .

koPOSITIONALscoreAREAtaxNONEsui1komi7.5
Time taken: 0.547
Root visits: 129
New playouts: 129
NN rows: 129
NN batches: 86
NN avg batch size: 1.5
PlayoutDoublingAdvantage: -2.75
PV: N11
Tree:
: T  23.78c W  29.72c S  -5.97c (+27.3 L  +8.1) N     129  --  N11
---Black(^)---
N11 : T  24.64c W  30.45c S  -5.81c (+27.8 L  +8.1) LCB -325.36c P  0.31% WF   1.0 PSV       1 N       1  --  N11
pss : T  20.70c W  27.33c S  -6.63c (+25.2 L  +7.7) LCB -329.30c P  0.69% WF   1.0 PSV       1 N       1  --  pass
L13 : T  23.35c W  29.40c S  -6.05c (+26.9 L  +8.2) LCB -326.65c P  0.33% WF   1.0 PSV       1 N       1  --  L13
K13 : T  23.40c W  29.49c S  -6.09c (+26.9 L  +8.1) LCB -326.60c P  0.32% WF   1.0 PSV       1 N       1  --  K13
H12 : T  23.44c W  29.58c S  -6.14c (+26.8 L  +8.1) LCB -326.56c P  0.32% WF   1.0 PSV       1 N       1  --  H12
L10 : T  23.87c W  29.81c S  -5.94c (+27.2 L  +8.2) LCB -326.13c P  0.31% WF   1.0 PSV       1 N       1  --  L10
M11 : T  23.79c W  29.77c S  -5.97c (+27.2 L  +8.2) LCB -326.21c P  0.31% WF   1.0 PSV       1 N       1  --  M11
J12 : T  24.37c W  30.24c S  -5.87c (+27.5 L  +8.2) LCB -325.63c P  0.31% WF   1.0 PSV       1 N       1  --  J12
M10 : T  23.80c W  29.76c S  -5.97c (+27.2 L  +8.2) LCB -326.20c P  0.31% WF   1.0 PSV       1 N       1  --  M10
J9  : T  24.45c W  30.31c S  -5.86c (+27.7 L  +8.1) LCB -325.55c P  0.31% WF   1.0 PSV       1 N       1  --  J9

2025-11-28 17:55:33+0700: = J3
2025-11-28 17:55:33+0700: Controller: genmove b
2025-11-28 17:55:34+0700: MoveNum: 0 HASH: C3582B0232E6310813F58E541993B459
   A B C D E F G H J K L M N O P Q R S T
19 . . . . . . . . . . . . . . . . . . .
18 . . . . . . . . . . . . . . . . . . .
17 . . . . . . . . . . . . . . . . . . .
16 . . . . . . . . . . . . . . . . . . .
15 . . . . . . . . . . . . . . . . . . .
14 . . . . . . . . . . . . . . X . . . .
13 . . . . . . . . . . . . . . . . . . .
12 . . . . . . . . . . X X . . . . . . .
11 . . . . . . . @ X . . . . . . . . . .
10 . . . . . . X . . . . . . . . . . . .
 9 . . . . . . . . . . . . . . . . . . .
 8 . . . . . . . . . . . . . . . . . . .
 7 . . . . . X . . . . . . . . . . X . .
 6 . . . . . . . . . . . . . . . . . . .
 5 . . . . . . . . . . . . . . . . . . .
 4 . . . . . . . . . . . . . . . . . . .
 3 . . . . . . . . X . . . . . . . . . .
 2 . . . . . . . . X . . . . . . . . . .
 1 . . . . . . . . . . . . . . . . . . .

koPOSITIONALscoreAREAtaxNONEsui1komi7.5
Time taken: 0.532
Root visits: 126
New playouts: 126
NN rows: 126
NN batches: 83
NN avg batch size: 1.51807
PlayoutDoublingAdvantage: -2.75
PV: K12
Tree:
: T  26.07c W  31.70c S  -5.65c (+29.0 L  +8.4) N     126  --  K12
---Black(^)---
K12 : T  27.50c W  33.00c S  -5.50c (+29.5 L  +8.5) LCB -322.50c P  0.30% WF   1.0 PSV       1 N       1  --  K12
pss : T  22.48c W  28.81c S  -6.33c (+26.7 L  +7.9) LCB -327.52c P  0.67% WF   1.0 PSV       1 N       1  --  pass
L11 : T  26.14c W  31.77c S  -5.63c (+28.9 L  +8.4) LCB -323.86c P  0.33% WF   1.0 PSV       1 N       1  --  L11
F9  : T  26.68c W  32.34c S  -5.66c (+29.1 L  +8.5) LCB -323.32c P  0.32% WF   1.0 PSV       1 N       1  --  F9
K11 : T  26.12c W  31.82c S  -5.71c (+28.7 L  +8.4) LCB -323.88c P  0.32% WF   1.0 PSV       1 N       1  --  K11
O13 : T  25.80c W  31.55c S  -5.75c (+28.6 L  +8.3) LCB -324.20c P  0.32% WF   1.0 PSV       1 N       1  --  O13
N13 : T  25.53c W  31.34c S  -5.82c (+28.5 L  +8.4) LCB -324.47c P  0.32% WF   1.0 PSV       1 N       1  --  N13
H12 : T  25.97c W  31.76c S  -5.79c (+28.6 L  +8.4) LCB -324.03c P  0.32% WF   1.0 PSV       1 N       1  --  H12
G9  : T  25.96c W  31.59c S  -5.63c (+28.9 L  +8.4) LCB -324.04c P  0.32% WF   1.0 PSV       1 N       1  --  G9
K13 : T  25.40c W  31.21c S  -5.81c (+28.5 L  +8.3) LCB -324.60c P  0.32% WF   1.0 PSV       1 N       1  --  K13

2025-11-28 17:55:34+0700: = H11
2025-11-28 17:55:34+0700: Controller: genmove b
2025-11-28 17:55:34+0700: MoveNum: 0 HASH: 7FB924854BD7782DCD42ADF9F181FB50
   A B C D E F G H J K L M N O P Q R S T
19 . . . . . . . . . . . . . . . . . . .
18 . . . . . . . . . . . . . . . . . . .
17 . . . . . . . . . . . . . . . . . . .
16 . . . . . . . . . . . . . . . . . . .
15 . . . . . . . . . . . . . . . . . . .
14 . . . . . . . . . . @ . . . X . . . .
13 . . . . . . . . . . . . . . . . . . .
12 . . . . . . . . . . X X . . . . . . .
11 . . . . . . . X X . . . . . . . . . .
10 . . . . . . X . . . . . . . . . . . .
 9 . . . . . . . . . . . . . . . . . . .
 8 . . . . . . . . . . . . . . . . . . .
 7 . . . . . X . . . . . . . . . . X . .
 6 . . . . . . . . . . . . . . . . . . .
 5 . . . . . . . . . . . . . . . . . . .
 4 . . . . . . . . . . . . . . . . . . .
 3 . . . . . . . . X . . . . . . . . . .
 2 . . . . . . . . X . . . . . . . . . .
 1 . . . . . . . . . . . . . . . . . . .

koPOSITIONALscoreAREAtaxNONEsui1komi7.5
Time taken: 0.531
Root visits: 125
New playouts: 125
NN rows: 125
NN batches: 82
NN avg batch size: 1.52439
PlayoutDoublingAdvantage: -2.75
PV: H12
Tree:
: T  29.53c W  34.73c S  -5.23c (+31.4 L  +8.9) N     125  --  H12
---Black(^)---
H12 : T  30.69c W  35.73c S  -5.04c (+31.9 L  +9.1) LCB -319.31c P  0.30% WF   1.0 PSV       1 N       1  --  H12
pss : T  25.47c W  31.53c S  -6.06c (+28.7 L  +8.5) LCB -324.53c P  0.70% WF   1.0 PSV       1 N       1  --  pass
K12 : T  28.88c W  34.28c S  -5.40c (+30.8 L  +9.0) LCB -321.12c P  0.34% WF   1.0 PSV       1 N       1  --  K12
F10 : T  30.12c W  35.31c S  -5.18c (+31.6 L  +9.0) LCB -319.88c P  0.33% WF   1.0 PSV       1 N       1  --  F10
K10 : T  30.01c W  35.06c S  -5.05c (+31.8 L  +8.9) LCB -319.99c P  0.33% WF   1.0 PSV       1 N       1  --  K10
K11 : T  29.55c W  34.77c S  -5.22c (+31.3 L  +9.0) LCB -320.45c P  0.32% WF   1.0 PSV       1 N       1  --  K11
J10 : T  28.65c W  34.02c S  -5.37c (+30.7 L  +9.0) LCB -321.35c P  0.32% WF   1.0 PSV       1 N       1  --  J10
H3  : T  28.64c W  34.03c S  -5.39c (+30.8 L  +8.8) LCB -321.36c P  0.32% WF   1.0 PSV       1 N       1  --  H3
F11 : T  29.45c W  34.78c S  -5.33c (+31.1 L  +9.0) LCB -320.55c P  0.32% WF   1.0 PSV       1 N       1  --  F11
N11 : T  30.14c W  35.19c S  -5.05c (+31.9 L  +8.9) LCB -319.86c P  0.32% WF   1.0 PSV       1 N       1  --  N11

2025-11-28 17:55:34+0700: = L14
2025-11-28 17:55:34+0700: Controller: genmove b
2025-11-28 17:55:35+0700: MoveNum: 0 HASH: 4267C3A9FD255576BB5C2B07BF58EED9
   A B C D E F G H J K L M N O P Q R S T
19 . . . . . . . . . . . . . . . . . . .
18 . . . . . . . . . . . . . . . . . . .
17 . . . . . . . . . . . . . . . . . . .
16 . . . . . . . . . . . . . . . . . . .
15 . . . . . . . . . . . . . . . . . . .
14 . . . . . . . . . . X . . . X . . . .
13 . . . . . . . . . . . . . . . . . . .
12 . . . . . . . . . . X X . . . . . . .
11 . . . . . . . X X . . . . . . . . . .
10 . . . . . . X . . . . . . . . . . . .
 9 . . . . . . . . . . . . . . . . . . .
 8 . . . . . . . . . . . . . . . . . . .
 7 . . . . . X . . . . . . . . . . X . .
 6 . . . . . . . . . . . . . . . . . . .
 5 . . . . . . . @ . . . . . . . . . . .
 4 . . . . . . . . . . . . . . . . . . .
 3 . . . . . . . . X . . . . . . . . . .
 2 . . . . . . . . X . . . . . . . . . .
 1 . . . . . . . . . . . . . . . . . . .

koPOSITIONALscoreAREAtaxNONEsui1komi7.5
Time taken: 0.531
Root visits: 126
New playouts: 126
NN rows: 126
NN batches: 84
NN avg batch size: 1.5
PlayoutDoublingAdvantage: -2.75
PV: N13
Tree:
: T  32.45c W  37.29c S  -4.87c (+33.5 L  +9.4) N     126  --  N13
---Black(^)---
N13 : T  33.45c W  38.17c S  -4.72c (+34.0 L  +9.6) LCB -316.55c P  0.32% WF   1.0 PSV       1 N       1  --  N13
pss : T  29.44c W  34.89c S  -5.45c (+31.6 L  +8.9) LCB -320.56c P  0.71% WF   1.0 PSV       1 N       1  --  pass
K12 : T  32.45c W  37.34c S  -4.89c (+33.4 L  +9.5) LCB -317.55c P  0.34% WF   1.0 PSV       1 N       1  --  K12
K11 : T  33.10c W  37.87c S  -4.77c (+33.7 L  +9.8) LCB -316.90c P  0.33% WF   1.0 PSV       1 N       1  --  K11
K10 : T  32.64c W  37.37c S  -4.73c (+33.7 L  +9.4) LCB -317.36c P  0.33% WF   1.0 PSV       1 N       1  --  K10
F10 : T  31.81c W  36.87c S  -5.06c (+33.0 L  +9.3) LCB -318.19c P  0.33% WF   1.0 PSV       1 N       1  --  F10
J10 : T  32.87c W  37.68c S  -4.81c (+33.6 L  +9.7) LCB -317.13c P  0.32% WF   1.0 PSV       1 N       1  --  J10
N11 : T  32.68c W  37.56c S  -4.88c (+33.5 L  +9.4) LCB -317.32c P  0.32% WF   1.0 PSV       1 N       1  --  N11
H3  : T  30.84c W  36.10c S  -5.26c (+32.4 L  +9.3) LCB -319.16c P  0.32% WF   1.0 PSV       1 N       1  --  H3
M13 : T  32.63c W  37.47c S  -4.84c (+33.5 L  +9.6) LCB -317.37c P  0.32% WF   1.0 PSV       1 N       1  --  M13

2025-11-28 17:55:35+0700: = H5
2025-11-28 17:55:35+0700: Controller: genmove b
2025-11-28 17:55:35+0700: MoveNum: 0 HASH: BA7EE20240603882FE802C70F8227FBE
   A B C D E F G H J K L M N O P Q R S T
19 . . . . . . . . . . . . . . . . . . .
18 . . . . . . . . . . . . . . . . . . .
17 . . . . . . . . . . . . . . . . . . .
16 . . . . . . . . . . . . . . . . . . .
15 . . . . . . . . . . . . . . . . . . .
14 . . . . . . . . . . X . . . X . . . .
13 . . . . . . . . . . . . . . . . . . .
12 . . . . . . . . . . X X . . . . . . .
11 . . . . . . . X X . . . . . . . . . .
10 . . . . . . X . . . . . . . . . . . .
 9 . . . . . . . . . . . . . . . . . . .
 8 . . . . . . . . . . . . . . . . . . .
 7 . . . . . X . . . . . . . . . . X . .
 6 . . . . . . . @ . . . . . . . . . . .
 5 . . . . . . . X . . . . . . . . . . .
 4 . . . . . . . . . . . . . . . . . . .
 3 . . . . . . . . X . . . . . . . . . .
 2 . . . . . . . . X . . . . . . . . . .
 1 . . . . . . . . . . . . . . . . . . .

koPOSITIONALscoreAREAtaxNONEsui1komi7.5
Time taken: 0.547
Root visits: 130
New playouts: 130
NN rows: 130
NN batches: 90
NN avg batch size: 1.44444
PlayoutDoublingAdvantage: -2.75
PV: L13
Tree:
: T  35.69c W  40.10c S  -4.43c (+36.0 L  +9.9) N     130  --  L13
---Black(^)---
L13 : T  36.65c W  40.82c S  -4.17c (+36.5 L +10.3) LCB -313.35c P  0.29% WF   1.0 PSV       1 N       1  --  L13
pss : T  32.02c W  37.19c S  -5.17c (+33.6 L  +9.3) LCB -317.98c P  0.71% WF   1.0 PSV       1 N       1  --  pass
K12 : T  36.02c W  40.46c S  -4.45c (+35.9 L +10.3) LCB -313.98c P  0.34% WF   1.0 PSV       1 N       1  --  K12
K11 : T  36.03c W  40.33c S  -4.30c (+36.2 L +10.1) LCB -313.97c P  0.33% WF   1.0 PSV       1 N       1  --  K11
K10 : T  35.44c W  39.85c S  -4.41c (+35.9 L +10.0) LCB -314.56c P  0.33% WF   1.0 PSV       1 N       1  --  K10
F10 : T  36.13c W  40.46c S  -4.32c (+36.2 L +10.0) LCB -313.87c P  0.33% WF   1.0 PSV       1 N       1  --  F10
G6  : T  36.20c W  40.62c S  -4.42c (+36.1 L +10.0) LCB -313.80c P  0.33% WF   1.0 PSV       1 N       1  --  G6
N13 : T  35.22c W  39.76c S  -4.54c (+35.5 L +10.0) LCB -314.78c P  0.32% WF   1.0 PSV       1 N       1  --  N13
J10 : T  35.81c W  40.33c S  -4.52c (+35.8 L +10.3) LCB -314.19c P  0.32% WF   1.0 PSV       1 N       1  --  J10
H3  : T  34.09c W  38.91c S  -4.82c (+34.8 L  +9.8) LCB -315.91c P  0.32% WF   1.0 PSV       1 N       1  --  H3

2025-11-28 17:55:35+0700: = H6
2025-11-28 17:55:35+0700: Controller: genmove b
2025-11-28 17:55:36+0700: MoveNum: 0 HASH: 61AD504839CFB36EA39C52F2849B832F
   A B C D E F G H J K L M N O P Q R S T
19 . . . . . . . . . . . . . . . . . . .
18 . . . . . . . . . . . . . . . . . . .
17 . . . . . . . . . . . . . . . . . . .
16 . . . . . . . . . . . . . . . . . . .
15 . . . . . . . . . . . . . . . . . . .
14 . . . . . . . . . . X . . . X . . . .
13 . . . . . . . . . . . . . . . . . . .
12 . . . . . . . . . . X X . . . . . . .
11 . . . . . . . X X . . . . . . . . . .
10 . . . . . . X . . . . . . . . . . . .
 9 . . . . . . . . . . . . . . . . . . .
 8 . . . . . @ . . . . . . . . . . . . .
 7 . . . . . X . . . . . . . . . . X . .
 6 . . . . . . . X . . . . . . . . . . .
 5 . . . . . . . X . . . . . . . . . . .
 4 . . . . . . . . . . . . . . . . . . .
 3 . . . . . . . . X . . . . . . . . . .
 2 . . . . . . . . X . . . . . . . . . .
 1 . . . . . . . . . . . . . . . . . . .

koPOSITIONALscoreAREAtaxNONEsui1komi7.5
Time taken: 0.546
Root visits: 131
New playouts: 131
NN rows: 131
NN batches: 88
NN avg batch size: 1.48864
PlayoutDoublingAdvantage: -2.75
PV: N12
Tree:
: T  39.02c W  43.14c S  -4.14c (+38.7 L +10.7) N     131  --  N12
---Black(^)---
N12 : T  40.01c W  44.00c S  -3.99c (+39.2 L +11.0) LCB -309.99c P  0.31% WF   1.0 PSV       1 N       1  --  N12
pss : T  34.93c W  39.99c S  -5.06c (+35.7 L +10.0) LCB -315.07c P  0.71% WF   1.0 PSV       1 N       1  --  pass
K12 : T  38.44c W  42.64c S  -4.20c (+38.4 L +10.8) LCB -311.56c P  0.36% WF   1.0 PSV       1 N       1  --  K12
K11 : T  38.96c W  43.20c S  -4.24c (+38.4 L +11.0) LCB -311.04c P  0.34% WF   1.0 PSV       1 N       1  --  K11
H2  : T  37.25c W  41.84c S  -4.59c (+37.3 L +10.5) LCB -312.75c P  0.34% WF   1.0 PSV       1 N       1  --  H2
G5  : T  39.18c W  43.27c S  -4.08c (+38.7 L +10.8) LCB -310.82c P  0.34% WF   1.0 PSV       1 N       1  --  G5
G4  : T  38.81c W  43.02c S  -4.20c (+38.5 L +10.7) LCB -311.19c P  0.33% WF   1.0 PSV       1 N       1  --  G4
K13 : T  38.49c W  42.77c S  -4.28c (+38.2 L +10.8) LCB -311.51c P  0.33% WF   1.0 PSV       1 N       1  --  K13
M13 : T  39.31c W  43.47c S  -4.16c (+38.7 L +10.9) LCB -310.69c P  0.33% WF   1.0 PSV       1 N       1  --  M13
G11 : T  39.46c W  43.45c S  -3.99c (+39.1 L +10.9) LCB -310.54c P  0.33% WF   1.0 PSV       1 N       1  --  G11

2025-11-28 17:55:36+0700: = F8
2025-11-28 17:55:36+0700: Controller: genmove b
2025-11-28 17:55:36+0700: MoveNum: 0 HASH: DBACD556E8A99C984CA82B2DEF6CFACA
   A B C D E F G H J K L M N O P Q R S T
19 . . . . . . . . . . . . . . . . . . .
18 . . . . . . . . . . . . . . . . . . .
17 . . . . . . . . . . . . . . . . . . .
16 . . . . . . . . . . . . . . . . . . .
15 . . . . . . . . . . . . . . . . . . .
14 . . . . . . . . . . X . . . X . . . .
13 . . . . . . . . . . . . . . . . . . .
12 . . . . . . . . . . X X . . . . . . .
11 . . . . . . . X X . . . . . . . . . .
10 . . . . . . X . . . . . . . . . . . .
 9 . . . . . . . . . . . . . . . . . . .
 8 . . . . @ X . . . . . . . . . . . . .
 7 . . . . . X . . . . . . . . . . X . .
 6 . . . . . . . X . . . . . . . . . . .
 5 . . . . . . . X . . . . . . . . . . .
 4 . . . . . . . . . . . . . . . . . . .
 3 . . . . . . . . X . . . . . . . . . .
 2 . . . . . . . . X . . . . . . . . . .
 1 . . . . . . . . . . . . . . . . . . .

koPOSITIONALscoreAREAtaxNONEsui1komi7.5
Time taken: 0.532
Root visits: 124
New playouts: 124
NN rows: 124
NN batches: 84
NN avg batch size: 1.47619
PlayoutDoublingAdvantage: -2.75
PV: O12
Tree:
: T  43.06c W  46.28c S  -3.25c (+41.4 L +11.5) N     124  --  O12
---Black(^)---
O12 : T  44.14c W  47.29c S  -3.15c (+41.8 L +11.6) LCB -305.86c P  0.30% WF   1.0 PSV       1 N       1  --  O12
pss : T  39.49c W  43.45c S  -3.96c (+39.0 L +10.8) LCB -310.51c P  0.70% WF   1.0 PSV       1 N       1  --  pass
G9  : T  43.30c W  46.50c S  -3.20c (+41.4 L +11.8) LCB -306.70c P  0.35% WF   1.0 PSV       1 N       1  --  G9
H4  : T  42.81c W  46.00c S  -3.19c (+41.4 L +11.4) LCB -307.19c P  0.34% WF   1.0 PSV       1 N       1  --  H4
M13 : T  42.52c W  45.94c S  -3.42c (+40.8 L +11.6) LCB -307.48c P  0.34% WF   1.0 PSV       1 N       1  --  M13
J10 : T  43.37c W  46.44c S  -3.07c (+41.8 L +11.7) LCB -306.63c P  0.34% WF   1.0 PSV       1 N       1  --  J10
F6  : T  43.06c W  46.27c S  -3.21c (+41.4 L +11.6) LCB -306.94c P  0.34% WF   1.0 PSV       1 N       1  --  F6
M11 : T  43.65c W  46.86c S  -3.21c (+41.5 L +11.7) LCB -306.35c P  0.34% WF   1.0 PSV       1 N       1  --  M11
K10 : T  43.54c W  46.71c S  -3.17c (+41.5 L +11.7) LCB -306.46c P  0.34% WF   1.0 PSV       1 N       1  --  K10
L13 : T  43.47c W  46.53c S  -3.06c (+41.8 L +11.5) LCB -306.53c P  0.34% WF   1.0 PSV       1 N       1  --  L13

2025-11-28 17:55:36+0700: = E8
2025-11-28 17:55:36+0700: Controller: genmove b
2025-11-28 17:55:37+0700: MoveNum: 0 HASH: B88889DEFE03508AC3C0545C1E4167BC
   A B C D E F G H J K L M N O P Q R S T
19 . . . . . . . . . . . . . . . . . . .
18 . . . . . . . . . . . . . . . . . . .
17 . . . . . . . . . . . . . . . . . . .
16 . . . . . . . . . . . . . . . . . . .
15 . . . . . . . @ . . . . . . . . . . .
14 . . . . . . . . . . X . . . X . . . .
13 . . . . . . . . . . . . . . . . . . .
12 . . . . . . . . . . X X . . . . . . .
11 . . . . . . . X X . . . . . . . . . .
10 . . . . . . X . . . . . . . . . . . .
 9 . . . . . . . . . . . . . . . . . . .
 8 . . . . X X . . . . . . . . . . . . .
 7 . . . . . X . . . . . . . . . . X . .
 6 . . . . . . . X . . . . . . . . . . .
 5 . . . . . . . X . . . . . . . . . . .
 4 . . . . . . . . . . . . . . . . . . .
 3 . . . . . . . . X . . . . . . . . . .
 2 . . . . . . . . X . . . . . . . . . .
 1 . . . . . . . . . . . . . . . . . . .

koPOSITIONALscoreAREAtaxNONEsui1komi7.5
Time taken: 0.547
Root visits: 120
New playouts: 120
NN rows: 120
NN batches: 82
NN avg batch size: 1.46341
PlayoutDoublingAdvantage: -2.75
PV: N14
Tree:
: T  46.47c W  49.24c S  -2.79c (+43.9 L +12.4) N     120  --  N14
---Black(^)---
N14 : T  47.47c W  50.19c S  -2.72c (+44.3 L +12.4) LCB -302.53c P  0.30% WF   1.0 PSV       1 N       1  --  N14
pss : T  43.27c W  46.86c S  -3.58c (+41.5 L +11.7) LCB -306.73c P  0.73% WF   1.0 PSV       1 N       1  --  pass
H12 : T  46.05c W  48.88c S  -2.82c (+43.8 L +12.3) LCB -303.95c P  0.35% WF   1.0 PSV       1 N       1  --  H12
K13 : T  46.38c W  49.16c S  -2.78c (+44.0 L +12.3) LCB -303.62c P  0.35% WF   1.0 PSV       1 N       1  --  K13
L13 : T  46.73c W  49.48c S  -2.76c (+44.1 L +12.6) LCB -303.27c P  0.35% WF   1.0 PSV       1 N       1  --  L13
J9  : T  46.29c W  49.18c S  -2.89c (+43.7 L +12.5) LCB -303.71c P  0.35% WF   1.0 PSV       1 N       1  --  J9
H7  : T  44.77c W  47.70c S  -2.93c (+43.3 L +12.4) LCB -305.23c P  0.35% WF   1.0 PSV       1 N       1  --  H7
J4  : T  46.04c W  49.00c S  -2.95c (+43.5 L +12.4) LCB -303.96c P  0.35% WF   1.0 PSV       1 N       1  --  J4
G7  : T  46.08c W  48.99c S  -2.91c (+43.5 L +12.7) LCB -303.92c P  0.34% WF   1.0 PSV       1 N       1  --  G7
F9  : T  46.07c W  48.93c S  -2.87c (+43.6 L +12.6) LCB -303.93c P  0.34% WF   1.0 PSV       1 N       1  --  F9

2025-11-28 17:55:37+0700: = H15
2025-11-28 17:55:37+0700: GPU -1 finishing, processed 248 rows 167 batches
2025-11-28 17:55:37+0700: GPU -1 finishing, processed 247 rows 168 batches
2025-11-28 17:55:37+0700: GPU -1 finishing, processed 246 rows 155 batches
2025-11-28 17:55:37+0700: GPU -1 finishing, processed 256 rows 170 batches
2025-11-28 17:55:37+0700: GPU -1 finishing, processed 252 rows 174 batches
2025-11-28 17:55:37+0700: GPU -1 finishing, processed 253 rows 169 batches
2025-11-28 17:55:37+0700: GPU -1 finishing, processed 255 rows 170 batches
2025-11-28 17:55:37+0700: GPU -1 finishing, processed 253 rows 173 batches
2025-11-28 17:55:37+0700: All cleaned up, quitting
