2025-11-28 19:46:39+0700: Running with following config:
allowResignation = true
lagBuffer = 0.0
logAllGTPCommunication = true
logDir = gtp_logs
logSearchInfo = true
logSearchInfoForChosenMove = false
logToStderr = false
maxPlayouts = 500
maxPlayoutsPondering = 3000
maxTime = 0.5
maxTimePondering = 60.0
maxVisits = 300
maxVisitsPondering = 5000
numSearchThreads = 16
ponderingEnabled = false
resignConsecTurns = 3
resignThreshold = -0.90
rules = tromp-taylor
searchFactorAfterOnePass = 0.50
searchFactorAfterTwoPass = 0.25
searchFactorWhenWinning = 0.40
searchFactorWhenWinningThreshold = 0.95

2025-11-28 19:46:39+0700: GTP Engine starting...
2025-11-28 19:46:39+0700: KataGo v1.14.0
2025-11-28 19:46:39+0700: Using TrompTaylor rules initially, unless GTP/GUI overrides this
2025-11-28 19:46:39+0700: Using 16 CPU thread(s) for search
2025-11-28 19:46:39+0700: nnRandSeed0 = 18323657232586156605
2025-11-28 19:46:39+0700: After dedups: nnModelFile0 = model.gz useFP16 auto useNHWC auto
2025-11-28 19:46:39+0700: Initializing neural net buffer to be size 19 * 19 exactly
2025-11-28 19:46:39+0700: Eigen (CPU) backend thread 0: Model version 8
2025-11-28 19:46:39+0700: Eigen (CPU) backend thread 0: Model name: b6c96-s1995008-d1329786
2025-11-28 19:46:39+0700: Eigen (CPU) backend thread 1: Model version 8
2025-11-28 19:46:39+0700: Eigen (CPU) backend thread 1: Model name: b6c96-s1995008-d1329786
2025-11-28 19:46:39+0700: Eigen (CPU) backend thread 3: Model version 8
2025-11-28 19:46:39+0700: Eigen (CPU) backend thread 3: Model name: b6c96-s1995008-d1329786
2025-11-28 19:46:39+0700: Eigen (CPU) backend thread 4: Model version 8
2025-11-28 19:46:39+0700: Eigen (CPU) backend thread 4: Model name: b6c96-s1995008-d1329786
2025-11-28 19:46:39+0700: Eigen (CPU) backend thread 5: Model version 8
2025-11-28 19:46:39+0700: Eigen (CPU) backend thread 5: Model name: b6c96-s1995008-d1329786
2025-11-28 19:46:39+0700: Eigen (CPU) backend thread 7: Model version 8
2025-11-28 19:46:39+0700: Eigen (CPU) backend thread 7: Model name: b6c96-s1995008-d1329786
2025-11-28 19:46:39+0700: Eigen (CPU) backend thread 6: Model version 8
2025-11-28 19:46:39+0700: Eigen (CPU) backend thread 6: Model name: b6c96-s1995008-d1329786
2025-11-28 19:46:39+0700: Eigen (CPU) backend thread 2: Model version 8
2025-11-28 19:46:39+0700: Eigen (CPU) backend thread 2: Model name: b6c96-s1995008-d1329786
2025-11-28 19:46:39+0700: Loaded neural net with nnXLen 19 nnYLen 19
2025-11-28 19:46:39+0700: Initializing board with boardXSize 19 boardYSize 19
2025-11-28 19:46:39+0700: Loaded config default_gtp.cfg
2025-11-28 19:46:39+0700: Loaded model model.gz
2025-11-28 19:46:39+0700: Model name: b6c96-s1995008-d1329786
2025-11-28 19:46:39+0700: GTP ready, beginning main protocol loop
2025-11-28 19:46:39+0700: Controller: version
2025-11-28 19:46:39+0700: = 1.14.0
2025-11-28 19:46:39+0700: Controller: genmove b
2025-11-28 19:46:40+0700: MoveNum: 0 HASH: CDCBC1F514D7E680FACD226074256633
   A B C D E F G H J K L M N O P Q R S T
19 . . . . . . . . . . . . . . . . . . .
18 . . . . . . . . . . . . . . . . . . .
17 . . . . . . . . . . . . . . . . . . .
16 . . . . . . . . . . . . . . . . . . .
15 . . . . . . . . . . . . . . . . . . .
14 . . . . . . . . . . . . . . . . . . .
13 . . . . . . . . . . . . . . . . . . .
12 . . . . . . . . . . . . . . @ . . . .
11 . . . . . . . . . . . . . . . . . . .
10 . . . . . . . . . . . . . . . . . . .
 9 . . . . . . . . . . . . . . . . . . .
 8 . . . . . . . . . . . . . . . . . . .
 7 . . . . . . . . . . . . . . . . . . .
 6 . . . . . . . . . . . . . . . . . . .
 5 . . . . . . . . . . . . . . . . . . .
 4 . . . . . . . . . . . . . . . . . . .
 3 . . . . . . . . . . . . . . . . . . .
 2 . . . . . . . . . . . . . . . . . . .
 1 . . . . . . . . . . . . . . . . . . .

koPOSITIONALscoreAREAtaxNONEsui1komi7.5
Time taken: 0.532
Root visits: 123
New playouts: 123
NN rows: 123
NN batches: 79
NN avg batch size: 1.55696
PV: T19 S1 T17
Tree:
: T  -0.85c W   4.90c S   1.80c ( +7.3 L  -2.5) N     123  --  T19 S1 T17
---Black(^)---
T19 : T   7.36c W   7.52c S   2.33c ( +8.7 L  -0.4) LCB  -88.23c P  0.28% WF   6.2 PSV       6 N       6  --  T19 S1 T17
P10 : T  28.16c W  23.88c S   4.52c (+15.6 L  -1.6) LCB -128.81c P  0.27% WF   2.1 PSV       2 N       2  --  P10 A2
P12 : T  26.97c W  22.96c S   4.26c (+14.9 L  -1.7) LCB -131.23c P  0.27% WF   2.1 PSV       2 N       2  --  P12 P13
P13 : T  43.64c W  36.00c S   7.64c (+26.5 L  +1.6) LCB -306.36c P  0.27% WF   1.1 PSV       1 N       1  --  P13
P14 : T  43.65c W  36.01c S   7.64c (+26.5 L  +1.6) LCB -306.35c P  0.27% WF   1.1 PSV       1 N       1  --  P14
P15 : T  43.61c W  35.98c S   7.63c (+26.5 L  +1.6) LCB -306.39c P  0.27% WF   1.1 PSV       1 N       1  --  P15
Q10 : T  43.27c W  35.69c S   7.58c (+26.2 L  +1.6) LCB -306.73c P  0.27% WF   1.1 PSV       1 N       1  --  Q10
Q11 : T  43.47c W  35.86c S   7.61c (+26.4 L  +1.6) LCB -306.53c P  0.27% WF   1.1 PSV       1 N       1  --  Q11
Q12 : T  43.34c W  35.75c S   7.59c (+26.3 L  +1.6) LCB -306.66c P  0.27% WF   1.1 PSV       1 N       1  --  Q12
T18 : T   3.93c W   4.94c S   1.61c ( +6.9 L  -2.6) LCB  -63.98c P  0.30% WF   4.1 PSV       0 N       4  --  T18 S18 R18

2025-11-28 19:46:40+0700: = P12
2025-11-28 19:46:40+0700: Controller: genmove b
2025-11-28 19:46:40+0700: MoveNum: 0 HASH: 479B9AF7F4B50CB89A15149322DBFEE1
   A B C D E F G H J K L M N O P Q R S T
19 . . . . . . . . . . . . . . . . . . .
18 . . . . . . . . . . . . . . . . . . .
17 . . . . . . . . . . . . . . . . . . .
16 . . . . . . . . . . . . . . . . . . .
15 . . . . . . . . . . . . . . . . . . .
14 . . . . . . . . . . . . . . . . . . .
13 . . . . . . . . . . . . . . . . . . .
12 . . . . . . . . . . . . . . X . . . .
11 . . . . . . . . . . . . . . . . . . .
10 . . . . . . . . . . . . . . . . . . .
 9 . . . . . . . . . . . . . . . . . . .
 8 . . . . . . . . . . . . . . . . . . .
 7 . . . . . . . . . . . . . . . . . . .
 6 . . . . . . . . . . . . . . . . . . .
 5 . . . . . . . . . . . . . . . . . . .
 4 . . . . . . . . . . . . . . . . . . .
 3 . . . . . . . . . . . @ . . . . . . .
 2 . . . . . . . . . . . . . . . . . . .
 1 . . . . . . . . . . . . . . . . . . .

koPOSITIONALscoreAREAtaxNONEsui1komi7.5
Time taken: 0.546
Root visits: 130
New playouts: 130
NN rows: 130
NN batches: 87
NN avg batch size: 1.49425
PV: O12
Tree:
: T  31.58c W  38.30c S  -6.75c (+28.3 L  +2.0) N     130  --  O12
---Black(^)---
O12 : T  32.21c W  38.81c S  -6.60c (+28.7 L  +2.0) LCB -317.79c P  0.29% WF   1.0 PSV       1 N       1  --  O12
pss : T  28.81c W  36.10c S  -7.29c (+26.5 L  +1.6) LCB -321.19c P  0.58% WF   1.0 PSV       1 N       1  --  pass
P13 : T  32.10c W  38.71c S  -6.61c (+28.6 L  +2.0) LCB -317.90c P  0.31% WF   1.0 PSV       1 N       1  --  P13
P10 : T  32.21c W  38.82c S  -6.61c (+28.6 L  +2.0) LCB -317.79c P  0.30% WF   1.0 PSV       1 N       1  --  P10
Q11 : T  31.96c W  38.61c S  -6.65c (+28.5 L  +1.9) LCB -318.04c P  0.30% WF   1.0 PSV       1 N       1  --  Q11
P11 : T  31.99c W  38.61c S  -6.62c (+28.5 L  +2.0) LCB -318.01c P  0.30% WF   1.0 PSV       1 N       1  --  P11
O11 : T  32.00c W  38.70c S  -6.70c (+28.4 L  +1.9) LCB -318.00c P  0.30% WF   1.0 PSV       1 N       1  --  O11
O13 : T  31.99c W  38.69c S  -6.70c (+28.4 L  +1.9) LCB -318.01c P  0.30% WF   1.0 PSV       1 N       1  --  O13
Q10 : T  31.67c W  38.45c S  -6.78c (+28.2 L  +1.9) LCB -318.33c P  0.30% WF   1.0 PSV       1 N       1  --  Q10
Q12 : T  31.74c W  38.45c S  -6.70c (+28.3 L  +1.9) LCB -318.26c P  0.29% WF   1.0 PSV       1 N       1  --  Q12

2025-11-28 19:46:40+0700: = M3
2025-11-28 19:46:40+0700: Controller: genmove b
2025-11-28 19:46:41+0700: MoveNum: 0 HASH: 758C55CF57E33AECA1F099C3E9B93A6B
   A B C D E F G H J K L M N O P Q R S T
19 . . . . . . . . . . . . . . . . . . .
18 . . . . . . . . . . . . . . . . . . .
17 . . . . . . . . . . . . . . . . . . .
16 . . . . . . . . . . . . . . . . . . .
15 . . . . . . . . . . . . . . . . . . .
14 . . . . . . . . . . . . . . . . . . .
13 . . . . . . . . . . . . . . . . . . .
12 . . . . . . . . . . . . . . X . . . .
11 . . . . . . . . . . . . . . . . . . .
10 . . . . . . . . . . . . . @ . . . . .
 9 . . . . . . . . . . . . . . . . . . .
 8 . . . . . . . . . . . . . . . . . . .
 7 . . . . . . . . . . . . . . . . . . .
 6 . . . . . . . . . . . . . . . . . . .
 5 . . . . . . . . . . . . . . . . . . .
 4 . . . . . . . . . . . . . . . . . . .
 3 . . . . . . . . . . . X . . . . . . .
 2 . . . . . . . . . . . . . . . . . . .
 1 . . . . . . . . . . . . . . . . . . .

koPOSITIONALscoreAREAtaxNONEsui1komi7.5
Time taken: 0.547
Root visits: 133
New playouts: 133
NN rows: 133
NN batches: 87
NN avg batch size: 1.52874
PlayoutDoublingAdvantage: -0.5
PV: N12
Tree:
: T  26.21c W  34.78c S  -8.60c (+25.0 L  +4.1) N     133  --  N12
---Black(^)---
N12 : T  26.37c W  34.97c S  -8.59c (+24.9 L  +4.1) LCB -323.63c P  0.29% WF   1.0 PSV       1 N       1  --  N12
pss : T  23.40c W  32.54c S  -9.14c (+23.4 L  +3.9) LCB -326.60c P  0.59% WF   1.0 PSV       1 N       1  --  pass
P11 : T  26.23c W  34.79c S  -8.56c (+24.9 L  +4.0) LCB -323.77c P  0.31% WF   1.0 PSV       1 N       1  --  P11
P13 : T  26.17c W  34.74c S  -8.58c (+24.9 L  +4.0) LCB -323.83c P  0.30% WF   1.0 PSV       1 N       1  --  P13
O14 : T  25.97c W  34.61c S  -8.64c (+24.8 L  +4.0) LCB -324.03c P  0.30% WF   1.0 PSV       1 N       1  --  O14
P14 : T  26.25c W  34.84c S  -8.59c (+24.9 L  +4.0) LCB -323.75c P  0.30% WF   1.0 PSV       1 N       1  --  P14
L5  : T  25.92c W  34.56c S  -8.65c (+24.7 L  +4.0) LCB -324.08c P  0.30% WF   1.0 PSV       1 N       1  --  L5
O13 : T  26.19c W  34.77c S  -8.58c (+24.9 L  +4.1) LCB -323.81c P  0.30% WF   1.0 PSV       1 N       1  --  O13
M5  : T  25.91c W  34.56c S  -8.65c (+24.8 L  +4.1) LCB -324.09c P  0.30% WF   1.0 PSV       1 N       1  --  M5
N13 : T  26.04c W  34.68c S  -8.64c (+24.8 L  +4.1) LCB -323.96c P  0.30% WF   1.0 PSV       1 N       1  --  N13

2025-11-28 19:46:41+0700: = O10
2025-11-28 19:46:41+0700: Controller: genmove b
2025-11-28 19:46:42+0700: MoveNum: 0 HASH: 1E9CCCADABFA9E513DE0FAE62799DEF6
   A B C D E F G H J K L M N O P Q R S T
19 . . . . . . . . . . . . . . . . . . .
18 . . . . . . . . . . . . . . . . . . .
17 . . . . . . . . . . . . . . . . . . .
16 . . . . . . . . . . . . . . . . . . .
15 . . . . . . . . . . . . . . . . . . .
14 . . . . . . . . . . . . . . . . . . .
13 . . . . . . . . . . . . . . . . . . .
12 . . . . . . . . . . . . . . X . . . .
11 . . . . . . . . . . . . . . . . . . .
10 . . . . . . . . . . . . . X . . . . .
 9 . . . . . . . . . . . . . . . . . . .
 8 . . . . . . . . . . . . . . . . . . .
 7 . . . . . . . . . . . . . . . . . . .
 6 . . . . . . . . . . . . . . . @ . . .
 5 . . . . . . . . . . . . . . . . . . .
 4 . . . . . . . . . . . . . . . . . . .
 3 . . . . . . . . . . . X . . . . . . .
 2 . . . . . . . . . . . . . . . . . . .
 1 . . . . . . . . . . . . . . . . . . .

koPOSITIONALscoreAREAtaxNONEsui1komi7.5
Time taken: 0.532
Root visits: 130
New playouts: 130
NN rows: 130
NN batches: 85
NN avg batch size: 1.52941
PlayoutDoublingAdvantage: -1.125
PV: N9
Tree:
: T  23.80c W  31.96c S  -8.19c (+24.7 L  +4.9) N     130  --  N9
---Black(^)---
N9  : T  24.67c W  32.74c S  -8.07c (+25.0 L  +4.9) LCB -325.33c P  0.30% WF   1.0 PSV       1 N       1  --  N9
pss : T  20.85c W  29.64c S  -8.79c (+22.9 L  +4.6) LCB -329.15c P  0.64% WF   1.0 PSV       1 N       1  --  pass
O11 : T  24.10c W  32.21c S  -8.11c (+24.8 L  +5.0) LCB -325.90c P  0.32% WF   1.0 PSV       1 N       1  --  O11
P13 : T  24.13c W  32.25c S  -8.12c (+24.8 L  +4.9) LCB -325.87c P  0.31% WF   1.0 PSV       1 N       1  --  P13
P10 : T  23.95c W  32.10c S  -8.14c (+24.8 L  +4.9) LCB -326.05c P  0.31% WF   1.0 PSV       1 N       1  --  P10
Q10 : T  23.90c W  32.02c S  -8.12c (+24.7 L  +4.9) LCB -326.10c P  0.31% WF   1.0 PSV       1 N       1  --  Q10
P9  : T  23.69c W  31.92c S  -8.23c (+24.5 L  +4.9) LCB -326.31c P  0.30% WF   1.0 PSV       1 N       1  --  P9
O9  : T  24.24c W  32.36c S  -8.11c (+24.9 L  +5.0) LCB -325.76c P  0.30% WF   1.0 PSV       1 N       1  --  O9
Q9  : T  23.59c W  31.83c S  -8.24c (+24.5 L  +4.8) LCB -326.41c P  0.30% WF   1.0 PSV       1 N       1  --  Q9
N11 : T  23.95c W  32.13c S  -8.18c (+24.7 L  +4.9) LCB -326.05c P  0.30% WF   1.0 PSV       1 N       1  --  N11

2025-11-28 19:46:42+0700: = Q6
2025-11-28 19:46:42+0700: Controller: genmove b
2025-11-28 19:46:42+0700: MoveNum: 0 HASH: 0E7E6E5E68A995578016C6473F507295
   A B C D E F G H J K L M N O P Q R S T
19 . . . . . . . . . . . . . . . . . . .
18 . . . . . . . . . . . . . . . . . . .
17 . . . . . . . . . . . . . . . . . . .
16 . . . . . . . . . . . . . . . . . . .
15 . . . . . . . . . . . . . . . . . . .
14 . . . . . . . . . . . . . . . . . . .
13 . . . . . . . . . . . . . . . . . . .
12 . . . . . . . . . . . . . . X . . . .
11 . . . . . . . . . . . . . . . . . . .
10 . . . . . . . . . . . . . X . . . . .
 9 . . . . . . . . . . . . . . . . . . .
 8 . . . . . . . . . . . . . . . . . . .
 7 . . . . . . . . . . . . . . . . . . .
 6 . . . . . . . . . . . . . . . X . . .
 5 . . . . . . . . . @ . . . . . . . . .
 4 . . . . . . . . . . . . . . . . . . .
 3 . . . . . . . . . . . X . . . . . . .
 2 . . . . . . . . . . . . . . . . . . .
 1 . . . . . . . . . . . . . . . . . . .

koPOSITIONALscoreAREAtaxNONEsui1komi7.5
Time taken: 0.546
Root visits: 131
New playouts: 131
NN rows: 131
NN batches: 84
NN avg batch size: 1.55952
PlayoutDoublingAdvantage: -1.875
PV: M10
Tree:
: T  19.64c W  27.36c S  -7.75c (+23.2 L  +6.0) N     131  --  M10
---Black(^)---
M10 : T  20.55c W  28.18c S  -7.64c (+23.5 L  +6.1) LCB -329.45c P  0.29% WF   1.0 PSV       1 N       1  --  M10
pss : T  16.29c W  24.70c S  -8.42c (+21.2 L  +5.7) LCB -333.71c P  0.64% WF   1.0 PSV       1 N       1  --  pass
O11 : T  19.85c W  27.49c S  -7.65c (+23.2 L  +6.1) LCB -330.15c P  0.32% WF   1.0 PSV       1 N       1  --  O11
P11 : T  19.85c W  27.52c S  -7.66c (+23.3 L  +6.1) LCB -330.15c P  0.31% WF   1.0 PSV       1 N       1  --  P11
P13 : T  19.93c W  27.58c S  -7.65c (+23.3 L  +6.0) LCB -330.07c P  0.31% WF   1.0 PSV       1 N       1  --  P13
Q7  : T  19.49c W  27.26c S  -7.76c (+23.1 L  +6.0) LCB -330.51c P  0.31% WF   1.0 PSV       1 N       1  --  Q7
P9  : T  20.31c W  27.95c S  -7.64c (+23.4 L  +6.1) LCB -329.69c P  0.31% WF   1.0 PSV       1 N       1  --  P9
M4  : T  19.24c W  27.03c S  -7.78c (+23.0 L  +6.0) LCB -330.76c P  0.31% WF   1.0 PSV       1 N       1  --  M4
N4  : T  19.54c W  27.41c S  -7.88c (+23.0 L  +6.0) LCB -330.46c P  0.31% WF   1.0 PSV       1 N       1  --  N4
Q11 : T  19.67c W  27.44c S  -7.77c (+23.1 L  +5.9) LCB -330.33c P  0.30% WF   1.0 PSV       1 N       1  --  Q11

2025-11-28 19:46:42+0700: = K5
2025-11-28 19:46:42+0700: GPU -1 finishing, processed 81 rows 55 batches
2025-11-28 19:46:42+0700: GPU -1 finishing, processed 84 rows 51 batches
2025-11-28 19:46:42+0700: GPU -1 finishing, processed 79 rows 51 batches
2025-11-28 19:46:42+0700: GPU -1 finishing, processed 80 rows 54 batches
2025-11-28 19:46:42+0700: GPU -1 finishing, processed 81 rows 50 batches
2025-11-28 19:46:42+0700: GPU -1 finishing, processed 79 rows 50 batches
2025-11-28 19:46:42+0700: GPU -1 finishing, processed 83 rows 55 batches
2025-11-28 19:46:42+0700: GPU -1 finishing, processed 80 rows 56 batches
2025-11-28 19:46:42+0700: All cleaned up, quitting
