2025-11-28 17:42:23+0700: Running with following config:
allowResignation = true
lagBuffer = 0.0
logAllGTPCommunication = true
logDir = gtp_logs
logSearchInfo = true
logSearchInfoForChosenMove = false
logToStderr = false
maxPlayouts = 500
maxPlayoutsPondering = 3000
maxTime = 0.5
maxTimePondering = 60.0
maxVisits = 300
maxVisitsPondering = 5000
numSearchThreads = 16
ponderingEnabled = false
resignConsecTurns = 3
resignThreshold = -0.90
rules = tromp-taylor
searchFactorAfterOnePass = 0.50
searchFactorAfterTwoPass = 0.25
searchFactorWhenWinning = 0.40
searchFactorWhenWinningThreshold = 0.95

2025-11-28 17:42:23+0700: GTP Engine starting...
2025-11-28 17:42:23+0700: KataGo v1.14.0
2025-11-28 17:42:23+0700: Using TrompTaylor rules initially, unless GTP/GUI overrides this
2025-11-28 17:42:23+0700: Using 16 CPU thread(s) for search
2025-11-28 17:42:23+0700: nnRandSeed0 = 16349835799104304852
2025-11-28 17:42:23+0700: After dedups: nnModelFile0 = model.gz useFP16 auto useNHWC auto
2025-11-28 17:42:23+0700: Initializing neural net buffer to be size 19 * 19 exactly
2025-11-28 17:42:23+0700: Eigen (CPU) backend thread 0: Model version 8
2025-11-28 17:42:23+0700: Eigen (CPU) backend thread 0: Model name: b6c96-s1995008-d1329786
2025-11-28 17:42:23+0700: Eigen (CPU) backend thread 1: Model version 8
2025-11-28 17:42:23+0700: Eigen (CPU) backend thread 1: Model name: b6c96-s1995008-d1329786
2025-11-28 17:42:23+0700: Eigen (CPU) backend thread 4: Model version 8
2025-11-28 17:42:23+0700: Eigen (CPU) backend thread 4: Model name: b6c96-s1995008-d1329786
2025-11-28 17:42:23+0700: Eigen (CPU) backend thread 3: Model version 8
2025-11-28 17:42:23+0700: Eigen (CPU) backend thread 3: Model name: b6c96-s1995008-d1329786
2025-11-28 17:42:23+0700: Eigen (CPU) backend thread 5: Model version 8
2025-11-28 17:42:23+0700: Eigen (CPU) backend thread 5: Model name: b6c96-s1995008-d1329786
2025-11-28 17:42:23+0700: Eigen (CPU) backend thread 6: Model version 8
2025-11-28 17:42:23+0700: Eigen (CPU) backend thread 6: Model name: b6c96-s1995008-d1329786
2025-11-28 17:42:23+0700: Eigen (CPU) backend thread 7: Model version 8
2025-11-28 17:42:23+0700: Eigen (CPU) backend thread 7: Model name: b6c96-s1995008-d1329786
2025-11-28 17:42:23+0700: Eigen (CPU) backend thread 2: Model version 8
2025-11-28 17:42:23+0700: Eigen (CPU) backend thread 2: Model name: b6c96-s1995008-d1329786
2025-11-28 17:42:23+0700: Loaded neural net with nnXLen 19 nnYLen 19
2025-11-28 17:42:23+0700: Initializing board with boardXSize 19 boardYSize 19
2025-11-28 17:42:23+0700: Loaded config default_gtp.cfg
2025-11-28 17:42:23+0700: Loaded model model.gz
2025-11-28 17:42:23+0700: Model name: b6c96-s1995008-d1329786
2025-11-28 17:42:23+0700: GTP ready, beginning main protocol loop
2025-11-28 17:42:31+0700: Controller: genmove b
2025-11-28 17:42:32+0700: MoveNum: 0 HASH: CDCBC1F514D7E680FACD226074256633
   A B C D E F G H J K L M N O P Q R S T
19 . . . . . . . . . . . . . . . . . . .
18 . . . . . . . . . . . . . . . . . . .
17 . . . . . . . . . . . . . . . . . . .
16 . . . . . . . . . . . . . . . . . . .
15 . . . . . . . . . . . . . . . . . . .
14 . . . . . . . . . . . . . . . . . . .
13 . . . . . . . . . . . . . . . . . . .
12 . . . . . . . . . . . . . . . . . . .
11 . . . . . . . . . . . . . . . . . . .
10 . . . . . . . . . . . . . . . . . . @
 9 . . . . . . . . . . . . . . . . . . .
 8 . . . . . . . . . . . . . . . . . . .
 7 . . . . . . . . . . . . . . . . . . .
 6 . . . . . . . . . . . . . . . . . . .
 5 . . . . . . . . . . . . . . . . . . .
 4 . . . . . . . . . . . . . . . . . . .
 3 . . . . . . . . . . . . . . . . . . .
 2 . . . . . . . . . . . . . . . . . . .
 1 . . . . . . . . . . . . . . . . . . .

koPOSITIONALscoreAREAtaxNONEsui1komi7.5
Time taken: 0.531
Root visits: 133
New playouts: 133
NN rows: 133
NN batches: 88
NN avg batch size: 1.51136
PV: T12 T13 S13
Tree:
: T  -0.56c W   5.38c S   1.89c ( +7.6 L  -2.5) N     133  --  T12 T13 S13
---Black(^)---
T12 : T  -5.74c W  -1.60c S   0.65c ( +4.1 L  -3.1) LCB  -93.00c P  0.29% WF   4.0 PSV       5 N       4  --  T12 T13 S13
T11 : T  -5.84c W   2.07c S   1.31c ( +5.9 L  -2.9) LCB -129.13c P  0.29% WF   3.0 PSV       3 N       3  --  T11 A2 pass
T13 : T  -6.04c W   1.81c S   1.21c ( +5.6 L  -2.7) LCB -128.48c P  0.29% WF   3.0 PSV       3 N       3  --  T13 B1 pass
T14 : T  -5.89c W   1.92c S   1.19c ( +5.6 L  -2.8) LCB -128.01c P  0.29% WF   3.0 PSV       3 N       3  --  T14 B19 pass
T16 : T  -5.98c W   2.01c S   1.31c ( +5.9 L  -2.8) LCB -129.15c P  0.29% WF   3.0 PSV       3 N       3  --  T16 S19 pass
S15 : T  -5.67c W   2.36c S   1.34c ( +6.0 L  -2.9) LCB -131.29c P  0.28% WF   3.0 PSV       3 N       3  --  S15 T14 pass
S10 : T  -5.00c W   2.81c S   1.45c ( +6.3 L  -2.8) LCB -129.00c P  0.28% WF   3.0 PSV       3 N       3  --  S10 A18 pass
S11 : T  -4.39c W   3.08c S   1.49c ( +6.4 L  -2.7) LCB -127.50c P  0.28% WF   3.0 PSV       3 N       3  --  S11 B1 pass
S14 : T  -4.22c W   3.31c S   1.54c ( +6.6 L  -2.6) LCB -127.20c P  0.28% WF   3.0 PSV       3 N       3  --  S14 B19 pass
S12 : T  -4.36c W   3.28c S   1.56c ( +6.6 L  -2.7) LCB -127.41c P  0.28% WF   3.0 PSV       3 N       3  --  S12 A18 pass

2025-11-28 17:42:32+0700: = T10
2025-11-28 17:42:34+0700: Controller: genmove b
2025-11-28 17:42:34+0700: MoveNum: 0 HASH: EDC407368CE8BD405EB9A8C33DB8E2D1
   A B C D E F G H J K L M N O P Q R S T
19 . . . . . . . . . . . . . . . . . . .
18 . . . . . . . . . . . . . . . . . . .
17 . . . . . . . . . . . . . . . . . . .
16 . . . . . . . . . . . . . . . . . . .
15 . . . . . . . . . . . . . . . . . . .
14 . . . . . . . . . . . . . . . . . . .
13 . . . . . . . . . . . . . . . . . . .
12 . . . . . . . . . . . . . . . . . @ .
11 . . . . . . . . . . . . . . . . . . .
10 . . . . . . . . . . . . . . . . . . X
 9 . . . . . . . . . . . . . . . . . . .
 8 . . . . . . . . . . . . . . . . . . .
 7 . . . . . . . . . . . . . . . . . . .
 6 . . . . . . . . . . . . . . . . . . .
 5 . . . . . . . . . . . . . . . . . . .
 4 . . . . . . . . . . . . . . . . . . .
 3 . . . . . . . . . . . . . . . . . . .
 2 . . . . . . . . . . . . . . . . . . .
 1 . . . . . . . . . . . . . . . . . . .

koPOSITIONALscoreAREAtaxNONEsui1komi7.5
Time taken: 0.532
Root visits: 137
New playouts: 137
NN rows: 137
NN batches: 90
NN avg batch size: 1.52222
PV: L13
Tree:
: T  28.86c W  36.04c S  -7.20c (+26.8 L  +1.7) N     137  --  L13
---Black(^)---
L13 : T  29.54c W  36.67c S  -7.14c (+27.0 L  +1.8) LCB -320.46c P  0.28% WF   1.0 PSV       1 N       1  --  L13
pss : T  25.33c W  33.24c S  -7.91c (+24.6 L  +1.5) LCB -324.67c P  0.52% WF   1.0 PSV       1 N       1  --  pass
R10 : T  28.68c W  35.89c S  -7.21c (+26.7 L  +1.8) LCB -321.32c P  0.29% WF   1.0 PSV       1 N       1  --  R10
Q10 : T  29.20c W  36.40c S  -7.20c (+26.9 L  +1.7) LCB -320.80c P  0.29% WF   1.0 PSV       1 N       1  --  Q10
Q11 : T  29.03c W  36.25c S  -7.22c (+26.8 L  +1.7) LCB -320.97c P  0.29% WF   1.0 PSV       1 N       1  --  Q11
Q12 : T  28.23c W  35.53c S  -7.30c (+26.4 L  +1.7) LCB -321.77c P  0.29% WF   1.0 PSV       1 N       1  --  Q12
S12 : T  28.73c W  35.94c S  -7.22c (+26.7 L  +1.5) LCB -321.27c P  0.29% WF   1.0 PSV       1 N       1  --  S12
R12 : T  28.26c W  35.58c S  -7.32c (+26.4 L  +1.7) LCB -321.74c P  0.29% WF   1.0 PSV       1 N       1  --  R12
R13 : T  28.92c W  36.17c S  -7.25c (+26.7 L  +1.7) LCB -321.08c P  0.29% WF   1.0 PSV       1 N       1  --  R13
R11 : T  28.35c W  35.60c S  -7.25c (+26.4 L  +1.5) LCB -321.65c P  0.29% WF   1.0 PSV       1 N       1  --  R11

2025-11-28 17:42:34+0700: = S12
2025-11-28 17:42:37+0700: Controller: genmove b
2025-11-28 17:42:38+0700: MoveNum: 0 HASH: 4F75DDE9D8B2DE22F649538BDE6D98E8
   A B C D E F G H J K L M N O P Q R S T
19 . . . . . . . . . . . . . . . . . . .
18 . . . . . . . . . . . . . . . . . . .
17 . . . . . . . . . . . . . . . . . . .
16 . . . . . . . . . . . . . . . . . . .
15 . . . . . . . . . . . . . . . . @ . .
14 . . . . . . . . . . . . . . . . . . .
13 . . . . . . . . . . . . . . . . . . .
12 . . . . . . . . . . . . . . . . . X .
11 . . . . . . . . . . . . . . . . . . .
10 . . . . . . . . . . . . . . . . . . X
 9 . . . . . . . . . . . . . . . . . . .
 8 . . . . . . . . . . . . . . . . . . .
 7 . . . . . . . . . . . . . . . . . . .
 6 . . . . . . . . . . . . . . . . . . .
 5 . . . . . . . . . . . . . . . . . . .
 4 . . . . . . . . . . . . . . . . . . .
 3 . . . . . . . . . . . . . . . . . . .
 2 . . . . . . . . . . . . . . . . . . .
 1 . . . . . . . . . . . . . . . . . . .

koPOSITIONALscoreAREAtaxNONEsui1komi7.5
Time taken: 0.516
Root visits: 137
New playouts: 137
NN rows: 137
NN batches: 90
NN avg batch size: 1.52222
PlayoutDoublingAdvantage: -0.5
PV: O13
Tree:
: T  23.82c W  32.81c S  -9.02c (+24.1 L  +3.9) N     137  --  O13
---Black(^)---
O13 : T  24.27c W  33.28c S  -9.01c (+24.2 L  +3.9) LCB -325.73c P  0.29% WF   1.0 PSV       1 N       1  --  O13
pss : T  20.90c W  30.45c S  -9.55c (+22.4 L  +3.7) LCB -329.10c P  0.58% WF   1.0 PSV       1 N       1  --  pass
S11 : T  22.54c W  31.71c S  -9.17c (+23.2 L  +3.8) LCB -327.46c P  0.32% WF   1.0 PSV       1 N       1  --  S11
S13 : T  22.79c W  31.97c S  -9.18c (+23.3 L  +3.8) LCB -327.21c P  0.31% WF   1.0 PSV       1 N       1  --  S13
R13 : T  23.83c W  32.82c S  -8.99c (+24.1 L  +4.0) LCB -326.17c P  0.31% WF   1.0 PSV       1 N       1  --  R13
S10 : T  23.69c W  32.71c S  -9.02c (+24.0 L  +3.9) LCB -326.31c P  0.30% WF   1.0 PSV       1 N       1  --  S10
R12 : T  23.27c W  32.37c S  -9.10c (+23.5 L  +3.8) LCB -326.73c P  0.30% WF   1.0 PSV       1 N       1  --  R12
R11 : T  23.39c W  32.35c S  -8.96c (+23.7 L  +3.8) LCB -326.61c P  0.30% WF   1.0 PSV       1 N       1  --  R11
S14 : T  22.64c W  31.86c S  -9.22c (+23.3 L  +3.8) LCB -327.36c P  0.30% WF   1.0 PSV       1 N       1  --  S14
R14 : T  23.47c W  32.51c S  -9.03c (+23.8 L  +3.8) LCB -326.53c P  0.30% WF   1.0 PSV       1 N       1  --  R14

2025-11-28 17:42:38+0700: = R15
2025-11-28 17:42:39+0700: Controller: genmove b
2025-11-28 17:42:39+0700: MoveNum: 0 HASH: E77E3A0EE7FAE8ED0E2E1DC2E9C351DC
   A B C D E F G H J K L M N O P Q R S T
19 . . . . . . . . . . . . . . . . . . .
18 . . . . . . . . . . . . . . . . . . .
17 . . . . . . . . . . . . . . . . . . .
16 . . . . . . . . . . . . . . . . . . .
15 . . . . . . . . . . . . . . . . X . .
14 . . . . . . . . . . . . . . . . . . .
13 . . . . . . . . . . . . . . . . . . .
12 . . . . . . . . . . . . . . . . . X .
11 . . . . . . . . . . . . . . . . @ . .
10 . . . . . . . . . . . . . . . . . . X
 9 . . . . . . . . . . . . . . . . . . .
 8 . . . . . . . . . . . . . . . . . . .
 7 . . . . . . . . . . . . . . . . . . .
 6 . . . . . . . . . . . . . . . . . . .
 5 . . . . . . . . . . . . . . . . . . .
 4 . . . . . . . . . . . . . . . . . . .
 3 . . . . . . . . . . . . . . . . . . .
 2 . . . . . . . . . . . . . . . . . . .
 1 . . . . . . . . . . . . . . . . . . .

koPOSITIONALscoreAREAtaxNONEsui1komi7.5
Time taken: 0.532
Root visits: 140
New playouts: 140
NN rows: 140
NN batches: 94
NN avg batch size: 1.48936
PlayoutDoublingAdvantage: -1.125
PV: O14
Tree:
: T  20.08c W  28.81c S  -8.75c (+22.9 L  +4.6) N     140  --  O14
---Black(^)---
O14 : T  21.69c W  30.18c S  -8.49c (+23.6 L  +4.7) LCB -328.31c P  0.29% WF   1.0 PSV       1 N       1  --  O14
pss : T  17.27c W  26.62c S  -9.34c (+21.1 L  +4.3) LCB -332.73c P  0.63% WF   1.0 PSV       1 N       1  --  pass
R12 : T  20.57c W  29.25c S  -8.68c (+23.1 L  +4.7) LCB -329.43c P  0.31% WF   1.0 PSV       1 N       1  --  R12
R11 : T  20.67c W  29.25c S  -8.58c (+23.0 L  +4.6) LCB -329.33c P  0.31% WF   1.0 PSV       1 N       1  --  R11
Q15 : T  20.38c W  29.14c S  -8.76c (+22.9 L  +4.5) LCB -329.62c P  0.31% WF   1.0 PSV       1 N       1  --  Q15
Q13 : T  20.46c W  29.20c S  -8.74c (+23.0 L  +4.5) LCB -329.54c P  0.30% WF   1.0 PSV       1 N       1  --  Q13
S15 : T  20.71c W  29.29c S  -8.58c (+23.1 L  +4.5) LCB -329.29c P  0.30% WF   1.0 PSV       1 N       1  --  S15
R10 : T  18.55c W  27.47c S  -8.92c (+22.2 L  +4.5) LCB -331.45c P  0.30% WF   1.0 PSV       1 N       1  --  R10
Q14 : T  19.75c W  28.46c S  -8.71c (+22.7 L  +4.5) LCB -330.25c P  0.30% WF   1.0 PSV       1 N       1  --  Q14
S14 : T  19.83c W  28.62c S  -8.79c (+22.7 L  +4.6) LCB -330.17c P  0.30% WF   1.0 PSV       1 N       1  --  S14

2025-11-28 17:42:39+0700: = R11
2025-11-28 17:42:41+0700: Controller: genmove b
2025-11-28 17:42:41+0700: MoveNum: 0 HASH: F188032BE81D7ADFEBC2FB463B648075
   A B C D E F G H J K L M N O P Q R S T
19 . . . . . . . . . . . . . . . . . . .
18 . . . . . . . . . . . . . . . . . . .
17 . . . . . . . . . . . . . . . . . . .
16 . . . . . . . . . . . . . . . . . . .
15 . . . . . . . . . . . . . . . . X . .
14 . . . . . . . . . . . . . . . . . . .
13 . . . . . . . . . . . . . . . . . . .
12 . . . . . . . . . . . . . . . . . X .
11 . . . . . . . . . . . . . . . . X . .
10 . . . . . . . . . . . . . . . . . . X
 9 . . . . . . . . . . . . . . . . . . .
 8 . . . . . . . . . . . . . . . . . . .
 7 . . . . . . . . . . . . . . . . . . .
 6 . . . . . . . . . . . . . . . . . . .
 5 . . . . . . . . . . . . . . . . . @ .
 4 . . . . . . . . . . . . . . . . . . .
 3 . . . . . . . . . . . . . . . . . . .
 2 . . . . . . . . . . . . . . . . . . .
 1 . . . . . . . . . . . . . . . . . . .

koPOSITIONALscoreAREAtaxNONEsui1komi7.5
Time taken: 0.531
Root visits: 138
New playouts: 138
NN rows: 138
NN batches: 90
NN avg batch size: 1.53333
PlayoutDoublingAdvantage: -1.875
PV: L11
Tree:
: T  15.08c W  23.58c S  -8.52c (+20.8 L  +5.7) N     138  --  L11
---Black(^)---
L11 : T  16.80c W  25.05c S  -8.25c (+21.5 L  +5.7) LCB -333.20c P  0.28% WF   1.0 PSV       1 N       1  --  L11
pss : T  12.68c W  21.77c S  -9.08c (+19.3 L  +5.4) LCB -337.32c P  0.65% WF   1.0 PSV       1 N       1  --  pass
S14 : T  12.89c W  21.71c S  -8.82c (+19.7 L  +5.4) LCB -337.11c P  0.32% WF   1.0 PSV       1 N       1  --  S14
S13 : T  14.23c W  22.96c S  -8.73c (+20.1 L  +5.7) LCB -335.77c P  0.32% WF   1.0 PSV       1 N       1  --  S13
S10 : T  14.20c W  22.76c S  -8.56c (+20.4 L  +5.5) LCB -335.80c P  0.32% WF   1.0 PSV       1 N       1  --  S10
R9  : T  13.34c W  22.05c S  -8.71c (+20.0 L  +5.5) LCB -336.66c P  0.32% WF   1.0 PSV       1 N       1  --  R9
R13 : T  15.58c W  24.07c S  -8.49c (+20.9 L  +5.8) LCB -334.42c P  0.32% WF   1.0 PSV       1 N       1  --  R13
Q13 : T  13.42c W  22.14c S  -8.72c (+20.0 L  +5.4) LCB -336.58c P  0.32% WF   1.0 PSV       1 N       1  --  Q13
R10 : T  15.13c W  23.71c S  -8.57c (+20.7 L  +5.7) LCB -334.87c P  0.32% WF   1.0 PSV       1 N       1  --  R10
R12 : T  15.79c W  24.20c S  -8.41c (+21.0 L  +5.9) LCB -334.21c P  0.31% WF   1.0 PSV       1 N       1  --  R12

2025-11-28 17:42:41+0700: = S5
2025-11-28 17:42:43+0700: Controller: genmove b
2025-11-28 17:42:43+0700: MoveNum: 0 HASH: 54966CAAF667FF4B84BFB70634EC745E
   A B C D E F G H J K L M N O P Q R S T
19 . . . . . . . . . . . . . . . . . . .
18 . . . . . . . . . . . . . . . . . . .
17 . . . . . . . . . . . . . . . . . . .
16 . . . . . . . . . . . . . . . . . . .
15 . . . . . . . . . . . . . . . . X . .
14 . . . . . . . . . . . . . . . . . . .
13 . . . . . . . . . . . . . . . @ . . .
12 . . . . . . . . . . . . . . . . . X .
11 . . . . . . . . . . . . . . . . X . .
10 . . . . . . . . . . . . . . . . . . X
 9 . . . . . . . . . . . . . . . . . . .
 8 . . . . . . . . . . . . . . . . . . .
 7 . . . . . . . . . . . . . . . . . . .
 6 . . . . . . . . . . . . . . . . . . .
 5 . . . . . . . . . . . . . . . . . X .
 4 . . . . . . . . . . . . . . . . . . .
 3 . . . . . . . . . . . . . . . . . . .
 2 . . . . . . . . . . . . . . . . . . .
 1 . . . . . . . . . . . . . . . . . . .

koPOSITIONALscoreAREAtaxNONEsui1komi7.5
Time taken: 0.532
Root visits: 140
New playouts: 140
NN rows: 140
NN batches: 93
NN avg batch size: 1.50538
PlayoutDoublingAdvantage: -2.5
PV: Q12
Tree:
: T  11.57c W  19.52c S  -7.97c (+19.3 L  +6.4) N     140  --  Q12
---Black(^)---
Q12 : T  14.44c W  21.88c S  -7.44c (+20.6 L  +6.6) LCB -335.56c P  0.30% WF   1.0 PSV       1 N       1  --  Q12
pss : T   8.59c W  17.26c S  -8.67c (+17.3 L  +6.1) LCB -341.41c P  0.67% WF   1.0 PSV       1 N       1  --  pass
Q14 : T  13.93c W  21.44c S  -7.51c (+20.4 L  +6.5) LCB -336.07c P  0.31% WF   1.0 PSV       1 N       1  --  Q14
Q15 : T  13.93c W  21.47c S  -7.54c (+20.5 L  +6.5) LCB -336.07c P  0.31% WF   1.0 PSV       1 N       1  --  Q15
S10 : T  13.23c W  20.86c S  -7.63c (+19.9 L  +6.5) LCB -336.77c P  0.31% WF   1.0 PSV       1 N       1  --  S10
Q11 : T  10.79c W  18.72c S  -7.94c (+19.1 L  +6.3) LCB -339.21c P  0.31% WF   1.0 PSV       1 N       1  --  Q11
Q13 : T  12.63c W  20.47c S  -7.84c (+19.7 L  +6.5) LCB -337.37c P  0.31% WF   1.0 PSV       1 N       1  --  Q13
R12 : T   9.65c W  17.78c S  -8.13c (+18.4 L  +6.2) LCB -340.35c P  0.31% WF   1.0 PSV       1 N       1  --  R12
S13 : T  10.97c W  19.11c S  -8.14c (+18.7 L  +6.4) LCB -339.03c P  0.30% WF   1.0 PSV       1 N       1  --  S13
S9  : T  10.92c W  19.09c S  -8.18c (+18.7 L  +6.4) LCB -339.08c P  0.30% WF   1.0 PSV       1 N       1  --  S9

2025-11-28 17:42:43+0700: = Q13
