2025-11-28 19:58:12+0700: Running with following config:
allowResignation = true
lagBuffer = 0.0
logAllGTPCommunication = true
logDir = gtp_logs
logSearchInfo = true
logSearchInfoForChosenMove = false
logToStderr = false
maxPlayouts = 500
maxPlayoutsPondering = 3000
maxTime = 0.5
maxTimePondering = 60.0
maxVisits = 300
maxVisitsPondering = 5000
numSearchThreads = 16
ponderingEnabled = false
resignConsecTurns = 3
resignThreshold = -0.90
rules = tromp-taylor
searchFactorAfterOnePass = 0.50
searchFactorAfterTwoPass = 0.25
searchFactorWhenWinning = 0.40
searchFactorWhenWinningThreshold = 0.95

2025-11-28 19:58:12+0700: GTP Engine starting...
2025-11-28 19:58:12+0700: KataGo v1.14.0
2025-11-28 19:58:12+0700: Using TrompTaylor rules initially, unless GTP/GUI overrides this
2025-11-28 19:58:12+0700: Using 16 CPU thread(s) for search
2025-11-28 19:58:12+0700: nnRandSeed0 = 37795211662413724
2025-11-28 19:58:12+0700: After dedups: nnModelFile0 = model.gz useFP16 auto useNHWC auto
2025-11-28 19:58:12+0700: Initializing neural net buffer to be size 19 * 19 exactly
2025-11-28 19:58:12+0700: Eigen (CPU) backend thread 3: Model version 8
2025-11-28 19:58:12+0700: Eigen (CPU) backend thread 3: Model name: b6c96-s1995008-d1329786
2025-11-28 19:58:12+0700: Eigen (CPU) backend thread 4: Model version 8
2025-11-28 19:58:12+0700: Eigen (CPU) backend thread 4: Model name: b6c96-s1995008-d1329786
2025-11-28 19:58:12+0700: Eigen (CPU) backend thread 5: Model version 8
2025-11-28 19:58:12+0700: Eigen (CPU) backend thread 5: Model name: b6c96-s1995008-d1329786
2025-11-28 19:58:12+0700: Eigen (CPU) backend thread 1: Model version 8
2025-11-28 19:58:12+0700: Eigen (CPU) backend thread 1: Model name: b6c96-s1995008-d1329786
2025-11-28 19:58:12+0700: Eigen (CPU) backend thread 2: Model version 8
2025-11-28 19:58:12+0700: Eigen (CPU) backend thread 2: Model name: b6c96-s1995008-d1329786
2025-11-28 19:58:12+0700: Eigen (CPU) backend thread 6: Model version 8
2025-11-28 19:58:12+0700: Eigen (CPU) backend thread 6: Model name: b6c96-s1995008-d1329786
2025-11-28 19:58:12+0700: Eigen (CPU) backend thread 7: Model version 8
2025-11-28 19:58:12+0700: Eigen (CPU) backend thread 7: Model name: b6c96-s1995008-d1329786
2025-11-28 19:58:12+0700: Eigen (CPU) backend thread 0: Model version 8
2025-11-28 19:58:12+0700: Eigen (CPU) backend thread 0: Model name: b6c96-s1995008-d1329786
2025-11-28 19:58:12+0700: Loaded neural net with nnXLen 19 nnYLen 19
2025-11-28 19:58:12+0700: Initializing board with boardXSize 19 boardYSize 19
2025-11-28 19:58:12+0700: Loaded config default_gtp.cfg
2025-11-28 19:58:12+0700: Loaded model model.gz
2025-11-28 19:58:12+0700: Model name: b6c96-s1995008-d1329786
2025-11-28 19:58:12+0700: GTP ready, beginning main protocol loop
2025-11-28 19:58:12+0700: Controller: boardsize 2
2025-11-28 19:58:12+0700: GPU -1 finishing, processed 0 rows 0 batches
2025-11-28 19:58:12+0700: GPU -1 finishing, processed 0 rows 0 batches
2025-11-28 19:58:12+0700: GPU -1 finishing, processed 0 rows 0 batches
2025-11-28 19:58:12+0700: GPU -1 finishing, processed 0 rows 0 batches
2025-11-28 19:58:12+0700: GPU -1 finishing, processed 0 rows 0 batches
2025-11-28 19:58:12+0700: GPU -1 finishing, processed 0 rows 0 batches
2025-11-28 19:58:12+0700: GPU -1 finishing, processed 0 rows 0 batches
2025-11-28 19:58:12+0700: GPU -1 finishing, processed 0 rows 0 batches
2025-11-28 19:58:12+0700: Cleaned up old neural net and bot
2025-11-28 19:58:12+0700: nnRandSeed0 = 8285849547160326784
2025-11-28 19:58:12+0700: After dedups: nnModelFile0 = model.gz useFP16 auto useNHWC auto
2025-11-28 19:58:12+0700: Initializing neural net buffer to be size 2 * 2 exactly
2025-11-28 19:58:12+0700: Eigen (CPU) backend thread 0: Model version 8
2025-11-28 19:58:12+0700: Eigen (CPU) backend thread 0: Model name: b6c96-s1995008-d1329786
2025-11-28 19:58:12+0700: Eigen (CPU) backend thread 2: Model version 8
2025-11-28 19:58:12+0700: Eigen (CPU) backend thread 2: Model name: b6c96-s1995008-d1329786
2025-11-28 19:58:12+0700: Eigen (CPU) backend thread 3: Model version 8
2025-11-28 19:58:12+0700: Eigen (CPU) backend thread 1: Model version 8
2025-11-28 19:58:12+0700: Eigen (CPU) backend thread 1: Model name: b6c96-s1995008-d1329786
2025-11-28 19:58:12+0700: Eigen (CPU) backend thread 3: Model name: b6c96-s1995008-d1329786
2025-11-28 19:58:12+0700: Eigen (CPU) backend thread 4: Model version 8
2025-11-28 19:58:12+0700: Eigen (CPU) backend thread 4: Model name: b6c96-s1995008-d1329786
2025-11-28 19:58:12+0700: Eigen (CPU) backend thread 5: Model version 8
2025-11-28 19:58:12+0700: Eigen (CPU) backend thread 5: Model name: b6c96-s1995008-d1329786
2025-11-28 19:58:12+0700: Eigen (CPU) backend thread 6: Model version 8
2025-11-28 19:58:12+0700: Eigen (CPU) backend thread 6: Model name: b6c96-s1995008-d1329786
2025-11-28 19:58:12+0700: Eigen (CPU) backend thread 7: Model version 8
2025-11-28 19:58:12+0700: Eigen (CPU) backend thread 7: Model name: b6c96-s1995008-d1329786
2025-11-28 19:58:12+0700: Loaded neural net with nnXLen 2 nnYLen 2
2025-11-28 19:58:12+0700: Initializing board with boardXSize 2 boardYSize 2
2025-11-28 19:58:12+0700: = 
2025-11-28 19:58:12+0700: Controller: genmove b
2025-11-28 19:58:13+0700: MoveNum: 0 HASH: CEA26448910A5BF5F35A3098A28FEA31
   A B
 2 . @
 1 . .

koPOSITIONALscoreAREAtaxNONEsui1komi7.5
Time taken: 0.047
Root visits: 315
New playouts: 315
NN rows: 72
NN batches: 60
NN avg batch size: 1.2
PV: B2 A1 B1 pass pass
Tree:
: T -115.87c W -83.94c S -14.96c ( -4.3 L  -4.5) N     315  --  B2 A1 B1 pass pass
---Black(^)---
B2  : T -115.17c W -83.19c S -14.15c ( -4.0 L  -4.3) LCB -128.06c P 21.23% WF 285.0 PSV     283 N     283  --  B2 A1 B1 pass pass
pss : T -127.17c W -94.59c S -28.18c ( -7.2 L  -7.3) LCB -153.70c P 18.35% WF  29.0 PSV      30 N      31  --  pass pass

2025-11-28 19:58:13+0700: = B2
2025-11-28 19:58:13+0700: Controller: genmove w
2025-11-28 19:58:13+0700: MoveNum: 1 HASH: 308FF3323471377AFEF87BE00BC77DFC
   A B
 2 . X1
 1 @ .

koPOSITIONALscoreAREAtaxNONEsui1komi7.5
Time taken: 0
Root visits: 301
New playouts: 23
NN rows: 1
NN batches: 1
NN avg batch size: 1
PV: A1 B1 pass A2 pass pass
Tree:
: T 101.85c W  85.07c S   3.51c ( +4.0 L  +4.3) N     301  --  A1 B1 pass A2 pass pass
---White(^)---
A1  : T 105.80c W  88.31c S   4.66c ( +4.4 L  +4.7) LCB   96.18c P 30.55% WF 292.1 PSV     285 N     285  --  A1 B1 pass A2 pass pass
pss : T -28.94c W -20.15c S -12.52c ( -9.0 L -10.8) LCB -140.71c P 25.00% WF   4.1 PSV       3 N       8  --  pass A1 pass
A2  : T -20.48c W -18.11c S  -8.94c ( -6.0 L  -6.7) LCB -116.82c P 21.72% WF   3.8 PSV       3 N       7  --  A2 A1 pass B1

2025-11-28 19:58:13+0700: = A1
2025-11-28 19:58:13+0700: Controller: genmove b
2025-11-28 19:58:13+0700: MoveNum: 2 HASH: 93B2ECE9EC0448C2C85C593F2893F20E
   A B
 2 . X1
 1 O2@

koPOSITIONALscoreAREAtaxNONEsui1komi7.5
Time taken: 0
Root visits: 314
New playouts: 141
NN rows: 3
NN batches: 2
NN avg batch size: 1.5
PV: B1 pass A2 pass pass
Tree:
: T -103.29c W -93.12c S  -3.75c ( -3.9 L  -4.0) N     314  --  B1 pass A2 pass pass
---Black(^)---
B1  : T -100.80c W -93.14c S  -2.51c ( -3.5 L  -3.6) LCB -109.11c P 31.40% WF 276.0 PSV     270 N     270  --  B1 pass A2 pass pass
pss : T -125.00c W -95.62c S -14.90c ( -7.0 L  -7.3) LCB -140.58c P 40.59% WF  37.0 PSV      25 N      43  --  pass pass

2025-11-28 19:58:13+0700: = B1
2025-11-28 19:58:13+0700: Controller: genmove w
2025-11-28 19:58:13+0700: MoveNum: 3 HASH: 09E34D0D550843F5F27EB02CAFDD90E9
   A B
 2 . X1
 1 O2X3

koPOSITIONALscoreAREAtaxNONEsui1komi7.5
Time taken: 0.015
Root visits: 302
New playouts: 33
NN rows: 1
NN batches: 1
NN avg batch size: 1
PV: pass A2 pass pass
Tree:
: T 108.31c W  94.11c S   4.50c ( +3.6 L  +3.7) N     302  --  pass A2 pass pass
---White(^)---
pss : T 111.89c W  97.67c S   6.62c ( +3.6 L  +3.6) LCB  107.35c P 50.40% WF 287.2 PSV     280 N     280  --  pass A2 pass pass
A2  : T  44.43c W  28.84c S   1.19c ( +3.2 L  +5.0) LCB  -35.96c P 49.60% WF  13.8 PSV      10 N      21  --  A2 B1 B2 B1 A1 A2

2025-11-28 19:58:13+0700: = pass
2025-11-28 19:58:13+0700: Controller: genmove b
2025-11-28 19:58:13+0700: MoveNum: 4 HASH: 09E34D0D550843F5F27EB02CAFDD90E9
   A B
 2 @ X
 1 O1X2

koPOSITIONALscoreAREAtaxNONEsui1komi7.5
Time taken: 0
Root visits: 164
New playouts: 164
NN rows: 11
NN batches: 10
NN avg batch size: 1.1
PV: A2 pass pass
Tree:
: T -123.29c W -91.14c S -19.54c ( -4.5 L  -4.6) N     164  --  A2 pass pass
---Black(^)---
A2  : T -121.62c W -89.93c S -17.44c ( -3.9 L  -3.8) LCB -136.19c P 46.75% WF 114.5 PSV     113 N     114  --  A2 pass pass
pss : T -129.76c W -95.79c S -27.64c ( -6.4 L  -6.8) LCB -142.34c P 53.25% WF  47.2 PSV      47 N      49  --  pass pass

2025-11-28 19:58:13+0700: = resign
2025-11-28 19:58:13+0700: Controller: genmove w
2025-11-28 19:58:13+0700: MoveNum: 0 HASH: 09E34D0D550843F5F27EB02CAFDD90E9
   A B
 2 . X
 1 O X

koPOSITIONALscoreAREAtaxNONEsui1komi7.5
Time taken: 0.032
Root visits: 315
New playouts: 315
NN rows: 53
NN batches: 41
NN avg batch size: 1.29268
PV: pass A2 A1 B2 pass pass
Tree:
: T  98.19c W  67.33c S  17.30c ( +6.1 L  +6.5) N     315  --  pass A2 A1 B2 pass pass
---White(^)---
pss : T 102.96c W  71.07c S  18.59c ( +6.5 L  +6.9) LCB   86.09c P 50.40% WF 293.2 PSV     282 N     284  --  pass A2 A1 B2 pass pass
A2  : T  25.99c W  10.31c S   6.03c ( +0.4 L  +1.0) LCB  -30.86c P 49.60% WF  17.6 PSV      18 N      30  --  A2 B1 B2 B1 A2 pass

2025-11-28 19:58:13+0700: = pass
2025-11-28 19:58:13+0700: Controller: genmove b
2025-11-28 19:58:13+0700: MoveNum: 1 HASH: 09E34D0D550843F5F27EB02CAFDD90E9
   A B
 2 @ X
 1 O X

koPOSITIONALscoreAREAtaxNONEsui1komi7.5
Time taken: 0
Root visits: 165
New playouts: 165
NN rows: 11
NN batches: 9
NN avg batch size: 1.22222
PV: A2 A1 B2 pass pass
Tree:
: T -90.60c W -58.26c S -12.09c ( -5.2 L  -5.5) N     165  --  A2 A1 B2 pass pass
---Black(^)---
A2  : T -86.71c W -54.41c S -11.58c ( -5.2 L  -5.5) LCB -112.50c P 46.75% WF 144.4 PSV     140 N     142  --  A2 A1 B2 pass pass
pss : T -127.15c W -92.54c S -25.50c ( -6.2 L  -6.6) LCB -151.26c P 53.25% WF  17.6 PSV      22 N      22  --  pass pass

2025-11-28 19:58:13+0700: = A2
2025-11-28 19:58:13+0700: GPU -1 finishing, processed 18 rows 14 batches
2025-11-28 19:58:13+0700: GPU -1 finishing, processed 19 rows 16 batches
2025-11-28 19:58:13+0700: GPU -1 finishing, processed 18 rows 16 batches
2025-11-28 19:58:13+0700: GPU -1 finishing, processed 21 rows 16 batches
2025-11-28 19:58:13+0700: GPU -1 finishing, processed 14 rows 11 batches
2025-11-28 19:58:13+0700: GPU -1 finishing, processed 19 rows 16 batches
2025-11-28 19:58:13+0700: GPU -1 finishing, processed 20 rows 16 batches
2025-11-28 19:58:13+0700: GPU -1 finishing, processed 23 rows 19 batches
2025-11-28 19:58:13+0700: All cleaned up, quitting
