2025-11-28 19:57:21+0700: Running with following config:
allowResignation = true
lagBuffer = 0.0
logAllGTPCommunication = true
logDir = gtp_logs
logSearchInfo = true
logSearchInfoForChosenMove = false
logToStderr = false
maxPlayouts = 500
maxPlayoutsPondering = 3000
maxTime = 0.5
maxTimePondering = 60.0
maxVisits = 300
maxVisitsPondering = 5000
numSearchThreads = 16
ponderingEnabled = false
resignConsecTurns = 3
resignThreshold = -0.90
rules = tromp-taylor
searchFactorAfterOnePass = 0.50
searchFactorAfterTwoPass = 0.25
searchFactorWhenWinning = 0.40
searchFactorWhenWinningThreshold = 0.95

2025-11-28 19:57:21+0700: GTP Engine starting...
2025-11-28 19:57:21+0700: KataGo v1.14.0
2025-11-28 19:57:21+0700: Using TrompTaylor rules initially, unless GTP/GUI overrides this
2025-11-28 19:57:21+0700: Using 16 CPU thread(s) for search
2025-11-28 19:57:21+0700: nnRandSeed0 = 18197448166901119010
2025-11-28 19:57:21+0700: After dedups: nnModelFile0 = model.gz useFP16 auto useNHWC auto
2025-11-28 19:57:21+0700: Initializing neural net buffer to be size 19 * 19 exactly
2025-11-28 19:57:21+0700: Eigen (CPU) backend thread 0: Model version 8
2025-11-28 19:57:21+0700: Eigen (CPU) backend thread 0: Model name: b6c96-s1995008-d1329786
2025-11-28 19:57:21+0700: Eigen (CPU) backend thread 4: Model version 8
2025-11-28 19:57:21+0700: Eigen (CPU) backend thread 4: Model name: b6c96-s1995008-d1329786
2025-11-28 19:57:21+0700: Eigen (CPU) backend thread 2: Model version 8
2025-11-28 19:57:21+0700: Eigen (CPU) backend thread 2: Model name: b6c96-s1995008-d1329786
2025-11-28 19:57:21+0700: Eigen (CPU) backend thread 1: Model version 8
2025-11-28 19:57:21+0700: Eigen (CPU) backend thread 1: Model name: b6c96-s1995008-d1329786
2025-11-28 19:57:21+0700: Eigen (CPU) backend thread 5: Model version 8
2025-11-28 19:57:21+0700: Eigen (CPU) backend thread 5: Model name: b6c96-s1995008-d1329786
2025-11-28 19:57:21+0700: Eigen (CPU) backend thread 6: Model version 8
2025-11-28 19:57:21+0700: Eigen (CPU) backend thread 6: Model name: b6c96-s1995008-d1329786
2025-11-28 19:57:21+0700: Eigen (CPU) backend thread 7: Model version 8
2025-11-28 19:57:21+0700: Eigen (CPU) backend thread 7: Model name: b6c96-s1995008-d1329786
2025-11-28 19:57:21+0700: Eigen (CPU) backend thread 3: Model version 8
2025-11-28 19:57:21+0700: Eigen (CPU) backend thread 3: Model name: b6c96-s1995008-d1329786
2025-11-28 19:57:21+0700: Loaded neural net with nnXLen 19 nnYLen 19
2025-11-28 19:57:21+0700: Initializing board with boardXSize 19 boardYSize 19
2025-11-28 19:57:21+0700: Loaded config default_gtp.cfg
2025-11-28 19:57:21+0700: Loaded model model.gz
2025-11-28 19:57:21+0700: Model name: b6c96-s1995008-d1329786
2025-11-28 19:57:21+0700: GTP ready, beginning main protocol loop
2025-11-28 19:57:21+0700: Controller: boardsize 2
2025-11-28 19:57:21+0700: GPU -1 finishing, processed 0 rows 0 batches
2025-11-28 19:57:21+0700: GPU -1 finishing, processed 0 rows 0 batches
2025-11-28 19:57:21+0700: GPU -1 finishing, processed 0 rows 0 batches
2025-11-28 19:57:21+0700: GPU -1 finishing, processed 0 rows 0 batches
2025-11-28 19:57:21+0700: GPU -1 finishing, processed 0 rows 0 batches
2025-11-28 19:57:21+0700: GPU -1 finishing, processed 0 rows 0 batches
2025-11-28 19:57:21+0700: GPU -1 finishing, processed 0 rows 0 batches
2025-11-28 19:57:21+0700: GPU -1 finishing, processed 0 rows 0 batches
2025-11-28 19:57:21+0700: Cleaned up old neural net and bot
2025-11-28 19:57:21+0700: nnRandSeed0 = 6644651566376223756
2025-11-28 19:57:21+0700: After dedups: nnModelFile0 = model.gz useFP16 auto useNHWC auto
2025-11-28 19:57:21+0700: Initializing neural net buffer to be size 2 * 2 exactly
2025-11-28 19:57:21+0700: Eigen (CPU) backend thread 1: Model version 8
2025-11-28 19:57:21+0700: Eigen (CPU) backend thread 1: Model name: b6c96-s1995008-d1329786
2025-11-28 19:57:21+0700: Eigen (CPU) backend thread 0: Model version 8
2025-11-28 19:57:21+0700: Eigen (CPU) backend thread 0: Model name: b6c96-s1995008-d1329786
2025-11-28 19:57:21+0700: Eigen (CPU) backend thread 2: Model version 8
2025-11-28 19:57:21+0700: Eigen (CPU) backend thread 2: Model name: b6c96-s1995008-d1329786
2025-11-28 19:57:21+0700: Eigen (CPU) backend thread 3: Model version 8
2025-11-28 19:57:21+0700: Eigen (CPU) backend thread 3: Model name: b6c96-s1995008-d1329786
2025-11-28 19:57:21+0700: Eigen (CPU) backend thread 4: Model version 8
2025-11-28 19:57:21+0700: Eigen (CPU) backend thread 4: Model name: b6c96-s1995008-d1329786
2025-11-28 19:57:21+0700: Eigen (CPU) backend thread 7: Model version 8
2025-11-28 19:57:21+0700: Eigen (CPU) backend thread 7: Model name: b6c96-s1995008-d1329786
2025-11-28 19:57:21+0700: Eigen (CPU) backend thread 5: Model version 8
2025-11-28 19:57:21+0700: Eigen (CPU) backend thread 5: Model name: b6c96-s1995008-d1329786
2025-11-28 19:57:21+0700: Eigen (CPU) backend thread 6: Model version 8
2025-11-28 19:57:21+0700: Eigen (CPU) backend thread 6: Model name: b6c96-s1995008-d1329786
2025-11-28 19:57:21+0700: Loaded neural net with nnXLen 2 nnYLen 2
2025-11-28 19:57:21+0700: Initializing board with boardXSize 2 boardYSize 2
2025-11-28 19:57:21+0700: = 
2025-11-28 19:57:21+0700: Controller: genmove b
2025-11-28 19:57:21+0700: MoveNum: 0 HASH: CEA26448910A5BF5F35A3098A28FEA31
   A B
 2 . @
 1 . .

koPOSITIONALscoreAREAtaxNONEsui1komi7.5
Time taken: 0.031
Root visits: 315
New playouts: 315
NN rows: 94
NN batches: 71
NN avg batch size: 1.32394
PV: B2 A1 A2 pass pass
Tree:
: T -112.61c W -79.01c S -12.45c ( -3.8 L  -4.3) N     315  --  B2 A1 A2 pass pass
---Black(^)---
B2  : T -111.84c W -78.08c S -11.79c ( -3.6 L  -4.1) LCB -125.01c P 20.63% WF 292.1 PSV     290 N     290  --  B2 A1 A2 pass pass
pss : T -128.51c W -95.39c S -29.06c ( -7.4 L  -7.3) LCB -156.75c P 18.35% WF  21.9 PSV      23 N      24  --  pass pass

2025-11-28 19:57:21+0700: = B2
2025-11-28 19:57:21+0700: Controller: genmove w
2025-11-28 19:57:21+0700: MoveNum: 1 HASH: 308FF3323471377AFEF87BE00BC77DFC
   A B
 2 . X1
 1 @ .

koPOSITIONALscoreAREAtaxNONEsui1komi7.5
Time taken: 0
Root visits: 302
New playouts: 27
NN rows: 1
NN batches: 1
NN avg batch size: 1
PV: A1 A2 pass B1 pass pass
Tree:
: T 102.73c W  82.42c S   3.26c ( +3.8 L  +4.2) N     302  --  A1 A2 pass B1 pass pass
---White(^)---
A1  : T 109.29c W  88.82c S   5.45c ( +4.5 L  +4.9) LCB  100.29c P 26.88% WF 273.0 PSV     260 N     260  --  A1 A2 pass B1 pass pass
A2  : T  59.34c W  33.32c S  -3.93c ( -1.0 L  -0.1) LCB   11.10c P 24.20% WF  22.9 PSV       9 N      31  --  A2 A1 pass A2 pass pass
pss : T -25.07c W -17.54c S -12.89c ( -9.7 L -10.9) LCB -117.36c P 23.92% WF   5.1 PSV       3 N      10  --  pass A2 B1

2025-11-28 19:57:21+0700: = A1
2025-11-28 19:57:21+0700: Controller: genmove b
2025-11-28 19:57:21+0700: MoveNum: 2 HASH: 93B2ECE9EC0448C2C85C593F2893F20E
   A B
 2 . X1
 1 O2@

koPOSITIONALscoreAREAtaxNONEsui1komi7.5
Time taken: 0
Root visits: 315
New playouts: 167
NN rows: 2
NN batches: 1
NN avg batch size: 2
PV: B1 pass A2 pass pass
Tree:
: T -103.70c W -94.16c S  -3.93c ( -4.0 L  -4.2) N     315  --  B1 pass A2 pass pass
---Black(^)---
B1  : T -101.55c W -94.19c S  -2.84c ( -3.7 L  -3.9) LCB -108.56c P 34.93% WF 284.2 PSV     279 N     279  --  B1 pass A2 pass pass
pss : T -127.82c W -97.18c S -17.56c ( -7.2 L  -7.5) LCB -138.11c P 33.12% WF  29.8 PSV      17 N      35  --  pass pass

2025-11-28 19:57:21+0700: = B1
2025-11-28 19:57:21+0700: Controller: genmove w
2025-11-28 19:57:21+0700: MoveNum: 3 HASH: 09E34D0D550843F5F27EB02CAFDD90E9
   A B
 2 . X1
 1 O2X3

koPOSITIONALscoreAREAtaxNONEsui1komi7.5
Time taken: 0
Root visits: 301
New playouts: 23
NN rows: 1
NN batches: 1
NN avg batch size: 1
PV: pass A2 pass pass
Tree:
: T 108.42c W  94.78c S   4.67c ( +3.7 L  +3.8) N     301  --  pass A2 pass pass
---White(^)---
pss : T 111.23c W  98.02c S   6.65c ( +3.7 L  +3.6) LCB  107.30c P 47.99% WF 285.8 PSV     281 N     281  --  pass A2 pass pass
A2  : T  62.08c W  38.16c S   2.85c ( +4.9 L  +8.1) LCB  -16.72c P 52.01% WF  14.2 PSV      14 N      19  --  A2 B1 B2 pass pass

2025-11-28 19:57:21+0700: = pass
2025-11-28 19:57:21+0700: Controller: genmove b
2025-11-28 19:57:21+0700: MoveNum: 4 HASH: 09E34D0D550843F5F27EB02CAFDD90E9
   A B
 2 @ X
 1 O1X2

koPOSITIONALscoreAREAtaxNONEsui1komi7.5
Time taken: 0.016
Root visits: 163
New playouts: 163
NN rows: 15
NN batches: 12
NN avg batch size: 1.25
PV: A2 pass pass
Tree:
: T -123.29c W -91.82c S -17.65c ( -4.4 L  -4.4) N     163  --  A2 pass pass
---Black(^)---
A2  : T -121.83c W -91.26c S -15.68c ( -3.4 L  -3.4) LCB -135.72c P 45.08% WF  98.8 PSV      97 N     109  --  A2 pass pass
pss : T -128.37c W -94.53c S -23.40c ( -6.3 L  -6.8) LCB -142.40c P 54.92% WF  51.5 PSV      50 N      53  --  pass pass

2025-11-28 19:57:21+0700: = resign
2025-11-28 19:57:21+0700: Controller: genmove w
2025-11-28 19:57:21+0700: MoveNum: 0 HASH: 09E34D0D550843F5F27EB02CAFDD90E9
   A B
 2 . X
 1 O X

koPOSITIONALscoreAREAtaxNONEsui1komi7.5
Time taken: 0.016
Root visits: 314
New playouts: 314
NN rows: 50
NN batches: 39
NN avg batch size: 1.28205
PV: pass A2 pass A1 A1 B2 pass pass
Tree:
: T 106.53c W  75.01c S  17.44c ( +6.6 L  +7.0) N     314  --  pass A2 pass A1 A1 B2 pass
---White(^)---
pss : T 110.97c W  78.31c S  18.79c ( +6.9 L  +7.3) LCB   96.59c P 47.99% WF 297.8 PSV     287 N     287  --  pass A2 pass A1 A1 B2 pass pass
A2  : T  17.50c W   8.81c S   4.24c ( +0.3 L  +1.7) LCB  -46.29c P 52.01% WF  13.3 PSV      14 N      26  --  A2 B1 B2 B1 A2 A1

2025-11-28 19:57:21+0700: = pass
2025-11-28 19:57:21+0700: Controller: genmove b
2025-11-28 19:57:21+0700: MoveNum: 1 HASH: 09E34D0D550843F5F27EB02CAFDD90E9
   A B
 2 @ X
 1 O X

koPOSITIONALscoreAREAtaxNONEsui1komi7.5
Time taken: 0.015
Root visits: 165
New playouts: 165
NN rows: 8
NN batches: 8
NN avg batch size: 1
PV: A2 A1 B2 pass A2 pass pass
Tree:
: T -88.54c W -58.05c S -11.50c ( -6.5 L  -7.1) N     165  --  A2 A1 B2 pass A2 pass pass
---Black(^)---
A2  : T -84.82c W -54.53c S -11.22c ( -6.6 L  -7.3) LCB -109.63c P 45.08% WF 146.4 PSV     142 N     143  --  A2 A1 B2 pass A2 pass pass
pss : T -125.95c W -91.86c S -22.73c ( -6.1 L  -6.7) LCB -152.55c P 54.92% WF  16.7 PSV      21 N      21  --  pass pass

2025-11-28 19:57:21+0700: = A2
2025-11-28 19:57:21+0700: GPU -1 finishing, processed 20 rows 17 batches
2025-11-28 19:57:21+0700: GPU -1 finishing, processed 22 rows 19 batches
2025-11-28 19:57:21+0700: GPU -1 finishing, processed 19 rows 14 batches
2025-11-28 19:57:21+0700: GPU -1 finishing, processed 23 rows 17 batches
2025-11-28 19:57:21+0700: GPU -1 finishing, processed 29 rows 22 batches
2025-11-28 19:57:21+0700: GPU -1 finishing, processed 21 rows 15 batches
2025-11-28 19:57:21+0700: GPU -1 finishing, processed 18 rows 14 batches
2025-11-28 19:57:21+0700: GPU -1 finishing, processed 19 rows 15 batches
2025-11-28 19:57:21+0700: All cleaned up, quitting
