2025-11-28 17:38:14+0700: Running with following config:
allowResignation = true
lagBuffer = 0.0
logAllGTPCommunication = true
logDir = gtp_logs
logSearchInfo = true
logSearchInfoForChosenMove = false
logToStderr = false
maxPlayouts = 500
maxPlayoutsPondering = 3000
maxTime = 0.5
maxTimePondering = 60.0
maxVisits = 300
maxVisitsPondering = 5000
numSearchThreads = 16
ponderingEnabled = false
resignConsecTurns = 3
resignThreshold = -0.90
rules = tromp-taylor
searchFactorAfterOnePass = 0.50
searchFactorAfterTwoPass = 0.25
searchFactorWhenWinning = 0.40
searchFactorWhenWinningThreshold = 0.95

2025-11-28 17:38:14+0700: GTP Engine starting...
2025-11-28 17:38:14+0700: KataGo v1.14.0
2025-11-28 17:38:14+0700: Using TrompTaylor rules initially, unless GTP/GUI overrides this
2025-11-28 17:38:14+0700: Using 16 CPU thread(s) for search
2025-11-28 17:38:14+0700: nnRandSeed0 = 208078957412480556
2025-11-28 17:38:14+0700: After dedups: nnModelFile0 = model.gz useFP16 auto useNHWC auto
2025-11-28 17:38:14+0700: Initializing neural net buffer to be size 19 * 19 exactly
2025-11-28 17:38:15+0700: Eigen (CPU) backend thread 1: Model version 8
2025-11-28 17:38:15+0700: Eigen (CPU) backend thread 1: Model name: b6c96-s1995008-d1329786
2025-11-28 17:38:15+0700: Eigen (CPU) backend thread 0: Model version 8
2025-11-28 17:38:15+0700: Eigen (CPU) backend thread 0: Model name: b6c96-s1995008-d1329786
2025-11-28 17:38:15+0700: Eigen (CPU) backend thread 3: Model version 8
2025-11-28 17:38:15+0700: Eigen (CPU) backend thread 3: Model name: b6c96-s1995008-d1329786
2025-11-28 17:38:15+0700: Eigen (CPU) backend thread 4: Model version 8
2025-11-28 17:38:15+0700: Eigen (CPU) backend thread 4: Model name: b6c96-s1995008-d1329786
2025-11-28 17:38:15+0700: Eigen (CPU) backend thread 5: Model version 8
2025-11-28 17:38:15+0700: Eigen (CPU) backend thread 5: Model name: b6c96-s1995008-d1329786
2025-11-28 17:38:15+0700: Eigen (CPU) backend thread 6: Model version 8
2025-11-28 17:38:15+0700: Eigen (CPU) backend thread 6: Model name: b6c96-s1995008-d1329786
2025-11-28 17:38:15+0700: Eigen (CPU) backend thread 7: Model version 8
2025-11-28 17:38:15+0700: Eigen (CPU) backend thread 7: Model name: b6c96-s1995008-d1329786
2025-11-28 17:38:15+0700: Eigen (CPU) backend thread 2: Model version 8
2025-11-28 17:38:15+0700: Eigen (CPU) backend thread 2: Model name: b6c96-s1995008-d1329786
2025-11-28 17:38:15+0700: Loaded neural net with nnXLen 19 nnYLen 19
2025-11-28 17:38:15+0700: Initializing board with boardXSize 19 boardYSize 19
2025-11-28 17:38:15+0700: Loaded config default_gtp.cfg
2025-11-28 17:38:15+0700: Loaded model model.gz
2025-11-28 17:38:15+0700: Model name: b6c96-s1995008-d1329786
2025-11-28 17:38:15+0700: GTP ready, beginning main protocol loop
2025-11-28 17:38:15+0700: Controller: version
2025-11-28 17:38:15+0700: = 1.14.0
2025-11-28 17:38:15+0700: Controller: genmove b
2025-11-28 17:38:15+0700: MoveNum: 0 HASH: CDCBC1F514D7E680FACD226074256633
   A B C D E F G H J K L M N O P Q R S T
19 . . . . . . . . . . . . . . . . . . .
18 . . . . . . . . . . . . . . . . . . .
17 . . . . . . . . . . . . . . . . . . .
16 . . . . . . . . . . . . . . . . . . .
15 . . . . . . . . . . . . . . . . . . .
14 . . . . . . . . . . . . . . @ . . . .
13 . . . . . . . . . . . . . . . . . . .
12 . . . . . . . . . . . . . . . . . . .
11 . . . . . . . . . . . . . . . . . . .
10 . . . . . . . . . . . . . . . . . . .
 9 . . . . . . . . . . . . . . . . . . .
 8 . . . . . . . . . . . . . . . . . . .
 7 . . . . . . . . . . . . . . . . . . .
 6 . . . . . . . . . . . . . . . . . . .
 5 . . . . . . . . . . . . . . . . . . .
 4 . . . . . . . . . . . . . . . . . . .
 3 . . . . . . . . . . . . . . . . . . .
 2 . . . . . . . . . . . . . . . . . . .
 1 . . . . . . . . . . . . . . . . . . .

koPOSITIONALscoreAREAtaxNONEsui1komi7.5
Time taken: 0.547
Root visits: 128
New playouts: 128
NN rows: 128
NN batches: 82
NN avg batch size: 1.56098
PV: T19 S19 T18
Tree:
: T   1.27c W   6.57c S   2.12c ( +8.3 L  -2.3) N     128  --  T19 S19 T18
---Black(^)---
T19 : T   6.58c W   6.90c S   2.19c ( +8.3 L  -0.3) LCB  -90.02c P  0.28% WF   6.1 PSV       6 N       6  --  T19 S19 T18
P14 : T  28.62c W  24.30c S   4.56c (+15.7 L  -1.5) LCB -127.84c P  0.28% WF   2.1 PSV       2 N       2  --  P14 A18
R15 : T  27.20c W  23.06c S   4.38c (+15.2 L  -1.7) LCB -129.87c P  0.28% WF   2.1 PSV       2 N       2  --  R15 T18
P15 : T  26.81c W  22.83c S   4.24c (+14.8 L  -1.7) LCB -131.36c P  0.27% WF   2.1 PSV       2 N       2  --  P15 O15
Q13 : T  29.26c W  24.73c S   4.74c (+16.2 L  -1.7) LCB -126.24c P  0.27% WF   2.1 PSV       2 N       2  --  Q13 S1
R16 : T  42.33c W  34.91c S   7.42c (+25.7 L  +1.4) LCB -307.67c P  0.27% WF   1.1 PSV       1 N       1  --  R16
R17 : T  41.33c W  34.09c S   7.23c (+25.1 L  +1.3) LCB -308.67c P  0.27% WF   1.1 PSV       1 N       1  --  R17
Q10 : T  43.47c W  35.86c S   7.61c (+26.4 L  +1.6) LCB -306.53c P  0.27% WF   1.1 PSV       1 N       1  --  Q10
Q11 : T  43.34c W  35.75c S   7.59c (+26.3 L  +1.6) LCB -306.66c P  0.27% WF   1.1 PSV       1 N       1  --  Q11
Q12 : T  43.34c W  35.75c S   7.59c (+26.3 L  +1.6) LCB -306.66c P  0.27% WF   1.1 PSV       1 N       1  --  Q12

2025-11-28 17:38:15+0700: = P14
2025-11-28 17:38:15+0700: Controller: genmove b
2025-11-28 17:38:16+0700: MoveNum: 0 HASH: 4A6BC9BA2023877A39B3C13A54BD8FD1
   A B C D E F G H J K L M N O P Q R S T
19 . . . . . . . . . . . . . . . . . . .
18 . . . . . . . . . . . . . . . . . . .
17 . . . . . . . . . . . . . . . . . . .
16 . . . . . . . . . . . . . . . . . . .
15 . . . . . . . . . . . . . . . . . . .
14 . . . . . . . . . . . . . . X . . . .
13 . . . . . . . . . . . . . . . . . . .
12 . . . . . . . . . . . . . . . . . . .
11 . . . . . . . . . . . . . . . . . . .
10 . . . . . . . . . . . @ . . . . . . .
 9 . . . . . . . . . . . . . . . . . . .
 8 . . . . . . . . . . . . . . . . . . .
 7 . . . . . . . . . . . . . . . . . . .
 6 . . . . . . . . . . . . . . . . . . .
 5 . . . . . . . . . . . . . . . . . . .
 4 . . . . . . . . . . . . . . . . . . .
 3 . . . . . . . . . . . . . . . . . . .
 2 . . . . . . . . . . . . . . . . . . .
 1 . . . . . . . . . . . . . . . . . . .

koPOSITIONALscoreAREAtaxNONEsui1komi7.5
Time taken: 0.531
Root visits: 127
New playouts: 127
NN rows: 127
NN batches: 84
NN avg batch size: 1.5119
PV: O13
Tree:
: T  31.48c W  38.21c S  -6.76c (+28.3 L  +2.0) N     127  --  O13
---Black(^)---
O13 : T  32.24c W  38.86c S  -6.62c (+28.6 L  +2.0) LCB -317.76c P  0.30% WF   1.0 PSV       1 N       1  --  O13
pss : T  28.78c W  36.08c S  -7.30c (+26.5 L  +1.6) LCB -321.22c P  0.58% WF   1.0 PSV       1 N       1  --  pass
P15 : T  31.77c W  38.43c S  -6.66c (+28.4 L  +1.9) LCB -318.23c P  0.30% WF   1.0 PSV       1 N       1  --  P15
P12 : T  32.18c W  38.80c S  -6.61c (+28.6 L  +2.0) LCB -317.82c P  0.30% WF   1.0 PSV       1 N       1  --  P12
Q13 : T  31.48c W  38.23c S  -6.75c (+28.2 L  +1.9) LCB -318.52c P  0.30% WF   1.0 PSV       1 N       1  --  Q13
P13 : T  32.03c W  38.65c S  -6.62c (+28.6 L  +2.0) LCB -317.97c P  0.30% WF   1.0 PSV       1 N       1  --  P13
O15 : T  31.92c W  38.61c S  -6.70c (+28.4 L  +1.9) LCB -318.08c P  0.30% WF   1.0 PSV       1 N       1  --  O15
Q12 : T  31.74c W  38.42c S  -6.68c (+28.4 L  +1.9) LCB -318.26c P  0.30% WF   1.0 PSV       1 N       1  --  Q12
O12 : T  32.01c W  38.64c S  -6.63c (+28.5 L  +1.9) LCB -317.99c P  0.29% WF   1.0 PSV       1 N       1  --  O12
Q14 : T  31.61c W  38.29c S  -6.68c (+28.3 L  +1.9) LCB -318.39c P  0.29% WF   1.0 PSV       1 N       1  --  Q14

2025-11-28 17:38:16+0700: = M10
2025-11-28 17:38:16+0700: Controller: genmove b
2025-11-28 17:38:16+0700: MoveNum: 0 HASH: 196F25AD4A4BC6A1FBBF87D80236421D
   A B C D E F G H J K L M N O P Q R S T
19 . . . . . . . . . . . . . . . . . . .
18 . . . . . . . . . . . . . . . . . . .
17 . . . . . . . . . . . . . . . . . . .
16 . . . . . . . . . . . . . . . . . . .
15 . . . . . . . . . . . . . . . . . . .
14 . . . . . . . . . . . . . . X . . . .
13 . . . . . . . . . . . . . . . . . . .
12 . . . . . . . . . . . . . . . . . . .
11 . . . . . . . . . . . . . . . . . . .
10 . . . . . . . . . . . X . . . . . . .
 9 . . . . . . . . . . . . . . . . . . .
 8 . . . . . . . . . . . . . . . . . . .
 7 . . . . . . . . . . . @ . . . . . . .
 6 . . . . . . . . . . . . . . . . . . .
 5 . . . . . . . . . . . . . . . . . . .
 4 . . . . . . . . . . . . . . . . . . .
 3 . . . . . . . . . . . . . . . . . . .
 2 . . . . . . . . . . . . . . . . . . .
 1 . . . . . . . . . . . . . . . . . . .

koPOSITIONALscoreAREAtaxNONEsui1komi7.5
Time taken: 0.531
Root visits: 139
New playouts: 139
NN rows: 139
NN batches: 95
NN avg batch size: 1.46316
PlayoutDoublingAdvantage: -0.5
PV: N13
Tree:
: T  26.81c W  35.33c S  -8.55c (+25.2 L  +4.1) N     139  --  N13
---Black(^)---
N13 : T  27.04c W  35.53c S  -8.49c (+25.3 L  +4.1) LCB -322.96c P  0.29% WF   1.0 PSV       1 N       1  --  N13
pss : T  23.99c W  33.09c S  -9.09c (+23.6 L  +3.9) LCB -326.01c P  0.59% WF   1.0 PSV       1 N       1  --  pass
M11 : T  26.81c W  35.32c S  -8.51c (+25.2 L  +4.1) LCB -323.19c P  0.31% WF   1.0 PSV       1 N       1  --  M11
P12 : T  26.99c W  35.47c S  -8.48c (+25.3 L  +4.1) LCB -323.01c P  0.31% WF   1.0 PSV       1 N       1  --  P12
P13 : T  26.64c W  35.16c S  -8.52c (+25.1 L  +4.1) LCB -323.36c P  0.31% WF   1.0 PSV       1 N       1  --  P13
P15 : T  26.72c W  35.22c S  -8.50c (+25.2 L  +4.1) LCB -323.28c P  0.30% WF   1.0 PSV       1 N       1  --  P15
M9  : T  26.73c W  35.27c S  -8.53c (+25.1 L  +4.1) LCB -323.27c P  0.30% WF   1.0 PSV       1 N       1  --  M9
N8  : T  26.58c W  35.18c S  -8.60c (+25.0 L  +4.1) LCB -323.42c P  0.30% WF   1.0 PSV       1 N       1  --  N8
L11 : T  26.63c W  35.20c S  -8.57c (+25.0 L  +4.1) LCB -323.37c P  0.30% WF   1.0 PSV       1 N       1  --  L11
M8  : T  26.70c W  35.27c S  -8.57c (+25.0 L  +4.1) LCB -323.30c P  0.30% WF   1.0 PSV       1 N       1  --  M8

2025-11-28 17:38:16+0700: = M7
2025-11-28 17:38:16+0700: Controller: genmove b
2025-11-28 17:38:17+0700: MoveNum: 0 HASH: 06AE61D5F21FFE1631045EC35C1F1BEA
   A B C D E F G H J K L M N O P Q R S T
19 . . . . . . . . . . . . . . . . . . .
18 . . . . . . . . . . . . . . . . . . .
17 . . . . . . . . . . . . . . . . . . .
16 . . . . . . . . . . . . . . . . . . .
15 . . . . . . . . . . . . . . . . . . .
14 . . . . . . . . . . . . . . X . . . .
13 . . . . . . . . . . . . . . . . . . .
12 . . . . . . . . . . . . . . . . . . .
11 . . . . . . . . . . . . . . . . . . .
10 . . . . . . . . . . . X . . . . . . .
 9 . . . . . . . . . . . . . . . . . . .
 8 . . . . . . . . . . . . . . . . . . .
 7 . . . . . . . @ . . . X . . . . . . .
 6 . . . . . . . . . . . . . . . . . . .
 5 . . . . . . . . . . . . . . . . . . .
 4 . . . . . . . . . . . . . . . . . . .
 3 . . . . . . . . . . . . . . . . . . .
 2 . . . . . . . . . . . . . . . . . . .
 1 . . . . . . . . . . . . . . . . . . .

koPOSITIONALscoreAREAtaxNONEsui1komi7.5
Time taken: 0.547
Root visits: 136
New playouts: 136
NN rows: 136
NN batches: 91
NN avg batch size: 1.49451
PlayoutDoublingAdvantage: -1.125
PV: O10
Tree:
: T  24.84c W  32.83c S  -8.02c (+25.2 L  +5.0) N     136  --  O10
---Black(^)---
O10 : T  25.29c W  33.25c S  -7.96c (+25.3 L  +5.0) LCB -324.71c P  0.30% WF   1.0 PSV       1 N       1  --  O10
pss : T  21.85c W  30.48c S  -8.63c (+23.3 L  +4.6) LCB -328.15c P  0.62% WF   1.0 PSV       1 N       1  --  pass
N9  : T  25.04c W  33.01c S  -7.98c (+25.1 L  +5.0) LCB -324.96c P  0.31% WF   1.0 PSV       1 N       1  --  N9
L10 : T  24.89c W  32.86c S  -7.97c (+25.1 L  +5.0) LCB -325.11c P  0.31% WF   1.0 PSV       1 N       1  --  L10
L7  : T  25.05c W  33.03c S  -7.98c (+25.2 L  +5.0) LCB -324.95c P  0.31% WF   1.0 PSV       1 N       1  --  L7
O14 : T  24.92c W  32.94c S  -8.02c (+25.1 L  +5.0) LCB -325.08c P  0.31% WF   1.0 PSV       1 N       1  --  O14
N10 : T  25.00c W  32.97c S  -7.98c (+25.2 L  +5.0) LCB -325.00c P  0.31% WF   1.0 PSV       1 N       1  --  N10
O13 : T  25.04c W  33.04c S  -8.00c (+25.2 L  +5.0) LCB -324.96c P  0.30% WF   1.0 PSV       1 N       1  --  O13
L9  : T  25.08c W  33.03c S  -7.95c (+25.2 L  +5.0) LCB -324.92c P  0.30% WF   1.0 PSV       1 N       1  --  L9
N11 : T  24.88c W  32.90c S  -8.02c (+25.1 L  +5.0) LCB -325.12c P  0.30% WF   1.0 PSV       1 N       1  --  N11

2025-11-28 17:38:17+0700: = H7
2025-11-28 17:38:17+0700: Controller: genmove b
2025-11-28 17:38:17+0700: MoveNum: 0 HASH: EB520B958B5FB908FB286B3269309E42
   A B C D E F G H J K L M N O P Q R S T
19 . . . . . . . . . . . . . . . . . . .
18 . . . . . . . . . . . . . . . . . . .
17 . . . . . . . . . . . . . . . . . . .
16 . . . . . . . . . . . . . . . . . . .
15 . . . . . . . . . . . . . . . . . . .
14 . . . . . . . . . . . . . . X . . . .
13 . . . . . . . . . . . . . . . . . . .
12 . . . . . . . . . . . . . . . . . . .
11 . . . . . . . . . . . . . . . . . . .
10 . . . . . . . . . . . X . . . . . . .
 9 . . . . . . . . . . . . . . . . . . .
 8 . . . . . . . . . . . . . . . . . . .
 7 . . . . . . . X . . . X . . . . . . .
 6 . . . . . . . . . . . . . . . . . . .
 5 . . . . . . @ . . . . . . . . . . . .
 4 . . . . . . . . . . . . . . . . . . .
 3 . . . . . . . . . . . . . . . . . . .
 2 . . . . . . . . . . . . . . . . . . .
 1 . . . . . . . . . . . . . . . . . . .

koPOSITIONALscoreAREAtaxNONEsui1komi7.5
Time taken: 0.532
Root visits: 142
New playouts: 142
NN rows: 142
NN batches: 96
NN avg batch size: 1.47917
PlayoutDoublingAdvantage: -1.875
PV: K7
Tree:
: T  21.29c W  28.76c S  -7.49c (+24.0 L  +6.2) N     142  --  K7
---Black(^)---
K7  : T  21.82c W  29.23c S  -7.41c (+24.2 L  +6.2) LCB -328.18c P  0.29% WF   1.0 PSV       1 N       1  --  K7
pss : T  17.96c W  26.11c S  -8.15c (+22.0 L  +5.8) LCB -332.04c P  0.63% WF   1.0 PSV       1 N       1  --  pass
M8  : T  21.56c W  28.98c S  -7.42c (+24.1 L  +6.2) LCB -328.44c P  0.32% WF   1.0 PSV       1 N       1  --  M8
J8  : T  21.44c W  28.90c S  -7.46c (+24.0 L  +6.2) LCB -328.56c P  0.31% WF   1.0 PSV       1 N       1  --  J8
L9  : T  21.48c W  28.95c S  -7.47c (+24.0 L  +6.2) LCB -328.52c P  0.31% WF   1.0 PSV       1 N       1  --  L9
M11 : T  21.53c W  28.97c S  -7.45c (+24.1 L  +6.2) LCB -328.47c P  0.31% WF   1.0 PSV       1 N       1  --  M11
H8  : T  21.47c W  28.93c S  -7.46c (+24.1 L  +6.2) LCB -328.53c P  0.31% WF   1.0 PSV       1 N       1  --  H8
M9  : T  21.76c W  29.15c S  -7.39c (+24.2 L  +6.3) LCB -328.24c P  0.31% WF   1.0 PSV       1 N       1  --  M9
N11 : T  21.10c W  28.68c S  -7.58c (+23.7 L  +6.2) LCB -328.90c P  0.31% WF   1.0 PSV       1 N       1  --  N11
P15 : T  20.99c W  28.52c S  -7.53c (+23.8 L  +6.2) LCB -329.01c P  0.30% WF   1.0 PSV       1 N       1  --  P15

2025-11-28 17:38:17+0700: = G5
2025-11-28 17:38:17+0700: Controller: genmove b
2025-11-28 17:38:18+0700: MoveNum: 0 HASH: DA7CF6AE4B9E8371F889BE1799CD46AC
   A B C D E F G H J K L M N O P Q R S T
19 . . . . . . . . . . . . . . . . . . .
18 . . . . . . . . . . . . . . . . . . .
17 . . . . . . . . . . . . . . . . . . .
16 . . . . . . . . . . . . . . . . . . .
15 . . . . . . . . . . . . . . . . . . .
14 . . . . . . . . . . . . . . X . . . .
13 . . . . . . . . . . . . . . . . . . .
12 . . . . . . . . . . . . . . . . . . .
11 . . . . . . . . . . . . . . . . . . .
10 . . . . . . . . . . . X . . . . . . .
 9 . . . . . . . . . . . . . . . . . . .
 8 . . . . . . . . . . . . . . . . . . .
 7 . . . . . . . X . . . X . . . . . . .
 6 . . . . . . . . . . . . . . . . . . .
 5 . . . . . . X @ . . . . . . . . . . .
 4 . . . . . . . . . . . . . . . . . . .
 3 . . . . . . . . . . . . . . . . . . .
 2 . . . . . . . . . . . . . . . . . . .
 1 . . . . . . . . . . . . . . . . . . .

koPOSITIONALscoreAREAtaxNONEsui1komi7.5
Time taken: 0.531
Root visits: 142
New playouts: 142
NN rows: 142
NN batches: 94
NN avg batch size: 1.51064
PlayoutDoublingAdvantage: -2.5
PV: K7
Tree:
: T  18.35c W  25.28c S  -6.95c (+23.1 L  +7.0) N     142  --  K7
---Black(^)---
K7  : T  19.08c W  25.93c S  -6.85c (+23.4 L  +7.1) LCB -330.92c P  0.31% WF   1.0 PSV       1 N       1  --  K7
pss : T  14.86c W  22.48c S  -7.62c (+21.0 L  +6.7) LCB -335.14c P  0.65% WF   1.0 PSV       1 N       1  --  pass
J6  : T  18.92c W  25.80c S  -6.88c (+23.3 L  +7.0) LCB -331.08c P  0.32% WF   1.0 PSV       1 N       1  --  J6
L7  : T  18.50c W  25.43c S  -6.93c (+23.1 L  +7.1) LCB -331.50c P  0.31% WF   1.0 PSV       1 N       1  --  L7
L10 : T  18.82c W  25.70c S  -6.88c (+23.3 L  +7.0) LCB -331.18c P  0.31% WF   1.0 PSV       1 N       1  --  L10
L9  : T  18.88c W  25.77c S  -6.89c (+23.2 L  +7.1) LCB -331.12c P  0.31% WF   1.0 PSV       1 N       1  --  L9
N9  : T  18.63c W  25.55c S  -6.92c (+23.1 L  +7.0) LCB -331.37c P  0.31% WF   1.0 PSV       1 N       1  --  N9
L6  : T  18.85c W  25.74c S  -6.89c (+23.3 L  +7.1) LCB -331.15c P  0.31% WF   1.0 PSV       1 N       1  --  L6
O13 : T  18.31c W  25.31c S  -7.00c (+23.0 L  +7.0) LCB -331.69c P  0.31% WF   1.0 PSV       1 N       1  --  O13
F4  : T  17.88c W  24.92c S  -7.04c (+22.7 L  +6.9) LCB -332.12c P  0.31% WF   1.0 PSV       1 N       1  --  F4

2025-11-28 17:38:18+0700: = H5
2025-11-28 17:38:18+0700: Controller: genmove b
2025-11-28 17:38:18+0700: MoveNum: 0 HASH: 2265D705F6DBEE85BD55B960DEB7D7CB
   A B C D E F G H J K L M N O P Q R S T
19 . . . . . . . . . . . . . . . . . . .
18 . . . . . . . . . . . . . . . . . . .
17 . . . . . . . . . . . . . . . . . . .
16 . . . . . . . . . . . . . . . . . . .
15 . . . . . . . . . . . . . . . . . . .
14 . . . . . . . . . . . . . . X . . . .
13 . . . . . . . . . . . . . . . . . . .
12 . . . . . . . . . . . . . . . . . . .
11 . . . . . . . . . . . . . . . . . . .
10 . . . . . . . . . . . X . . . . . . .
 9 . . . . . . @ . . . . . . . . . . . .
 8 . . . . . . . . . . . . . . . . . . .
 7 . . . . . . . X . . . X . . . . . . .
 6 . . . . . . . . . . . . . . . . . . .
 5 . . . . . . X X . . . . . . . . . . .
 4 . . . . . . . . . . . . . . . . . . .
 3 . . . . . . . . . . . . . . . . . . .
 2 . . . . . . . . . . . . . . . . . . .
 1 . . . . . . . . . . . . . . . . . . .

koPOSITIONALscoreAREAtaxNONEsui1komi7.5
Time taken: 0.547
Root visits: 140
New playouts: 140
NN rows: 140
NN batches: 95
NN avg batch size: 1.47368
PlayoutDoublingAdvantage: -2.75
PV: M8
Tree:
: T  20.03c W  26.22c S  -6.22c (+24.4 L  +7.7) N     140  --  M8
---Black(^)---
M8  : T  21.45c W  27.43c S  -5.99c (+25.2 L  +7.8) LCB -328.55c P  0.31% WF   1.0 PSV       1 N       1  --  M8
pss : T  17.48c W  24.20c S  -6.73c (+22.7 L  +7.3) LCB -332.52c P  0.67% WF   1.0 PSV       1 N       1  --  pass
G6  : T  20.34c W  26.51c S  -6.17c (+24.4 L  +7.8) LCB -329.66c P  0.33% WF   1.0 PSV       1 N       1  --  G6
H6  : T  21.31c W  27.29c S  -5.97c (+25.0 L  +7.8) LCB -328.69c P  0.33% WF   1.0 PSV       1 N       1  --  H6
G4  : T  19.45c W  25.73c S  -6.29c (+24.0 L  +7.6) LCB -330.55c P  0.32% WF   1.0 PSV       1 N       1  --  G4
M9  : T  20.18c W  26.41c S  -6.23c (+24.4 L  +7.7) LCB -329.82c P  0.32% WF   1.0 PSV       1 N       1  --  M9
J7  : T  20.12c W  26.29c S  -6.18c (+24.3 L  +7.7) LCB -329.88c P  0.32% WF   1.0 PSV       1 N       1  --  J7
L6  : T  20.75c W  26.84c S  -6.09c (+24.7 L  +7.7) LCB -329.25c P  0.32% WF   1.0 PSV       1 N       1  --  L6
L9  : T  19.20c W  25.65c S  -6.45c (+23.9 L  +7.6) LCB -330.80c P  0.31% WF   1.0 PSV       1 N       1  --  L9
K6  : T  20.75c W  26.83c S  -6.08c (+24.8 L  +7.7) LCB -329.25c P  0.31% WF   1.0 PSV       1 N       1  --  K6

2025-11-28 17:38:18+0700: = G9
2025-11-28 17:38:18+0700: Controller: genmove b
2025-11-28 17:38:19+0700: MoveNum: 0 HASH: 933EF7EC5E4939DC0376379DBBCF3680
   A B C D E F G H J K L M N O P Q R S T
19 . . . . . . . . . . . . . . . . . . .
18 . . . . . . . . . . . . . . . . . . .
17 . . . . . . . . . . . . . . . . . . .
16 . . . . . . . . . . . . . . . . . . .
15 . . . . . . . . . . . . . . . . . . .
14 . . . . . . . . . . . . . . X . . . .
13 . . . . . . . . . . . . . . . . . . .
12 . . . . . . . . . . . . . . . . . . .
11 . . . . . . . . . . . . . . . . . . .
10 . . . . . . . . . . . X . . . . . . .
 9 . . . . . . X . . . . . . . . . . . .
 8 . . . . . . . . . . . . . . . . . . .
 7 . . . . . . . X . . . X . . . . . . .
 6 . . . . . . . . . . . . . . . . . . .
 5 . . . . . . X X . . . . . . . . . . .
 4 . . . . . . . . . . . . . . . . . . .
 3 . . . . . . . . . . . . . . . . . . .
 2 . . . . . . . . . . . @ . . . . . . .
 1 . . . . . . . . . . . . . . . . . . .

koPOSITIONALscoreAREAtaxNONEsui1komi7.5
Time taken: 0.532
Root visits: 138
New playouts: 138
NN rows: 138
NN batches: 92
NN avg batch size: 1.5
PlayoutDoublingAdvantage: -2.75
PV: J6
Tree:
: T  23.35c W  29.09c S  -5.77c (+26.6 L  +8.1) N     138  --  J6
---Black(^)---
J6  : T  24.21c W  29.83c S  -5.62c (+26.9 L  +8.2) LCB -325.79c P  0.32% WF   1.0 PSV       1 N       1  --  J6
pss : T  20.21c W  26.59c S  -6.38c (+24.6 L  +7.7) LCB -329.79c P  0.69% WF   1.0 PSV       1 N       1  --  pass
J5  : T  23.96c W  29.60c S  -5.64c (+26.9 L  +8.2) LCB -326.04c P  0.32% WF   1.0 PSV       1 N       1  --  J5
G6  : T  23.50c W  29.24c S  -5.74c (+26.5 L  +8.2) LCB -326.50c P  0.32% WF   1.0 PSV       1 N       1  --  G6
F8  : T  21.89c W  27.96c S  -6.07c (+25.7 L  +7.9) LCB -328.11c P  0.32% WF   1.0 PSV       1 N       1  --  F8
K7  : T  23.99c W  29.70c S  -5.70c (+26.8 L  +8.2) LCB -326.01c P  0.32% WF   1.0 PSV       1 N       1  --  K7
H8  : T  23.07c W  28.86c S  -5.80c (+26.5 L  +8.1) LCB -326.93c P  0.32% WF   1.0 PSV       1 N       1  --  H8
F7  : T  23.44c W  29.23c S  -5.78c (+26.5 L  +8.1) LCB -326.56c P  0.31% WF   1.0 PSV       1 N       1  --  F7
F6  : T  23.54c W  29.28c S  -5.74c (+26.6 L  +8.1) LCB -326.46c P  0.31% WF   1.0 PSV       1 N       1  --  F6
L9  : T  23.29c W  29.10c S  -5.81c (+26.6 L  +8.1) LCB -326.71c P  0.31% WF   1.0 PSV       1 N       1  --  L9

2025-11-28 17:38:19+0700: = M2
2025-11-28 17:38:19+0700: Controller: genmove b
2025-11-28 17:38:19+0700: MoveNum: 0 HASH: 1E8078BB75FAD844F5795A97C83A71E3
   A B C D E F G H J K L M N O P Q R S T
19 . . . . . . . . . . . . . . . . . . .
18 . . . . . . . . . . . . . . . . . . .
17 . . . . . . . . . . . . . . . . . . .
16 . . . . . . . . . . . . . . . . . . .
15 . . . . . . . . . . . . . . . . . . .
14 . . . . . . . . . . . . . . X . . . .
13 . . . . . . . . . . . . . . . . . . .
12 . . . . . . . . . . . . . . . . . . .
11 . . . . . . . . . . . . . . . . . . .
10 . . . . . . . . . . . X . . . . . . .
 9 . . . . . . X . . . . . . . . . . . .
 8 . . . . . . . . . . . . . . . . . . .
 7 . . . . . . . X . . . X . . . . . . .
 6 . . . . . . . . . . . . . . . . . . .
 5 . . . . . . X X . . . . . . . . . . .
 4 . . . . . @ . . . . . . . . . . . . .
 3 . . . . . . . . . . . . . . . . . . .
 2 . . . . . . . . . . . X . . . . . . .
 1 . . . . . . . . . . . . . . . . . . .

koPOSITIONALscoreAREAtaxNONEsui1komi7.5
Time taken: 0.531
Root visits: 136
New playouts: 136
NN rows: 136
NN batches: 89
NN avg batch size: 1.52809
PlayoutDoublingAdvantage: -2.75
PV: L7
Tree:
: T  24.95c W  30.64c S  -5.71c (+27.9 L  +8.3) N     136  --  L7
---Black(^)---
L7  : T  25.71c W  31.24c S  -5.53c (+28.3 L  +8.3) LCB -324.29c P  0.32% WF   1.0 PSV       1 N       1  --  L7
pss : T  21.09c W  27.54c S  -6.45c (+25.6 L  +7.8) LCB -328.91c P  0.69% WF   1.0 PSV       1 N       1  --  pass
J8  : T  24.52c W  30.30c S  -5.78c (+27.7 L  +8.2) LCB -325.48c P  0.33% WF   1.0 PSV       1 N       1  --  J8
J6  : T  25.28c W  30.91c S  -5.62c (+28.0 L  +8.3) LCB -324.72c P  0.32% WF   1.0 PSV       1 N       1  --  J6
J5  : T  25.28c W  30.95c S  -5.67c (+28.0 L  +8.3) LCB -324.72c P  0.32% WF   1.0 PSV       1 N       1  --  J5
F6  : T  25.33c W  30.97c S  -5.64c (+28.0 L  +8.3) LCB -324.67c P  0.32% WF   1.0 PSV       1 N       1  --  F6
F5  : T  25.11c W  30.81c S  -5.70c (+27.8 L  +8.3) LCB -324.89c P  0.32% WF   1.0 PSV       1 N       1  --  F5
G7  : T  24.61c W  30.33c S  -5.71c (+27.7 L  +8.3) LCB -325.39c P  0.31% WF   1.0 PSV       1 N       1  --  G7
J4  : T  25.65c W  31.23c S  -5.58c (+28.2 L  +8.3) LCB -324.35c P  0.31% WF   1.0 PSV       1 N       1  --  J4
K5  : T  25.37c W  31.04c S  -5.67c (+28.0 L  +8.4) LCB -324.63c P  0.31% WF   1.0 PSV       1 N       1  --  K5

2025-11-28 17:38:19+0700: = F4
2025-11-28 17:38:19+0700: Controller: genmove b
2025-11-28 17:38:20+0700: MoveNum: 0 HASH: 05C0ACF4EACA065AABEABF506B598748
   A B C D E F G H J K L M N O P Q R S T
19 . . . . . . . . . . . . . . . . . . .
18 . . . . . . . . . . . . . . . . . . .
17 . . . . . . . . . . . . . . . . . . .
16 . . . . . . . . . . . . . . . . . . .
15 . . . . . . . . . . . . . . . . . . .
14 . . . . . . . . . . . . . . X . . . .
13 . . . . . . . . . @ . . . . . . . . .
12 . . . . . . . . . . . . . . . . . . .
11 . . . . . . . . . . . . . . . . . . .
10 . . . . . . . . . . . X . . . . . . .
 9 . . . . . . X . . . . . . . . . . . .
 8 . . . . . . . . . . . . . . . . . . .
 7 . . . . . . . X . . . X . . . . . . .
 6 . . . . . . . . . . . . . . . . . . .
 5 . . . . . . X X . . . . . . . . . . .
 4 . . . . . X . . . . . . . . . . . . .
 3 . . . . . . . . . . . . . . . . . . .
 2 . . . . . . . . . . . X . . . . . . .
 1 . . . . . . . . . . . . . . . . . . .

koPOSITIONALscoreAREAtaxNONEsui1komi7.5
Time taken: 0.531
Root visits: 134
New playouts: 134
NN rows: 134
NN batches: 92
NN avg batch size: 1.45652
PlayoutDoublingAdvantage: -2.75
PV: H6
Tree:
: T  27.87c W  33.13c S  -5.29c (+29.9 L  +8.7) N     134  --  H6
---Black(^)---
H6  : T  28.98c W  34.02c S  -5.03c (+30.5 L  +8.9) LCB -321.02c P  0.30% WF   1.0 PSV       1 N       1  --  H6
pss : T  24.38c W  30.42c S  -6.04c (+27.5 L  +8.3) LCB -325.62c P  0.71% WF   1.0 PSV       1 N       1  --  pass
J6  : T  27.83c W  33.20c S  -5.37c (+29.7 L  +8.7) LCB -322.17c P  0.33% WF   1.0 PSV       1 N       1  --  J6
J8  : T  28.37c W  33.63c S  -5.26c (+30.1 L  +8.7) LCB -321.63c P  0.33% WF   1.0 PSV       1 N       1  --  J8
J5  : T  28.42c W  33.58c S  -5.15c (+30.2 L  +8.8) LCB -321.58c P  0.32% WF   1.0 PSV       1 N       1  --  J5
F6  : T  28.16c W  33.33c S  -5.17c (+30.0 L  +8.8) LCB -321.84c P  0.32% WF   1.0 PSV       1 N       1  --  F6
L7  : T  28.36c W  33.52c S  -5.17c (+30.2 L  +8.7) LCB -321.64c P  0.32% WF   1.0 PSV       1 N       1  --  L7
J4  : T  27.78c W  33.10c S  -5.32c (+29.7 L  +8.8) LCB -322.22c P  0.32% WF   1.0 PSV       1 N       1  --  J4
G7  : T  27.78c W  33.00c S  -5.22c (+30.0 L  +8.7) LCB -322.22c P  0.32% WF   1.0 PSV       1 N       1  --  G7
E4  : T  27.96c W  33.19c S  -5.23c (+29.9 L  +8.7) LCB -322.04c P  0.32% WF   1.0 PSV       1 N       1  --  E4

2025-11-28 17:38:20+0700: = K13
2025-11-28 17:38:20+0700: Controller: genmove b
2025-11-28 17:38:21+0700: MoveNum: 0 HASH: D750E03E78DCC8D8384433D3707873C9
   A B C D E F G H J K L M N O P Q R S T
19 . . . . . . . . . . . . . . . . . . .
18 . . . . . . . . . . . . . . . . . . .
17 . . . . . . . . . . . . . . . . . . .
16 . . . . . . . . . . . . . . . . . . .
15 . . . . . . . . . . . . @ . . . . . .
14 . . . . . . . . . . . . . . X . . . .
13 . . . . . . . . . X . . . . . . . . .
12 . . . . . . . . . . . . . . . . . . .
11 . . . . . . . . . . . . . . . . . . .
10 . . . . . . . . . . . X . . . . . . .
 9 . . . . . . X . . . . . . . . . . . .
 8 . . . . . . . . . . . . . . . . . . .
 7 . . . . . . . X . . . X . . . . . . .
 6 . . . . . . . . . . . . . . . . . . .
 5 . . . . . . X X . . . . . . . . . . .
 4 . . . . . X . . . . . . . . . . . . .
 3 . . . . . . . . . . . . . . . . . . .
 2 . . . . . . . . . . . X . . . . . . .
 1 . . . . . . . . . . . . . . . . . . .

koPOSITIONALscoreAREAtaxNONEsui1komi7.5
Time taken: 0.531
Root visits: 135
New playouts: 135
NN rows: 135
NN batches: 94
NN avg batch size: 1.43617
PlayoutDoublingAdvantage: -2.75
PV: K10
Tree:
: T  30.59c W  35.56c S  -4.99c (+31.9 L  +9.0) N     135  --  K10
---Black(^)---
K10 : T  31.54c W  36.36c S  -4.82c (+32.4 L  +9.1) LCB -318.46c P  0.29% WF   1.0 PSV       1 N       1  --  K10
pss : T  27.19c W  32.89c S  -5.70c (+29.5 L  +8.6) LCB -322.81c P  0.70% WF   1.0 PSV       1 N       1  --  pass
J6  : T  30.54c W  35.55c S  -5.00c (+31.7 L  +9.2) LCB -319.46c P  0.34% WF   1.0 PSV       1 N       1  --  J6
H6  : T  31.12c W  36.09c S  -4.97c (+32.0 L  +9.2) LCB -318.88c P  0.34% WF   1.0 PSV       1 N       1  --  H6
F6  : T  30.73c W  35.65c S  -4.92c (+32.0 L  +9.1) LCB -319.27c P  0.33% WF   1.0 PSV       1 N       1  --  F6
G8  : T  31.17c W  36.01c S  -4.84c (+32.2 L  +9.1) LCB -318.83c P  0.33% WF   1.0 PSV       1 N       1  --  G8
G7  : T  30.76c W  35.70c S  -4.94c (+31.9 L  +9.2) LCB -319.24c P  0.33% WF   1.0 PSV       1 N       1  --  G7
H8  : T  30.52c W  35.59c S  -5.07c (+31.7 L  +9.1) LCB -319.48c P  0.32% WF   1.0 PSV       1 N       1  --  H8
J4  : T  30.16c W  35.18c S  -5.01c (+31.7 L  +8.9) LCB -319.84c P  0.32% WF   1.0 PSV       1 N       1  --  J4
M9  : T  30.68c W  35.74c S  -5.06c (+31.8 L  +9.0) LCB -319.32c P  0.32% WF   1.0 PSV       1 N       1  --  M9

2025-11-28 17:38:21+0700: = N15
2025-11-28 17:38:21+0700: Controller: genmove b
2025-11-28 17:38:21+0700: MoveNum: 0 HASH: 9097AE36395ACF4B8C259745915E750C
   A B C D E F G H J K L M N O P Q R S T
19 . . . . . . . . . . . . . . . . . . .
18 . . . . . . . . . . . . . . . . . . .
17 . . . . . . . . . . . . . . . . . . .
16 . . . . . . . . . . . . . . . . . . .
15 . . . . . . . . . . . . X . . . . . .
14 . . . . . . . . . . . . . . X . . . .
13 . . . . . . . . . X . . . . . . . . .
12 . . . . . . . . . . . . . . . . . . .
11 . . . . . . . . . . . . . . . . . . .
10 . . . . . . . . . . . X . . . . . . .
 9 . . . . . . X . . . . . . . . . . . .
 8 . . . . . . . . . . . . . . . . . . .
 7 . . . . . . . X . . . X . . . . . . .
 6 . . . . . . . . . . . . . . . . . . .
 5 . . . . . . X X . . . . . . . . . . .
 4 . . . . . X . . . . . . . . . . . . .
 3 . . . . . . . . . . . . . . . . . . .
 2 . . . . . . . . @ . . X . . . . . . .
 1 . . . . . . . . . . . . . . . . . . .

koPOSITIONALscoreAREAtaxNONEsui1komi7.5
Time taken: 0.547
Root visits: 135
New playouts: 135
NN rows: 135
NN batches: 91
NN avg batch size: 1.48352
PlayoutDoublingAdvantage: -2.75
PV: K5
Tree:
: T  33.37c W  38.08c S  -4.73c (+34.0 L  +9.4) N     135  --  K5
---Black(^)---
K5  : T  34.25c W  38.81c S  -4.56c (+34.4 L  +9.6) LCB -315.75c P  0.29% WF   1.0 PSV       1 N       1  --  K5
pss : T  29.75c W  35.29c S  -5.54c (+31.4 L  +8.9) LCB -320.25c P  0.71% WF   1.0 PSV       1 N       1  --  pass
G6  : T  33.65c W  38.28c S  -4.64c (+34.0 L  +9.7) LCB -316.35c P  0.36% WF   1.0 PSV       1 N       1  --  G6
H8  : T  34.15c W  38.70c S  -4.55c (+34.4 L  +9.5) LCB -315.85c P  0.33% WF   1.0 PSV       1 N       1  --  H8
G8  : T  33.40c W  38.07c S  -4.67c (+34.1 L  +9.4) LCB -316.60c P  0.32% WF   1.0 PSV       1 N       1  --  G8
F6  : T  33.62c W  38.26c S  -4.64c (+34.1 L  +9.5) LCB -316.38c P  0.32% WF   1.0 PSV       1 N       1  --  F6
H6  : T  33.43c W  38.13c S  -4.70c (+34.0 L  +9.6) LCB -316.57c P  0.32% WF   1.0 PSV       1 N       1  --  H6
L11 : T  33.02c W  37.87c S  -4.85c (+33.6 L  +9.4) LCB -316.98c P  0.32% WF   1.0 PSV       1 N       1  --  L11
J4  : T  33.21c W  37.92c S  -4.71c (+34.0 L  +9.4) LCB -316.79c P  0.32% WF   1.0 PSV       1 N       1  --  J4
M8  : T  33.35c W  38.07c S  -4.72c (+34.1 L  +9.3) LCB -316.65c P  0.32% WF   1.0 PSV       1 N       1  --  M8

2025-11-28 17:38:21+0700: = J2
2025-11-28 17:38:21+0700: Controller: genmove b
2025-11-28 17:38:22+0700: MoveNum: 0 HASH: 01AAC410CC11B4EDA841CAE3C8EF4C9E
   A B C D E F G H J K L M N O P Q R S T
19 . . . . . . . . . . . . . . . . . . .
18 . . . . . . . . . . . . . . . . . . .
17 . . . . . . . . . . . . . . . . . . .
16 . . . . . . . . . . . . . . . . . . .
15 . . . . . . . . . . . . X . . . . . .
14 . . . . . . . . . . . . . . X . . @ .
13 . . . . . . . . . X . . . . . . . . .
12 . . . . . . . . . . . . . . . . . . .
11 . . . . . . . . . . . . . . . . . . .
10 . . . . . . . . . . . X . . . . . . .
 9 . . . . . . X . . . . . . . . . . . .
 8 . . . . . . . . . . . . . . . . . . .
 7 . . . . . . . X . . . X . . . . . . .
 6 . . . . . . . . . . . . . . . . . . .
 5 . . . . . . X X . . . . . . . . . . .
 4 . . . . . X . . . . . . . . . . . . .
 3 . . . . . . . . . . . . . . . . . . .
 2 . . . . . . . . X . . X . . . . . . .
 1 . . . . . . . . . . . . . . . . . . .

koPOSITIONALscoreAREAtaxNONEsui1komi7.5
Time taken: 0.547
Root visits: 137
New playouts: 137
NN rows: 137
NN batches: 91
NN avg batch size: 1.50549
PlayoutDoublingAdvantage: -2.75
PV: M11
Tree:
: T  35.28c W  39.86c S  -4.61c (+35.6 L  +9.8) N     137  --  M11
---Black(^)---
M11 : T  36.55c W  40.91c S  -4.35c (+36.4 L +10.0) LCB -313.45c P  0.29% WF   1.0 PSV       1 N       1  --  M11
pss : T  31.44c W  36.94c S  -5.50c (+32.8 L  +9.2) LCB -318.56c P  0.72% WF   1.0 PSV       1 N       1  --  pass
J5  : T  35.00c W  39.72c S  -4.72c (+35.3 L  +9.8) LCB -315.00c P  0.34% WF   1.0 PSV       1 N       1  --  J5
K2  : T  33.80c W  38.79c S  -4.98c (+34.4 L  +9.7) LCB -316.20c P  0.33% WF   1.0 PSV       1 N       1  --  K2
J6  : T  35.29c W  39.90c S  -4.61c (+35.4 L +10.2) LCB -314.71c P  0.33% WF   1.0 PSV       1 N       1  --  J6
G6  : T  35.78c W  40.24c S  -4.46c (+35.8 L +10.2) LCB -314.22c P  0.33% WF   1.0 PSV       1 N       1  --  G6
J4  : T  34.82c W  39.55c S  -4.73c (+35.2 L  +9.9) LCB -315.18c P  0.32% WF   1.0 PSV       1 N       1  --  J4
F8  : T  35.36c W  40.03c S  -4.68c (+35.4 L  +9.8) LCB -314.64c P  0.32% WF   1.0 PSV       1 N       1  --  F8
L12 : T  35.77c W  40.28c S  -4.51c (+35.9 L  +9.9) LCB -314.23c P  0.32% WF   1.0 PSV       1 N       1  --  L12
F6  : T  34.93c W  39.48c S  -4.55c (+35.5 L  +9.9) LCB -315.07c P  0.32% WF   1.0 PSV       1 N       1  --  F6

2025-11-28 17:38:22+0700: = S14
2025-11-28 17:38:22+0700: Controller: genmove b
2025-11-28 17:38:22+0700: MoveNum: 0 HASH: 41983D38E34AEE8D484C61FCB8945A04
   A B C D E F G H J K L M N O P Q R S T
19 . . . . . . . . . . . . . . . . . . .
18 . . . . . . . . . . . . . . . . . . .
17 . . . . . . . . . . . . . . . . . . .
16 . . . . . . . . . . . . . . . . . . .
15 . . . . . . . . . . . . X . . . . . .
14 . . . . . . . . . . . . . . X . . X .
13 . . . . . . . . . X . . . . . . . . .
12 . . . . . . . . . . . . . . . . . . .
11 . . . . . . . . . . . . . . . . . . .
10 . . . . . . . . . @ . X . . . . . . .
 9 . . . . . . X . . . . . . . . . . . .
 8 . . . . . . . . . . . . . . . . . . .
 7 . . . . . . . X . . . X . . . . . . .
 6 . . . . . . . . . . . . . . . . . . .
 5 . . . . . . X X . . . . . . . . . . .
 4 . . . . . X . . . . . . . . . . . . .
 3 . . . . . . . . . . . . . . . . . . .
 2 . . . . . . . . X . . X . . . . . . .
 1 . . . . . . . . . . . . . . . . . . .

koPOSITIONALscoreAREAtaxNONEsui1komi7.5
Time taken: 0.547
Root visits: 138
New playouts: 138
NN rows: 138
NN batches: 94
NN avg batch size: 1.46809
PlayoutDoublingAdvantage: -2.75
PV: J9
Tree:
: T  37.05c W  41.42c S  -4.40c (+37.1 L +10.1) N     138  --  J9
---Black(^)---
J9  : T  38.50c W  42.55c S  -4.05c (+38.1 L +10.1) LCB -311.50c P  0.30% WF   1.0 PSV       1 N       1  --  J9
pss : T  34.17c W  39.15c S  -4.98c (+35.1 L  +9.5) LCB -315.83c P  0.71% WF   1.0 PSV       1 N       1  --  pass
J6  : T  36.86c W  41.20c S  -4.34c (+37.1 L +10.1) LCB -313.14c P  0.34% WF   1.0 PSV       1 N       1  --  J6
H6  : T  37.05c W  41.46c S  -4.41c (+36.9 L +10.4) LCB -312.95c P  0.34% WF   1.0 PSV       1 N       1  --  H6
H4  : T  37.37c W  41.74c S  -4.37c (+37.1 L +10.5) LCB -312.63c P  0.34% WF   1.0 PSV       1 N       1  --  H4
J4  : T  36.16c W  40.63c S  -4.46c (+36.7 L +10.0) LCB -313.84c P  0.34% WF   1.0 PSV       1 N       1  --  J4
F6  : T  37.15c W  41.58c S  -4.44c (+36.9 L +10.2) LCB -312.85c P  0.34% WF   1.0 PSV       1 N       1  --  F6
G3  : T  36.13c W  40.59c S  -4.45c (+36.7 L +10.0) LCB -313.87c P  0.33% WF   1.0 PSV       1 N       1  --  G3
G8  : T  37.23c W  41.66c S  -4.43c (+37.0 L +10.4) LCB -312.77c P  0.33% WF   1.0 PSV       1 N       1  --  G8
G7  : T  37.29c W  41.64c S  -4.35c (+37.2 L +10.3) LCB -312.71c P  0.33% WF   1.0 PSV       1 N       1  --  G7

2025-11-28 17:38:22+0700: = K10
2025-11-28 17:38:22+0700: Controller: genmove b
2025-11-28 17:38:23+0700: MoveNum: 0 HASH: F796BAADF8B5A9025D11290A7D67045A
   A B C D E F G H J K L M N O P Q R S T
19 . . . . . . . . . . . . . . . . . . .
18 . . . . . . . . . . . . . . . . . . .
17 . . . . . . . . . . . . . . . . . . .
16 . . . . . . . . . . . . . . . . . . .
15 . . . . . . . . . . . . X . . . . . .
14 . . . . . . . . . . . . . . X . . X .
13 . . . . . . . . . X . . . . . . . . .
12 . . . . . . . . . . . . . . . . . . .
11 . . . . . . . . . . . . . . . . . . .
10 . . . . . . . @ . X . X . . . . . . .
 9 . . . . . . X . . . . . . . . . . . .
 8 . . . . . . . . . . . . . . . . . . .
 7 . . . . . . . X . . . X . . . . . . .
 6 . . . . . . . . . . . . . . . . . . .
 5 . . . . . . X X . . . . . . . . . . .
 4 . . . . . X . . . . . . . . . . . . .
 3 . . . . . . . . . . . . . . . . . . .
 2 . . . . . . . . X . . X . . . . . . .
 1 . . . . . . . . . . . . . . . . . . .

koPOSITIONALscoreAREAtaxNONEsui1komi7.5
Time taken: 0.562
Root visits: 134
New playouts: 134
NN rows: 134
NN batches: 87
NN avg batch size: 1.54023
PlayoutDoublingAdvantage: -2.75
PV: J9
Tree:
: T  41.47c W  44.95c S  -3.51c (+40.1 L +10.9) N     134  --  J9
---Black(^)---
J9  : T  42.65c W  45.89c S  -3.24c (+40.9 L +11.0) LCB -307.35c P  0.33% WF   1.0 PSV       1 N       1  --  J9
pss : T  37.37c W  41.81c S  -4.44c (+37.1 L +10.3) LCB -312.63c P  0.72% WF   1.0 PSV       1 N       1  --  pass
J8  : T  41.07c W  44.70c S  -3.64c (+39.7 L +11.0) LCB -308.93c P  0.34% WF   1.0 PSV       1 N       1  --  J8
J5  : T  41.41c W  44.95c S  -3.54c (+40.0 L +10.9) LCB -308.59c P  0.34% WF   1.0 PSV       1 N       1  --  J5
H10 : T  41.12c W  44.77c S  -3.65c (+39.8 L +10.8) LCB -308.88c P  0.33% WF   1.0 PSV       1 N       1  --  H10
L11 : T  42.58c W  45.87c S  -3.29c (+40.8 L +11.0) LCB -307.42c P  0.33% WF   1.0 PSV       1 N       1  --  L11
L10 : T  41.54c W  45.11c S  -3.56c (+40.0 L +11.0) LCB -308.46c P  0.33% WF   1.0 PSV       1 N       1  --  L10
H9  : T  41.84c W  45.35c S  -3.51c (+40.2 L +11.0) LCB -308.16c P  0.33% WF   1.0 PSV       1 N       1  --  H9
L8  : T  41.46c W  45.04c S  -3.58c (+40.0 L +11.1) LCB -308.54c P  0.33% WF   1.0 PSV       1 N       1  --  L8
K6  : T  41.97c W  45.42c S  -3.46c (+40.3 L +11.1) LCB -308.03c P  0.33% WF   1.0 PSV       1 N       1  --  K6

2025-11-28 17:38:23+0700: = H10
2025-11-28 17:38:23+0700: Controller: genmove b
2025-11-28 17:38:23+0700: MoveNum: 0 HASH: EE6640DEBEE0908CDF61EE120D36F562
   A B C D E F G H J K L M N O P Q R S T
19 . . . . . . . . . . . . . . . . . . .
18 . . . . . . . . . . . . . . . . . . .
17 . . . . . . . . . . . . . . . . . . .
16 . . . . . . . . . . . . . . . . . . .
15 . . . . . . . . . . . . X . . . . . .
14 . . . . . . . . . . . . . . X . . X .
13 . . . . . . . . . X . . . . . . . . .
12 . . . . . . . . . . . . . . . . . . .
11 . . . . . . . . . . @ . . . . . . . .
10 . . . . . . . X . X . X . . . . . . .
 9 . . . . . . X . . . . . . . . . . . .
 8 . . . . . . . . . . . . . . . . . . .
 7 . . . . . . . X . . . X . . . . . . .
 6 . . . . . . . . . . . . . . . . . . .
 5 . . . . . . X X . . . . . . . . . . .
 4 . . . . . X . . . . . . . . . . . . .
 3 . . . . . . . . . . . . . . . . . . .
 2 . . . . . . . . X . . X . . . . . . .
 1 . . . . . . . . . . . . . . . . . . .

koPOSITIONALscoreAREAtaxNONEsui1komi7.5
Time taken: 0.547
Root visits: 139
New playouts: 139
NN rows: 139
NN batches: 93
NN avg batch size: 1.49462
PlayoutDoublingAdvantage: -2.75
PV: O14
Tree:
: T  45.16c W  48.25c S  -3.11c (+42.9 L +11.7) N     139  --  O14
---Black(^)---
O14 : T  46.69c W  49.57c S  -2.87c (+43.7 L +11.9) LCB -303.31c P  0.32% WF   1.0 PSV       1 N       1  --  O14
pss : T  41.43c W  45.39c S  -3.96c (+40.2 L +10.9) LCB -308.57c P  0.72% WF   1.0 PSV       1 N       1  --  pass
J10 : T  45.10c W  48.13c S  -3.03c (+43.0 L +11.7) LCB -304.90c P  0.35% WF   1.0 PSV       1 N       1  --  J10
J9  : T  45.49c W  48.56c S  -3.07c (+42.9 L +12.0) LCB -304.51c P  0.34% WF   1.0 PSV       1 N       1  --  J9
L9  : T  45.21c W  48.39c S  -3.18c (+42.7 L +11.9) LCB -304.79c P  0.34% WF   1.0 PSV       1 N       1  --  L9
J5  : T  45.68c W  48.62c S  -2.93c (+43.3 L +11.9) LCB -304.32c P  0.34% WF   1.0 PSV       1 N       1  --  J5
K7  : T  45.10c W  48.22c S  -3.12c (+42.8 L +11.9) LCB -304.90c P  0.33% WF   1.0 PSV       1 N       1  --  K7
K2  : T  43.54c W  47.07c S  -3.53c (+41.6 L +11.5) LCB -306.46c P  0.33% WF   1.0 PSV       1 N       1  --  K2
J6  : T  45.67c W  48.63c S  -2.96c (+43.2 L +12.0) LCB -304.33c P  0.33% WF   1.0 PSV       1 N       1  --  J6
L12 : T  44.26c W  47.58c S  -3.32c (+42.3 L +11.5) LCB -305.74c P  0.33% WF   1.0 PSV       1 N       1  --  L12

2025-11-28 17:38:23+0700: = L11
2025-11-28 17:38:23+0700: GPU -1 finishing, processed 268 rows 183 batches
2025-11-28 17:38:23+0700: GPU -1 finishing, processed 279 rows 185 batches
2025-11-28 17:38:23+0700: GPU -1 finishing, processed 271 rows 182 batches
2025-11-28 17:38:23+0700: GPU -1 finishing, processed 276 rows 182 batches
2025-11-28 17:38:23+0700: GPU -1 finishing, processed 268 rows 188 batches
2025-11-28 17:38:23+0700: GPU -1 finishing, processed 276 rows 181 batches
2025-11-28 17:38:23+0700: GPU -1 finishing, processed 264 rows 177 batches
2025-11-28 17:38:23+0700: GPU -1 finishing, processed 278 rows 182 batches
2025-11-28 17:38:23+0700: All cleaned up, quitting
