2025-11-30 19:55:56+0700: Running with following config:
allowResignation = true
lagBuffer = 0.0
logAllGTPCommunication = true
logDir = gtp_logs
logSearchInfo = true
logSearchInfoForChosenMove = false
logToStderr = false
maxPlayouts = 500
maxPlayoutsPondering = 3000
maxTime = 3
maxTimePondering = 60.0
maxVisits = 300
maxVisitsPondering = 5000
numSearchThreads = 16
ponderingEnabled = false
resignConsecTurns = 3
resignThreshold = -0.90
rules = tromp-taylor
searchFactorAfterOnePass = 0.50
searchFactorAfterTwoPass = 0.25
searchFactorWhenWinning = 0.40
searchFactorWhenWinningThreshold = 0.95

2025-11-30 19:55:56+0700: GTP Engine starting...
2025-11-30 19:55:56+0700: KataGo v1.14.0
2025-11-30 19:55:56+0700: Using TrompTaylor rules initially, unless GTP/GUI overrides this
2025-11-30 19:55:56+0700: Using 16 CPU thread(s) for search
2025-11-30 19:55:56+0700: nnRandSeed0 = 18180729873216019917
2025-11-30 19:55:56+0700: After dedups: nnModelFile0 = model.gz useFP16 auto useNHWC auto
2025-11-30 19:55:56+0700: Initializing neural net buffer to be size 19 * 19 exactly
2025-11-30 19:55:56+0700: Eigen (CPU) backend thread 3: Model version 8
2025-11-30 19:55:56+0700: Eigen (CPU) backend thread 3: Model name: b6c96-s20302336-d3388395
2025-11-30 19:55:56+0700: Eigen (CPU) backend thread 6: Model version 8
2025-11-30 19:55:56+0700: Eigen (CPU) backend thread 6: Model name: b6c96-s20302336-d3388395
2025-11-30 19:55:56+0700: Eigen (CPU) backend thread 7: Model version 8
2025-11-30 19:55:56+0700: Eigen (CPU) backend thread 7: Model name: b6c96-s20302336-d3388395
2025-11-30 19:55:56+0700: Eigen (CPU) backend thread 0: Model version 8
2025-11-30 19:55:56+0700: Eigen (CPU) backend thread 4: Model version 8
2025-11-30 19:55:56+0700: Eigen (CPU) backend thread 4: Model name: b6c96-s20302336-d3388395
2025-11-30 19:55:56+0700: Eigen (CPU) backend thread 0: Model name: b6c96-s20302336-d3388395
2025-11-30 19:55:56+0700: Eigen (CPU) backend thread 1: Model version 8
2025-11-30 19:55:56+0700: Eigen (CPU) backend thread 1: Model name: b6c96-s20302336-d3388395
2025-11-30 19:55:56+0700: Eigen (CPU) backend thread 2: Model version 8
2025-11-30 19:55:56+0700: Eigen (CPU) backend thread 2: Model name: b6c96-s20302336-d3388395
2025-11-30 19:55:56+0700: Eigen (CPU) backend thread 5: Model version 8
2025-11-30 19:55:56+0700: Eigen (CPU) backend thread 5: Model name: b6c96-s20302336-d3388395
2025-11-30 19:55:56+0700: Loaded neural net with nnXLen 19 nnYLen 19
2025-11-30 19:55:56+0700: Initializing board with boardXSize 19 boardYSize 19
2025-11-30 19:55:56+0700: Loaded config default_gtp.cfg
2025-11-30 19:55:56+0700: Loaded model model.gz
2025-11-30 19:55:56+0700: Model name: b6c96-s20302336-d3388395
2025-11-30 19:55:56+0700: GTP ready, beginning main protocol loop
2025-11-30 19:56:09+0700: Controller: set b A2 w B2
2025-11-30 19:56:09+0700: ? unknown command
2025-11-30 19:56:26+0700: Controller: set_position b A2 w B2
2025-11-30 19:56:26+0700: = 
