2025-11-28 19:54:34+0700: Running with following config:
allowResignation = true
lagBuffer = 0.0
logAllGTPCommunication = true
logDir = gtp_logs
logSearchInfo = true
logSearchInfoForChosenMove = false
logToStderr = false
maxPlayouts = 500
maxPlayoutsPondering = 3000
maxTime = 0.5
maxTimePondering = 60.0
maxVisits = 300
maxVisitsPondering = 5000
numSearchThreads = 16
ponderingEnabled = false
resignConsecTurns = 3
resignThreshold = -0.90
rules = tromp-taylor
searchFactorAfterOnePass = 0.50
searchFactorAfterTwoPass = 0.25
searchFactorWhenWinning = 0.40
searchFactorWhenWinningThreshold = 0.95

2025-11-28 19:54:34+0700: GTP Engine starting...
2025-11-28 19:54:34+0700: KataGo v1.14.0
2025-11-28 19:54:34+0700: Using TrompTaylor rules initially, unless GTP/GUI overrides this
2025-11-28 19:54:34+0700: Using 16 CPU thread(s) for search
2025-11-28 19:54:34+0700: nnRandSeed0 = 11925930207469642745
2025-11-28 19:54:34+0700: After dedups: nnModelFile0 = model.gz useFP16 auto useNHWC auto
2025-11-28 19:54:34+0700: Initializing neural net buffer to be size 19 * 19 exactly
2025-11-28 19:54:34+0700: Eigen (CPU) backend thread 0: Model version 8
2025-11-28 19:54:34+0700: Eigen (CPU) backend thread 0: Model name: b6c96-s1995008-d1329786
2025-11-28 19:54:34+0700: Eigen (CPU) backend thread 4: Model version 8
2025-11-28 19:54:34+0700: Eigen (CPU) backend thread 4: Model name: b6c96-s1995008-d1329786
2025-11-28 19:54:34+0700: Eigen (CPU) backend thread 1: Model version 8
2025-11-28 19:54:34+0700: Eigen (CPU) backend thread 1: Model name: b6c96-s1995008-d1329786
2025-11-28 19:54:34+0700: Eigen (CPU) backend thread 2: Model version 8
2025-11-28 19:54:34+0700: Eigen (CPU) backend thread 2: Model name: b6c96-s1995008-d1329786
2025-11-28 19:54:34+0700: Eigen (CPU) backend thread 5: Model version 8
2025-11-28 19:54:34+0700: Eigen (CPU) backend thread 5: Model name: b6c96-s1995008-d1329786
2025-11-28 19:54:34+0700: Eigen (CPU) backend thread 6: Model version 8
2025-11-28 19:54:34+0700: Eigen (CPU) backend thread 6: Model name: b6c96-s1995008-d1329786
2025-11-28 19:54:34+0700: Eigen (CPU) backend thread 7: Model version 8
2025-11-28 19:54:34+0700: Eigen (CPU) backend thread 7: Model name: b6c96-s1995008-d1329786
2025-11-28 19:54:34+0700: Eigen (CPU) backend thread 3: Model version 8
2025-11-28 19:54:34+0700: Eigen (CPU) backend thread 3: Model name: b6c96-s1995008-d1329786
2025-11-28 19:54:34+0700: Loaded neural net with nnXLen 19 nnYLen 19
2025-11-28 19:54:34+0700: Initializing board with boardXSize 19 boardYSize 19
2025-11-28 19:54:34+0700: Loaded config default_gtp.cfg
2025-11-28 19:54:34+0700: Loaded model model.gz
2025-11-28 19:54:34+0700: Model name: b6c96-s1995008-d1329786
2025-11-28 19:54:34+0700: GTP ready, beginning main protocol loop
2025-11-28 19:54:34+0700: Controller: boardsize 2
2025-11-28 19:54:34+0700: GPU -1 finishing, processed 0 rows 0 batches
2025-11-28 19:54:34+0700: GPU -1 finishing, processed 0 rows 0 batches
2025-11-28 19:54:34+0700: GPU -1 finishing, processed 0 rows 0 batches
2025-11-28 19:54:34+0700: GPU -1 finishing, processed 0 rows 0 batches
2025-11-28 19:54:34+0700: GPU -1 finishing, processed 0 rows 0 batches
2025-11-28 19:54:34+0700: GPU -1 finishing, processed 0 rows 0 batches
2025-11-28 19:54:34+0700: GPU -1 finishing, processed 0 rows 0 batches
2025-11-28 19:54:34+0700: GPU -1 finishing, processed 0 rows 0 batches
2025-11-28 19:54:34+0700: Cleaned up old neural net and bot
2025-11-28 19:54:34+0700: nnRandSeed0 = 17068948052286792816
2025-11-28 19:54:34+0700: After dedups: nnModelFile0 = model.gz useFP16 auto useNHWC auto
2025-11-28 19:54:34+0700: Initializing neural net buffer to be size 2 * 2 exactly
2025-11-28 19:54:35+0700: Eigen (CPU) backend thread 0: Model version 8
2025-11-28 19:54:35+0700: Eigen (CPU) backend thread 0: Model name: b6c96-s1995008-d1329786
2025-11-28 19:54:35+0700: Eigen (CPU) backend thread 3: Model version 8
2025-11-28 19:54:35+0700: Eigen (CPU) backend thread 3: Model name: b6c96-s1995008-d1329786
2025-11-28 19:54:35+0700: Eigen (CPU) backend thread 4: Model version 8
2025-11-28 19:54:35+0700: Eigen (CPU) backend thread 2: Model version 8
2025-11-28 19:54:35+0700: Eigen (CPU) backend thread 2: Model name: b6c96-s1995008-d1329786
2025-11-28 19:54:35+0700: Eigen (CPU) backend thread 4: Model name: b6c96-s1995008-d1329786
2025-11-28 19:54:35+0700: Eigen (CPU) backend thread 1: Model version 8
2025-11-28 19:54:35+0700: Eigen (CPU) backend thread 1: Model name: b6c96-s1995008-d1329786
2025-11-28 19:54:35+0700: Eigen (CPU) backend thread 5: Model version 8
2025-11-28 19:54:35+0700: Eigen (CPU) backend thread 5: Model name: b6c96-s1995008-d1329786
2025-11-28 19:54:35+0700: Eigen (CPU) backend thread 6: Model version 8
2025-11-28 19:54:35+0700: Eigen (CPU) backend thread 6: Model name: b6c96-s1995008-d1329786
2025-11-28 19:54:35+0700: Eigen (CPU) backend thread 7: Model version 8
2025-11-28 19:54:35+0700: Eigen (CPU) backend thread 7: Model name: b6c96-s1995008-d1329786
2025-11-28 19:54:35+0700: Loaded neural net with nnXLen 2 nnYLen 2
2025-11-28 19:54:35+0700: Initializing board with boardXSize 2 boardYSize 2
2025-11-28 19:54:35+0700: = 
2025-11-28 19:54:35+0700: Controller: genmove b
2025-11-28 19:54:35+0700: MoveNum: 0 HASH: CEA26448910A5BF5F35A3098A28FEA31
   A B
 2 . @
 1 . .

koPOSITIONALscoreAREAtaxNONEsui1komi7.5
Time taken: 0.047
Root visits: 315
New playouts: 315
NN rows: 91
NN batches: 75
NN avg batch size: 1.21333
PV: B2 A1 B1 pass pass
Tree:
: T -114.65c W -82.26c S -14.19c ( -4.2 L  -4.4) N     315  --  B2 A1 B1 pass pass
---Black(^)---
B2  : T -113.95c W -81.45c S -13.45c ( -4.0 L  -4.2) LCB -127.02c P 20.63% WF 287.0 PSV     285 N     285  --  B2 A1 B1 pass pass
pss : T -126.74c W -94.23c S -27.78c ( -7.2 L  -7.3) LCB -154.82c P 18.35% WF  27.0 PSV      29 N      29  --  pass pass

2025-11-28 19:54:35+0700: = B2
2025-11-28 19:54:35+0700: Controller: genmove w
2025-11-28 19:54:35+0700: MoveNum: 1 HASH: 308FF3323471377AFEF87BE00BC77DFC
   A B
 2 . X1
 1 @ .

koPOSITIONALscoreAREAtaxNONEsui1komi7.5
Time taken: 0
Root visits: 301
New playouts: 23
NN rows: 1
NN batches: 1
NN avg batch size: 1
PV: A1 B1 pass A2 pass pass
Tree:
: T 101.16c W  83.34c S   3.20c ( +3.9 L  +4.1) N     301  --  A1 B1 pass A2 pass pass
---White(^)---
A1  : T 106.05c W  87.51c S   4.82c ( +4.5 L  +4.7) LCB   95.94c P 26.88% WF 286.1 PSV     276 N     276  --  A1 B1 pass A2 pass pass
pss : T  18.97c W  10.57c S -10.25c ( -6.2 L  -7.3) LCB  -50.84c P 23.92% WF  12.3 PSV       5 N      21  --  pass A1 pass B1 pass
A2  : T -48.36c W -28.92c S -11.99c ( -9.5 L -10.9) LCB -130.33c P 25.00% WF   1.6 PSV       3 N       3  --  A2 A1 pass

2025-11-28 19:54:35+0700: = A1
2025-11-28 19:54:35+0700: Controller: genmove b
2025-11-28 19:54:35+0700: MoveNum: 2 HASH: 93B2ECE9EC0448C2C85C593F2893F20E
   A B
 2 . X1
 1 O2@

koPOSITIONALscoreAREAtaxNONEsui1komi7.5
Time taken: 0
Root visits: 315
New playouts: 153
NN rows: 4
NN batches: 3
NN avg batch size: 1.33333
PV: B1 pass A2 pass pass
Tree:
: T -103.35c W -93.02c S  -3.78c ( -4.0 L  -4.2) N     315  --  B1 pass A2 pass pass
---Black(^)---
B1  : T -100.87c W -93.04c S  -2.58c ( -3.6 L  -3.8) LCB -108.08c P 31.95% WF 277.0 PSV     271 N     271  --  B1 pass A2 pass pass
pss : T -124.79c W -95.50c S -14.33c ( -7.0 L  -7.1) LCB -140.56c P 33.12% WF  37.0 PSV      19 N      43  --  pass pass

2025-11-28 19:54:35+0700: = B1
2025-11-28 19:54:35+0700: Controller: genmove w
2025-11-28 19:54:35+0700: MoveNum: 3 HASH: 09E34D0D550843F5F27EB02CAFDD90E9
   A B
 2 . X1
 1 O2X3

koPOSITIONALscoreAREAtaxNONEsui1komi7.5
Time taken: 0
Root visits: 302
New playouts: 32
NN rows: 1
NN batches: 1
NN avg batch size: 1
PV: pass A2 pass pass
Tree:
: T 107.89c W  94.12c S   4.45c ( +3.6 L  +3.7) N     302  --  pass A2 pass pass
---White(^)---
pss : T 111.58c W  98.02c S   6.62c ( +3.6 L  +3.6) LCB  107.60c P 50.40% WF 285.4 PSV     278 N     278  --  pass A2 pass pass
A2  : T  49.48c W  30.35c S   2.06c ( +4.1 L  +6.0) LCB  -18.21c P 49.60% WF  15.6 PSV      11 N      23  --  A2 B1 B2 B1 A2 pass

2025-11-28 19:54:35+0700: = pass
2025-11-28 19:54:35+0700: Controller: genmove b
2025-11-28 19:54:35+0700: MoveNum: 4 HASH: 09E34D0D550843F5F27EB02CAFDD90E9
   A B
 2 @ X
 1 O1X2

koPOSITIONALscoreAREAtaxNONEsui1komi7.5
Time taken: 0.015
Root visits: 165
New playouts: 165
NN rows: 11
NN batches: 10
NN avg batch size: 1.1
PV: A2 pass pass
Tree:
: T -122.34c W -91.19c S -16.42c ( -4.5 L  -4.7) N     165  --  A2 pass pass
---Black(^)---
A2  : T -120.98c W -90.69c S -14.51c ( -3.5 L  -3.5) LCB -135.62c P 45.08% WF  99.5 PSV      98 N     107  --  A2 pass pass
pss : T -126.87c W -93.60c S -21.22c ( -6.4 L  -7.0) LCB -141.80c P 54.92% WF  55.6 PSV      55 N      57  --  pass pass

2025-11-28 19:54:35+0700: = resign
2025-11-28 19:54:35+0700: Controller: genmove w
2025-11-28 19:54:35+0700: MoveNum: 0 HASH: 09E34D0D550843F5F27EB02CAFDD90E9
   A B
 2 . X
 1 O X

koPOSITIONALscoreAREAtaxNONEsui1komi7.5
Time taken: 0.032
Root visits: 314
New playouts: 314
NN rows: 59
NN batches: 48
NN avg batch size: 1.22917
PV: pass A2 A1 B2 pass pass
Tree:
: T  88.30c W  56.85c S  14.71c ( +5.1 L  +5.4) N     314  --  pass A2 A1 B2 pass pass
---White(^)---
pss : T  95.40c W  62.46c S  16.09c ( +5.7 L  +5.9) LCB   77.69c P 50.40% WF 276.2 PSV     258 N     260  --  pass A2 A1 B2 pass pass
A2  : T  35.36c W  14.78c S   7.35c ( +1.1 L  +1.4) LCB   -6.84c P 49.60% WF  34.8 PSV      22 N      53  --  A2 B1 pass B2 pass A1 A2 B1

2025-11-28 19:54:35+0700: = pass
2025-11-28 19:54:35+0700: Controller: genmove b
2025-11-28 19:54:35+0700: MoveNum: 1 HASH: 09E34D0D550843F5F27EB02CAFDD90E9
   A B
 2 @ X
 1 O X

koPOSITIONALscoreAREAtaxNONEsui1komi7.5
Time taken: 0.015
Root visits: 163
New playouts: 163
NN rows: 11
NN batches: 10
NN avg batch size: 1.1
PV: A2 pass A1 A1 A2 B2 pass B1 pass pass
Tree:
: T -55.91c W -31.07c S  -5.35c ( -2.6 L  -2.9) N     163  --  A2 pass A1 A1 A2 B2 pass
---Black(^)---
A2  : T -51.94c W -27.50c S  -5.04c ( -2.4 L  -2.7) LCB  -77.61c P 45.08% WF 146.6 PSV     142 N     148  --  A2 pass A1 A1 A2 B2 pass B1
pss : T -122.28c W -88.53c S -18.38c ( -5.6 L  -6.8) LCB -161.54c P 54.92% WF   9.5 PSV      14 N      14  --  pass pass

2025-11-28 19:54:35+0700: = A2
2025-11-28 19:54:35+0700: GPU -1 finishing, processed 25 rows 16 batches
2025-11-28 19:54:35+0700: GPU -1 finishing, processed 16 rows 15 batches
2025-11-28 19:54:35+0700: GPU -1 finishing, processed 26 rows 23 batches
2025-11-28 19:54:35+0700: GPU -1 finishing, processed 18 rows 16 batches
2025-11-28 19:54:35+0700: GPU -1 finishing, processed 24 rows 20 batches
2025-11-28 19:54:35+0700: GPU -1 finishing, processed 22 rows 17 batches
2025-11-28 19:54:35+0700: GPU -1 finishing, processed 22 rows 18 batches
2025-11-28 19:54:35+0700: GPU -1 finishing, processed 25 rows 23 batches
2025-11-28 19:54:35+0700: All cleaned up, quitting
