2025-11-28 16:59:47+0700: Running with following config:
allowResignation = true
lagBuffer = 0.0
logAllGTPCommunication = true
logDir = gtp_logs
logSearchInfo = true
logSearchInfoForChosenMove = false
logToStderr = false
maxPlayouts = 500
maxPlayoutsPondering = 3000
maxTime = 0.5
maxTimePondering = 60.0
maxVisits = 300
maxVisitsPondering = 5000
numSearchThreads = 16
ponderingEnabled = false
resignConsecTurns = 3
resignThreshold = -0.90
rules = tromp-taylor
searchFactorAfterOnePass = 0.50
searchFactorAfterTwoPass = 0.25
searchFactorWhenWinning = 0.40
searchFactorWhenWinningThreshold = 0.95

2025-11-28 16:59:47+0700: GTP Engine starting...
2025-11-28 16:59:47+0700: KataGo v1.14.0
2025-11-28 16:59:47+0700: Using TrompTaylor rules initially, unless GTP/GUI overrides this
2025-11-28 16:59:47+0700: Using 16 CPU thread(s) for search
2025-11-28 16:59:47+0700: nnRandSeed0 = 2917549538821291907
2025-11-28 16:59:47+0700: After dedups: nnModelFile0 = model.gz useFP16 auto useNHWC auto
2025-11-28 16:59:47+0700: Initializing neural net buffer to be size 19 * 19 exactly
2025-11-28 16:59:48+0700: Eigen (CPU) backend thread 0: Model version 8
2025-11-28 16:59:48+0700: Eigen (CPU) backend thread 0: Model name: b6c96-s1995008-d1329786
2025-11-28 16:59:48+0700: Eigen (CPU) backend thread 3: Model version 8
2025-11-28 16:59:48+0700: Eigen (CPU) backend thread 3: Model name: b6c96-s1995008-d1329786
2025-11-28 16:59:48+0700: Eigen (CPU) backend thread 4: Model version 8
2025-11-28 16:59:48+0700: Eigen (CPU) backend thread 5: Model version 8
2025-11-28 16:59:48+0700: Eigen (CPU) backend thread 5: Model name: b6c96-s1995008-d1329786
2025-11-28 16:59:48+0700: Eigen (CPU) backend thread 6: Model version 8
2025-11-28 16:59:48+0700: Eigen (CPU) backend thread 6: Model name: b6c96-s1995008-d1329786
2025-11-28 16:59:48+0700: Eigen (CPU) backend thread 1: Model version 8
2025-11-28 16:59:48+0700: Eigen (CPU) backend thread 4: Model name: b6c96-s1995008-d1329786
2025-11-28 16:59:48+0700: Eigen (CPU) backend thread 1: Model name: b6c96-s1995008-d1329786
2025-11-28 16:59:48+0700: Eigen (CPU) backend thread 2: Model version 8
2025-11-28 16:59:48+0700: Eigen (CPU) backend thread 2: Model name: b6c96-s1995008-d1329786
2025-11-28 16:59:48+0700: Eigen (CPU) backend thread 7: Model version 8
2025-11-28 16:59:48+0700: Eigen (CPU) backend thread 7: Model name: b6c96-s1995008-d1329786
2025-11-28 16:59:48+0700: Loaded neural net with nnXLen 19 nnYLen 19
2025-11-28 16:59:48+0700: Initializing board with boardXSize 19 boardYSize 19
2025-11-28 16:59:48+0700: Loaded config default_gtp.cfg
2025-11-28 16:59:48+0700: Loaded model model.gz
2025-11-28 16:59:48+0700: Model name: b6c96-s1995008-d1329786
2025-11-28 16:59:48+0700: GTP ready, beginning main protocol loop
2025-11-28 16:59:48+0700: Controller: version
2025-11-28 16:59:48+0700: = 1.14.0
2025-11-28 16:59:48+0700: Controller: genmove b
2025-11-28 16:59:48+0700: MoveNum: 0 HASH: CDCBC1F514D7E680FACD226074256633
   A B C D E F G H J K L M N O P Q R S T
19 . . . . . . . . . . . . . . . . . . .
18 . . . . . . . . . . . . . . . . . . .
17 . . . . . . . . . . . . . . . . . . .
16 . . . . . . . . . . . . . . . . . . .
15 . . . . . . . . . . . . . . . . . . .
14 . . . . . . . . . . . . . . . . . . .
13 . . . . . . . . . . . . . . . . . . .
12 . . . . . . . . . . . . . . . . . . .
11 . . . . . . . . . . . . . . . . . . .
10 . . . . . . . . . . @ . . . . . . . .
 9 . . . . . . . . . . . . . . . . . . .
 8 . . . . . . . . . . . . . . . . . . .
 7 . . . . . . . . . . . . . . . . . . .
 6 . . . . . . . . . . . . . . . . . . .
 5 . . . . . . . . . . . . . . . . . . .
 4 . . . . . . . . . . . . . . . . . . .
 3 . . . . . . . . . . . . . . . . . . .
 2 . . . . . . . . . . . . . . . . . . .
 1 . . . . . . . . . . . . . . . . . . .

koPOSITIONALscoreAREAtaxNONEsui1komi7.5
Time taken: 0.531
Root visits: 121
New playouts: 121
NN rows: 121
NN batches: 81
NN avg batch size: 1.49383
PV: T19 pass
Tree:
: T   0.83c W   6.47c S   2.05c ( +8.0 L  -2.3) N     121  --  T19 pass
---Black(^)---
T19 : T  75.08c W  60.79c S  12.71c (+37.2 L +11.1) LCB -112.42c P  0.27% WF   2.3 PSV       4 N       2  --  T19 pass
T17 : T  -6.25c W   1.74c S   1.21c ( +5.6 L  -2.8) LCB -128.82c P  0.28% WF   3.0 PSV       3 N       3  --  T17 B19 pass
T11 : T  -5.60c W   2.33c S   1.34c ( +6.0 L  -2.8) LCB -128.59c P  0.28% WF   3.0 PSV       3 N       3  --  T11 A18 pass
T16 : T  -5.93c W   1.91c S   1.23c ( +5.7 L  -2.9) LCB -128.48c P  0.28% WF   3.0 PSV       3 N       3  --  T16 A18 pass
O14 : T  -5.57c W   2.27c S   1.29c ( +5.9 L  -2.9) LCB -132.46c P  0.28% WF   3.0 PSV       3 N       3  --  O14 P14 pass
P15 : T  -6.07c W   1.95c S   1.22c ( +5.7 L  -2.9) LCB -133.50c P  0.28% WF   3.0 PSV       3 N       3  --  P15 O15 pass
N13 : T  -5.54c W   2.28c S   1.30c ( +5.9 L  -2.9) LCB -132.49c P  0.28% WF   3.0 PSV       3 N       3  --  N13 M13 pass
M12 : T  -5.48c W   2.36c S   1.33c ( +6.0 L  -2.9) LCB -132.42c P  0.28% WF   3.0 PSV       3 N       3  --  M12 M11 pass
M11 : T  -5.44c W   2.46c S   1.33c ( +6.0 L  -2.9) LCB -132.39c P  0.28% WF   3.0 PSV       3 N       3  --  M11 M10 pass
M10 : T  -5.44c W   2.47c S   1.33c ( +6.0 L  -2.9) LCB -132.39c P  0.28% WF   3.0 PSV       3 N       3  --  M10 N10 pass

2025-11-28 16:59:48+0700: = L10
2025-11-28 16:59:48+0700: Controller: genmove b
2025-11-28 16:59:49+0700: MoveNum: 0 HASH: 18780CCB0ACAE88511211A4C2B7F8FE4
   A B C D E F G H J K L M N O P Q R S T
19 . . . . . . . . . . . . . . . . . . .
18 . . . . . . . . . . . . . . . . . . .
17 . . . . . . . . . . . . . . . . . . .
16 . . . . . . . . . . . . . . . . . . .
15 . . . . . . . . . . . . . . . . . . .
14 . . . . . . . . . . . . . . . . . . .
13 . . . . . . . . . . . . . . . . . . .
12 . . . . . . . . . . . . . . . . . . .
11 . . . . . . . . . . . . . . . . . . .
10 . . . . . . . . . . X . . @ . . . . .
 9 . . . . . . . . . . . . . . . . . . .
 8 . . . . . . . . . . . . . . . . . . .
 7 . . . . . . . . . . . . . . . . . . .
 6 . . . . . . . . . . . . . . . . . . .
 5 . . . . . . . . . . . . . . . . . . .
 4 . . . . . . . . . . . . . . . . . . .
 3 . . . . . . . . . . . . . . . . . . .
 2 . . . . . . . . . . . . . . . . . . .
 1 . . . . . . . . . . . . . . . . . . .

koPOSITIONALscoreAREAtaxNONEsui1komi7.5
Time taken: 0.547
Root visits: 135
New playouts: 135
NN rows: 135
NN batches: 87
NN avg batch size: 1.55172
PV: K12
Tree:
: T  31.57c W  38.30c S  -6.75c (+28.3 L  +2.0) N     135  --  K12
---Black(^)---
K12 : T  32.37c W  38.94c S  -6.57c (+28.7 L  +1.9) LCB -317.63c P  0.29% WF   1.0 PSV       1 N       1  --  K12
pss : T  28.95c W  36.22c S  -7.27c (+26.6 L  +1.6) LCB -321.05c P  0.58% WF   1.0 PSV       1 N       1  --  pass
K10 : T  32.20c W  38.80c S  -6.60c (+28.6 L  +2.0) LCB -317.80c P  0.31% WF   1.0 PSV       1 N       1  --  K10
N10 : T  32.21c W  38.86c S  -6.65c (+28.5 L  +2.0) LCB -317.79c P  0.30% WF   1.0 PSV       1 N       1  --  N10
M10 : T  32.11c W  38.72c S  -6.62c (+28.6 L  +2.0) LCB -317.89c P  0.30% WF   1.0 PSV       1 N       1  --  M10
M11 : T  32.10c W  38.78c S  -6.68c (+28.4 L  +1.9) LCB -317.90c P  0.30% WF   1.0 PSV       1 N       1  --  M11
K11 : T  31.95c W  38.64c S  -6.69c (+28.4 L  +1.9) LCB -318.05c P  0.30% WF   1.0 PSV       1 N       1  --  K11
N11 : T  32.36c W  38.94c S  -6.57c (+28.7 L  +1.9) LCB -317.64c P  0.29% WF   1.0 PSV       1 N       1  --  N11
J10 : T  32.23c W  38.87c S  -6.65c (+28.5 L  +2.0) LCB -317.77c P  0.29% WF   1.0 PSV       1 N       1  --  J10
M13 : T  31.57c W  38.36c S  -6.80c (+28.1 L  +2.0) LCB -318.43c P  0.29% WF   1.0 PSV       1 N       1  --  M13

2025-11-28 16:59:49+0700: = O10
2025-11-28 16:59:49+0700: Controller: genmove b
2025-11-28 16:59:49+0700: MoveNum: 0 HASH: 736895A9F6D34C388D317969E55F6B79
   A B C D E F G H J K L M N O P Q R S T
19 . . . . . . . . . . . . . . . . . . .
18 . . . . . . . . . . . . . . . . . . .
17 . . . . . . . . . . . . . . . . . . .
16 . . . . . . . . . . . . . . . . . . .
15 . . . . . . . . . . . . . . . . . . .
14 . . . . . . . . . . . . . . . . . . .
13 . . . . . . . . . . . @ . . . . . . .
12 . . . . . . . . . . . . . . . . . . .
11 . . . . . . . . . . . . . . . . . . .
10 . . . . . . . . . . X . . X . . . . .
 9 . . . . . . . . . . . . . . . . . . .
 8 . . . . . . . . . . . . . . . . . . .
 7 . . . . . . . . . . . . . . . . . . .
 6 . . . . . . . . . . . . . . . . . . .
 5 . . . . . . . . . . . . . . . . . . .
 4 . . . . . . . . . . . . . . . . . . .
 3 . . . . . . . . . . . . . . . . . . .
 2 . . . . . . . . . . . . . . . . . . .
 1 . . . . . . . . . . . . . . . . . . .

koPOSITIONALscoreAREAtaxNONEsui1komi7.5
Time taken: 0.531
Root visits: 138
New playouts: 138
NN rows: 138
NN batches: 91
NN avg batch size: 1.51648
PlayoutDoublingAdvantage: -0.5
PV: N10
Tree:
: T  26.55c W  35.03c S  -8.51c (+25.1 L  +4.1) N     138  --  N10
---Black(^)---
N10 : T  27.34c W  35.65c S  -8.31c (+25.5 L  +4.2) LCB -322.66c P  0.30% WF   1.0 PSV       1 N       1  --  N10
pss : T  24.33c W  33.29c S  -8.96c (+23.7 L  +3.8) LCB -325.67c P  0.60% WF   1.0 PSV       1 N       1  --  pass
L11 : T  26.87c W  35.28c S  -8.41c (+25.2 L  +4.1) LCB -323.13c P  0.31% WF   1.0 PSV       1 N       1  --  L11
O11 : T  27.18c W  35.53c S  -8.35c (+25.4 L  +4.1) LCB -322.82c P  0.31% WF   1.0 PSV       1 N       1  --  O11
M11 : T  27.05c W  35.42c S  -8.37c (+25.3 L  +4.1) LCB -322.95c P  0.31% WF   1.0 PSV       1 N       1  --  M11
P11 : T  26.88c W  35.32c S  -8.44c (+25.2 L  +4.1) LCB -323.12c P  0.30% WF   1.0 PSV       1 N       1  --  P11
L12 : T  27.08c W  35.48c S  -8.40c (+25.3 L  +4.1) LCB -322.92c P  0.30% WF   1.0 PSV       1 N       1  --  L12
O12 : T  27.19c W  35.60c S  -8.41c (+25.3 L  +4.1) LCB -322.81c P  0.30% WF   1.0 PSV       1 N       1  --  O12
K10 : T  27.02c W  35.43c S  -8.41c (+25.3 L  +4.1) LCB -322.98c P  0.30% WF   1.0 PSV       1 N       1  --  K10
K12 : T  26.92c W  35.38c S  -8.47c (+25.2 L  +4.1) LCB -323.08c P  0.29% WF   1.0 PSV       1 N       1  --  K12

2025-11-28 16:59:49+0700: = M13
2025-11-28 16:59:49+0700: Controller: genmove b
2025-11-28 16:59:50+0700: MoveNum: 0 HASH: 602CF6EC94C25EC6069F0EEFADC0950F
   A B C D E F G H J K L M N O P Q R S T
19 . . . . . . . . . . . . . . . . . . .
18 . . . . . . . . . . . . . . . . . . .
17 . . . . . . . . . . . . . . . . . . .
16 . . . . . . . . . . . . . . . . . . .
15 . . . . . . . . . . . . . . . . . . .
14 . . . . . . . . . @ . . . . . . . . .
13 . . . . . . . . . . . X . . . . . . .
12 . . . . . . . . . . . . . . . . . . .
11 . . . . . . . . . . . . . . . . . . .
10 . . . . . . . . . . X . . X . . . . .
 9 . . . . . . . . . . . . . . . . . . .
 8 . . . . . . . . . . . . . . . . . . .
 7 . . . . . . . . . . . . . . . . . . .
 6 . . . . . . . . . . . . . . . . . . .
 5 . . . . . . . . . . . . . . . . . . .
 4 . . . . . . . . . . . . . . . . . . .
 3 . . . . . . . . . . . . . . . . . . .
 2 . . . . . . . . . . . . . . . . . . .
 1 . . . . . . . . . . . . . . . . . . .

koPOSITIONALscoreAREAtaxNONEsui1komi7.5
Time taken: 0.532
Root visits: 134
New playouts: 134
NN rows: 134
NN batches: 90
NN avg batch size: 1.48889
PlayoutDoublingAdvantage: -1.125
PV: L12
Tree:
: T  25.11c W  32.95c S  -7.87c (+25.3 L  +5.0) N     134  --  L12
---Black(^)---
L12 : T  25.84c W  33.56c S  -7.71c (+25.6 L  +5.1) LCB -324.16c P  0.31% WF   1.0 PSV       1 N       1  --  L12
pss : T  22.13c W  30.59c S  -8.45c (+23.4 L  +4.7) LCB -327.87c P  0.63% WF   1.0 PSV       1 N       1  --  pass
N11 : T  25.44c W  33.19c S  -7.76c (+25.4 L  +5.1) LCB -324.56c P  0.32% WF   1.0 PSV       1 N       1  --  N11
O11 : T  25.49c W  33.25c S  -7.77c (+25.4 L  +5.1) LCB -324.51c P  0.32% WF   1.0 PSV       1 N       1  --  O11
L11 : T  25.42c W  33.22c S  -7.80c (+25.4 L  +5.0) LCB -324.58c P  0.31% WF   1.0 PSV       1 N       1  --  L11
N9  : T  25.45c W  33.27c S  -7.81c (+25.4 L  +5.1) LCB -324.55c P  0.31% WF   1.0 PSV       1 N       1  --  N9
O12 : T  25.42c W  33.20c S  -7.78c (+25.4 L  +5.0) LCB -324.58c P  0.31% WF   1.0 PSV       1 N       1  --  O12
M11 : T  25.58c W  33.29c S  -7.70c (+25.5 L  +5.1) LCB -324.42c P  0.31% WF   1.0 PSV       1 N       1  --  M11
M14 : T  25.43c W  33.24c S  -7.81c (+25.4 L  +5.0) LCB -324.57c P  0.31% WF   1.0 PSV       1 N       1  --  M14
M12 : T  25.07c W  32.88c S  -7.81c (+25.2 L  +5.1) LCB -324.93c P  0.31% WF   1.0 PSV       1 N       1  --  M12

2025-11-28 16:59:50+0700: = K14
2025-11-28 16:59:50+0700: GPU -1 finishing, processed 65 rows 44 batches
2025-11-28 16:59:50+0700: GPU -1 finishing, processed 66 rows 48 batches
2025-11-28 16:59:50+0700: GPU -1 finishing, processed 66 rows 41 batches
2025-11-28 16:59:50+0700: GPU -1 finishing, processed 67 rows 44 batches
2025-11-28 16:59:50+0700: GPU -1 finishing, processed 68 rows 44 batches
2025-11-28 16:59:50+0700: GPU -1 finishing, processed 65 rows 41 batches
2025-11-28 16:59:50+0700: GPU -1 finishing, processed 65 rows 44 batches
2025-11-28 16:59:50+0700: GPU -1 finishing, processed 66 rows 43 batches
2025-11-28 16:59:50+0700: All cleaned up, quitting
