2025-11-28 17:40:37+0700: Running with following config:
allowResignation = true
lagBuffer = 0.0
logAllGTPCommunication = true
logDir = gtp_logs
logSearchInfo = true
logSearchInfoForChosenMove = false
logToStderr = false
maxPlayouts = 500
maxPlayoutsPondering = 3000
maxTime = 0.5
maxTimePondering = 60.0
maxVisits = 300
maxVisitsPondering = 5000
numSearchThreads = 16
ponderingEnabled = false
resignConsecTurns = 3
resignThreshold = -0.90
rules = tromp-taylor
searchFactorAfterOnePass = 0.50
searchFactorAfterTwoPass = 0.25
searchFactorWhenWinning = 0.40
searchFactorWhenWinningThreshold = 0.95

2025-11-28 17:40:37+0700: GTP Engine starting...
2025-11-28 17:40:37+0700: KataGo v1.14.0
2025-11-28 17:40:37+0700: Using TrompTaylor rules initially, unless GTP/GUI overrides this
2025-11-28 17:40:37+0700: Using 16 CPU thread(s) for search
2025-11-28 17:40:37+0700: nnRandSeed0 = 11951913155339625516
2025-11-28 17:40:37+0700: After dedups: nnModelFile0 = model.gz useFP16 auto useNHWC auto
2025-11-28 17:40:37+0700: Initializing neural net buffer to be size 19 * 19 exactly
2025-11-28 17:40:37+0700: Eigen (CPU) backend thread 1: Model version 8
2025-11-28 17:40:37+0700: Eigen (CPU) backend thread 1: Model name: b6c96-s1995008-d1329786
2025-11-28 17:40:37+0700: Eigen (CPU) backend thread 2: Model version 8
2025-11-28 17:40:37+0700: Eigen (CPU) backend thread 2: Model name: b6c96-s1995008-d1329786
2025-11-28 17:40:37+0700: Eigen (CPU) backend thread 3: Model version 8
2025-11-28 17:40:37+0700: Eigen (CPU) backend thread 3: Model name: b6c96-s1995008-d1329786
2025-11-28 17:40:37+0700: Eigen (CPU) backend thread 4: Model version 8
2025-11-28 17:40:37+0700: Eigen (CPU) backend thread 4: Model name: b6c96-s1995008-d1329786
2025-11-28 17:40:37+0700: Eigen (CPU) backend thread 6: Model version 8
2025-11-28 17:40:37+0700: Eigen (CPU) backend thread 6: Model name: b6c96-s1995008-d1329786
2025-11-28 17:40:37+0700: Eigen (CPU) backend thread 5: Model version 8
2025-11-28 17:40:37+0700: Eigen (CPU) backend thread 5: Model name: b6c96-s1995008-d1329786
2025-11-28 17:40:37+0700: Eigen (CPU) backend thread 7: Model version 8
2025-11-28 17:40:37+0700: Eigen (CPU) backend thread 7: Model name: b6c96-s1995008-d1329786
2025-11-28 17:40:37+0700: Eigen (CPU) backend thread 0: Model version 8
2025-11-28 17:40:37+0700: Eigen (CPU) backend thread 0: Model name: b6c96-s1995008-d1329786
2025-11-28 17:40:37+0700: Loaded neural net with nnXLen 19 nnYLen 19
2025-11-28 17:40:37+0700: Initializing board with boardXSize 19 boardYSize 19
2025-11-28 17:40:37+0700: Loaded config default_gtp.cfg
2025-11-28 17:40:37+0700: Loaded model model.gz
2025-11-28 17:40:37+0700: Model name: b6c96-s1995008-d1329786
2025-11-28 17:40:37+0700: GTP ready, beginning main protocol loop
2025-11-28 17:40:37+0700: Controller: version
2025-11-28 17:40:37+0700: = 1.14.0
2025-11-28 17:40:37+0700: Controller: genmove b
2025-11-28 17:40:38+0700: MoveNum: 0 HASH: CDCBC1F514D7E680FACD226074256633
   A B C D E F G H J K L M N O P Q R S T
19 . . . . . . . . . . . . . . . . . . .
18 . . . . . . . . . . . . . . . . . . .
17 . . . . . . . . . . . . . . . . . . .
16 . . . . . . . . . . . . . . . . . . .
15 . . . . . . . . . . . . . . . . . . .
14 . . . . . . . . . . . . . . . . . . .
13 . . . . . . . . . . . . . . . . . . .
12 . . . . . . . . . . . . . . . . . . .
11 . . . . . . . . . . . . @ . . . . . .
10 . . . . . . . . . . . . . . . . . . .
 9 . . . . . . . . . . . . . . . . . . .
 8 . . . . . . . . . . . . . . . . . . .
 7 . . . . . . . . . . . . . . . . . . .
 6 . . . . . . . . . . . . . . . . . . .
 5 . . . . . . . . . . . . . . . . . . .
 4 . . . . . . . . . . . . . . . . . . .
 3 . . . . . . . . . . . . . . . . . . .
 2 . . . . . . . . . . . . . . . . . . .
 1 . . . . . . . . . . . . . . . . . . .

koPOSITIONALscoreAREAtaxNONEsui1komi7.5
Time taken: 0.531
Root visits: 122
New playouts: 122
NN rows: 122
NN batches: 79
NN avg batch size: 1.5443
PV: S13 A2 pass
Tree:
: T  -0.49c W   5.51c S   1.91c ( +7.6 L  -2.6) N     122  --  S13 A2 pass
---Black(^)---
S13 : T  -3.75c W   3.59c S   1.57c ( +6.6 L  -2.6) LCB -125.51c P  0.28% WF   3.0 PSV       3 N       3  --  S13 A2 pass
T18 : T  -6.58c W   1.32c S   1.14c ( +5.5 L  -3.0) LCB -129.30c P  0.30% WF   3.0 PSV       3 N       3  --  T18 S19 pass
T10 : T  -5.21c W   2.36c S   1.36c ( +6.0 L  -2.9) LCB -126.31c P  0.29% WF   3.0 PSV       3 N       3  --  T10 B1 pass
T11 : T  -5.73c W   2.34c S   1.33c ( +6.0 L  -2.7) LCB -128.15c P  0.29% WF   3.0 PSV       3 N       3  --  T11 B19 pass
T12 : T  -5.52c W   2.29c S   1.33c ( +6.0 L  -2.9) LCB -128.22c P  0.29% WF   3.0 PSV       3 N       3  --  T12 A2 pass
T15 : T  -5.79c W   1.99c S   1.27c ( +5.8 L  -2.8) LCB -127.73c P  0.29% WF   3.0 PSV       3 N       3  --  T15 B19 pass
T16 : T  -5.84c W   2.09c S   1.33c ( +6.0 L  -2.8) LCB -128.74c P  0.29% WF   3.0 PSV       3 N       3  --  T16 S19 pass
S15 : T  -5.99c W   1.97c S   1.27c ( +5.8 L  -3.0) LCB -131.90c P  0.28% WF   3.0 PSV       3 N       3  --  S15 T14 pass
S10 : T  -4.61c W   2.77c S   1.42c ( +6.2 L  -2.7) LCB -128.06c P  0.28% WF   3.0 PSV       3 N       3  --  S10 S19 pass
S11 : T  -4.41c W   3.26c S   1.50c ( +6.5 L  -2.7) LCB -127.47c P  0.28% WF   3.0 PSV       3 N       3  --  S11 A18 pass

2025-11-28 17:40:38+0700: = N11
2025-11-28 17:40:38+0700: Controller: genmove b
2025-11-28 17:40:39+0700: MoveNum: 0 HASH: 936378888CF530621F6AE02C8C6FC4DB
   A B C D E F G H J K L M N O P Q R S T
19 . . . . . . . . . . . . . . . . . . .
18 . . . . . . . . . . . . . . . . . . .
17 . . . . . . . . . . . . . . . . . . .
16 . . . . . . . . . . . . . . . . . . .
15 . . . . . . . . . . . . . . . . . . .
14 . . . . . . . . . . . . . . . . . . .
13 . . . . . . . @ . . . . . . . . . . .
12 . . . . . . . . . . . . . . . . . . .
11 . . . . . . . . . . . . X . . . . . .
10 . . . . . . . . . . . . . . . . . . .
 9 . . . . . . . . . . . . . . . . . . .
 8 . . . . . . . . . . . . . . . . . . .
 7 . . . . . . . . . . . . . . . . . . .
 6 . . . . . . . . . . . . . . . . . . .
 5 . . . . . . . . . . . . . . . . . . .
 4 . . . . . . . . . . . . . . . . . . .
 3 . . . . . . . . . . . . . . . . . . .
 2 . . . . . . . . . . . . . . . . . . .
 1 . . . . . . . . . . . . . . . . . . .

koPOSITIONALscoreAREAtaxNONEsui1komi7.5
Time taken: 0.547
Root visits: 133
New playouts: 133
NN rows: 133
NN batches: 87
NN avg batch size: 1.52874
PV: O10
Tree:
: T  31.70c W  38.40c S  -6.72c (+28.4 L  +2.0) N     133  --  O10
---Black(^)---
O10 : T  32.46c W  39.06c S  -6.59c (+28.7 L  +2.0) LCB -317.54c P  0.30% WF   1.0 PSV       1 N       1  --  O10
pss : T  28.95c W  36.21c S  -7.27c (+26.6 L  +1.6) LCB -321.05c P  0.58% WF   1.0 PSV       1 N       1  --  pass
O11 : T  32.28c W  38.88c S  -6.60c (+28.7 L  +2.0) LCB -317.72c P  0.31% WF   1.0 PSV       1 N       1  --  O11
M12 : T  32.34c W  38.95c S  -6.61c (+28.6 L  +2.0) LCB -317.66c P  0.30% WF   1.0 PSV       1 N       1  --  M12
L11 : T  32.22c W  38.87c S  -6.65c (+28.5 L  +2.0) LCB -317.78c P  0.30% WF   1.0 PSV       1 N       1  --  L11
M11 : T  32.18c W  38.79c S  -6.60c (+28.6 L  +2.0) LCB -317.82c P  0.30% WF   1.0 PSV       1 N       1  --  M11
M10 : T  32.35c W  38.95c S  -6.61c (+28.6 L  +2.0) LCB -317.65c P  0.30% WF   1.0 PSV       1 N       1  --  M10
M13 : T  32.35c W  38.92c S  -6.57c (+28.7 L  +1.9) LCB -317.65c P  0.30% WF   1.0 PSV       1 N       1  --  M13
L12 : T  32.32c W  38.94c S  -6.62c (+28.7 L  +1.9) LCB -317.68c P  0.30% WF   1.0 PSV       1 N       1  --  L12
N12 : T  32.19c W  38.79c S  -6.60c (+28.6 L  +2.0) LCB -317.81c P  0.29% WF   1.0 PSV       1 N       1  --  N12

2025-11-28 17:40:39+0700: = H13
2025-11-28 17:40:39+0700: Controller: genmove b
2025-11-28 17:40:39+0700: MoveNum: 0 HASH: 330BD7309DEDE0FAEEF2E7CFF1A7DFB0
   A B C D E F G H J K L M N O P Q R S T
19 . . . . . . . . . . . . . . . . . . .
18 . . . . . . . . . . @ . . . . . . . .
17 . . . . . . . . . . . . . . . . . . .
16 . . . . . . . . . . . . . . . . . . .
15 . . . . . . . . . . . . . . . . . . .
14 . . . . . . . . . . . . . . . . . . .
13 . . . . . . . X . . . . . . . . . . .
12 . . . . . . . . . . . . . . . . . . .
11 . . . . . . . . . . . . X . . . . . .
10 . . . . . . . . . . . . . . . . . . .
 9 . . . . . . . . . . . . . . . . . . .
 8 . . . . . . . . . . . . . . . . . . .
 7 . . . . . . . . . . . . . . . . . . .
 6 . . . . . . . . . . . . . . . . . . .
 5 . . . . . . . . . . . . . . . . . . .
 4 . . . . . . . . . . . . . . . . . . .
 3 . . . . . . . . . . . . . . . . . . .
 2 . . . . . . . . . . . . . . . . . . .
 1 . . . . . . . . . . . . . . . . . . .

koPOSITIONALscoreAREAtaxNONEsui1komi7.5
Time taken: 0.547
Root visits: 139
New playouts: 139
NN rows: 139
NN batches: 94
NN avg batch size: 1.47872
PlayoutDoublingAdvantage: -0.5
PV: J14
Tree:
: T  26.81c W  35.35c S  -8.56c (+25.2 L  +4.1) N     139  --  J14
---Black(^)---
J14 : T  26.98c W  35.49c S  -8.51c (+25.2 L  +4.1) LCB -323.02c P  0.30% WF   1.0 PSV       1 N       1  --  J14
pss : T  24.01c W  33.12c S  -9.11c (+23.6 L  +3.9) LCB -325.99c P  0.59% WF   1.0 PSV       1 N       1  --  pass
J13 : T  26.72c W  35.25c S  -8.53c (+25.1 L  +4.1) LCB -323.28c P  0.31% WF   1.0 PSV       1 N       1  --  J13
O11 : T  26.64c W  35.19c S  -8.55c (+25.1 L  +4.1) LCB -323.36c P  0.31% WF   1.0 PSV       1 N       1  --  O11
L11 : T  26.89c W  35.42c S  -8.53c (+25.2 L  +4.2) LCB -323.11c P  0.30% WF   1.0 PSV       1 N       1  --  L11
M11 : T  26.85c W  35.37c S  -8.53c (+25.2 L  +4.1) LCB -323.15c P  0.30% WF   1.0 PSV       1 N       1  --  M11
G13 : T  26.63c W  35.19c S  -8.56c (+25.0 L  +4.1) LCB -323.37c P  0.30% WF   1.0 PSV       1 N       1  --  G13
L10 : T  26.74c W  35.32c S  -8.58c (+25.1 L  +4.1) LCB -323.26c P  0.30% WF   1.0 PSV       1 N       1  --  L10
M10 : T  26.97c W  35.49c S  -8.51c (+25.2 L  +4.1) LCB -323.03c P  0.30% WF   1.0 PSV       1 N       1  --  M10
F12 : T  26.72c W  35.33c S  -8.60c (+25.0 L  +4.1) LCB -323.28c P  0.30% WF   1.0 PSV       1 N       1  --  F12

2025-11-28 17:40:39+0700: = L18
2025-11-28 17:40:39+0700: Controller: genmove b
2025-11-28 17:40:40+0700: MoveNum: 0 HASH: 82CD0F94CA78EDBF6C2BC0C37D749B8C
   A B C D E F G H J K L M N O P Q R S T
19 . . . . . . . . . . . . . . . . . . .
18 . . . . . . . . . . X . . . . . . . .
17 . . . . . . . . . . . . . . . . . . .
16 . . . . . . . . . . . . . . . . . . .
15 . . . . . . . . . . . . . . . . . . .
14 . . . . . . . . . . . . . . . . . . .
13 . . . . . . . X . . . . . . . . . . .
12 . . . . . . . . . . . . . . . . . . .
11 . . . . . . . . . . . . X . . . . . .
10 . . . . . . . . . . . . . . . . . . .
 9 . . . . . . . . . . . . . . . . . . .
 8 . . . . . . . . . . . . . . . . . . .
 7 . . . . . . . . . . . . . . @ . . . .
 6 . . . . . . . . . . . . . . . . . . .
 5 . . . . . . . . . . . . . . . . . . .
 4 . . . . . . . . . . . . . . . . . . .
 3 . . . . . . . . . . . . . . . . . . .
 2 . . . . . . . . . . . . . . . . . . .
 1 . . . . . . . . . . . . . . . . . . .

koPOSITIONALscoreAREAtaxNONEsui1komi7.5
Time taken: 0.531
Root visits: 141
New playouts: 141
NN rows: 141
NN batches: 92
NN avg batch size: 1.53261
PlayoutDoublingAdvantage: -1.125
PV: O12
Tree:
: T  23.34c W  31.84c S  -8.52c (+24.5 L  +4.9) N     141  --  O12
---Black(^)---
O12 : T  23.82c W  32.26c S  -8.44c (+24.7 L  +4.8) LCB -326.18c P  0.30% WF   1.0 PSV       1 N       1  --  O12
pss : T  20.27c W  29.43c S  -9.16c (+22.6 L  +4.6) LCB -329.73c P  0.62% WF   1.0 PSV       1 N       1  --  pass
K18 : T  21.76c W  30.53c S  -8.77c (+23.6 L  +4.7) LCB -328.24c P  0.32% WF   1.0 PSV       1 N       1  --  K18
M11 : T  23.66c W  32.08c S  -8.42c (+24.5 L  +4.8) LCB -326.34c P  0.31% WF   1.0 PSV       1 N       1  --  M11
K12 : T  23.65c W  32.11c S  -8.46c (+24.6 L  +4.8) LCB -326.35c P  0.30% WF   1.0 PSV       1 N       1  --  K12
G13 : T  23.61c W  32.05c S  -8.45c (+24.5 L  +4.8) LCB -326.39c P  0.30% WF   1.0 PSV       1 N       1  --  G13
J13 : T  23.67c W  32.09c S  -8.42c (+24.7 L  +4.9) LCB -326.33c P  0.30% WF   1.0 PSV       1 N       1  --  J13
K13 : T  23.64c W  32.11c S  -8.47c (+24.5 L  +4.9) LCB -326.36c P  0.30% WF   1.0 PSV       1 N       1  --  K13
M12 : T  23.59c W  32.06c S  -8.48c (+24.5 L  +4.8) LCB -326.41c P  0.30% WF   1.0 PSV       1 N       1  --  M12
M18 : T  21.37c W  30.22c S  -8.85c (+23.3 L  +4.8) LCB -328.63c P  0.30% WF   1.0 PSV       1 N       1  --  M18

2025-11-28 17:40:40+0700: = P7
2025-11-28 17:40:40+0700: Controller: genmove b
2025-11-28 17:40:40+0700: MoveNum: 0 HASH: 746713BACE9D22D93638FF054F3B0CE5
   A B C D E F G H J K L M N O P Q R S T
19 . . . . . . . . . . . . . . . . . . .
18 . . . . . . . . . . X . . . . . . . .
17 . . . . . . . . . . . . . . . . . . .
16 . . . . . . . . . . . . . . . . . . .
15 . . . . . . . . . . . . . . . . . . .
14 . . . . . . . . . . . . . . . . . . .
13 . . . . . . . X . . . . . . . . . . .
12 . . . . . . . . . . . @ . . . . . . .
11 . . . . . . . . . . . . X . . . . . .
10 . . . . . . . . . . . . . . . . . . .
 9 . . . . . . . . . . . . . . . . . . .
 8 . . . . . . . . . . . . . . . . . . .
 7 . . . . . . . . . . . . . . X . . . .
 6 . . . . . . . . . . . . . . . . . . .
 5 . . . . . . . . . . . . . . . . . . .
 4 . . . . . . . . . . . . . . . . . . .
 3 . . . . . . . . . . . . . . . . . . .
 2 . . . . . . . . . . . . . . . . . . .
 1 . . . . . . . . . . . . . . . . . . .

koPOSITIONALscoreAREAtaxNONEsui1komi7.5
Time taken: 0.531
Root visits: 136
New playouts: 136
NN rows: 136
NN batches: 90
NN avg batch size: 1.51111
PlayoutDoublingAdvantage: -1.875
PV: M12
Tree:
: T  19.61c W  27.46c S  -7.87c (+23.2 L  +6.0) N     136  --  M12
---Black(^)---
M12 : T  20.12c W  27.94c S  -7.83c (+23.2 L  +6.0) LCB -329.88c P  0.30% WF   1.0 PSV       1 N       1  --  M12
pss : T  16.44c W  24.93c S  -8.49c (+21.2 L  +5.7) LCB -333.56c P  0.63% WF   1.0 PSV       1 N       1  --  pass
N10 : T  19.91c W  27.75c S  -7.85c (+23.2 L  +6.0) LCB -330.09c P  0.31% WF   1.0 PSV       1 N       1  --  N10
H12 : T  19.66c W  27.53c S  -7.87c (+23.1 L  +6.0) LCB -330.34c P  0.31% WF   1.0 PSV       1 N       1  --  H12
L17 : T  18.72c W  26.69c S  -7.97c (+22.7 L  +5.9) LCB -331.28c P  0.31% WF   1.0 PSV       1 N       1  --  L17
P6  : T  19.76c W  27.62c S  -7.86c (+23.1 L  +6.0) LCB -330.24c P  0.30% WF   1.0 PSV       1 N       1  --  P6
K17 : T  18.86c W  26.89c S  -8.03c (+22.6 L  +5.9) LCB -331.14c P  0.30% WF   1.0 PSV       1 N       1  --  K17
O8  : T  19.68c W  27.56c S  -7.87c (+23.1 L  +6.1) LCB -330.32c P  0.30% WF   1.0 PSV       1 N       1  --  O8
M10 : T  20.04c W  27.84c S  -7.80c (+23.2 L  +6.0) LCB -329.96c P  0.30% WF   1.0 PSV       1 N       1  --  M10
O6  : T  19.68c W  27.56c S  -7.88c (+23.1 L  +6.0) LCB -330.32c P  0.30% WF   1.0 PSV       1 N       1  --  O6

2025-11-28 17:40:40+0700: = M12
2025-11-28 17:40:40+0700: Controller: genmove b
2025-11-28 17:40:41+0700: MoveNum: 0 HASH: 3751AB8173A285C24CDBF727A746CED9
   A B C D E F G H J K L M N O P Q R S T
19 . . . . . . . . . . . . . . . . . . .
18 . . . . . . . . . . X . . . . . . . .
17 . . . . . . . . . . . . . . . . . . .
16 . . . . . . . . . . . . . . . . . . .
15 . . . . . . . . . . . . . . . . . . .
14 . . . . . . . . . . . . . . . . . . .
13 . . . . . . . X . . . . . . . . . . .
12 . . . . . . . . . . . X . . . . . . .
11 . . . . . . . . . . . . X . . . . . .
10 . . . . . . . . . . . . . . . . . . .
 9 . . . . . . . . . . . . . . . . . . .
 8 . . . . . . . . . . . . . . @ . . . .
 7 . . . . . . . . . . . . . . X . . . .
 6 . . . . . . . . . . . . . . . . . . .
 5 . . . . . . . . . . . . . . . . . . .
 4 . . . . . . . . . . . . . . . . . . .
 3 . . . . . . . . . . . . . . . . . . .
 2 . . . . . . . . . . . . . . . . . . .
 1 . . . . . . . . . . . . . . . . . . .

koPOSITIONALscoreAREAtaxNONEsui1komi7.5
Time taken: 0.547
Root visits: 140
New playouts: 140
NN rows: 140
NN batches: 93
NN avg batch size: 1.50538
PlayoutDoublingAdvantage: -2.5
PV: O12
Tree:
: T  17.38c W  24.46c S  -7.10c (+22.5 L  +6.9) N     140  --  O12
---Black(^)---
O12 : T  18.12c W  25.14c S  -7.02c (+22.6 L  +7.0) LCB -331.88c P  0.31% WF   1.0 PSV       1 N       1  --  O12
pss : T  14.21c W  21.96c S  -7.75c (+20.5 L  +6.6) LCB -335.79c P  0.66% WF   1.0 PSV       1 N       1  --  pass
L12 : T  17.86c W  24.87c S  -7.01c (+22.7 L  +7.0) LCB -332.14c P  0.32% WF   1.0 PSV       1 N       1  --  L12
L11 : T  17.83c W  24.86c S  -7.03c (+22.5 L  +6.9) LCB -332.17c P  0.32% WF   1.0 PSV       1 N       1  --  L11
K13 : T  17.57c W  24.62c S  -7.04c (+22.6 L  +6.9) LCB -332.43c P  0.31% WF   1.0 PSV       1 N       1  --  K13
O13 : T  16.53c W  23.82c S  -7.29c (+22.0 L  +6.7) LCB -333.47c P  0.31% WF   1.0 PSV       1 N       1  --  O13
O7  : T  17.38c W  24.49c S  -7.11c (+22.5 L  +6.9) LCB -332.62c P  0.31% WF   1.0 PSV       1 N       1  --  O7
G13 : T  17.19c W  24.32c S  -7.13c (+22.3 L  +6.9) LCB -332.81c P  0.31% WF   1.0 PSV       1 N       1  --  G13
M10 : T  18.02c W  25.04c S  -7.02c (+22.6 L  +7.0) LCB -331.98c P  0.31% WF   1.0 PSV       1 N       1  --  M10
G12 : T  17.31c W  24.46c S  -7.15c (+22.4 L  +6.9) LCB -332.69c P  0.30% WF   1.0 PSV       1 N       1  --  G12

2025-11-28 17:40:41+0700: = P8
2025-11-28 17:40:41+0700: Controller: genmove b
2025-11-28 17:40:41+0700: MoveNum: 0 HASH: 7F0E37241D5D57A967A9B07470827307
   A B C D E F G H J K L M N O P Q R S T
19 . . . . . . . . . . . . . . . . . . .
18 . . . . . . . . . . X . . . . . . . .
17 . . . . . . . . . . . . . . . . . . .
16 . . . . . . . . . . . . . . . . . . .
15 . . . . . . . . . . . . . . . . . . .
14 . . . . . . . . . . . . . . . . . . .
13 . . . . . . . X . . . . . . . . . . .
12 . . . . . . . . . . . X . . . . . . .
11 . . . . . . . . . . . . X . . . . . .
10 . . . . . . . . . . . . . . . . . . .
 9 . . . . . . . . . . . . . . . . . . .
 8 . . . . . . . . . . . . . . X . . . .
 7 . . . . . . . . . . @ . . . X . . . .
 6 . . . . . . . . . . . . . . . . . . .
 5 . . . . . . . . . . . . . . . . . . .
 4 . . . . . . . . . . . . . . . . . . .
 3 . . . . . . . . . . . . . . . . . . .
 2 . . . . . . . . . . . . . . . . . . .
 1 . . . . . . . . . . . . . . . . . . .

koPOSITIONALscoreAREAtaxNONEsui1komi7.5
Time taken: 0.531
Root visits: 138
New playouts: 138
NN rows: 138
NN batches: 92
NN avg batch size: 1.5
PlayoutDoublingAdvantage: -2.75
PV: M10
Tree:
: T  19.00c W  25.51c S  -6.53c (+24.0 L  +7.6) N     138  --  M10
---Black(^)---
M10 : T  19.97c W  26.35c S  -6.39c (+24.3 L  +7.6) LCB -330.03c P  0.30% WF   1.0 PSV       1 N       1  --  M10
pss : T  15.75c W  22.91c S  -7.16c (+21.9 L  +7.1) LCB -334.25c P  0.67% WF   1.0 PSV       1 N       1  --  pass
O10 : T  19.19c W  25.72c S  -6.53c (+23.9 L  +7.6) LCB -330.81c P  0.32% WF   1.0 PSV       1 N       1  --  O10
N10 : T  19.31c W  25.87c S  -6.56c (+23.9 L  +7.6) LCB -330.69c P  0.32% WF   1.0 PSV       1 N       1  --  N10
O9  : T  19.57c W  25.99c S  -6.42c (+24.1 L  +7.5) LCB -330.43c P  0.31% WF   1.0 PSV       1 N       1  --  O9
N9  : T  19.33c W  25.82c S  -6.48c (+24.0 L  +7.5) LCB -330.67c P  0.31% WF   1.0 PSV       1 N       1  --  N9
P6  : T  19.34c W  25.83c S  -6.49c (+24.0 L  +7.5) LCB -330.66c P  0.31% WF   1.0 PSV       1 N       1  --  P6
P10 : T  19.23c W  25.77c S  -6.54c (+23.9 L  +7.6) LCB -330.77c P  0.31% WF   1.0 PSV       1 N       1  --  P10
N13 : T  19.59c W  26.03c S  -6.44c (+24.2 L  +7.5) LCB -330.41c P  0.31% WF   1.0 PSV       1 N       1  --  N13
J12 : T  19.12c W  25.65c S  -6.53c (+24.0 L  +7.5) LCB -330.88c P  0.31% WF   1.0 PSV       1 N       1  --  J12

2025-11-28 17:40:41+0700: = L7
2025-11-28 17:40:41+0700: Controller: genmove b
2025-11-28 17:40:42+0700: MoveNum: 0 HASH: 7796DD7D75114550D1A9CE0B828FEBAF
   A B C D E F G H J K L M N O P Q R S T
19 . . . . . . . . @ . . . . . . . . . .
18 . . . . . . . . . . X . . . . . . . .
17 . . . . . . . . . . . . . . . . . . .
16 . . . . . . . . . . . . . . . . . . .
15 . . . . . . . . . . . . . . . . . . .
14 . . . . . . . . . . . . . . . . . . .
13 . . . . . . . X . . . . . . . . . . .
12 . . . . . . . . . . . X . . . . . . .
11 . . . . . . . . . . . . X . . . . . .
10 . . . . . . . . . . . . . . . . . . .
 9 . . . . . . . . . . . . . . . . . . .
 8 . . . . . . . . . . . . . . X . . . .
 7 . . . . . . . . . . X . . . X . . . .
 6 . . . . . . . . . . . . . . . . . . .
 5 . . . . . . . . . . . . . . . . . . .
 4 . . . . . . . . . . . . . . . . . . .
 3 . . . . . . . . . . . . . . . . . . .
 2 . . . . . . . . . . . . . . . . . . .
 1 . . . . . . . . . . . . . . . . . . .

koPOSITIONALscoreAREAtaxNONEsui1komi7.5
Time taken: 0.532
Root visits: 136
New playouts: 136
NN rows: 136
NN batches: 92
NN avg batch size: 1.47826
PlayoutDoublingAdvantage: -2.75
PV: M10
Tree:
: T  22.04c W  28.07c S  -6.06c (+25.9 L  +7.9) N     136  --  M10
---Black(^)---
M10 : T  23.02c W  28.90c S  -5.88c (+26.4 L  +8.0) LCB -326.98c P  0.33% WF   1.0 PSV       1 N       1  --  M10
pss : T  18.30c W  25.11c S  -6.81c (+23.5 L  +7.5) LCB -331.70c P  0.67% WF   1.0 PSV       1 N       1  --  pass
O9  : T  22.57c W  28.53c S  -5.96c (+26.2 L  +7.9) LCB -327.43c P  0.33% WF   1.0 PSV       1 N       1  --  O9
P9  : T  22.63c W  28.56c S  -5.94c (+26.2 L  +8.0) LCB -327.37c P  0.32% WF   1.0 PSV       1 N       1  --  P9
P10 : T  22.27c W  28.32c S  -6.05c (+25.9 L  +7.9) LCB -327.73c P  0.31% WF   1.0 PSV       1 N       1  --  P10
N12 : T  22.92c W  28.77c S  -5.85c (+26.4 L  +7.9) LCB -327.08c P  0.31% WF   1.0 PSV       1 N       1  --  N12
L8  : T  22.25c W  28.26c S  -6.01c (+26.1 L  +8.0) LCB -327.75c P  0.31% WF   1.0 PSV       1 N       1  --  L8
M13 : T  22.51c W  28.52c S  -6.00c (+26.0 L  +8.0) LCB -327.49c P  0.31% WF   1.0 PSV       1 N       1  --  M13
N9  : T  22.07c W  28.21c S  -6.14c (+25.7 L  +8.0) LCB -327.93c P  0.31% WF   1.0 PSV       1 N       1  --  N9
O10 : T  22.23c W  28.28c S  -6.05c (+25.8 L  +8.0) LCB -327.77c P  0.31% WF   1.0 PSV       1 N       1  --  O10

2025-11-28 17:40:42+0700: = J19
2025-11-28 17:40:42+0700: Controller: genmove b
2025-11-28 17:40:42+0700: MoveNum: 0 HASH: AE9693017AF541043D3D5B4D75522940
   A B C D E F G H J K L M N O P Q R S T
19 . . . . . . . . X . . . . . . . . . .
18 . . . . . . . . . . X . . . . . . . .
17 . . . . . . . . . . . . . . . . . . .
16 . . . . . . . . . . . . @ . . . . . .
15 . . . . . . . . . . . . . . . . . . .
14 . . . . . . . . . . . . . . . . . . .
13 . . . . . . . X . . . . . . . . . . .
12 . . . . . . . . . . . X . . . . . . .
11 . . . . . . . . . . . . X . . . . . .
10 . . . . . . . . . . . . . . . . . . .
 9 . . . . . . . . . . . . . . . . . . .
 8 . . . . . . . . . . . . . . X . . . .
 7 . . . . . . . . . . X . . . X . . . .
 6 . . . . . . . . . . . . . . . . . . .
 5 . . . . . . . . . . . . . . . . . . .
 4 . . . . . . . . . . . . . . . . . . .
 3 . . . . . . . . . . . . . . . . . . .
 2 . . . . . . . . . . . . . . . . . . .
 1 . . . . . . . . . . . . . . . . . . .

koPOSITIONALscoreAREAtaxNONEsui1komi7.5
Time taken: 0.531
Root visits: 135
New playouts: 135
NN rows: 135
NN batches: 89
NN avg batch size: 1.51685
PlayoutDoublingAdvantage: -2.75
PV: M11
Tree:
: T  21.97c W  28.33c S  -6.39c (+26.3 L  +8.0) N     135  --  M11
---Black(^)---
M11 : T  23.60c W  29.72c S  -6.12c (+27.0 L  +8.1) LCB -326.40c P  0.30% WF   1.0 PSV       1 N       1  --  M11
pss : T  17.79c W  24.93c S  -7.14c (+23.8 L  +7.4) LCB -332.21c P  0.67% WF   1.0 PSV       1 N       1  --  pass
N7  : T  22.90c W  29.13c S  -6.23c (+26.6 L  +8.0) LCB -327.10c P  0.32% WF   1.0 PSV       1 N       1  --  N7
Q8  : T  22.09c W  28.51c S  -6.43c (+26.1 L  +7.9) LCB -327.91c P  0.32% WF   1.0 PSV       1 N       1  --  Q8
O11 : T  21.79c W  28.15c S  -6.36c (+26.3 L  +7.8) LCB -328.21c P  0.32% WF   1.0 PSV       1 N       1  --  O11
O8  : T  21.61c W  28.02c S  -6.41c (+26.1 L  +7.9) LCB -328.39c P  0.32% WF   1.0 PSV       1 N       1  --  O8
M18 : T  20.64c W  27.31c S  -6.67c (+25.5 L  +7.9) LCB -329.36c P  0.32% WF   1.0 PSV       1 N       1  --  M18
M7  : T  22.02c W  28.40c S  -6.38c (+26.3 L  +8.1) LCB -327.98c P  0.32% WF   1.0 PSV       1 N       1  --  M7
O6  : T  22.68c W  29.00c S  -6.32c (+26.5 L  +8.0) LCB -327.32c P  0.31% WF   1.0 PSV       1 N       1  --  O6
M8  : T  22.37c W  28.75c S  -6.38c (+26.3 L  +8.0) LCB -327.63c P  0.31% WF   1.0 PSV       1 N       1  --  M8

2025-11-28 17:40:42+0700: = N16
2025-11-28 17:40:42+0700: Controller: genmove b
2025-11-28 17:40:43+0700: MoveNum: 0 HASH: B6C6FA7037CB9246B2B1F676419BB792
   A B C D E F G H J K L M N O P Q R S T
19 . . . . . . . . X . . . . . . . . . .
18 . . . . . . . . . . X . . . . . . . .
17 . . . . . . . . . . . . . . . . . . .
16 . . . . . . . . . . . . X . . . . . .
15 . . . . . . . . . . . . . . . . . . .
14 . . . . . . . . . . . . . . . . . . .
13 . . . . . . . X . . . . . . . . . . .
12 . . . . . . . . . . . X . . . . . . .
11 . . . . . . . . . . . . X . . . . . .
10 . . . . . . . . . . . . . . . . . . .
 9 . . . . . . . . . . . . . . . . . . .
 8 . . . . . . . . . . . . . . X . . . .
 7 . . . . . . . . . . X . . . X . . . .
 6 . . . . . . . . . . . @ . . . . . . .
 5 . . . . . . . . . . . . . . . . . . .
 4 . . . . . . . . . . . . . . . . . . .
 3 . . . . . . . . . . . . . . . . . . .
 2 . . . . . . . . . . . . . . . . . . .
 1 . . . . . . . . . . . . . . . . . . .

koPOSITIONALscoreAREAtaxNONEsui1komi7.5
Time taken: 0.531
Root visits: 136
New playouts: 136
NN rows: 136
NN batches: 90
NN avg batch size: 1.51111
PlayoutDoublingAdvantage: -2.75
PV: N9
Tree:
: T  24.78c W  30.78c S  -6.02c (+28.2 L  +8.3) N     136  --  N9
---Black(^)---
N9  : T  26.26c W  32.03c S  -5.77c (+28.9 L  +8.4) LCB -323.74c P  0.31% WF   1.0 PSV       1 N       1  --  N9
pss : T  22.15c W  28.70c S  -6.55c (+26.4 L  +7.9) LCB -327.85c P  0.69% WF   1.0 PSV       1 N       1  --  pass
O10 : T  25.42c W  31.40c S  -5.98c (+28.4 L  +8.4) LCB -324.58c P  0.32% WF   1.0 PSV       1 N       1  --  O10
M17 : T  22.99c W  29.25c S  -6.26c (+27.3 L  +8.1) LCB -327.01c P  0.32% WF   1.0 PSV       1 N       1  --  M17
O9  : T  25.28c W  31.23c S  -5.95c (+28.3 L  +8.4) LCB -324.72c P  0.32% WF   1.0 PSV       1 N       1  --  O9
N10 : T  24.95c W  30.96c S  -6.02c (+28.1 L  +8.4) LCB -325.05c P  0.32% WF   1.0 PSV       1 N       1  --  N10
M13 : T  25.25c W  31.23c S  -5.98c (+28.4 L  +8.4) LCB -324.75c P  0.32% WF   1.0 PSV       1 N       1  --  M13
P6  : T  26.19c W  31.92c S  -5.73c (+28.9 L  +8.3) LCB -323.81c P  0.31% WF   1.0 PSV       1 N       1  --  P6
M8  : T  25.34c W  31.27c S  -5.92c (+28.5 L  +8.3) LCB -324.66c P  0.31% WF   1.0 PSV       1 N       1  --  M8
O8  : T  24.99c W  31.02c S  -6.02c (+28.1 L  +8.4) LCB -325.01c P  0.31% WF   1.0 PSV       1 N       1  --  O8

2025-11-28 17:40:43+0700: = M6
2025-11-28 17:40:43+0700: Controller: genmove b
2025-11-28 17:40:43+0700: MoveNum: 0 HASH: E44B1144022127F5605B7C896CD80A10
   A B C D E F G H J K L M N O P Q R S T
19 . . . . . . . . X . . . . . . . . . .
18 . . . . . . . . . . X . . . . . . . .
17 . . . . . . . . . . . . . . . . . . .
16 . . . . . . . . . . . . X . . . . . .
15 . . . . . . . . . . . . . . . . . . .
14 . . . . . . . . . . . . . . . . . . .
13 . . . . . . @ X . . . . . . . . . . .
12 . . . . . . . . . . . X . . . . . . .
11 . . . . . . . . . . . . X . . . . . .
10 . . . . . . . . . . . . . . . . . . .
 9 . . . . . . . . . . . . . . . . . . .
 8 . . . . . . . . . . . . . . X . . . .
 7 . . . . . . . . . . X . . . X . . . .
 6 . . . . . . . . . . . X . . . . . . .
 5 . . . . . . . . . . . . . . . . . . .
 4 . . . . . . . . . . . . . . . . . . .
 3 . . . . . . . . . . . . . . . . . . .
 2 . . . . . . . . . . . . . . . . . . .
 1 . . . . . . . . . . . . . . . . . . .

koPOSITIONALscoreAREAtaxNONEsui1komi7.5
Time taken: 0.531
Root visits: 136
New playouts: 136
NN rows: 136
NN batches: 91
NN avg batch size: 1.49451
PlayoutDoublingAdvantage: -2.75
PV: M9
Tree:
: T  28.25c W  33.65c S  -5.43c (+30.5 L  +8.7) N     136  --  M9
---Black(^)---
M9  : T  29.56c W  34.73c S  -5.16c (+31.2 L  +8.8) LCB -320.44c P  0.32% WF   1.0 PSV       1 N       1  --  M9
pss : T  25.45c W  31.43c S  -5.99c (+28.6 L  +8.3) LCB -324.55c P  0.68% WF   1.0 PSV       1 N       1  --  pass
O7  : T  27.85c W  33.41c S  -5.56c (+30.0 L  +8.8) LCB -322.15c P  0.35% WF   1.0 PSV       1 N       1  --  O7
N8  : T  27.94c W  33.43c S  -5.50c (+30.2 L  +8.8) LCB -322.06c P  0.33% WF   1.0 PSV       1 N       1  --  N8
O6  : T  29.00c W  34.33c S  -5.33c (+30.7 L  +8.8) LCB -321.00c P  0.33% WF   1.0 PSV       1 N       1  --  O6
N7  : T  29.00c W  34.33c S  -5.33c (+30.7 L  +8.9) LCB -321.00c P  0.32% WF   1.0 PSV       1 N       1  --  N7
L12 : T  27.38c W  32.93c S  -5.55c (+30.1 L  +8.6) LCB -322.62c P  0.32% WF   1.0 PSV       1 N       1  --  L12
L11 : T  27.54c W  33.08c S  -5.54c (+30.2 L  +8.6) LCB -322.46c P  0.32% WF   1.0 PSV       1 N       1  --  L11
O8  : T  27.57c W  33.16c S  -5.59c (+29.9 L  +8.8) LCB -322.43c P  0.32% WF   1.0 PSV       1 N       1  --  O8
K7  : T  28.97c W  34.27c S  -5.30c (+30.9 L  +8.8) LCB -321.03c P  0.32% WF   1.0 PSV       1 N       1  --  K7

2025-11-28 17:40:43+0700: = G13
2025-11-28 17:40:43+0700: Controller: genmove b
2025-11-28 17:40:44+0700: MoveNum: 0 HASH: E77F6484A78CB280B5238DF8DEA6D239
   A B C D E F G H J K L M N O P Q R S T
19 . . . . . . . . X . . . . . . . . . .
18 . . . . . . . . . . X . . . . . . . .
17 . . . . . . . . . . . . . . . . . . .
16 . . . . . . . . . . . . X . . . . . .
15 . . . . . . . . . . . . . . . . . . .
14 . . . . . . . . . . . . . . . . . . .
13 . . . . . . X X . . . . . . . . . . .
12 . . . . . . . . . . . X . . . . . . .
11 . . . . . . @ . . . . . X . . . . . .
10 . . . . . . . . . . . . . . . . . . .
 9 . . . . . . . . . . . . . . . . . . .
 8 . . . . . . . . . . . . . . X . . . .
 7 . . . . . . . . . . X . . . X . . . .
 6 . . . . . . . . . . . X . . . . . . .
 5 . . . . . . . . . . . . . . . . . . .
 4 . . . . . . . . . . . . . . . . . . .
 3 . . . . . . . . . . . . . . . . . . .
 2 . . . . . . . . . . . . . . . . . . .
 1 . . . . . . . . . . . . . . . . . . .

koPOSITIONALscoreAREAtaxNONEsui1komi7.5
Time taken: 0.516
Root visits: 134
New playouts: 134
NN rows: 134
NN batches: 88
NN avg batch size: 1.52273
PlayoutDoublingAdvantage: -2.75
PV: M13
Tree:
: T  31.21c W  36.29c S  -5.11c (+32.7 L  +9.2) N     134  --  M13
---Black(^)---
M13 : T  32.55c W  37.41c S  -4.86c (+33.4 L  +9.2) LCB -317.45c P  0.30% WF   1.0 PSV       1 N       1  --  M13
pss : T  28.58c W  34.24c S  -5.66c (+30.8 L  +8.7) LCB -321.42c P  0.68% WF   1.0 PSV       1 N       1  --  pass
O7  : T  30.24c W  35.59c S  -5.35c (+31.9 L  +9.2) LCB -319.76c P  0.35% WF   1.0 PSV       1 N       1  --  O7
N8  : T  31.46c W  36.58c S  -5.11c (+32.6 L  +9.2) LCB -318.54c P  0.33% WF   1.0 PSV       1 N       1  --  N8
O6  : T  30.18c W  35.38c S  -5.20c (+32.2 L  +9.0) LCB -319.82c P  0.33% WF   1.0 PSV       1 N       1  --  O6
M9  : T  30.96c W  36.18c S  -5.22c (+32.3 L  +9.1) LCB -319.04c P  0.32% WF   1.0 PSV       1 N       1  --  M9
N7  : T  30.40c W  35.61c S  -5.20c (+32.2 L  +9.1) LCB -319.60c P  0.32% WF   1.0 PSV       1 N       1  --  N7
L12 : T  31.31c W  36.44c S  -5.13c (+32.6 L  +9.2) LCB -318.69c P  0.32% WF   1.0 PSV       1 N       1  --  L12
L11 : T  31.97c W  37.00c S  -5.03c (+32.9 L  +9.1) LCB -318.03c P  0.32% WF   1.0 PSV       1 N       1  --  L11
O8  : T  32.29c W  37.15c S  -4.86c (+33.2 L  +9.4) LCB -317.71c P  0.32% WF   1.0 PSV       1 N       1  --  O8

2025-11-28 17:40:44+0700: = G11
2025-11-28 17:40:44+0700: Controller: genmove b
2025-11-28 17:40:44+0700: MoveNum: 0 HASH: 5402BD6A5B4D060C4824664655864F07
   A B C D E F G H J K L M N O P Q R S T
19 . . . . . . . . X . . . . . . . . . .
18 . . . . . . . . . . X . . . . . . . .
17 . . . . . . . . . . . . . . . . . . .
16 . . . . . . . . . . . . X . . . . . .
15 . . . . . . . . . . . . @ . . . . . .
14 . . . . . . . . . . . . . . . . . . .
13 . . . . . . X X . . . . . . . . . . .
12 . . . . . . . . . . . X . . . . . . .
11 . . . . . . X . . . . . X . . . . . .
10 . . . . . . . . . . . . . . . . . . .
 9 . . . . . . . . . . . . . . . . . . .
 8 . . . . . . . . . . . . . . X . . . .
 7 . . . . . . . . . . X . . . X . . . .
 6 . . . . . . . . . . . X . . . . . . .
 5 . . . . . . . . . . . . . . . . . . .
 4 . . . . . . . . . . . . . . . . . . .
 3 . . . . . . . . . . . . . . . . . . .
 2 . . . . . . . . . . . . . . . . . . .
 1 . . . . . . . . . . . . . . . . . . .

koPOSITIONALscoreAREAtaxNONEsui1komi7.5
Time taken: 0.531
Root visits: 134
New playouts: 134
NN rows: 134
NN batches: 88
NN avg batch size: 1.52273
PlayoutDoublingAdvantage: -2.75
PV: N10
Tree:
: T  33.97c W  38.84c S  -4.89c (+34.8 L  +9.6) N     134  --  N10
---Black(^)---
N10 : T  35.70c W  40.20c S  -4.49c (+35.9 L  +9.9) LCB -314.30c P  0.30% WF   1.0 PSV       1 N       1  --  N10
pss : T  29.18c W  35.01c S  -5.83c (+31.8 L  +8.9) LCB -320.82c P  0.70% WF   1.0 PSV       1 N       1  --  pass
N7  : T  34.39c W  39.28c S  -4.89c (+34.8 L  +9.7) LCB -315.61c P  0.35% WF   1.0 PSV       1 N       1  --  N7
N6  : T  34.24c W  39.13c S  -4.89c (+34.8 L  +9.6) LCB -315.76c P  0.34% WF   1.0 PSV       1 N       1  --  N6
F12 : T  35.02c W  39.70c S  -4.69c (+35.3 L  +9.8) LCB -314.98c P  0.33% WF   1.0 PSV       1 N       1  --  F12
O6  : T  33.88c W  38.87c S  -4.99c (+34.5 L  +9.6) LCB -316.12c P  0.33% WF   1.0 PSV       1 N       1  --  O6
Q8  : T  33.74c W  38.77c S  -5.03c (+34.4 L  +9.5) LCB -316.26c P  0.32% WF   1.0 PSV       1 N       1  --  Q8
O11 : T  34.11c W  39.00c S  -4.89c (+34.8 L  +9.7) LCB -315.89c P  0.32% WF   1.0 PSV       1 N       1  --  O11
K12 : T  33.46c W  38.39c S  -4.93c (+34.7 L  +9.4) LCB -316.54c P  0.32% WF   1.0 PSV       1 N       1  --  K12
M18 : T  31.18c W  36.68c S  -5.50c (+32.9 L  +9.4) LCB -318.82c P  0.32% WF   1.0 PSV       1 N       1  --  M18

2025-11-28 17:40:44+0700: = N15
2025-11-28 17:40:44+0700: Controller: genmove b
2025-11-28 17:40:45+0700: MoveNum: 0 HASH: 13C5F3621ACB019FFC45C2D0B4A049C2
   A B C D E F G H J K L M N O P Q R S T
19 . . . . . . . . X . . . . . . . . . .
18 . . . . . . @ . . . X . . . . . . . .
17 . . . . . . . . . . . . . . . . . . .
16 . . . . . . . . . . . . X . . . . . .
15 . . . . . . . . . . . . X . . . . . .
14 . . . . . . . . . . . . . . . . . . .
13 . . . . . . X X . . . . . . . . . . .
12 . . . . . . . . . . . X . . . . . . .
11 . . . . . . X . . . . . X . . . . . .
10 . . . . . . . . . . . . . . . . . . .
 9 . . . . . . . . . . . . . . . . . . .
 8 . . . . . . . . . . . . . . X . . . .
 7 . . . . . . . . . . X . . . X . . . .
 6 . . . . . . . . . . . X . . . . . . .
 5 . . . . . . . . . . . . . . . . . . .
 4 . . . . . . . . . . . . . . . . . . .
 3 . . . . . . . . . . . . . . . . . . .
 2 . . . . . . . . . . . . . . . . . . .
 1 . . . . . . . . . . . . . . . . . . .

koPOSITIONALscoreAREAtaxNONEsui1komi7.5
Time taken: 0.547
Root visits: 140
New playouts: 140
NN rows: 140
NN batches: 91
NN avg batch size: 1.53846
PlayoutDoublingAdvantage: -2.75
PV: M11
Tree:
: T  37.34c W  41.67c S  -4.36c (+37.3 L +10.2) N     140  --  M11
---Black(^)---
M11 : T  39.24c W  43.22c S  -3.97c (+38.5 L +10.6) LCB -310.76c P  0.30% WF   1.0 PSV       1 N       1  --  M11
pss : T  33.72c W  38.90c S  -5.18c (+34.7 L  +9.6) LCB -316.28c P  0.70% WF   1.0 PSV       1 N       1  --  pass
G12 : T  37.50c W  41.89c S  -4.40c (+37.1 L +10.3) LCB -312.50c P  0.34% WF   1.0 PSV       1 N       1  --  G12
N14 : T  37.20c W  41.67c S  -4.46c (+37.0 L +10.2) LCB -312.80c P  0.33% WF   1.0 PSV       1 N       1  --  N14
F12 : T  37.56c W  41.95c S  -4.39c (+37.2 L +10.3) LCB -312.44c P  0.33% WF   1.0 PSV       1 N       1  --  F12
M14 : T  38.95c W  42.97c S  -4.01c (+38.3 L +10.5) LCB -311.05c P  0.33% WF   1.0 PSV       1 N       1  --  M14
M8  : T  37.59c W  41.96c S  -4.37c (+37.3 L +10.4) LCB -312.41c P  0.33% WF   1.0 PSV       1 N       1  --  M8
M10 : T  38.71c W  42.84c S  -4.13c (+38.1 L +10.5) LCB -311.29c P  0.33% WF   1.0 PSV       1 N       1  --  M10
N10 : T  38.33c W  42.50c S  -4.17c (+37.9 L +10.4) LCB -311.67c P  0.32% WF   1.0 PSV       1 N       1  --  N10
K17 : T  33.94c W  38.89c S  -4.94c (+35.4 L  +9.6) LCB -316.06c P  0.32% WF   1.0 PSV       1 N       1  --  K17

2025-11-28 17:40:45+0700: = G18
2025-11-28 17:40:45+0700: Controller: genmove b
2025-11-28 17:40:46+0700: MoveNum: 0 HASH: 19B4C9D0AC57C4BD7D97E86401AB4A5C
   A B C D E F G H J K L M N O P Q R S T
19 . . . . . . . . X . . . . . . . . . .
18 . . . . . . X . . . X . . . . . . . .
17 . . . . . . . . . . . . . . . . . . .
16 . . . . . . . . . . . . X . . . . . .
15 . . . . . . . . . . . . X . . . . . .
14 . . . . . . . . . . . . . . . . . . .
13 . . . . . . X X . . . . . . . . . . .
12 . . . . . . . . . . . X . . . . . . .
11 . . . . . . X . . . . . X . . . . . .
10 . . . . . . . . . . . . . . . . . . .
 9 . . . . . . . . . . . . . . . . . . .
 8 . . . . . . . . . . . . . . X . . . .
 7 . . . . . . . . . . X . . . X . . . .
 6 . . . . . . . . . . . X . . . . . . .
 5 . . . . . . . . . . . . . . . . . . .
 4 . . . . . . . . . . . . . @ . . . . .
 3 . . . . . . . . . . . . . . . . . . .
 2 . . . . . . . . . . . . . . . . . . .
 1 . . . . . . . . . . . . . . . . . . .

koPOSITIONALscoreAREAtaxNONEsui1komi7.5
Time taken: 0.531
Root visits: 140
New playouts: 140
NN rows: 140
NN batches: 92
NN avg batch size: 1.52174
PlayoutDoublingAdvantage: -2.75
PV: H15
Tree:
: T  39.28c W  43.44c S  -4.19c (+38.9 L +10.6) N     140  --  H15
---Black(^)---
H15 : T  41.35c W  45.17c S  -3.82c (+40.1 L +10.8) LCB -308.65c P  0.29% WF   1.0 PSV       1 N       1  --  H15
pss : T  34.63c W  39.92c S  -5.28c (+35.5 L  +9.7) LCB -315.37c P  0.70% WF   1.0 PSV       1 N       1  --  pass
M16 : T  39.22c W  43.44c S  -4.22c (+38.7 L +10.7) LCB -310.78c P  0.34% WF   1.0 PSV       1 N       1  --  M16
O9  : T  38.16c W  42.45c S  -4.29c (+38.5 L +10.3) LCB -311.84c P  0.34% WF   1.0 PSV       1 N       1  --  O9
N7  : T  39.77c W  43.99c S  -4.22c (+38.9 L +10.7) LCB -310.23c P  0.34% WF   1.0 PSV       1 N       1  --  N7
M17 : T  40.17c W  44.20c S  -4.03c (+39.3 L +10.8) LCB -309.83c P  0.33% WF   1.0 PSV       1 N       1  --  M17
K18 : T  36.14c W  41.05c S  -4.90c (+36.7 L +10.3) LCB -313.86c P  0.33% WF   1.0 PSV       1 N       1  --  K18
O8  : T  38.14c W  42.46c S  -4.32c (+38.3 L +10.4) LCB -311.86c P  0.33% WF   1.0 PSV       1 N       1  --  O8
N6  : T  39.55c W  43.78c S  -4.23c (+38.8 L +10.7) LCB -310.45c P  0.32% WF   1.0 PSV       1 N       1  --  N6
F13 : T  40.89c W  44.74c S  -3.85c (+39.9 L +10.8) LCB -309.11c P  0.32% WF   1.0 PSV       1 N       1  --  F13

2025-11-28 17:40:46+0700: = O4
2025-11-28 17:40:46+0700: Controller: genmove b
2025-11-28 17:40:46+0700: MoveNum: 0 HASH: E538AB59D247AEE0431C78B227A5332A
   A B C D E F G H J K L M N O P Q R S T
19 . . . . . . . . X . . . . . . . . . .
18 . . . . . . X . . . X . . . . . . . .
17 . . . . . . . . . . . . . . . . . . .
16 . . . . . . . . . . . . X . . . . . .
15 . . . . . . . . . . . . X . . . . . .
14 . . . . . . @ . . . . . . . . . . . .
13 . . . . . . X X . . . . . . . . . . .
12 . . . . . . . . . . . X . . . . . . .
11 . . . . . . X . . . . . X . . . . . .
10 . . . . . . . . . . . . . . . . . . .
 9 . . . . . . . . . . . . . . . . . . .
 8 . . . . . . . . . . . . . . X . . . .
 7 . . . . . . . . . . X . . . X . . . .
 6 . . . . . . . . . . . X . . . . . . .
 5 . . . . . . . . . . . . . . . . . . .
 4 . . . . . . . . . . . . . X . . . . .
 3 . . . . . . . . . . . . . . . . . . .
 2 . . . . . . . . . . . . . . . . . . .
 1 . . . . . . . . . . . . . . . . . . .

koPOSITIONALscoreAREAtaxNONEsui1komi7.5
Time taken: 0.547
Root visits: 134
New playouts: 134
NN rows: 134
NN batches: 92
NN avg batch size: 1.45652
PlayoutDoublingAdvantage: -2.75
PV: N13
Tree:
: T  42.61c W  46.33c S  -3.74c (+41.3 L +11.2) N     134  --  N13
---Black(^)---
N13 : T  45.26c W  48.48c S  -3.22c (+42.9 L +11.7) LCB -304.74c P  0.31% WF   1.0 PSV       1 N       1  --  N13
pss : T  37.77c W  42.37c S  -4.61c (+38.4 L +10.2) LCB -312.23c P  0.70% WF   1.0 PSV       1 N       1  --  pass
N7  : T  42.51c W  46.28c S  -3.77c (+41.1 L +11.4) LCB -307.49c P  0.35% WF   1.0 PSV       1 N       1  --  N7
N6  : T  41.65c W  45.40c S  -3.75c (+41.0 L +11.1) LCB -308.35c P  0.34% WF   1.0 PSV       1 N       1  --  N6
O16 : T  41.90c W  45.78c S  -3.88c (+40.8 L +11.1) LCB -308.10c P  0.33% WF   1.0 PSV       1 N       1  --  O16
O6  : T  41.35c W  45.30c S  -3.95c (+40.6 L +10.9) LCB -308.65c P  0.33% WF   1.0 PSV       1 N       1  --  O6
H18 : T  39.13c W  43.66c S  -4.53c (+38.9 L +10.8) LCB -310.87c P  0.33% WF   1.0 PSV       1 N       1  --  H18
F12 : T  43.83c W  47.35c S  -3.53c (+41.9 L +11.4) LCB -306.17c P  0.33% WF   1.0 PSV       1 N       1  --  F12
O11 : T  42.59c W  46.44c S  -3.86c (+41.0 L +11.1) LCB -307.41c P  0.32% WF   1.0 PSV       1 N       1  --  O11
M18 : T  38.54c W  43.17c S  -4.62c (+38.6 L +10.7) LCB -311.46c P  0.32% WF   1.0 PSV       1 N       1  --  M18

2025-11-28 17:40:46+0700: = G14
2025-11-28 17:40:46+0700: GPU -1 finishing, processed 271 rows 182 batches
2025-11-28 17:40:46+0700: GPU -1 finishing, processed 264 rows 183 batches
2025-11-28 17:40:46+0700: GPU -1 finishing, processed 271 rows 186 batches
2025-11-28 17:40:46+0700: GPU -1 finishing, processed 268 rows 180 batches
2025-11-28 17:40:46+0700: GPU -1 finishing, processed 275 rows 177 batches
2025-11-28 17:40:46+0700: GPU -1 finishing, processed 277 rows 176 batches
2025-11-28 17:40:46+0700: GPU -1 finishing, processed 279 rows 181 batches
2025-11-28 17:40:46+0700: GPU -1 finishing, processed 269 rows 175 batches
2025-11-28 17:40:46+0700: All cleaned up, quitting
