2025-11-28 19:55:44+0700: Running with following config:
allowResignation = true
lagBuffer = 0.0
logAllGTPCommunication = true
logDir = gtp_logs
logSearchInfo = true
logSearchInfoForChosenMove = false
logToStderr = false
maxPlayouts = 500
maxPlayoutsPondering = 3000
maxTime = 0.5
maxTimePondering = 60.0
maxVisits = 300
maxVisitsPondering = 5000
numSearchThreads = 16
ponderingEnabled = false
resignConsecTurns = 3
resignThreshold = -0.90
rules = tromp-taylor
searchFactorAfterOnePass = 0.50
searchFactorAfterTwoPass = 0.25
searchFactorWhenWinning = 0.40
searchFactorWhenWinningThreshold = 0.95

2025-11-28 19:55:44+0700: GTP Engine starting...
2025-11-28 19:55:44+0700: KataGo v1.14.0
2025-11-28 19:55:44+0700: Using TrompTaylor rules initially, unless GTP/GUI overrides this
2025-11-28 19:55:44+0700: Using 16 CPU thread(s) for search
2025-11-28 19:55:45+0700: nnRandSeed0 = 4474119469021227984
2025-11-28 19:55:45+0700: After dedups: nnModelFile0 = model.gz useFP16 auto useNHWC auto
2025-11-28 19:55:45+0700: Initializing neural net buffer to be size 19 * 19 exactly
2025-11-28 19:55:45+0700: Eigen (CPU) backend thread 2: Model version 8
2025-11-28 19:55:45+0700: Eigen (CPU) backend thread 2: Model name: b6c96-s1995008-d1329786
2025-11-28 19:55:45+0700: Eigen (CPU) backend thread 4: Model version 8
2025-11-28 19:55:45+0700: Eigen (CPU) backend thread 4: Model name: b6c96-s1995008-d1329786
2025-11-28 19:55:45+0700: Eigen (CPU) backend thread 1: Model version 8
2025-11-28 19:55:45+0700: Eigen (CPU) backend thread 1: Model name: b6c96-s1995008-d1329786
2025-11-28 19:55:45+0700: Eigen (CPU) backend thread 5: Model version 8
2025-11-28 19:55:45+0700: Eigen (CPU) backend thread 5: Model name: b6c96-s1995008-d1329786
2025-11-28 19:55:45+0700: Eigen (CPU) backend thread 6: Model version 8
2025-11-28 19:55:45+0700: Eigen (CPU) backend thread 6: Model name: b6c96-s1995008-d1329786
2025-11-28 19:55:45+0700: Eigen (CPU) backend thread 7: Model version 8
2025-11-28 19:55:45+0700: Eigen (CPU) backend thread 7: Model name: b6c96-s1995008-d1329786
2025-11-28 19:55:45+0700: Eigen (CPU) backend thread 0: Model version 8
2025-11-28 19:55:45+0700: Eigen (CPU) backend thread 0: Model name: b6c96-s1995008-d1329786
2025-11-28 19:55:45+0700: Eigen (CPU) backend thread 3: Model version 8
2025-11-28 19:55:45+0700: Eigen (CPU) backend thread 3: Model name: b6c96-s1995008-d1329786
2025-11-28 19:55:45+0700: Loaded neural net with nnXLen 19 nnYLen 19
2025-11-28 19:55:45+0700: Initializing board with boardXSize 19 boardYSize 19
2025-11-28 19:55:45+0700: Loaded config default_gtp.cfg
2025-11-28 19:55:45+0700: Loaded model model.gz
2025-11-28 19:55:45+0700: Model name: b6c96-s1995008-d1329786
2025-11-28 19:55:45+0700: GTP ready, beginning main protocol loop
2025-11-28 19:55:45+0700: Controller: boardsize 2
2025-11-28 19:55:45+0700: GPU -1 finishing, processed 0 rows 0 batches
2025-11-28 19:55:45+0700: GPU -1 finishing, processed 0 rows 0 batches
2025-11-28 19:55:45+0700: GPU -1 finishing, processed 0 rows 0 batches
2025-11-28 19:55:45+0700: GPU -1 finishing, processed 0 rows 0 batches
2025-11-28 19:55:45+0700: GPU -1 finishing, processed 0 rows 0 batches
2025-11-28 19:55:45+0700: GPU -1 finishing, processed 0 rows 0 batches
2025-11-28 19:55:45+0700: GPU -1 finishing, processed 0 rows 0 batches
2025-11-28 19:55:45+0700: GPU -1 finishing, processed 0 rows 0 batches
2025-11-28 19:55:45+0700: Cleaned up old neural net and bot
2025-11-28 19:55:45+0700: nnRandSeed0 = 11655089339180710021
2025-11-28 19:55:45+0700: After dedups: nnModelFile0 = model.gz useFP16 auto useNHWC auto
2025-11-28 19:55:45+0700: Initializing neural net buffer to be size 2 * 2 exactly
2025-11-28 19:55:45+0700: Eigen (CPU) backend thread 2: Model version 8
2025-11-28 19:55:45+0700: Eigen (CPU) backend thread 2: Model name: b6c96-s1995008-d1329786
2025-11-28 19:55:45+0700: Eigen (CPU) backend thread 0: Model version 8
2025-11-28 19:55:45+0700: Eigen (CPU) backend thread 0: Model name: b6c96-s1995008-d1329786
2025-11-28 19:55:45+0700: Eigen (CPU) backend thread 3: Model version 8
2025-11-28 19:55:45+0700: Eigen (CPU) backend thread 3: Model name: b6c96-s1995008-d1329786
2025-11-28 19:55:45+0700: Eigen (CPU) backend thread 1: Model version 8
2025-11-28 19:55:45+0700: Eigen (CPU) backend thread 1: Model name: b6c96-s1995008-d1329786
2025-11-28 19:55:45+0700: Eigen (CPU) backend thread 4: Model version 8
2025-11-28 19:55:45+0700: Eigen (CPU) backend thread 4: Model name: b6c96-s1995008-d1329786
2025-11-28 19:55:45+0700: Eigen (CPU) backend thread 5: Model version 8
2025-11-28 19:55:45+0700: Eigen (CPU) backend thread 5: Model name: b6c96-s1995008-d1329786
2025-11-28 19:55:45+0700: Eigen (CPU) backend thread 7: Model version 8
2025-11-28 19:55:45+0700: Eigen (CPU) backend thread 7: Model name: b6c96-s1995008-d1329786
2025-11-28 19:55:45+0700: Eigen (CPU) backend thread 6: Model version 8
2025-11-28 19:55:45+0700: Eigen (CPU) backend thread 6: Model name: b6c96-s1995008-d1329786
2025-11-28 19:55:45+0700: Loaded neural net with nnXLen 2 nnYLen 2
2025-11-28 19:55:45+0700: Initializing board with boardXSize 2 boardYSize 2
2025-11-28 19:55:45+0700: = 
2025-11-28 19:55:45+0700: Controller: genmove b
2025-11-28 19:55:45+0700: MoveNum: 0 HASH: CEA26448910A5BF5F35A3098A28FEA31
   A B
 2 . @
 1 . .

koPOSITIONALscoreAREAtaxNONEsui1komi7.5
Time taken: 0.031
Root visits: 315
New playouts: 315
NN rows: 94
NN batches: 72
NN avg batch size: 1.30556
PV: B2 A2 A1 pass pass
Tree:
: T -109.78c W -77.39c S -11.30c ( -3.3 L  -3.8) N     315  --  B2 A2 A1 pass pass
---Black(^)---
B2  : T -108.91c W -76.19c S -10.41c ( -3.0 L  -3.5) LCB -122.98c P 21.23% WF 281.3 PSV     279 N     279  --  B2 A2 A1 pass pass
pss : T -121.04c W -90.39c S -23.81c ( -6.6 L  -7.3) LCB -152.84c P 18.35% WF  32.7 PSV      32 N      35  --  pass pass

2025-11-28 19:55:45+0700: = B2
2025-11-28 19:55:45+0700: Controller: genmove w
2025-11-28 19:55:45+0700: MoveNum: 1 HASH: 308FF3323471377AFEF87BE00BC77DFC
   A B
 2 @ X1
 1 . .

koPOSITIONALscoreAREAtaxNONEsui1komi7.5
Time taken: 0.016
Root visits: 304
New playouts: 44
NN rows: 1
NN batches: 1
NN avg batch size: 1
PV: A2 A1 pass pass
Tree:
: T 103.67c W  82.95c S   3.04c ( +3.2 L  +3.6) N     304  --  A2 A1 pass pass
---White(^)---
A2  : T 110.88c W  89.49c S   4.73c ( +3.6 L  +4.0) LCB  101.97c P 24.20% WF 278.4 PSV     263 N     263  --  A2 A1 pass pass
A1  : T  42.40c W  21.88c S  -0.38c ( +1.5 L  +3.5) LCB   -5.14c P 26.88% WF  19.0 PSV       8 N      29  --  A1 B1 A2 B2 B1
pss : T -20.40c W -13.98c S -12.53c ( -9.5 L -10.8) LCB -104.13c P 23.92% WF   5.6 PSV       3 N      11  --  pass A2 B1

2025-11-28 19:55:45+0700: = A2
2025-11-28 19:55:45+0700: Controller: genmove b
2025-11-28 19:55:45+0700: MoveNum: 2 HASH: D7BCA7DD2338BA615EFBB9AD2135ED67
   A B
 2 O2X1
 1 @ .

koPOSITIONALscoreAREAtaxNONEsui1komi7.5
Time taken: 0
Root visits: 303
New playouts: 40
NN rows: 1
NN batches: 1
NN avg batch size: 1
PV: A1 pass pass
Tree:
: T -107.21c W -90.87c S  -3.72c ( -3.6 L  -3.9) N     303  --  A1 pass pass
---Black(^)---
A1  : T -105.54c W -92.47c S  -2.03c ( -2.9 L  -3.0) LCB -114.82c P 36.71% WF 163.3 PSV     177 N     161  --  A1 pass pass
B1  : T -106.55c W -88.64c S  -3.85c ( -3.9 L  -4.5) LCB -120.40c P 30.73% WF 113.6 PSV     105 N     113  --  B1 pass A1 pass pass
pss : T -125.52c W -94.42c S -15.27c ( -7.1 L  -7.6) LCB -144.89c P 32.57% WF  25.1 PSV      21 N      28  --  pass pass

2025-11-28 19:55:45+0700: = A1
2025-11-28 19:55:45+0700: Controller: genmove w
2025-11-28 19:55:45+0700: MoveNum: 3 HASH: 73DB1F91D52B279698436F10BF897AF3
   A B
 2 .2X1
 1 X3.

koPOSITIONALscoreAREAtaxNONEsui1komi7.5
Time taken: 0
Root visits: 315
New playouts: 154
NN rows: 1
NN batches: 1
NN avg batch size: 1
PV: pass pass
Tree:
: T 113.76c W  96.23c S   5.53c ( +3.2 L  +3.2) N     315  --  pass pass
---White(^)---
pss : T 114.31c W  96.66c S   5.97c ( +3.2 L  +3.3) LCB  109.66c P 100.00% WF 314.0 PSV     314 N     314  --  pass pass

2025-11-28 19:55:45+0700: = pass
2025-11-28 19:55:45+0700: Controller: genmove b
2025-11-28 19:55:45+0700: MoveNum: 4 HASH: 73DB1F91D52B279698436F10BF897AF3
   A B
 2 .1X
 1 X2@

koPOSITIONALscoreAREAtaxNONEsui1komi7.5
Time taken: 0.015
Root visits: 165
New playouts: 165
NN rows: 12
NN batches: 11
NN avg batch size: 1.09091
PV: B1 pass pass
Tree:
: T -126.46c W -92.67c S -30.19c ( -3.2 L  -3.0) N     165  --  B1 pass pass
---Black(^)---
B1  : T -125.45c W -91.42c S -29.98c ( -3.3 L  -3.1) LCB -138.79c P 20.91% WF 104.7 PSV     103 N     106  --  B1 pass pass
pss : T -131.52c W -97.50c S -31.78c ( -3.3 L  -3.2) LCB -139.55c P 44.79% WF  56.5 PSV      58 N      58  --  pass pass

2025-11-28 19:55:45+0700: = resign
2025-11-28 19:55:45+0700: Controller: genmove w
2025-11-28 19:55:45+0700: MoveNum: 0 HASH: 73DB1F91D52B279698436F10BF897AF3
   A B
 2 . X
 1 X .

koPOSITIONALscoreAREAtaxNONEsui1komi7.5
Time taken: 0.032
Root visits: 315
New playouts: 315
NN rows: 82
NN batches: 59
NN avg batch size: 1.38983
PV: pass A2 pass B1 B1 A2 pass B2 A1 A2 B2
Tree:
: T  67.31c W  32.49c S  15.11c ( +3.4 L  +3.6) N     315  --  pass A2 pass B1 B1 A2 pass
---White(^)---
pss : T  67.67c W  32.71c S  15.18c ( +3.4 L  +3.7) LCB   51.22c P 100.00% WF 313.7 PSV     314 N     314  --  pass A2 pass B1 B1 A2 pass B2

2025-11-28 19:55:45+0700: = pass
2025-11-28 19:55:45+0700: Controller: genmove b
2025-11-28 19:55:45+0700: MoveNum: 1 HASH: 73DB1F91D52B279698436F10BF897AF3
   A B
 2 . X
 1 X @

koPOSITIONALscoreAREAtaxNONEsui1komi7.5
Time taken: 0
Root visits: 164
New playouts: 164
NN rows: 6
NN batches: 5
NN avg batch size: 1.2
PV: B1 A2 B2 B1 pass A1 pass
Tree:
: T -66.07c W -31.02c S -17.38c ( -3.1 L  -2.8) N     164  --  B1 A2 B2 B1 pass A1 pass
---Black(^)---
B1  : T -63.42c W -28.24c S -17.26c ( -3.2 L  -3.0) LCB  -85.95c P 20.91% WF 148.5 PSV     145 N     151  --  B1 A2 B2 B1 pass A1 pass
pss : T -125.31c W -87.92c S -29.01c ( -2.8 L  -2.2) LCB -163.10c P 44.79% WF   8.7 PSV      12 N      12  --  pass pass

2025-11-28 19:55:45+0700: = B1
2025-11-28 19:55:45+0700: GPU -1 finishing, processed 25 rows 20 batches
2025-11-28 19:55:45+0700: GPU -1 finishing, processed 25 rows 19 batches
2025-11-28 19:55:45+0700: GPU -1 finishing, processed 26 rows 21 batches
2025-11-28 19:55:45+0700: GPU -1 finishing, processed 34 rows 25 batches
2025-11-28 19:55:45+0700: GPU -1 finishing, processed 23 rows 16 batches
2025-11-28 19:55:45+0700: GPU -1 finishing, processed 23 rows 19 batches
2025-11-28 19:55:45+0700: GPU -1 finishing, processed 20 rows 15 batches
2025-11-28 19:55:45+0700: GPU -1 finishing, processed 21 rows 15 batches
2025-11-28 19:55:45+0700: All cleaned up, quitting
