2025-11-30 22:48:23+0700: Running with following config:
allowResignation = true
lagBuffer = 0.0
logAllGTPCommunication = true
logDir = gtp_logs
logSearchInfo = true
logSearchInfoForChosenMove = false
logToStderr = false
maxPlayouts = 500
maxPlayoutsPondering = 3000
maxTime = 3
maxTimePondering = 60.0
maxVisits = 300
maxVisitsPondering = 5000
numSearchThreads = 16
ponderingEnabled = false
resignConsecTurns = 3
resignThreshold = -0.90
rules = tromp-taylor
searchFactorAfterOnePass = 0.50
searchFactorAfterTwoPass = 0.25
searchFactorWhenWinning = 0.40
searchFactorWhenWinningThreshold = 0.95

2025-11-30 22:48:23+0700: GTP Engine starting...
2025-11-30 22:48:23+0700: KataGo v1.14.0
2025-11-30 22:48:23+0700: Using TrompTaylor rules initially, unless GTP/GUI overrides this
2025-11-30 22:48:23+0700: Using 16 CPU thread(s) for search
2025-11-30 22:48:23+0700: nnRandSeed0 = 5795373315725817955
2025-11-30 22:48:23+0700: After dedups: nnModelFile0 = model.gz useFP16 auto useNHWC auto
2025-11-30 22:48:23+0700: Initializing neural net buffer to be size 19 * 19 exactly
2025-11-30 22:48:24+0700: Eigen (CPU) backend thread 7: Model version 8
2025-11-30 22:48:24+0700: Eigen (CPU) backend thread 7: Model name: b6c96-s20302336-d3388395
2025-11-30 22:48:24+0700: Eigen (CPU) backend thread 2: Model version 8
2025-11-30 22:48:24+0700: Eigen (CPU) backend thread 2: Model name: b6c96-s20302336-d3388395
2025-11-30 22:48:24+0700: Eigen (CPU) backend thread 1: Model version 8
2025-11-30 22:48:24+0700: Eigen (CPU) backend thread 1: Model name: b6c96-s20302336-d3388395
2025-11-30 22:48:24+0700: Eigen (CPU) backend thread 5: Model version 8
2025-11-30 22:48:24+0700: Eigen (CPU) backend thread 5: Model name: b6c96-s20302336-d3388395
2025-11-30 22:48:24+0700: Eigen (CPU) backend thread 6: Model version 8
2025-11-30 22:48:24+0700: Eigen (CPU) backend thread 6: Model name: b6c96-s20302336-d3388395
2025-11-30 22:48:24+0700: Eigen (CPU) backend thread 0: Model version 8
2025-11-30 22:48:24+0700: Eigen (CPU) backend thread 0: Model name: b6c96-s20302336-d3388395
2025-11-30 22:48:24+0700: Eigen (CPU) backend thread 3: Model version 8
2025-11-30 22:48:24+0700: Eigen (CPU) backend thread 3: Model name: b6c96-s20302336-d3388395
2025-11-30 22:48:24+0700: Eigen (CPU) backend thread 4: Model version 8
2025-11-30 22:48:24+0700: Eigen (CPU) backend thread 4: Model name: b6c96-s20302336-d3388395
2025-11-30 22:48:24+0700: Loaded neural net with nnXLen 19 nnYLen 19
2025-11-30 22:48:24+0700: Initializing board with boardXSize 19 boardYSize 19
2025-11-30 22:48:24+0700: Loaded config default_gtp.cfg
2025-11-30 22:48:24+0700: Loaded model model.gz
2025-11-30 22:48:24+0700: Model name: b6c96-s20302336-d3388395
2025-11-30 22:48:24+0700: GTP ready, beginning main protocol loop
2025-11-30 22:48:32+0700: Controller: set_position b F6 w J9 b G6 w C5 b G7
2025-11-30 22:48:32+0700: = 
2025-11-30 22:48:38+0700: Controller: genmove b
2025-11-30 22:48:39+0700: MoveNum: 0 HASH: 09E6E1F695E88A4E36088FD21909A91E
   A B C D E F G H J K L M N O P Q R S T
19 . . . . . . . . . . . . . . . . . . .
18 . . . . . . . . . . . . . . . . . . .
17 . . . . . . . . . . . . . . . . . . .
16 . . . . . . . . . . . . . . . . . . .
15 . . . . . . . . . . . . . . . . . . .
14 . . . . . . . . . . . . . . . . . . .
13 . . . . . . . . . . . . . . . . . . .
12 . . . . . . . . . . . . . . . . . . .
11 . . . . . . . . @ . . . . . . . . . .
10 . . . . . . . . . . . . . . . . . . .
 9 . . . . . . . . O . . . . . . . . . .
 8 . . . . . . . . . . . . . . . . . . .
 7 . . . . . . X . . . . . . . . . . . .
 6 . . . . . X X . . . . . . . . . . . .
 5 . . O . . . . . . . . . . . . . . . .
 4 . . . . . . . . . . . . . . . . . . .
 3 . . . . . . . . . . . . . . . . . . .
 2 . . . . . . . . . . . . . . . . . . .
 1 . . . . . . . . . . . . . . . . . . .

koPOSITIONALscoreAREAtaxNONEsui1komi7.5
Time taken: 1.218
Root visits: 315
New playouts: 315
NN rows: 315
NN batches: 201
NN avg batch size: 1.56716
PV: J11 E5
Tree:
: T  20.97c W  22.72c S  -1.00c (+11.4 L +28.1) N     315  --  J11 E5
---Black(^)---
J11 : T  48.83c W  45.54c S   3.32c (+20.0 L +33.2) LCB   38.66c P  0.35% WF  24.0 PSV      77 N      22  --  J11 E5
C3  : T  46.36c W  43.91c S   3.14c (+19.5 L +31.9) LCB   30.97c P  0.52% WF  45.5 PSV      42 N      42  --  C3 B3 B4 C4
B5  : T  46.61c W  44.84c S   3.22c (+19.6 L +32.1) LCB   22.00c P  4.72% WF  26.8 PSV      25 N      25  --  B5 B4 C4
H8  : T  42.80c W  40.61c S   2.25c (+17.7 L +30.9) LCB   25.58c P  2.85% WF  14.9 PSV      13 N      14  --  H8 E5
E5  : T  37.38c W  36.75c S   1.64c (+16.5 L +30.9) LCB   14.67c P  4.46% WF  28.6 PSV       8 N      28  --  E5 D4 F4
F8  : T  38.28c W  37.37c S   1.45c (+16.1 L +33.1) LCB   23.72c P  1.87% WF  22.2 PSV       3 N      21  --  F8 D4 E7
E7  : T  25.45c W  27.59c S  -0.50c (+12.4 L +30.9) LCB   -0.05c P  3.24% WF  24.2 PSV       2 N      24  --  E7 D6 F8
A5  : T -20.04c W -11.90c S  -8.14c ( -1.0 L +19.2) LCB -370.04c P  2.60% WF   0.9 PSV       0 N       1  --  A5
H5  : T  -1.44c W   3.90c S  -5.33c ( +4.1 L +25.0) LCB -351.44c P  2.30% WF   0.9 PSV       0 N       1  --  H5
pss : T -32.74c W -21.84c S -10.91c ( -8.5 L  -9.7) LCB -382.74c P  2.29% WF   0.9 PSV       0 N       1  --  pass

2025-11-30 22:48:39+0700: = J11
