2025-11-29 10:35:45+0700: Running with following config:
allowResignation = true
lagBuffer = 0.0
logAllGTPCommunication = true
logDir = gtp_logs
logSearchInfo = true
logSearchInfoForChosenMove = false
logToStderr = false
maxPlayouts = 500
maxPlayoutsPondering = 3000
maxTime = 0.5
maxTimePondering = 60.0
maxVisits = 300
maxVisitsPondering = 5000
numSearchThreads = 16
ponderingEnabled = false
resignConsecTurns = 3
resignThreshold = -0.90
rules = tromp-taylor
searchFactorAfterOnePass = 0.50
searchFactorAfterTwoPass = 0.25
searchFactorWhenWinning = 0.40
searchFactorWhenWinningThreshold = 0.95

2025-11-29 10:35:45+0700: GTP Engine starting...
2025-11-29 10:35:45+0700: KataGo v1.14.0
2025-11-29 10:35:45+0700: Using TrompTaylor rules initially, unless GTP/GUI overrides this
2025-11-29 10:35:45+0700: Using 16 CPU thread(s) for search
2025-11-29 10:35:45+0700: nnRandSeed0 = 11301203552611351233
2025-11-29 10:35:45+0700: After dedups: nnModelFile0 = model.gz useFP16 auto useNHWC auto
2025-11-29 10:35:45+0700: Initializing neural net buffer to be size 19 * 19 exactly
2025-11-29 10:35:45+0700: Eigen (CPU) backend thread 0: Model version 8
2025-11-29 10:35:45+0700: Eigen (CPU) backend thread 0: Model name: b6c96-s1995008-d1329786
2025-11-29 10:35:45+0700: Eigen (CPU) backend thread 4: Model version 8
2025-11-29 10:35:45+0700: Eigen (CPU) backend thread 4: Model name: b6c96-s1995008-d1329786
2025-11-29 10:35:45+0700: Eigen (CPU) backend thread 5: Model version 8
2025-11-29 10:35:45+0700: Eigen (CPU) backend thread 5: Model name: b6c96-s1995008-d1329786
2025-11-29 10:35:45+0700: Eigen (CPU) backend thread 1: Model version 8
2025-11-29 10:35:45+0700: Eigen (CPU) backend thread 1: Model name: b6c96-s1995008-d1329786
2025-11-29 10:35:45+0700: Eigen (CPU) backend thread 7: Model version 8
2025-11-29 10:35:45+0700: Eigen (CPU) backend thread 7: Model name: b6c96-s1995008-d1329786
2025-11-29 10:35:45+0700: Eigen (CPU) backend thread 6: Model version 8
2025-11-29 10:35:45+0700: Eigen (CPU) backend thread 6: Model name: b6c96-s1995008-d1329786
2025-11-29 10:35:45+0700: Eigen (CPU) backend thread 2: Model version 8
2025-11-29 10:35:45+0700: Eigen (CPU) backend thread 2: Model name: b6c96-s1995008-d1329786
2025-11-29 10:35:45+0700: Eigen (CPU) backend thread 3: Model version 8
2025-11-29 10:35:45+0700: Eigen (CPU) backend thread 3: Model name: b6c96-s1995008-d1329786
2025-11-29 10:35:45+0700: Loaded neural net with nnXLen 19 nnYLen 19
2025-11-29 10:35:45+0700: Initializing board with boardXSize 19 boardYSize 19
2025-11-29 10:35:45+0700: Loaded config default_gtp.cfg
2025-11-29 10:35:45+0700: Loaded model model.gz
2025-11-29 10:35:45+0700: Model name: b6c96-s1995008-d1329786
2025-11-29 10:35:45+0700: GTP ready, beginning main protocol loop
2025-11-29 10:35:48+0700: Controller: boardsize 13
2025-11-29 10:35:48+0700: GPU -1 finishing, processed 0 rows 0 batches
2025-11-29 10:35:48+0700: GPU -1 finishing, processed 0 rows 0 batches
2025-11-29 10:35:48+0700: GPU -1 finishing, processed 0 rows 0 batches
2025-11-29 10:35:48+0700: GPU -1 finishing, processed 0 rows 0 batches
2025-11-29 10:35:48+0700: GPU -1 finishing, processed 0 rows 0 batches
2025-11-29 10:35:48+0700: GPU -1 finishing, processed 0 rows 0 batches
2025-11-29 10:35:48+0700: GPU -1 finishing, processed 0 rows 0 batches
2025-11-29 10:35:48+0700: GPU -1 finishing, processed 0 rows 0 batches
2025-11-29 10:35:48+0700: Cleaned up old neural net and bot
2025-11-29 10:35:48+0700: nnRandSeed0 = 6459387679917936248
2025-11-29 10:35:48+0700: After dedups: nnModelFile0 = model.gz useFP16 auto useNHWC auto
2025-11-29 10:35:48+0700: Initializing neural net buffer to be size 13 * 13 exactly
2025-11-29 10:35:48+0700: Eigen (CPU) backend thread 3: Model version 8
2025-11-29 10:35:48+0700: Eigen (CPU) backend thread 3: Model name: b6c96-s1995008-d1329786
2025-11-29 10:35:48+0700: Eigen (CPU) backend thread 0: Model version 8
2025-11-29 10:35:48+0700: Eigen (CPU) backend thread 0: Model name: b6c96-s1995008-d1329786
2025-11-29 10:35:48+0700: Eigen (CPU) backend thread 4: Model version 8
2025-11-29 10:35:48+0700: Eigen (CPU) backend thread 4: Model name: b6c96-s1995008-d1329786
2025-11-29 10:35:48+0700: Eigen (CPU) backend thread 2: Model version 8
2025-11-29 10:35:48+0700: Eigen (CPU) backend thread 2: Model name: b6c96-s1995008-d1329786
2025-11-29 10:35:48+0700: Eigen (CPU) backend thread 1: Model version 8
2025-11-29 10:35:48+0700: Eigen (CPU) backend thread 1: Model name: b6c96-s1995008-d1329786
2025-11-29 10:35:48+0700: Eigen (CPU) backend thread 5: Model version 8
2025-11-29 10:35:48+0700: Eigen (CPU) backend thread 5: Model name: b6c96-s1995008-d1329786
2025-11-29 10:35:48+0700: Eigen (CPU) backend thread 6: Model version 8
2025-11-29 10:35:48+0700: Eigen (CPU) backend thread 6: Model name: b6c96-s1995008-d1329786
2025-11-29 10:35:48+0700: Eigen (CPU) backend thread 7: Model version 8
2025-11-29 10:35:48+0700: Eigen (CPU) backend thread 7: Model name: b6c96-s1995008-d1329786
2025-11-29 10:35:48+0700: Loaded neural net with nnXLen 13 nnYLen 13
2025-11-29 10:35:48+0700: Initializing board with boardXSize 13 boardYSize 13
2025-11-29 10:35:48+0700: = 
2025-11-29 10:35:50+0700: Controller: genmove
2025-11-29 10:35:50+0700: ? Expected one argument for genmove but got ''
2025-11-29 10:35:52+0700: Controller: genmove b
2025-11-29 10:35:53+0700: MoveNum: 0 HASH: 6D7B9BD0653F4FE761D8EA5338E563E0
   A B C D E F G H J K L M N
13 . . . . . . . . . . . . .
12 . . . . . . . . . . . . .
11 . . . . . . . . . . . . .
10 . . . . . . . . . . . @ .
 9 . . . . . . . . . . . . .
 8 . . . . . . . . . . . . .
 7 . . . . . . . . . . . . .
 6 . . . . . . . . . . . . .
 5 . . . . . . . . . . . . .
 4 . . . . . . . . . . . . .
 3 . . . . . . . . . . . . .
 2 . . . . . . . . . . . . .
 1 . . . . . . . . . . . . .

koPOSITIONALscoreAREAtaxNONEsui1komi7.5
Time taken: 0.515
Root visits: 230
New playouts: 230
NN rows: 228
NN batches: 149
NN avg batch size: 1.5302
PV: K9 J10 J9
Tree:
: T  -5.01c W  -5.70c S   1.70c ( +1.5 L  -2.2) N     230  --  K9 J10 J9
---Black(^)---
K9  : T  -3.04c W  -4.46c S   2.01c ( +2.1 L  -2.1) LCB  -26.83c P  0.58% WF  10.1 PSV      13 N      10  --  K9 J10 J9
L7  : T  -6.22c W  -7.43c S   1.78c ( +1.7 L  -2.3) LCB  -27.02c P  0.59% WF  12.9 PSV      13 N      13  --  L7 M6 K5
G7  : T  -5.07c W  -5.95c S   1.77c ( +1.7 L  -2.2) LCB  -35.80c P  0.59% WF   9.0 PSV       9 N       9  --  G7 G6 F6
J7  : T  -4.96c W  -5.86c S   1.74c ( +1.6 L  -2.3) LCB  -35.59c P  0.59% WF   9.0 PSV       9 N       9  --  J7 J8 K8
H7  : T  -5.09c W  -6.00c S   1.75c ( +1.6 L  -2.2) LCB  -35.86c P  0.59% WF   9.0 PSV       9 N       9  --  H7 H8 J8
J9  : T  -4.86c W  -5.74c S   1.77c ( +1.7 L  -2.2) LCB  -35.40c P  0.59% WF   9.0 PSV       9 N       9  --  J9 K9 K8
M7  : T  -4.66c W  -5.57c S   1.76c ( +1.7 L  -2.2) LCB  -34.32c P  0.57% WF   9.0 PSV       9 N       9  --  M7 N6 L8
M8  : T  -2.75c W  -3.77c S   1.90c ( +1.9 L  -2.1) LCB  -31.29c P  0.57% WF   9.1 PSV       9 N       9  --  M8 B1 L7
N8  : T  -4.78c W  -5.37c S   1.63c ( +1.4 L  -2.2) LCB  -37.45c P  0.60% WF   8.0 PSV       8 N       8  --  N8 A12 M7
N9  : T  -4.93c W  -5.91c S   1.82c ( +1.8 L  -2.2) LCB  -35.19c P  0.60% WF   8.0 PSV       8 N       8  --  N9 M9 L8

2025-11-29 10:35:53+0700: = M10
2025-11-29 10:35:54+0700: Controller: genmove b
2025-11-29 10:35:55+0700: MoveNum: 0 HASH: EAD3B0B7DAE2FA024AADB9084E313987
   A B C D E F G H J K L M N
13 . . . . . . . . . . . . .
12 . . . . . . . . . . . . .
11 . . . . . . . . . . . . .
10 . . . . . . . . . . . X .
 9 . . . . . . . . . . . . .
 8 . . . . . . . . . . . . .
 7 . . . . . . . . . . . . .
 6 . . . . . . . . . . . . .
 5 . . . . . . . . . . . . .
 4 . . . . . . @ . . . . . .
 3 . . . . . . . . . . . . .
 2 . . . . . . . . . . . . .
 1 . . . . . . . . . . . . .

koPOSITIONALscoreAREAtaxNONEsui1komi7.5
Time taken: 0.516
Root visits: 234
New playouts: 234
NN rows: 234
NN batches: 153
NN avg batch size: 1.52941
PV: M6 N5
Tree:
: T  18.79c W  25.81c S  -6.92c ( +5.8 L  +0.8) N     234  --  M6 N5
---Black(^)---
M6  : T  14.75c W  22.64c S  -7.78c ( +4.4 L  -0.2) LCB -143.65c P  0.59% WF   2.0 PSV       2 N       2  --  M6 N5
L10 : T  12.73c W  20.79c S  -7.93c ( +3.9 L  -0.4) LCB -148.80c P  0.64% WF   1.6 PSV       2 N       2  --  L10 K10
K9  : T  13.55c W  21.58c S  -7.90c ( +4.0 L  -0.2) LCB -146.29c P  0.63% WF   2.0 PSV       2 N       2  --  K9 K8
J9  : T  13.95c W  21.96c S  -7.91c ( +4.1 L  -0.2) LCB -146.30c P  0.63% WF   2.0 PSV       2 N       2  --  J9 K8
K8  : T  13.49c W  21.53c S  -7.91c ( +4.0 L  -0.3) LCB -146.74c P  0.62% WF   2.0 PSV       2 N       2  --  K8 L9
K10 : T  13.60c W  21.65c S  -7.95c ( +4.0 L  -0.3) LCB -146.19c P  0.62% WF   2.0 PSV       2 N       2  --  K10 J9
L11 : T  13.33c W  21.37c S  -7.90c ( +4.0 L  -0.3) LCB -146.46c P  0.62% WF   2.0 PSV       2 N       2  --  L11 K10
J11 : T  13.21c W  21.32c S  -8.00c ( +3.9 L  -0.3) LCB -146.91c P  0.62% WF   2.0 PSV       2 N       2  --  J11 H10
L7  : T  14.09c W  22.08c S  -7.89c ( +4.1 L  -0.2) LCB -145.06c P  0.62% WF   2.0 PSV       2 N       2  --  L7 M8
J10 : T  13.66c W  21.73c S  -7.96c ( +4.0 L  -0.3) LCB -145.98c P  0.62% WF   2.0 PSV       2 N       2  --  J10 K10

2025-11-29 10:35:55+0700: = G4
