2025-11-28 17:40:03+0700: Running with following config:
allowResignation = true
lagBuffer = 0.0
logAllGTPCommunication = true
logDir = gtp_logs
logSearchInfo = true
logSearchInfoForChosenMove = false
logToStderr = false
maxPlayouts = 500
maxPlayoutsPondering = 3000
maxTime = 0.5
maxTimePondering = 60.0
maxVisits = 300
maxVisitsPondering = 5000
numSearchThreads = 16
ponderingEnabled = false
resignConsecTurns = 3
resignThreshold = -0.90
rules = tromp-taylor
searchFactorAfterOnePass = 0.50
searchFactorAfterTwoPass = 0.25
searchFactorWhenWinning = 0.40
searchFactorWhenWinningThreshold = 0.95

2025-11-28 17:40:03+0700: GTP Engine starting...
2025-11-28 17:40:03+0700: KataGo v1.14.0
2025-11-28 17:40:03+0700: Using TrompTaylor rules initially, unless GTP/GUI overrides this
2025-11-28 17:40:03+0700: Using 16 CPU thread(s) for search
2025-11-28 17:40:03+0700: nnRandSeed0 = 16530512197885341612
2025-11-28 17:40:03+0700: After dedups: nnModelFile0 = model.gz useFP16 auto useNHWC auto
2025-11-28 17:40:03+0700: Initializing neural net buffer to be size 19 * 19 exactly
2025-11-28 17:40:04+0700: Eigen (CPU) backend thread 1: Model version 8
2025-11-28 17:40:04+0700: Eigen (CPU) backend thread 1: Model name: b6c96-s1995008-d1329786
2025-11-28 17:40:04+0700: Eigen (CPU) backend thread 2: Model version 8
2025-11-28 17:40:04+0700: Eigen (CPU) backend thread 2: Model name: b6c96-s1995008-d1329786
2025-11-28 17:40:04+0700: Eigen (CPU) backend thread 3: Model version 8
2025-11-28 17:40:04+0700: Eigen (CPU) backend thread 3: Model name: b6c96-s1995008-d1329786
2025-11-28 17:40:04+0700: Eigen (CPU) backend thread 4: Model version 8
2025-11-28 17:40:04+0700: Eigen (CPU) backend thread 4: Model name: b6c96-s1995008-d1329786
2025-11-28 17:40:04+0700: Eigen (CPU) backend thread 5: Model version 8
2025-11-28 17:40:04+0700: Eigen (CPU) backend thread 5: Model name: b6c96-s1995008-d1329786
2025-11-28 17:40:04+0700: Eigen (CPU) backend thread 6: Model version 8
2025-11-28 17:40:04+0700: Eigen (CPU) backend thread 6: Model name: b6c96-s1995008-d1329786
2025-11-28 17:40:04+0700: Eigen (CPU) backend thread 7: Model version 8
2025-11-28 17:40:04+0700: Eigen (CPU) backend thread 7: Model name: b6c96-s1995008-d1329786
2025-11-28 17:40:04+0700: Eigen (CPU) backend thread 0: Model version 8
2025-11-28 17:40:04+0700: Eigen (CPU) backend thread 0: Model name: b6c96-s1995008-d1329786
2025-11-28 17:40:04+0700: Loaded neural net with nnXLen 19 nnYLen 19
2025-11-28 17:40:04+0700: Initializing board with boardXSize 19 boardYSize 19
2025-11-28 17:40:04+0700: Loaded config default_gtp.cfg
2025-11-28 17:40:04+0700: Loaded model model.gz
2025-11-28 17:40:04+0700: Model name: b6c96-s1995008-d1329786
2025-11-28 17:40:04+0700: GTP ready, beginning main protocol loop
2025-11-28 17:40:04+0700: Controller: version
2025-11-28 17:40:04+0700: = 1.14.0
2025-11-28 17:40:04+0700: Controller: genmove b
2025-11-28 17:40:04+0700: MoveNum: 0 HASH: CDCBC1F514D7E680FACD226074256633
   A B C D E F G H J K L M N O P Q R S T
19 . . . . . . . . . . . . . . . . . . @
18 . . . . . . . . . . . . . . . . . . .
17 . . . . . . . . . . . . . . . . . . .
16 . . . . . . . . . . . . . . . . . . .
15 . . . . . . . . . . . . . . . . . . .
14 . . . . . . . . . . . . . . . . . . .
13 . . . . . . . . . . . . . . . . . . .
12 . . . . . . . . . . . . . . . . . . .
11 . . . . . . . . . . . . . . . . . . .
10 . . . . . . . . . . . . . . . . . . .
 9 . . . . . . . . . . . . . . . . . . .
 8 . . . . . . . . . . . . . . . . . . .
 7 . . . . . . . . . . . . . . . . . . .
 6 . . . . . . . . . . . . . . . . . . .
 5 . . . . . . . . . . . . . . . . . . .
 4 . . . . . . . . . . . . . . . . . . .
 3 . . . . . . . . . . . . . . . . . . .
 2 . . . . . . . . . . . . . . . . . . .
 1 . . . . . . . . . . . . . . . . . . .

koPOSITIONALscoreAREAtaxNONEsui1komi7.5
Time taken: 0.531
Root visits: 120
New playouts: 120
NN rows: 120
NN batches: 78
NN avg batch size: 1.53846
PV: T19 S1 T17
Tree:
: T   2.47c W   7.30c S   2.20c ( +8.5 L  -2.3) N     120  --  T19 S1 T17
---Black(^)---
T19 : T   6.35c W   6.75c S   2.14c ( +8.2 L  -0.3) LCB  -90.91c P  0.28% WF   6.1 PSV       6 N       6  --  T19 S1 T17
P11 : T  27.11c W  23.09c S   4.28c (+14.9 L  -1.7) LCB -130.92c P  0.28% WF   2.1 PSV       2 N       2  --  P11 P10
P12 : T  28.48c W  24.17c S   4.55c (+15.7 L  -1.6) LCB -128.16c P  0.28% WF   2.1 PSV       2 N       2  --  P12 A18
P13 : T  28.63c W  24.31c S   4.58c (+15.7 L  -1.6) LCB -127.89c P  0.28% WF   2.1 PSV       2 N       2  --  P13 A2
O14 : T  27.11c W  23.10c S   4.28c (+14.9 L  -1.7) LCB -130.95c P  0.28% WF   2.1 PSV       2 N       2  --  O14 N14
P14 : T  27.05c W  23.05c S   4.27c (+14.9 L  -1.7) LCB -130.98c P  0.28% WF   2.1 PSV       2 N       2  --  P14 P13
R15 : T  28.63c W  24.21c S   4.64c (+15.9 L  -1.7) LCB -127.09c P  0.28% WF   2.1 PSV       2 N       2  --  R15 A18
R16 : T  27.35c W  23.20c S   4.39c (+15.2 L  -1.8) LCB -128.83c P  0.27% WF   2.1 PSV       2 N       2  --  R16 S19
P15 : T  43.55c W  35.94c S   7.62c (+26.4 L  +1.6) LCB -306.45c P  0.27% WF   1.1 PSV       1 N       1  --  P15
R17 : T  41.77c W  34.41c S   7.36c (+25.6 L  +1.5) LCB -308.23c P  0.27% WF   1.1 PSV       1 N       1  --  R17

2025-11-28 17:40:04+0700: = T19
2025-11-28 17:40:04+0700: Controller: genmove b
2025-11-28 17:40:05+0700: MoveNum: 0 HASH: 2DA291FAD7A57B103F15EA00D78BF1D2
   A B C D E F G H J K L M N O P Q R S T
19 . . . . . . . . . . . . . . . . . . X
18 . . . . . . . . . . . . . . . . . . .
17 . . . . . . . . . . . . . . . . . . .
16 . . . . . . . . . . . . . . . . . . .
15 . . . . . . . . . . . . . . . . . . .
14 . . . . . . . . . . . . . . . . . . .
13 . . . . . . . . . . . . . . . . . . .
12 . . . . . . . . . . . . . . . . . . .
11 . . . . . . . . . . . . . . . . . . .
10 . . . . . . . . . . . . . . . . . . .
 9 . . . . . . . . . . . . . . . . . . .
 8 . . . . . . . . . . . . . . . . . . .
 7 . . . . . . . . . . . . . . . . . . .
 6 . . . . . . . . . @ . . . . . . . . .
 5 . . . . . . . . . . . . . . . . . . .
 4 . . . . . . . . . . . . . . . . . . .
 3 . . . . . . . . . . . . . . . . . . .
 2 . . . . . . . . . . . . . . . . . . .
 1 . . . . . . . . . . . . . . . . . . .

koPOSITIONALscoreAREAtaxNONEsui1komi7.5
Time taken: 0.531
Root visits: 128
New playouts: 128
NN rows: 128
NN batches: 87
NN avg batch size: 1.47126
PV: M8
Tree:
: T  27.70c W  34.52c S  -6.85c (+25.8 L  +1.7) N     128  --  M8
---Black(^)---
M8  : T  28.35c W  35.13c S  -6.77c (+26.0 L  +1.7) LCB -321.65c P  0.28% WF   1.0 PSV       1 N       1  --  M8
pss : T  24.42c W  31.96c S  -7.55c (+23.7 L  +1.3) LCB -325.58c P  0.52% WF   1.0 PSV       1 N       1  --  pass
S17 : T  26.17c W  33.23c S  -7.06c (+25.0 L  +1.5) LCB -323.83c P  0.29% WF   1.0 PSV       1 N       1  --  S17
R17 : T  26.29c W  33.38c S  -7.09c (+24.9 L  +1.6) LCB -323.71c P  0.29% WF   1.0 PSV       1 N       1  --  R17
R16 : T  25.37c W  32.59c S  -7.21c (+24.5 L  +1.7) LCB -324.63c P  0.29% WF   1.0 PSV       1 N       1  --  R16
Q16 : T  25.89c W  33.04c S  -7.15c (+24.7 L  +1.7) LCB -324.11c P  0.29% WF   1.0 PSV       1 N       1  --  Q16
S1  : T  24.48c W  31.94c S  -7.45c (+23.9 L  +1.6) LCB -325.52c P  0.29% WF   1.0 PSV       1 N       1  --  S1
K3  : T  26.01c W  33.11c S  -7.10c (+24.8 L  +1.7) LCB -323.99c P  0.28% WF   1.0 PSV       1 N       1  --  K3
L3  : T  27.59c W  34.46c S  -6.87c (+25.6 L  +1.6) LCB -322.41c P  0.28% WF   1.0 PSV       1 N       1  --  L3
J3  : T  27.36c W  34.34c S  -6.98c (+25.4 L  +1.7) LCB -322.64c P  0.28% WF   1.0 PSV       1 N       1  --  J3

2025-11-28 17:40:05+0700: = K6
2025-11-28 17:40:05+0700: Controller: genmove b
2025-11-28 17:40:05+0700: MoveNum: 0 HASH: E104BFBAAEA69537949E527238486215
   A B C D E F G H J K L M N O P Q R S T
19 . . . . . . . . . . . . . . . . . . X
18 . . . . . . . . . . . . . . . . . . .
17 . . . . . . . . . . . . . . . . . . .
16 . . . . . . . . . . . . . . . . . . .
15 . . . . . . . . . . . . . . . . . . .
14 . . . . . . . . . . . . . . . . . . .
13 . . . . . . . . . . . . . . . . . . .
12 . . . . . . . . . . . . . . . . . . .
11 . . . . . . . . . . . . . . . . . . .
10 . . . . . . . . . . . . . . . . . . .
 9 . . . . . . . . . . . . @ . . . . . .
 8 . . . . . . . . . . . . . . . . . . .
 7 . . . . . . . . . . . . . . . . . . .
 6 . . . . . . . . . X . . . . . . . . .
 5 . . . . . . . . . . . . . . . . . . .
 4 . . . . . . . . . . . . . . . . . . .
 3 . . . . . . . . . . . . . . . . . . .
 2 . . . . . . . . . . . . . . . . . . .
 1 . . . . . . . . . . . . . . . . . . .

koPOSITIONALscoreAREAtaxNONEsui1komi7.5
Time taken: 0.531
Root visits: 140
New playouts: 140
NN rows: 140
NN batches: 94
NN avg batch size: 1.48936
PlayoutDoublingAdvantage: -0.5
PV: H9
Tree:
: T  22.74c W  31.80c S  -9.09c (+23.2 L  +4.0) N     140  --  H9
---Black(^)---
H9  : T  23.10c W  32.17c S  -9.07c (+23.4 L  +3.9) LCB -326.90c P  0.29% WF   1.0 PSV       1 N       1  --  H9
pss : T  20.47c W  29.99c S  -9.51c (+22.0 L  +3.8) LCB -329.53c P  0.62% WF   1.0 PSV       1 N       1  --  pass
K5  : T  21.80c W  30.96c S  -9.16c (+22.6 L  +3.9) LCB -328.20c P  0.30% WF   1.0 PSV       1 N       1  --  K5
K7  : T  21.72c W  30.91c S  -9.18c (+22.6 L  +3.9) LCB -328.28c P  0.30% WF   1.0 PSV       1 N       1  --  K7
K8  : T  21.84c W  31.05c S  -9.22c (+22.6 L  +4.0) LCB -328.16c P  0.30% WF   1.0 PSV       1 N       1  --  K8
J8  : T  22.87c W  31.94c S  -9.06c (+23.2 L  +3.9) LCB -327.13c P  0.30% WF   1.0 PSV       1 N       1  --  J8
J7  : T  21.90c W  31.08c S  -9.18c (+22.6 L  +4.0) LCB -328.10c P  0.30% WF   1.0 PSV       1 N       1  --  J7
H7  : T  22.89c W  31.96c S  -9.07c (+23.2 L  +3.9) LCB -327.11c P  0.30% WF   1.0 PSV       1 N       1  --  H7
L5  : T  22.03c W  31.17c S  -9.15c (+22.7 L  +3.9) LCB -327.97c P  0.30% WF   1.0 PSV       1 N       1  --  L5
L7  : T  21.86c W  31.06c S  -9.20c (+22.6 L  +3.9) LCB -328.14c P  0.30% WF   1.0 PSV       1 N       1  --  L7

2025-11-28 17:40:05+0700: = N9
2025-11-28 17:40:05+0700: Controller: genmove b
2025-11-28 17:40:06+0700: MoveNum: 0 HASH: 8388A18DF6C3DE0964917DEB096AF8BA
   A B C D E F G H J K L M N O P Q R S T
19 . . . . . . . . . . . . . . . . . . X
18 . . . . . . . . . . . . . . . . . . .
17 . . . . . . . . . . . . . . . . . . .
16 . . . . . . . . . . . . . . . . . . .
15 . . . . . . . . . . . . . . . . . . .
14 . . . . . . . . . . . . . . . . . . .
13 . . . . . . . . . . . . . . . . . . .
12 . . . . . . . . @ . . . . . . . . . .
11 . . . . . . . . . . . . . . . . . . .
10 . . . . . . . . . . . . . . . . . . .
 9 . . . . . . . . . . . . X . . . . . .
 8 . . . . . . . . . . . . . . . . . . .
 7 . . . . . . . . . . . . . . . . . . .
 6 . . . . . . . . . X . . . . . . . . .
 5 . . . . . . . . . . . . . . . . . . .
 4 . . . . . . . . . . . . . . . . . . .
 3 . . . . . . . . . . . . . . . . . . .
 2 . . . . . . . . . . . . . . . . . . .
 1 . . . . . . . . . . . . . . . . . . .

koPOSITIONALscoreAREAtaxNONEsui1komi7.5
Time taken: 0.531
Root visits: 135
New playouts: 135
NN rows: 135
NN batches: 91
NN avg batch size: 1.48352
PlayoutDoublingAdvantage: -1.125
PV: O8
Tree:
: T  19.69c W  28.31c S  -8.65c (+22.2 L  +4.7) N     135  --  O8
---Black(^)---
O8  : T  20.82c W  29.27c S  -8.45c (+22.8 L  +4.6) LCB -329.18c P  0.29% WF   1.0 PSV       1 N       1  --  O8
pss : T  17.42c W  26.57c S  -9.15c (+20.7 L  +4.4) LCB -332.58c P  0.65% WF   1.0 PSV       1 N       1  --  pass
N8  : T  20.76c W  29.27c S  -8.50c (+22.7 L  +4.7) LCB -329.24c P  0.31% WF   1.0 PSV       1 N       1  --  N8
L8  : T  18.85c W  27.58c S  -8.73c (+21.7 L  +4.7) LCB -331.15c P  0.31% WF   1.0 PSV       1 N       1  --  L8
M8  : T  20.71c W  29.20c S  -8.49c (+22.5 L  +4.7) LCB -329.29c P  0.31% WF   1.0 PSV       1 N       1  --  M8
K5  : T  20.39c W  28.93c S  -8.54c (+22.4 L  +4.7) LCB -329.61c P  0.30% WF   1.0 PSV       1 N       1  --  K5
K7  : T  18.95c W  27.66c S  -8.71c (+21.7 L  +4.7) LCB -331.05c P  0.30% WF   1.0 PSV       1 N       1  --  K7
K8  : T  20.55c W  29.04c S  -8.48c (+22.7 L  +4.7) LCB -329.45c P  0.30% WF   1.0 PSV       1 N       1  --  K8
N10 : T  20.57c W  29.09c S  -8.52c (+22.5 L  +4.7) LCB -329.43c P  0.30% WF   1.0 PSV       1 N       1  --  N10
O10 : T  18.80c W  27.60c S  -8.79c (+21.6 L  +4.7) LCB -331.20c P  0.30% WF   1.0 PSV       1 N       1  --  O10

2025-11-28 17:40:06+0700: = J12
2025-11-28 17:40:06+0700: Controller: genmove b
2025-11-28 17:40:06+0700: MoveNum: 0 HASH: F660B2A3099E8237123061DB0A3A1F59
   A B C D E F G H J K L M N O P Q R S T
19 . . . . . . . . . . . . . . . . . . X
18 . . . . . . . . . . . . . . . . . . .
17 . . . . . . . . . . . . . . . . . . .
16 . . . . . . . . . . . . . . . . . . .
15 . . . . . . . . . . . . . . . . . . .
14 . . . . . . . . . . . . . . . . . . .
13 . . . . . . . . . . . . . . . . . . .
12 . . . . . . . . X . . . . . . . . . .
11 . . . . . . . . . . . . . . . . . . .
10 . . . . . . . . . . . . . . . . . . .
 9 . . . . . . . . . . . . X . . . . . .
 8 . . . . . . . . . . . . . . . . . . .
 7 . . . . . . . . . . . . . . . . . . .
 6 . . . . . . . . . X . . . . . . . . .
 5 . . . . . . . . . . . . . . . . . . .
 4 . . . . . . . . . . . . @ . . . . . .
 3 . . . . . . . . . . . . . . . . . . .
 2 . . . . . . . . . . . . . . . . . . .
 1 . . . . . . . . . . . . . . . . . . .

koPOSITIONALscoreAREAtaxNONEsui1komi7.5
Time taken: 0.532
Root visits: 136
New playouts: 136
NN rows: 136
NN batches: 91
NN avg batch size: 1.49451
PlayoutDoublingAdvantage: -1.875
PV: N8
Tree:
: T  15.40c W  23.91c S  -8.53c (+20.7 L  +5.8) N     136  --  N8
---Black(^)---
N8  : T  16.70c W  25.06c S  -8.36c (+21.2 L  +5.8) LCB -333.30c P  0.30% WF   1.0 PSV       1 N       1  --  N8
pss : T  13.19c W  22.20c S  -9.01c (+19.3 L  +5.6) LCB -336.81c P  0.64% WF   1.0 PSV       1 N       1  --  pass
K7  : T  14.61c W  23.19c S  -8.58c (+20.1 L  +5.9) LCB -335.39c P  0.31% WF   1.0 PSV       1 N       1  --  K7
N10 : T  16.68c W  25.01c S  -8.33c (+21.2 L  +5.9) LCB -333.32c P  0.31% WF   1.0 PSV       1 N       1  --  N10
L7  : T  15.35c W  23.95c S  -8.60c (+20.4 L  +5.8) LCB -334.65c P  0.31% WF   1.0 PSV       1 N       1  --  L7
J13 : T  14.41c W  23.05c S  -8.64c (+20.0 L  +5.9) LCB -335.59c P  0.31% WF   1.0 PSV       1 N       1  --  J13
M7  : T  16.21c W  24.67c S  -8.46c (+21.0 L  +5.8) LCB -333.79c P  0.30% WF   1.0 PSV       1 N       1  --  M7
K11 : T  16.32c W  24.74c S  -8.42c (+21.0 L  +5.8) LCB -333.68c P  0.30% WF   1.0 PSV       1 N       1  --  K11
K13 : T  15.07c W  23.70c S  -8.63c (+20.4 L  +5.7) LCB -334.93c P  0.30% WF   1.0 PSV       1 N       1  --  K13
O10 : T  15.37c W  23.96c S  -8.60c (+20.4 L  +5.8) LCB -334.63c P  0.30% WF   1.0 PSV       1 N       1  --  O10

2025-11-28 17:40:06+0700: = N4
2025-11-28 17:40:06+0700: Controller: genmove b
2025-11-28 17:40:07+0700: MoveNum: 0 HASH: 6BE907F5AB15464734BB1D6193AC2F44
   A B C D E F G H J K L M N O P Q R S T
19 . . . . . . . . . . . . . . . . . . X
18 . . . . . . . . . . . . . . . . . . .
17 . . . . . . . . . . . . . . . . . . .
16 . . . . . . . . . . . . . . . . . . .
15 . . . . . . . . . . . . . . . . . . .
14 . . . . . . . . . . . . . . . . . . .
13 . . . . . . . . . . . . . . . . . . .
12 . . . . . . . . X . . . . . . . . . .
11 . . . . . . . . . . . . . . . . . . .
10 . . . . . . . . . . . . . . . . . . .
 9 . . . . . . . . . . . . X . . . . . .
 8 . . . . . . . . . . . . . . . . . . .
 7 . . . . . . . . . . . . . . . . . . .
 6 . . . . . . . . . X . . . . . . . . .
 5 . . . . . . . . . . . . . . . . . @ .
 4 . . . . . . . . . . . . X . . . . . .
 3 . . . . . . . . . . . . . . . . . . .
 2 . . . . . . . . . . . . . . . . . . .
 1 . . . . . . . . . . . . . . . . . . .

koPOSITIONALscoreAREAtaxNONEsui1komi7.5
Time taken: 0.531
Root visits: 135
New playouts: 135
NN rows: 135
NN batches: 90
NN avg batch size: 1.5
PlayoutDoublingAdvantage: -2.5
PV: L7
Tree:
: T  12.51c W  20.47c S  -7.99c (+19.7 L  +6.7) N     135  --  L7
---Black(^)---
L7  : T  14.34c W  22.08c S  -7.74c (+20.6 L  +6.8) LCB -335.66c P  0.31% WF   1.0 PSV       1 N       1  --  L7
pss : T   9.03c W  17.67c S  -8.65c (+17.5 L  +6.4) LCB -340.97c P  0.66% WF   1.0 PSV       1 N       1  --  pass
M5  : T  12.25c W  20.28c S  -8.04c (+19.3 L  +6.7) LCB -337.75c P  0.31% WF   1.0 PSV       1 N       1  --  M5
L6  : T  12.46c W  20.45c S  -7.99c (+19.5 L  +6.7) LCB -337.54c P  0.31% WF   1.0 PSV       1 N       1  --  L6
K12 : T  12.37c W  20.41c S  -8.04c (+19.6 L  +6.5) LCB -337.63c P  0.31% WF   1.0 PSV       1 N       1  --  K12
O9  : T  11.65c W  19.71c S  -8.06c (+19.2 L  +6.7) LCB -338.35c P  0.31% WF   1.0 PSV       1 N       1  --  O9
O5  : T  13.51c W  21.40c S  -7.89c (+20.2 L  +6.7) LCB -336.49c P  0.31% WF   1.0 PSV       1 N       1  --  O5
K13 : T  12.49c W  20.54c S  -8.06c (+19.4 L  +6.7) LCB -337.51c P  0.30% WF   1.0 PSV       1 N       1  --  K13
O10 : T  12.19c W  20.28c S  -8.09c (+19.3 L  +6.7) LCB -337.81c P  0.30% WF   1.0 PSV       1 N       1  --  O10
L8  : T  12.24c W  20.25c S  -8.00c (+19.5 L  +6.7) LCB -337.76c P  0.30% WF   1.0 PSV       1 N       1  --  L8

2025-11-28 17:40:07+0700: = S5
2025-11-28 17:40:07+0700: Controller: genmove b
2025-11-28 17:40:07+0700: MoveNum: 0 HASH: CEF76874B56FC3D35BC651219C24DB6F
   A B C D E F G H J K L M N O P Q R S T
19 . . . . . . . . . . . . . . . . . . X
18 . . . . . . . . . . . . . . . . . . .
17 . . . . . . . . . . . . . . . . . . .
16 . . . . . . . . . . . . . . . . . . .
15 . . . . . . . . . . . . . . . . . . .
14 . . . . . . . . . . . . . . . . . . .
13 . . . . . . . . . . . . . . . . . . .
12 . . . . . . . . X . . . . . . . . . .
11 . . . . . . . . . . . . . . . . . . .
10 . . . . . . . . . . . . . . . . . . .
 9 . . . . . . @ . . . . . X . . . . . .
 8 . . . . . . . . . . . . . . . . . . .
 7 . . . . . . . . . . . . . . . . . . .
 6 . . . . . . . . . X . . . . . . . . .
 5 . . . . . . . . . . . . . . . . . X .
 4 . . . . . . . . . . . . X . . . . . .
 3 . . . . . . . . . . . . . . . . . . .
 2 . . . . . . . . . . . . . . . . . . .
 1 . . . . . . . . . . . . . . . . . . .

koPOSITIONALscoreAREAtaxNONEsui1komi7.5
Time taken: 0.547
Root visits: 139
New playouts: 139
NN rows: 139
NN batches: 91
NN avg batch size: 1.52747
PlayoutDoublingAdvantage: -2.75
PV: K8
Tree:
: T  12.77c W  20.15c S  -7.41c (+20.1 L  +7.1) N     139  --  K8
---Black(^)---
K8  : T  14.77c W  21.87c S  -7.10c (+21.2 L  +7.1) LCB -335.23c P  0.29% WF   1.0 PSV       1 N       1  --  K8
pss : T  10.96c W  18.74c S  -7.78c (+19.0 L  +6.8) LCB -339.04c P  0.65% WF   1.0 PSV       1 N       1  --  pass
L5  : T  12.60c W  20.07c S  -7.47c (+19.8 L  +7.1) LCB -337.40c P  0.32% WF   1.0 PSV       1 N       1  --  L5
L6  : T  12.74c W  20.18c S  -7.44c (+20.0 L  +6.9) LCB -337.26c P  0.31% WF   1.0 PSV       1 N       1  --  L6
K11 : T  12.45c W  19.98c S  -7.53c (+19.9 L  +6.8) LCB -337.55c P  0.31% WF   1.0 PSV       1 N       1  --  K11
M6  : T  12.72c W  20.13c S  -7.41c (+20.0 L  +7.2) LCB -337.28c P  0.31% WF   1.0 PSV       1 N       1  --  M6
O4  : T  14.44c W  21.55c S  -7.11c (+21.1 L  +7.0) LCB -335.56c P  0.31% WF   1.0 PSV       1 N       1  --  O4
O8  : T  12.54c W  19.98c S  -7.44c (+19.8 L  +7.2) LCB -337.46c P  0.31% WF   1.0 PSV       1 N       1  --  O8
K12 : T  12.47c W  19.91c S  -7.44c (+20.0 L  +6.9) LCB -337.53c P  0.31% WF   1.0 PSV       1 N       1  --  K12
O9  : T  12.08c W  19.66c S  -7.58c (+19.5 L  +7.1) LCB -337.92c P  0.31% WF   1.0 PSV       1 N       1  --  O9

2025-11-28 17:40:07+0700: = G9
2025-11-28 17:40:07+0700: Controller: genmove b
2025-11-28 17:40:08+0700: MoveNum: 0 HASH: 7FAC489D1DFD148AE5E5DFDCF95C3A24
   A B C D E F G H J K L M N O P Q R S T
19 . . . . . . . . . . . . . . . . . . X
18 . . . . . . . . . . . . . . . . . . .
17 . . . . . . . . . . . . . . . . . . .
16 . . . . . . . . . . . . . . . . . . .
15 . . . . . . . . . . . . . . . . . . .
14 . . . . . . . . . . . . . . . . . . .
13 . . . . . . . . . . . . . . . . . . .
12 . . . . . . . . X . . . . . . . . . .
11 . . . . . . . . . . . . . . . . . . .
10 . . . . . . . . . . . . . . . . . . .
 9 . . . . . . X . . . @ . X . . . . . .
 8 . . . . . . . . . . . . . . . . . . .
 7 . . . . . . . . . . . . . . . . . . .
 6 . . . . . . . . . X . . . . . . . . .
 5 . . . . . . . . . . . . . . . . . X .
 4 . . . . . . . . . . . . X . . . . . .
 3 . . . . . . . . . . . . . . . . . . .
 2 . . . . . . . . . . . . . . . . . . .
 1 . . . . . . . . . . . . . . . . . . .

koPOSITIONALscoreAREAtaxNONEsui1komi7.5
Time taken: 0.547
Root visits: 139
New playouts: 139
NN rows: 139
NN batches: 91
NN avg batch size: 1.52747
PlayoutDoublingAdvantage: -2.75
PV: K8
Tree:
: T  14.92c W  22.45c S  -7.55c (+21.9 L  +7.4) N     139  --  K8
---Black(^)---
K8  : T  17.52c W  24.67c S  -7.16c (+23.3 L  +7.5) LCB -332.48c P  0.30% WF   1.0 PSV       1 N       1  --  K8
pss : T  13.14c W  21.08c S  -7.93c (+20.7 L  +7.1) LCB -336.86c P  0.67% WF   1.0 PSV       1 N       1  --  pass
H10 : T  14.63c W  22.30c S  -7.67c (+21.5 L  +7.2) LCB -335.37c P  0.32% WF   1.0 PSV       1 N       1  --  H10
K7  : T  14.88c W  22.38c S  -7.50c (+21.7 L  +7.5) LCB -335.12c P  0.31% WF   1.0 PSV       1 N       1  --  K7
M7  : T  14.92c W  22.44c S  -7.51c (+21.7 L  +7.5) LCB -335.08c P  0.31% WF   1.0 PSV       1 N       1  --  M7
S6  : T  14.56c W  22.17c S  -7.61c (+21.6 L  +7.2) LCB -335.44c P  0.31% WF   1.0 PSV       1 N       1  --  S6
L7  : T  14.51c W  22.23c S  -7.72c (+21.4 L  +7.2) LCB -335.49c P  0.31% WF   1.0 PSV       1 N       1  --  L7
N5  : T  14.40c W  22.08c S  -7.67c (+21.3 L  +7.4) LCB -335.60c P  0.31% WF   1.0 PSV       1 N       1  --  N5
G10 : T  14.57c W  22.11c S  -7.54c (+21.6 L  +7.5) LCB -335.43c P  0.31% WF   1.0 PSV       1 N       1  --  G10
O5  : T  16.77c W  24.05c S  -7.27c (+22.9 L  +7.4) LCB -333.23c P  0.31% WF   1.0 PSV       1 N       1  --  O5

2025-11-28 17:40:08+0700: = L9
2025-11-28 17:40:08+0700: Controller: genmove b
2025-11-28 17:40:09+0700: MoveNum: 0 HASH: 9F92C436ECD2DB4B7F3A5DBE9D729DF0
   A B C D E F G H J K L M N O P Q R S T
19 . . . . . . . . . . . . . . . . . . X
18 . . . . . . . . . . . . . . . . . . .
17 . . . . . . . . . . . . . . . . . . .
16 . . . . . . . . . . . . . . . . . @ .
15 . . . . . . . . . . . . . . . . . . .
14 . . . . . . . . . . . . . . . . . . .
13 . . . . . . . . . . . . . . . . . . .
12 . . . . . . . . X . . . . . . . . . .
11 . . . . . . . . . . . . . . . . . . .
10 . . . . . . . . . . . . . . . . . . .
 9 . . . . . . X . . . X . X . . . . . .
 8 . . . . . . . . . . . . . . . . . . .
 7 . . . . . . . . . . . . . . . . . . .
 6 . . . . . . . . . X . . . . . . . . .
 5 . . . . . . . . . . . . . . . . . X .
 4 . . . . . . . . . . . . X . . . . . .
 3 . . . . . . . . . . . . . . . . . . .
 2 . . . . . . . . . . . . . . . . . . .
 1 . . . . . . . . . . . . . . . . . . .

koPOSITIONALscoreAREAtaxNONEsui1komi7.5
Time taken: 0.547
Root visits: 140
New playouts: 140
NN rows: 140
NN batches: 91
NN avg batch size: 1.53846
PlayoutDoublingAdvantage: -2.75
PV: J11
Tree:
: T  18.55c W  25.46c S  -6.93c (+24.0 L  +7.8) N     140  --  J11
---Black(^)---
J11 : T  20.99c W  27.47c S  -6.48c (+25.4 L  +7.8) LCB -329.01c P  0.28% WF   1.0 PSV       1 N       1  --  J11
pss : T  14.62c W  22.27c S  -7.66c (+21.5 L  +7.5) LCB -335.38c P  0.67% WF   1.0 PSV       1 N       1  --  pass
M10 : T  18.41c W  25.39c S  -6.98c (+23.7 L  +7.9) LCB -331.59c P  0.33% WF   1.0 PSV       1 N       1  --  M10
K10 : T  17.73c W  24.85c S  -7.12c (+23.3 L  +7.9) LCB -332.27c P  0.32% WF   1.0 PSV       1 N       1  --  K10
M5  : T  18.67c W  25.65c S  -6.98c (+23.8 L  +7.9) LCB -331.33c P  0.32% WF   1.0 PSV       1 N       1  --  M5
J8  : T  18.44c W  25.44c S  -6.99c (+23.9 L  +7.6) LCB -331.56c P  0.32% WF   1.0 PSV       1 N       1  --  J8
M9  : T  18.61c W  25.43c S  -6.82c (+24.0 L  +7.9) LCB -331.39c P  0.32% WF   1.0 PSV       1 N       1  --  M9
K9  : T  18.40c W  25.39c S  -6.99c (+23.7 L  +7.9) LCB -331.60c P  0.32% WF   1.0 PSV       1 N       1  --  K9
J6  : T  20.41c W  27.03c S  -6.63c (+25.1 L  +7.9) LCB -329.59c P  0.31% WF   1.0 PSV       1 N       1  --  J6
J7  : T  18.65c W  25.59c S  -6.94c (+24.0 L  +7.6) LCB -331.35c P  0.31% WF   1.0 PSV       1 N       1  --  J7

2025-11-28 17:40:09+0700: = S16
2025-11-28 17:40:09+0700: Controller: genmove b
2025-11-28 17:40:09+0700: MoveNum: 0 HASH: 71C16EC4288ECC36CA0FCADEBF4F7A06
   A B C D E F G H J K L M N O P Q R S T
19 . . . . . . . . . . . . . . . . . . X
18 . . . . . . . . . . . . . . . . . . .
17 . . . . . . . . . . . . . . . . . . .
16 . . . . . . . . . . . . . . . . . X .
15 . . . . . . . . . . . . . . . . . . .
14 . . . . . . . . . . . . . . . . . . .
13 . . . . . . . . . . . . . . . . . . .
12 . . . . . . . . X . @ . . . . . . . .
11 . . . . . . . . . . . . . . . . . . .
10 . . . . . . . . . . . . . . . . . . .
 9 . . . . . . X . . . X . X . . . . . .
 8 . . . . . . . . . . . . . . . . . . .
 7 . . . . . . . . . . . . . . . . . . .
 6 . . . . . . . . . X . . . . . . . . .
 5 . . . . . . . . . . . . . . . . . X .
 4 . . . . . . . . . . . . X . . . . . .
 3 . . . . . . . . . . . . . . . . . . .
 2 . . . . . . . . . . . . . . . . . . .
 1 . . . . . . . . . . . . . . . . . . .

koPOSITIONALscoreAREAtaxNONEsui1komi7.5
Time taken: 0.531
Root visits: 142
New playouts: 142
NN rows: 142
NN batches: 93
NN avg batch size: 1.52688
PlayoutDoublingAdvantage: -2.75
PV: N10
Tree:
: T  19.79c W  26.32c S  -6.56c (+24.8 L  +7.9) N     142  --  N10
---Black(^)---
N10 : T  22.23c W  28.37c S  -6.14c (+26.2 L  +8.0) LCB -327.77c P  0.31% WF   1.0 PSV       1 N       1  --  N10
pss : T  16.03c W  23.42c S  -7.38c (+22.1 L  +7.6) LCB -333.97c P  0.67% WF   1.0 PSV       1 N       1  --  pass
K10 : T  22.14c W  28.30c S  -6.16c (+26.1 L  +8.0) LCB -327.86c P  0.33% WF   1.0 PSV       1 N       1  --  K10
L10 : T  19.39c W  26.03c S  -6.64c (+24.5 L  +7.7) LCB -330.61c P  0.32% WF   1.0 PSV       1 N       1  --  L10
K8  : T  19.90c W  26.58c S  -6.68c (+24.4 L  +8.1) LCB -330.10c P  0.32% WF   1.0 PSV       1 N       1  --  K8
M5  : T  21.46c W  27.68c S  -6.22c (+25.9 L  +7.9) LCB -328.54c P  0.32% WF   1.0 PSV       1 N       1  --  M5
M8  : T  19.37c W  26.00c S  -6.63c (+24.3 L  +8.1) LCB -330.63c P  0.32% WF   1.0 PSV       1 N       1  --  M8
K7  : T  21.89c W  28.03c S  -6.14c (+26.1 L  +7.9) LCB -328.11c P  0.32% WF   1.0 PSV       1 N       1  --  K7
H11 : T  19.20c W  25.91c S  -6.71c (+24.3 L  +8.0) LCB -330.80c P  0.31% WF   1.0 PSV       1 N       1  --  H11
N5  : T  18.81c W  25.55c S  -6.74c (+24.1 L  +8.0) LCB -331.19c P  0.31% WF   1.0 PSV       1 N       1  --  N5

2025-11-28 17:40:09+0700: = L12
2025-11-28 17:40:09+0700: Controller: genmove b
2025-11-28 17:40:10+0700: MoveNum: 0 HASH: 1072FA8551859CE6B4D82445E47A8312
   A B C D E F G H J K L M N O P Q R S T
19 . . . . . . . . . . . . . . . . . . X
18 . . . . . . . . . . . . . . . . . . .
17 . . . . . . . . . . . . . . . . . . .
16 . . . . . . . . . . . . . . . . . X .
15 . . . . . . . . . . . . . . . . . . .
14 . . . . . . . . . . . . . . . . . . .
13 . . . . . . . . . . . . . . . . . . .
12 . . . . . . . . X . X . . . . . . . .
11 . . . . . . . . . . . . . . . . . . .
10 . . . . . . . @ . . . . . . . . . . .
 9 . . . . . . X . . . X . X . . . . . .
 8 . . . . . . . . . . . . . . . . . . .
 7 . . . . . . . . . . . . . . . . . . .
 6 . . . . . . . . . X . . . . . . . . .
 5 . . . . . . . . . . . . . . . . . X .
 4 . . . . . . . . . . . . X . . . . . .
 3 . . . . . . . . . . . . . . . . . . .
 2 . . . . . . . . . . . . . . . . . . .
 1 . . . . . . . . . . . . . . . . . . .

koPOSITIONALscoreAREAtaxNONEsui1komi7.5
Time taken: 0.531
Root visits: 135
New playouts: 135
NN rows: 135
NN batches: 90
NN avg batch size: 1.5
PlayoutDoublingAdvantage: -2.75
PV: M8
Tree:
: T  22.92c W  29.17c S  -6.27c (+27.0 L  +8.3) N     135  --  M8
---Black(^)---
M8  : T  25.30c W  31.17c S  -5.87c (+28.3 L  +8.5) LCB -324.70c P  0.33% WF   1.0 PSV       1 N       1  --  M8
pss : T  18.75c W  25.94c S  -7.19c (+24.0 L  +8.0) LCB -331.25c P  0.70% WF   1.0 PSV       1 N       1  --  pass
K11 : T  23.37c W  29.52c S  -6.15c (+27.1 L  +8.6) LCB -326.63c P  0.33% WF   1.0 PSV       1 N       1  --  K11
H11 : T  22.97c W  29.22c S  -6.25c (+27.1 L  +8.0) LCB -327.03c P  0.32% WF   1.0 PSV       1 N       1  --  H11
M9  : T  25.11c W  30.93c S  -5.82c (+28.3 L  +8.3) LCB -324.89c P  0.32% WF   1.0 PSV       1 N       1  --  M9
K12 : T  23.80c W  29.80c S  -6.00c (+27.6 L  +8.6) LCB -326.20c P  0.32% WF   1.0 PSV       1 N       1  --  K12
J9  : T  24.16c W  30.12c S  -5.96c (+27.8 L  +8.6) LCB -325.84c P  0.32% WF   1.0 PSV       1 N       1  --  J9
K9  : T  25.10c W  30.90c S  -5.80c (+28.4 L  +8.4) LCB -324.90c P  0.32% WF   1.0 PSV       1 N       1  --  K9
M11 : T  22.26c W  28.75c S  -6.48c (+26.2 L  +8.4) LCB -327.74c P  0.32% WF   1.0 PSV       1 N       1  --  M11
K8  : T  23.92c W  29.92c S  -6.00c (+27.5 L  +8.6) LCB -326.08c P  0.32% WF   1.0 PSV       1 N       1  --  K8

2025-11-28 17:40:10+0700: = H10
2025-11-28 17:40:10+0700: Controller: genmove b
2025-11-28 17:40:10+0700: MoveNum: 0 HASH: 098200F617D0A56836A8E35D942B722A
   A B C D E F G H J K L M N O P Q R S T
19 . . . . . . . . . . . . . . . . . . X
18 . . . . . . . . . . . . . . . . . . .
17 . . . . . . . . . . . . . . . . . . .
16 . . . . . . . . . . . . . . . . . X .
15 . . . . . . . . . . . . . . . . . . .
14 . . . . . . . . . . . . . . . . . . .
13 . . . . . . . . . . . . . . . . . . .
12 . . . . . . . . X . X . . . . . . . .
11 . . . . . . . . . . . . . . . . . . .
10 . . . . . . . X . . . . . . . . . . .
 9 . . . . . . X . . . X . X . . . . . .
 8 . . . . . . . . . . . . . . . . . . .
 7 . . . . . . . . . . . . . . . . . . .
 6 . . . . . . . . . X . . . . . . . . .
 5 . . . . . . . . . . . . @ . . . . X .
 4 . . . . . . . . . . . . X . . . . . .
 3 . . . . . . . . . . . . . . . . . . .
 2 . . . . . . . . . . . . . . . . . . .
 1 . . . . . . . . . . . . . . . . . . .

koPOSITIONALscoreAREAtaxNONEsui1komi7.5
Time taken: 0.531
Root visits: 135
New playouts: 135
NN rows: 135
NN batches: 93
NN avg batch size: 1.45161
PlayoutDoublingAdvantage: -2.75
PV: J8
Tree:
: T  26.57c W  32.15c S  -5.60c (+29.4 L  +8.8) N     135  --  J8
---Black(^)---
J8  : T  28.77c W  33.96c S  -5.18c (+30.8 L  +8.8) LCB -321.23c P  0.31% WF   1.0 PSV       1 N       1  --  J8
pss : T  22.51c W  28.95c S  -6.44c (+26.6 L  +8.4) LCB -327.49c P  0.68% WF   1.0 PSV       1 N       1  --  pass
H11 : T  25.84c W  31.58c S  -5.74c (+28.9 L  +8.5) LCB -324.16c P  0.34% WF   1.0 PSV       1 N       1  --  H11
L10 : T  28.46c W  33.64c S  -5.18c (+30.6 L  +8.9) LCB -321.54c P  0.34% WF   1.0 PSV       1 N       1  --  L10
K10 : T  26.99c W  32.45c S  -5.46c (+29.6 L  +9.0) LCB -323.01c P  0.34% WF   1.0 PSV       1 N       1  --  K10
K11 : T  26.81c W  32.30c S  -5.48c (+29.5 L  +9.1) LCB -323.19c P  0.33% WF   1.0 PSV       1 N       1  --  K11
K8  : T  28.63c W  33.81c S  -5.19c (+30.7 L  +8.8) LCB -321.37c P  0.33% WF   1.0 PSV       1 N       1  --  K8
M10 : T  26.28c W  32.06c S  -5.78c (+28.8 L  +8.9) LCB -323.72c P  0.33% WF   1.0 PSV       1 N       1  --  M10
M8  : T  25.81c W  31.62c S  -5.81c (+28.8 L  +8.6) LCB -324.19c P  0.32% WF   1.0 PSV       1 N       1  --  M8
K7  : T  26.82c W  32.30c S  -5.47c (+29.6 L  +9.0) LCB -323.18c P  0.32% WF   1.0 PSV       1 N       1  --  K7

2025-11-28 17:40:10+0700: = N5
2025-11-28 17:40:10+0700: Controller: genmove b
2025-11-28 17:40:11+0700: MoveNum: 0 HASH: 0BBA72BBAFBF16CC11171149D92F5864
   A B C D E F G H J K L M N O P Q R S T
19 . . . . . . . . . . . . . . . . . . X
18 . . . . . . . . . . . . . . . . . . .
17 . . . . . . . . . . . . . . . . . . .
16 . . . . . . . . . . . . . . . . . X .
15 . . . . . . . . . . . . . . . . @ . .
14 . . . . . . . . . . . . . . . . . . .
13 . . . . . . . . . . . . . . . . . . .
12 . . . . . . . . X . X . . . . . . . .
11 . . . . . . . . . . . . . . . . . . .
10 . . . . . . . X . . . . . . . . . . .
 9 . . . . . . X . . . X . X . . . . . .
 8 . . . . . . . . . . . . . . . . . . .
 7 . . . . . . . . . . . . . . . . . . .
 6 . . . . . . . . . X . . . . . . . . .
 5 . . . . . . . . . . . . X . . . . X .
 4 . . . . . . . . . . . . X . . . . . .
 3 . . . . . . . . . . . . . . . . . . .
 2 . . . . . . . . . . . . . . . . . . .
 1 . . . . . . . . . . . . . . . . . . .

koPOSITIONALscoreAREAtaxNONEsui1komi7.5
Time taken: 0.532
Root visits: 133
New playouts: 133
NN rows: 133
NN batches: 89
NN avg batch size: 1.49438
PlayoutDoublingAdvantage: -2.75
PV: H9
Tree:
: T  29.60c W  34.90c S  -5.33c (+31.6 L  +9.2) N     133  --  H9
---Black(^)---
H9  : T  31.84c W  36.75c S  -4.91c (+33.0 L  +9.4) LCB -318.16c P  0.32% WF   1.0 PSV       1 N       1  --  H9
pss : T  25.80c W  32.00c S  -6.20c (+28.8 L  +8.9) LCB -324.20c P  0.70% WF   1.0 PSV       1 N       1  --  pass
L8  : T  29.13c W  34.55c S  -5.42c (+31.2 L  +9.4) LCB -320.87c P  0.34% WF   1.0 PSV       1 N       1  --  L8
H11 : T  29.72c W  34.92c S  -5.20c (+31.8 L  +9.5) LCB -320.28c P  0.34% WF   1.0 PSV       1 N       1  --  H11
K8  : T  29.28c W  34.67c S  -5.39c (+31.2 L  +9.4) LCB -320.72c P  0.34% WF   1.0 PSV       1 N       1  --  K8
J11 : T  29.18c W  34.67c S  -5.49c (+30.9 L  +9.5) LCB -320.82c P  0.33% WF   1.0 PSV       1 N       1  --  J11
M10 : T  31.83c W  36.72c S  -4.89c (+33.0 L  +9.3) LCB -318.17c P  0.33% WF   1.0 PSV       1 N       1  --  M10
K11 : T  29.88c W  35.07c S  -5.19c (+31.8 L  +9.7) LCB -320.12c P  0.33% WF   1.0 PSV       1 N       1  --  K11
L11 : T  31.01c W  36.09c S  -5.08c (+32.4 L  +9.3) LCB -318.99c P  0.33% WF   1.0 PSV       1 N       1  --  L11
K10 : T  28.37c W  33.96c S  -5.59c (+30.6 L  +9.4) LCB -321.63c P  0.32% WF   1.0 PSV       1 N       1  --  K10

2025-11-28 17:40:11+0700: = R15
2025-11-28 17:40:11+0700: Controller: genmove b
2025-11-28 17:40:11+0700: MoveNum: 0 HASH: A3B1955C90F72003E9705F00EE819150
   A B C D E F G H J K L M N O P Q R S T
19 . . . . . . . . . . . . . . . . . . X
18 . . . . . . . . . . . . . . . . . . .
17 . . . . . . . . . . . . . . . . . . .
16 . . . . . . . . . . . . . . . . . X .
15 . . . . . . . . . . . . . . . . X . .
14 . . . . . . . . . . . . . . . . . . .
13 . . . . . . . . . . . . . . . . . . .
12 . . . . . . . . X . X . . . . . . . .
11 . . . . . . . . . . . . . . . . . . .
10 . . . . . . . X . . . . . . . . . . .
 9 . . . . . . X . . . X . X . . . . . .
 8 . . . . . . . . . . . . . . . . . . .
 7 . . . . . . . . . . . . . . . . . . .
 6 . . . . . . . . . X . . . . . . . . .
 5 . . . . . . . . . . . . X . @ . . X .
 4 . . . . . . . . . . . . X . . . . . .
 3 . . . . . . . . . . . . . . . . . . .
 2 . . . . . . . . . . . . . . . . . . .
 1 . . . . . . . . . . . . . . . . . . .

koPOSITIONALscoreAREAtaxNONEsui1komi7.5
Time taken: 0.515
Root visits: 133
New playouts: 133
NN rows: 133
NN batches: 90
NN avg batch size: 1.47778
PlayoutDoublingAdvantage: -2.75
PV: F10
Tree:
: T  31.34c W  36.53c S  -5.21c (+33.2 L  +9.5) N     133  --  F10
---Black(^)---
F10 : T  33.59c W  38.38c S  -4.80c (+34.5 L  +9.6) LCB -316.41c P  0.30% WF   1.0 PSV       1 N       1  --  F10
pss : T  27.90c W  33.79c S  -5.89c (+31.0 L  +8.8) LCB -322.10c P  0.71% WF   1.0 PSV       1 N       1  --  pass
K11 : T  31.63c W  36.84c S  -5.21c (+33.0 L  +9.9) LCB -318.37c P  0.35% WF   1.0 PSV       1 N       1  --  K11
J9  : T  31.44c W  36.60c S  -5.16c (+33.3 L  +9.3) LCB -318.56c P  0.34% WF   1.0 PSV       1 N       1  --  J9
M8  : T  33.42c W  38.18c S  -4.76c (+34.6 L  +9.6) LCB -316.58c P  0.33% WF   1.0 PSV       1 N       1  --  M8
K12 : T  29.95c W  35.47c S  -5.51c (+32.1 L  +9.1) LCB -320.05c P  0.33% WF   1.0 PSV       1 N       1  --  K12
M9  : T  31.08c W  36.34c S  -5.26c (+32.9 L  +9.8) LCB -318.92c P  0.33% WF   1.0 PSV       1 N       1  --  M9
H11 : T  31.77c W  36.80c S  -5.03c (+33.5 L  +9.9) LCB -318.23c P  0.33% WF   1.0 PSV       1 N       1  --  H11
K9  : T  33.37c W  38.18c S  -4.81c (+34.4 L  +9.7) LCB -316.63c P  0.32% WF   1.0 PSV       1 N       1  --  K9
M4  : T  31.53c W  36.64c S  -5.11c (+33.3 L  +9.9) LCB -318.47c P  0.32% WF   1.0 PSV       1 N       1  --  M4

2025-11-28 17:40:11+0700: = P5
2025-11-28 17:40:11+0700: Controller: genmove b
2025-11-28 17:40:12+0700: MoveNum: 0 HASH: 0F5E73228318C003D6F3A72511FFB999
   A B C D E F G H J K L M N O P Q R S T
19 . . . . . . . . . . . . . . . . . . X
18 . . . . . . . . . . . . . . . . . . .
17 . . . . . . . . . . . . . . . . . . .
16 . . . . . . . . . . . . . . . . . X .
15 . . . . . . . . . . . . . . . . X . .
14 . . . . . . . . . . . . . . . . . . .
13 . . . . . . . . . . @ . . . . . . . .
12 . . . . . . . . X . X . . . . . . . .
11 . . . . . . . . . . . . . . . . . . .
10 . . . . . . . X . . . . . . . . . . .
 9 . . . . . . X . . . X . X . . . . . .
 8 . . . . . . . . . . . . . . . . . . .
 7 . . . . . . . . . . . . . . . . . . .
 6 . . . . . . . . . X . . . . . . . . .
 5 . . . . . . . . . . . . X . X . . X .
 4 . . . . . . . . . . . . X . . . . . .
 3 . . . . . . . . . . . . . . . . . . .
 2 . . . . . . . . . . . . . . . . . . .
 1 . . . . . . . . . . . . . . . . . . .

koPOSITIONALscoreAREAtaxNONEsui1komi7.5
Time taken: 0.531
Root visits: 136
New playouts: 136
NN rows: 136
NN batches: 91
NN avg batch size: 1.49451
PlayoutDoublingAdvantage: -2.75
PV: J10
Tree:
: T  34.39c W  39.16c S  -4.80c (+35.4 L +10.1) N     136  --  J10
---Black(^)---
J10 : T  36.89c W  41.18c S  -4.30c (+37.0 L +10.4) LCB -313.11c P  0.32% WF   1.0 PSV       1 N       1  --  J10
pss : T  29.68c W  35.57c S  -5.88c (+32.1 L  +9.1) LCB -320.32c P  0.71% WF   1.0 PSV       1 N       1  --  pass
K11 : T  36.32c W  40.65c S  -4.33c (+36.8 L +10.2) LCB -313.68c P  0.35% WF   1.0 PSV       1 N       1  --  K11
J9  : T  36.08c W  40.45c S  -4.37c (+36.6 L +10.7) LCB -313.92c P  0.34% WF   1.0 PSV       1 N       1  --  J9
O4  : T  34.72c W  39.41c S  -4.70c (+35.7 L  +9.9) LCB -315.28c P  0.34% WF   1.0 PSV       1 N       1  --  O4
M8  : T  34.48c W  39.30c S  -4.82c (+35.3 L +10.6) LCB -315.52c P  0.34% WF   1.0 PSV       1 N       1  --  M8
O5  : T  35.41c W  39.90c S  -4.50c (+36.2 L +10.5) LCB -314.59c P  0.33% WF   1.0 PSV       1 N       1  --  O5
K12 : T  33.91c W  38.83c S  -4.92c (+34.9 L +10.4) LCB -316.09c P  0.33% WF   1.0 PSV       1 N       1  --  K12
M9  : T  33.94c W  38.88c S  -4.94c (+34.9 L +10.3) LCB -316.06c P  0.33% WF   1.0 PSV       1 N       1  --  M9
M4  : T  33.91c W  38.85c S  -4.94c (+34.9 L +10.3) LCB -316.09c P  0.33% WF   1.0 PSV       1 N       1  --  M4

2025-11-28 17:40:12+0700: = L13
2025-11-28 17:40:12+0700: Controller: genmove b
2025-11-28 17:40:12+0700: MoveNum: 0 HASH: 4215A32AE54D01DC0D190AF0123848DF
   A B C D E F G H J K L M N O P Q R S T
19 . . . . . . . . . . . . . . . . . . X
18 . . . . . . . . . . . . . . . . . . .
17 . . . . . . . . . . . . . . . . . . .
16 . . . . . . . . . . . . . @ . . . X .
15 . . . . . . . . . . . . . . . . X . .
14 . . . . . . . . . . . . . . . . . . .
13 . . . . . . . . . . X . . . . . . . .
12 . . . . . . . . X . X . . . . . . . .
11 . . . . . . . . . . . . . . . . . . .
10 . . . . . . . X . . . . . . . . . . .
 9 . . . . . . X . . . X . X . . . . . .
 8 . . . . . . . . . . . . . . . . . . .
 7 . . . . . . . . . . . . . . . . . . .
 6 . . . . . . . . . X . . . . . . . . .
 5 . . . . . . . . . . . . X . X . . X .
 4 . . . . . . . . . . . . X . . . . . .
 3 . . . . . . . . . . . . . . . . . . .
 2 . . . . . . . . . . . . . . . . . . .
 1 . . . . . . . . . . . . . . . . . . .

koPOSITIONALscoreAREAtaxNONEsui1komi7.5
Time taken: 0.532
Root visits: 135
New playouts: 135
NN rows: 135
NN batches: 91
NN avg batch size: 1.48352
PlayoutDoublingAdvantage: -2.75
PV: H8
Tree:
: T  37.86c W  42.12c S  -4.28c (+38.1 L +10.8) N     135  --  H8
---Black(^)---
H8  : T  40.21c W  44.04c S  -3.83c (+39.6 L +11.0) LCB -309.79c P  0.31% WF   1.0 PSV       1 N       1  --  H8
pss : T  31.97c W  37.52c S  -5.55c (+33.9 L +10.1) LCB -318.03c P  0.72% WF   1.0 PSV       1 N       1  --  pass
K11 : T  35.98c W  40.68c S  -4.70c (+36.6 L +10.5) LCB -314.02c P  0.36% WF   1.0 PSV       1 N       1  --  K11
K12 : T  37.42c W  41.85c S  -4.43c (+37.4 L +11.1) LCB -312.58c P  0.35% WF   1.0 PSV       1 N       1  --  K12
J9  : T  37.51c W  41.87c S  -4.36c (+37.6 L +11.2) LCB -312.49c P  0.34% WF   1.0 PSV       1 N       1  --  J9
O4  : T  37.54c W  41.94c S  -4.41c (+37.5 L +11.0) LCB -312.46c P  0.34% WF   1.0 PSV       1 N       1  --  O4
M8  : T  36.62c W  41.26c S  -4.64c (+37.0 L +10.3) LCB -313.38c P  0.34% WF   1.0 PSV       1 N       1  --  M8
O5  : T  38.58c W  42.61c S  -4.03c (+38.7 L +11.1) LCB -311.42c P  0.33% WF   1.0 PSV       1 N       1  --  O5
K13 : T  39.91c W  43.81c S  -3.90c (+39.2 L +11.1) LCB -310.09c P  0.33% WF   1.0 PSV       1 N       1  --  K13
M9  : T  38.13c W  42.29c S  -4.15c (+38.4 L +10.6) LCB -311.87c P  0.33% WF   1.0 PSV       1 N       1  --  M9

2025-11-28 17:40:12+0700: = O16
2025-11-28 17:40:12+0700: GPU -1 finishing, processed 273 rows 180 batches
2025-11-28 17:40:12+0700: GPU -1 finishing, processed 267 rows 182 batches
2025-11-28 17:40:12+0700: GPU -1 finishing, processed 273 rows 178 batches
2025-11-28 17:40:12+0700: GPU -1 finishing, processed 269 rows 182 batches
2025-11-28 17:40:12+0700: GPU -1 finishing, processed 276 rows 183 batches
2025-11-28 17:40:12+0700: GPU -1 finishing, processed 270 rows 178 batches
2025-11-28 17:40:12+0700: GPU -1 finishing, processed 268 rows 181 batches
2025-11-28 17:40:12+0700: GPU -1 finishing, processed 265 rows 177 batches
2025-11-28 17:40:12+0700: All cleaned up, quitting
