2025-11-28 19:53:33+0700: Running with following config:
allowResignation = true
lagBuffer = 0.0
logAllGTPCommunication = true
logDir = gtp_logs
logSearchInfo = true
logSearchInfoForChosenMove = false
logToStderr = false
maxPlayouts = 500
maxPlayoutsPondering = 3000
maxTime = 0.5
maxTimePondering = 60.0
maxVisits = 300
maxVisitsPondering = 5000
numSearchThreads = 16
ponderingEnabled = false
resignConsecTurns = 3
resignThreshold = -0.90
rules = tromp-taylor
searchFactorAfterOnePass = 0.50
searchFactorAfterTwoPass = 0.25
searchFactorWhenWinning = 0.40
searchFactorWhenWinningThreshold = 0.95

2025-11-28 19:53:33+0700: GTP Engine starting...
2025-11-28 19:53:33+0700: KataGo v1.14.0
2025-11-28 19:53:33+0700: Using TrompTaylor rules initially, unless GTP/GUI overrides this
2025-11-28 19:53:33+0700: Using 16 CPU thread(s) for search
2025-11-28 19:53:33+0700: nnRandSeed0 = 13314033217483629967
2025-11-28 19:53:33+0700: After dedups: nnModelFile0 = model.gz useFP16 auto useNHWC auto
2025-11-28 19:53:33+0700: Initializing neural net buffer to be size 19 * 19 exactly
2025-11-28 19:53:33+0700: Eigen (CPU) backend thread 4: Model version 8
2025-11-28 19:53:33+0700: Eigen (CPU) backend thread 4: Model name: b6c96-s1995008-d1329786
2025-11-28 19:53:33+0700: Eigen (CPU) backend thread 0: Model version 8
2025-11-28 19:53:33+0700: Eigen (CPU) backend thread 0: Model name: b6c96-s1995008-d1329786
2025-11-28 19:53:33+0700: Eigen (CPU) backend thread 1: Model version 8
2025-11-28 19:53:33+0700: Eigen (CPU) backend thread 1: Model name: b6c96-s1995008-d1329786
2025-11-28 19:53:33+0700: Eigen (CPU) backend thread 3: Model version 8
2025-11-28 19:53:33+0700: Eigen (CPU) backend thread 3: Model name: b6c96-s1995008-d1329786
2025-11-28 19:53:33+0700: Eigen (CPU) backend thread 5: Model version 8
2025-11-28 19:53:33+0700: Eigen (CPU) backend thread 5: Model name: b6c96-s1995008-d1329786
2025-11-28 19:53:33+0700: Eigen (CPU) backend thread 6: Model version 8
2025-11-28 19:53:33+0700: Eigen (CPU) backend thread 6: Model name: b6c96-s1995008-d1329786
2025-11-28 19:53:33+0700: Eigen (CPU) backend thread 7: Model version 8
2025-11-28 19:53:33+0700: Eigen (CPU) backend thread 7: Model name: b6c96-s1995008-d1329786
2025-11-28 19:53:33+0700: Eigen (CPU) backend thread 2: Model version 8
2025-11-28 19:53:33+0700: Eigen (CPU) backend thread 2: Model name: b6c96-s1995008-d1329786
2025-11-28 19:53:33+0700: Loaded neural net with nnXLen 19 nnYLen 19
2025-11-28 19:53:33+0700: Initializing board with boardXSize 19 boardYSize 19
2025-11-28 19:53:33+0700: Loaded config default_gtp.cfg
2025-11-28 19:53:33+0700: Loaded model model.gz
2025-11-28 19:53:33+0700: Model name: b6c96-s1995008-d1329786
2025-11-28 19:53:33+0700: GTP ready, beginning main protocol loop
2025-11-28 19:53:33+0700: Controller: boardsize 2
2025-11-28 19:53:33+0700: GPU -1 finishing, processed 0 rows 0 batches
2025-11-28 19:53:33+0700: GPU -1 finishing, processed 0 rows 0 batches
2025-11-28 19:53:33+0700: GPU -1 finishing, processed 0 rows 0 batches
2025-11-28 19:53:33+0700: GPU -1 finishing, processed 0 rows 0 batches
2025-11-28 19:53:33+0700: GPU -1 finishing, processed 0 rows 0 batches
2025-11-28 19:53:33+0700: GPU -1 finishing, processed 0 rows 0 batches
2025-11-28 19:53:33+0700: GPU -1 finishing, processed 0 rows 0 batches
2025-11-28 19:53:33+0700: GPU -1 finishing, processed 0 rows 0 batches
2025-11-28 19:53:33+0700: Cleaned up old neural net and bot
2025-11-28 19:53:33+0700: nnRandSeed0 = 2795915429514289175
2025-11-28 19:53:33+0700: After dedups: nnModelFile0 = model.gz useFP16 auto useNHWC auto
2025-11-28 19:53:33+0700: Initializing neural net buffer to be size 2 * 2 exactly
2025-11-28 19:53:33+0700: Eigen (CPU) backend thread 2: Model version 8
2025-11-28 19:53:33+0700: Eigen (CPU) backend thread 2: Model name: b6c96-s1995008-d1329786
2025-11-28 19:53:33+0700: Eigen (CPU) backend thread 1: Model version 8
2025-11-28 19:53:33+0700: Eigen (CPU) backend thread 1: Model name: b6c96-s1995008-d1329786
2025-11-28 19:53:33+0700: Eigen (CPU) backend thread 4: Model version 8
2025-11-28 19:53:33+0700: Eigen (CPU) backend thread 4: Model name: b6c96-s1995008-d1329786
2025-11-28 19:53:33+0700: Eigen (CPU) backend thread 3: Model version 8
2025-11-28 19:53:33+0700: Eigen (CPU) backend thread 3: Model name: b6c96-s1995008-d1329786
2025-11-28 19:53:33+0700: Eigen (CPU) backend thread 5: Model version 8
2025-11-28 19:53:33+0700: Eigen (CPU) backend thread 5: Model name: b6c96-s1995008-d1329786
2025-11-28 19:53:33+0700: Eigen (CPU) backend thread 6: Model version 8
2025-11-28 19:53:33+0700: Eigen (CPU) backend thread 6: Model name: b6c96-s1995008-d1329786
2025-11-28 19:53:33+0700: Eigen (CPU) backend thread 7: Model version 8
2025-11-28 19:53:33+0700: Eigen (CPU) backend thread 7: Model name: b6c96-s1995008-d1329786
2025-11-28 19:53:33+0700: Eigen (CPU) backend thread 0: Model version 8
2025-11-28 19:53:33+0700: Eigen (CPU) backend thread 0: Model name: b6c96-s1995008-d1329786
2025-11-28 19:53:33+0700: Loaded neural net with nnXLen 2 nnYLen 2
2025-11-28 19:53:33+0700: Initializing board with boardXSize 2 boardYSize 2
2025-11-28 19:53:33+0700: = 
2025-11-28 19:53:33+0700: Controller: genmove b
2025-11-28 19:53:33+0700: MoveNum: 0 HASH: CEA26448910A5BF5F35A3098A28FEA31
   A B
 2 . @
 1 . .

koPOSITIONALscoreAREAtaxNONEsui1komi7.5
Time taken: 0.047
Root visits: 315
New playouts: 315
NN rows: 84
NN batches: 62
NN avg batch size: 1.35484
PV: B2 A1 A2 pass pass
Tree:
: T -116.10c W -83.55c S -14.71c ( -4.2 L  -4.4) N     315  --  B2 A1 A2 pass pass
---Black(^)---
B2  : T -115.36c W -82.76c S -13.93c ( -4.0 L  -4.2) LCB -127.95c P 20.46% WF 288.1 PSV     286 N     286  --  B2 A1 A2 pass pass
pss : T -129.15c W -95.90c S -29.71c ( -7.4 L  -7.3) LCB -153.86c P 18.35% WF  25.9 PSV      26 N      28  --  pass pass

2025-11-28 19:53:33+0700: = B2
2025-11-28 19:53:33+0700: Controller: genmove w
2025-11-28 19:53:34+0700: MoveNum: 1 HASH: 308FF3323471377AFEF87BE00BC77DFC
   A B
 2 . X1
 1 @ .

koPOSITIONALscoreAREAtaxNONEsui1komi7.5
Time taken: 0
Root visits: 302
New playouts: 28
NN rows: 1
NN batches: 1
NN avg batch size: 1
PV: A1 A2 pass B1 pass pass
Tree:
: T 103.40c W  86.11c S   3.68c ( +4.0 L  +4.3) N     302  --  A1 A2 pass B1 pass pass
---White(^)---
A1  : T 108.27c W  90.35c S   5.27c ( +4.5 L  +4.8) LCB   99.94c P 26.88% WF 289.2 PSV     279 N     279  --  A1 A2 pass B1 pass pass
pss : T   4.26c W  -3.99c S  -9.78c ( -6.0 L  -7.5) LCB  -61.48c P 23.92% WF  10.2 PSV       4 N      19  --  pass A2 B1 A1
A2  : T -56.46c W -36.30c S -12.00c ( -9.2 L -12.2) LCB -140.58c P 24.20% WF   1.6 PSV       2 N       3  --  A2 A1 pass

2025-11-28 19:53:34+0700: = A1
2025-11-28 19:53:34+0700: Controller: genmove b
2025-11-28 19:53:34+0700: MoveNum: 2 HASH: 93B2ECE9EC0448C2C85C593F2893F20E
   A B
 2 . X1
 1 O2@

koPOSITIONALscoreAREAtaxNONEsui1komi7.5
Time taken: 0
Root visits: 315
New playouts: 162
NN rows: 3
NN batches: 2
NN avg batch size: 1.5
PV: B1 pass A2 pass pass
Tree:
: T -104.50c W -94.24c S  -4.20c ( -4.1 L  -4.2) N     315  --  B1 pass A2 pass pass
---Black(^)---
B1  : T -102.12c W -94.31c S  -2.97c ( -3.7 L  -3.9) LCB -108.13c P 34.93% WF 278.7 PSV     273 N     273  --  B1 pass A2 pass pass
pss : T -126.36c W -96.48c S -15.87c ( -7.1 L  -7.4) LCB -139.50c P 33.12% WF  35.3 PSV      17 N      41  --  pass pass

2025-11-28 19:53:34+0700: = B1
2025-11-28 19:53:34+0700: Controller: genmove w
2025-11-28 19:53:34+0700: MoveNum: 3 HASH: 09E34D0D550843F5F27EB02CAFDD90E9
   A B
 2 . X1
 1 O2X3

koPOSITIONALscoreAREAtaxNONEsui1komi7.5
Time taken: 0
Root visits: 302
New playouts: 29
NN rows: 1
NN batches: 1
NN avg batch size: 1
PV: pass A2 pass pass
Tree:
: T 108.71c W  95.04c S   4.78c ( +3.7 L  +3.8) N     302  --  pass A2 pass pass
---White(^)---
pss : T 110.92c W  98.04c S   6.45c ( +3.6 L  +3.6) LCB  107.03c P 50.40% WF 286.2 PSV     283 N     283  --  pass A2 pass pass
A2  : T  75.84c W  45.02c S   3.92c ( +5.6 L  +7.9) LCB   15.89c P 49.60% WF  14.8 PSV      16 N      18  --  A2 B1 pass B2 pass pass

2025-11-28 19:53:34+0700: = pass
2025-11-28 19:53:34+0700: Controller: genmove b
2025-11-28 19:53:34+0700: MoveNum: 4 HASH: 09E34D0D550843F5F27EB02CAFDD90E9
   A B
 2 @ X
 1 O1X2

koPOSITIONALscoreAREAtaxNONEsui1komi7.5
Time taken: 0.015
Root visits: 162
New playouts: 162
NN rows: 15
NN batches: 12
NN avg batch size: 1.25
PV: A2 pass pass
Tree:
: T -121.62c W -89.27c S -16.90c ( -4.3 L  -4.3) N     162  --  A2 pass pass
---Black(^)---
A2  : T -120.20c W -88.69c S -15.07c ( -3.4 L  -3.2) LCB -135.78c P 45.42% WF  97.9 PSV      96 N     113  --  A2 pass pass
pss : T -127.19c W -92.31c S -22.35c ( -6.4 L  -6.8) LCB -142.39c P 54.58% WF  46.6 PSV      48 N      48  --  pass pass

2025-11-28 19:53:34+0700: = A2
2025-11-28 19:53:34+0700: Controller: genmove w
2025-11-28 19:53:34+0700: MoveNum: 5 HASH: E066BD3A637E5AFF307720596E080EB9
   A B
 2 X3X
 1 . X1

koPOSITIONALscoreAREAtaxNONEsui1komi7.5
Time taken: 0
Root visits: 315
New playouts: 203
NN rows: 1
NN batches: 1
NN avg batch size: 1
PV: pass pass
Tree:
: T 110.66c W  96.61c S   5.79c ( +3.5 L  +3.4) N     315  --  pass pass
---White(^)---
pss : T 113.61c W  99.56c S   8.81c ( +3.4 L  +3.4) LCB  112.11c P 63.53% WF 288.0 PSV     283 N     283  --  pass pass
A1  : T  37.69c W  21.35c S   3.68c ( +5.2 L  +4.3) LCB  -30.73c P 36.47% WF   9.2 PSV       5 N      31  --  A1 A2 B1

2025-11-28 19:53:34+0700: = pass
2025-11-28 19:53:34+0700: Controller: genmove b
2025-11-28 19:53:34+0700: MoveNum: 6 HASH: E066BD3A637E5AFF307720596E080EB9
   A B
 2 X2X
 1 . X

koPOSITIONALscoreAREAtaxNONEsui1komi7.5
Time taken: 0.016
Root visits: 83
New playouts: 83
NN rows: 11
NN batches: 9
NN avg batch size: 1.22222
PV: pass pass
Tree:
: T -124.13c W -91.31c S -26.51c ( -3.8 L  -3.8) N      83  --  pass pass
---Black(^)---
pss : T -126.14c W -92.80c S -28.18c ( -4.0 L  -4.0) LCB -139.95c P 100.00% WF  70.3 PSV      70 N      82  --  pass pass

2025-11-28 19:53:34+0700: = pass
2025-11-28 19:53:34+0700: GPU -1 finishing, processed 15 rows 10 batches
2025-11-28 19:53:34+0700: GPU -1 finishing, processed 14 rows 11 batches
2025-11-28 19:53:34+0700: GPU -1 finishing, processed 15 rows 12 batches
2025-11-28 19:53:34+0700: GPU -1 finishing, processed 16 rows 11 batches
2025-11-28 19:53:34+0700: GPU -1 finishing, processed 18 rows 15 batches
2025-11-28 19:53:34+0700: GPU -1 finishing, processed 13 rows 11 batches
2025-11-28 19:53:34+0700: GPU -1 finishing, processed 11 rows 10 batches
2025-11-28 19:53:34+0700: GPU -1 finishing, processed 14 rows 8 batches
2025-11-28 19:53:34+0700: All cleaned up, quitting
